
[launcher] running:
  /home/vipuser/miniconda3/envs/op/bin/python -m torch.distributed.run --nproc_per_node 1 /root/Predict_v2/run_stage1_dynamic_moe.py --model_path /root/models/Dynamic_MoE --output_dir /mnt/data/models/fv1_arc_e --dataset arc-e --eval_dataset arc-e --train_split train --eval_split validation --block_size 150 --batch_size 8 --grad_accum 1 --epochs 2 --lr 6e-05 --lora_r 16 --lora_alpha 16 --lora_dropout 0.05 --num_proc 16 --load_in_4bit 0 --load_in_8bit 0 --use_bnb_8bit 0 --load_in_fp16 0 --fp16 0 --bf16 0 --train_extra_params_in_fp32 1 --router_use_entmax 0 --router_top_k 2 --router_entmax_alpha 1.7 --router_anchor_loss_coef 0.01 --router_anchor_momentum 0.99 --min_lr_ratio 0.1 --router_lr_mult 1.0 --eval_max_samples 200 --router_use_softmax_temperature 1 --router_softmax_temperature 0.8 --stage1_epochs 1 --stage1_lr 0.0001 --stage1_grad_accum 1 --stage1_data_ratio 0.5 --stage1_distill_temperature 2.0 --stage1_kl_coef 2.0 --stage1_logit_coef 0.25 --stage1_use_logit_loss 1
[load] tokenizer from model_path: /root/models/Dynamic_MoE
[load] distributed=True world_size=1 4bit=False 8bit=False
[train] mixed precision: fp16=False bf16=False
[stage1] loading base model for router distillation
[load] checkpoint loaded with strict=False: missing=96 unexpected=24 dtype=torch.float32
[init] layer 0 expert_key/expert_anchor initialized from legacy router.weight
[init] layer 1 expert_key/expert_anchor initialized from legacy router.weight
[init] layer 2 expert_key/expert_anchor initialized from legacy router.weight
[init] layer 3 expert_key/expert_anchor initialized from legacy router.weight
[init] layer 4 expert_key/expert_anchor initialized from legacy router.weight
[init] layer 5 expert_key/expert_anchor initialized from legacy router.weight
[init] layer 6 expert_key/expert_anchor initialized from legacy router.weight
[init] layer 7 expert_key/expert_anchor initialized from legacy router.weight
[init] layer 8 expert_key/expert_anchor initialized from legacy router.weight
[init] layer 9 expert_key/expert_anchor initialized from legacy router.weight
[init] layer 10 expert_key/expert_anchor initialized from legacy router.weight
[init] layer 11 expert_key/expert_anchor initialized from legacy router.weight
[init] layer 12 expert_key/expert_anchor initialized from legacy router.weight
[init] layer 13 expert_key/expert_anchor initialized from legacy router.weight
[init] layer 14 expert_key/expert_anchor initialized from legacy router.weight
[init] layer 15 expert_key/expert_anchor initialized from legacy router.weight
[init] layer 16 expert_key/expert_anchor initialized from legacy router.weight
[init] layer 17 expert_key/expert_anchor initialized from legacy router.weight
[init] layer 18 expert_key/expert_anchor initialized from legacy router.weight
[init] layer 19 expert_key/expert_anchor initialized from legacy router.weight
[init] layer 20 expert_key/expert_anchor initialized from legacy router.weight
[init] layer 21 expert_key/expert_anchor initialized from legacy router.weight
[init] layer 22 expert_key/expert_anchor initialized from legacy router.weight
[init] layer 23 expert_key/expert_anchor initialized from legacy router.weight
[init] initialized new router modules from legacy dense router for 24 layers
[stage1] trainable cross-attention router params: 25559040
[stage1][data] train=1125 (ratio=0.500, seed=42)
[stage1] epoch=1/1 step=50 loss=0.367167 kl=0.175224 logit=0.066882 t_ent=1.5842 s_ent=1.7414 top1=0.8209 topk=0.8078 cos=0.9078 elapsed=0.3m
[stage1] epoch=1/1 step=100 loss=0.145131 kl=0.068974 logit=0.028731 t_ent=1.5846 s_ent=1.6484 top1=0.9039 topk=0.8775 cos=0.9495 elapsed=0.6m
[stage1] saving full checkpoint to /mnt/data/models/fv1_arc_e/ckpt_after_stage1
[2026-04-23 20:44:04,838] [INFO] [real_accelerator.py:203:get_accelerator] Setting ds_accelerator to cuda (auto detect)
[93m [WARNING] [0m async_io requires the dev libaio .so object and headers but these were not found.
[93m [WARNING] [0m async_io: please install the libaio-dev package with apt
[93m [WARNING] [0m If libaio is already installed (perhaps from source), try setting the CFLAGS and LDFLAGS environment variables to where it can be found.
[93m [WARNING] [0m Please specify the CUTLASS repo directory as environment variable $CUTLASS_PATH
[93m [WARNING] [0m sparse_attn requires a torch version >= 1.5 and < 2.0 but detected 2.5
[93m [WARNING] [0m using untested triton version (3.1.0), only 1.0.0 is known to be compatible

[launcher] running:
  /home/vipuser/miniconda3/envs/op/bin/python -m torch.distributed.run --nproc_per_node 1 /root/Predict_v2/run_stage2_dynamic_moe.py --model_path /root/models/Dynamic_MoE --output_dir /mnt/data/models/fv1_arc_e --dataset arc-e --eval_dataset arc-e --train_split train --eval_split validation --block_size 150 --batch_size 8 --grad_accum 1 --epochs 2 --lr 6e-05 --lora_r 16 --lora_alpha 16 --lora_dropout 0.05 --num_proc 16 --load_in_4bit 0 --load_in_8bit 0 --use_bnb_8bit 0 --load_in_fp16 0 --fp16 0 --bf16 0 --train_extra_params_in_fp32 1 --router_use_entmax 0 --router_top_k 2 --router_entmax_alpha 1.7 --router_anchor_loss_coef 0.01 --router_anchor_momentum 0.99 --min_lr_ratio 0.1 --router_lr_mult 1.0 --eval_max_samples 200 --router_use_softmax_temperature 1 --router_softmax_temperature 0.8 --stage2_include_validation_in_train 1 --stage2_validation_train_ratio 0.2 --stage2_init_path /mnt/data/models/fv1_arc_e/ckpt_after_stage1
[load] tokenizer from model_path: /root/models/Dynamic_MoE
[load] distributed=True world_size=1 4bit=False 8bit=False
[train] mixed precision: fp16=False bf16=False
[stage2] loading model from /mnt/data/models/fv1_arc_e/ckpt_after_stage1
[load] checkpoint loaded with strict=False: missing=0 unexpected=0 dtype=torch.float32
[stage2] extra trainable new-router params: 25559040
[stage2] cast selected router params to fp32: 0
[stage2] trainable params: 99483648/3587621888 (2.77%)
trainable params: 99,483,648 || all params: 3,587,621,888 || trainable%: 2.7730
[stage2][data] arc-e: borrowed 114/570 from validation into train
[stage2][data] train=2365 eval=200 block_size=150
[stage2][opt] param groups: other=2496 router=48
[stage2][opt] lrs: other=6.000e-05 router=6.000e-05
[train] epoch=1/2 step=50/590 loss=0.2930 ce=0.2930 ce_ema=1.9469 pairwise=0.0000 pairwise_acc=0.0000 anchor=0.0012 budget=0.0000 top_k=2 anchor_key_cos=0.9988 lr=5.956e-05 elapsed=1.1m
[train] epoch=1/2 step=100/590 loss=0.2469 ce=0.2469 ce_ema=0.9438 pairwise=0.0000 pairwise_acc=0.0000 anchor=0.0013 budget=0.0000 top_k=2 anchor_key_cos=0.9987 lr=5.725e-05 elapsed=2.1m
[train] epoch=1/2 step=150/590 loss=0.3281 ce=0.3281 ce_ema=0.5870 pairwise=0.0000 pairwise_acc=0.0000 anchor=0.0013 budget=0.0000 top_k=2 anchor_key_cos=0.9987 lr=5.313e-05 elapsed=3.2m
[train] epoch=1/2 step=200/590 loss=0.4187 ce=0.4187 ce_ema=0.4379 pairwise=0.0000 pairwise_acc=0.0000 anchor=0.0013 budget=0.0000 top_k=2 anchor_key_cos=0.9987 lr=4.751e-05 elapsed=4.4m
[eval] step=200 loss=0.3360 ce=0.3360 pairwise=0.0000 pairwise_acc=0.0000 ppl=1.40
[train] epoch=1/2 step=250/590 loss=0.2648 ce=0.2648 ce_ema=0.3706 pairwise=0.0000 pairwise_acc=0.0000 anchor=0.0013 budget=0.0000 top_k=2 anchor_key_cos=0.9987 lr=4.081e-05 elapsed=5.4m
[train] epoch=2/2 step=300/590 loss=0.2862 ce=0.2861 ce_ema=0.3318 pairwise=0.0000 pairwise_acc=0.0000 anchor=0.0013 budget=0.0000 top_k=2 anchor_key_cos=0.9987 lr=3.352e-05 elapsed=6.5m
[train] epoch=2/2 step=350/590 loss=0.2574 ce=0.2574 ce_ema=0.2454 pairwise=0.0000 pairwise_acc=0.0000 anchor=0.0013 budget=0.0000 top_k=2 anchor_key_cos=0.9987 lr=2.619e-05 elapsed=7.5m
[train] epoch=2/2 step=400/590 loss=0.1231 ce=0.1231 ce_ema=0.2110 pairwise=0.0000 pairwise_acc=0.0000 anchor=0.0013 budget=0.0000 top_k=2 anchor_key_cos=0.9987 lr=1.937e-05 elapsed=8.8m
[eval] step=400 loss=0.3119 ce=0.3119 pairwise=0.0000 pairwise_acc=0.0000 ppl=1.37
[train] epoch=2/2 step=450/590 loss=0.1413 ce=0.1413 ce_ema=0.2029 pairwise=0.0000 pairwise_acc=0.0000 anchor=0.0013 budget=0.0000 top_k=2 anchor_key_cos=0.9987 lr=1.357e-05 elapsed=9.8m
[train] epoch=2/2 step=500/590 loss=0.1488 ce=0.1487 ce_ema=0.1906 pairwise=0.0000 pairwise_acc=0.0000 anchor=0.0013 budget=0.0000 top_k=2 anchor_key_cos=0.9987 lr=9.221e-06 elapsed=10.9m
[train] epoch=2/2 step=550/590 loss=0.1252 ce=0.1252 ce_ema=0.1944 pairwise=0.0000 pairwise_acc=0.0000 anchor=0.0013 budget=0.0000 top_k=2 anchor_key_cos=0.9987 lr=6.647e-06 elapsed=12.0m
[save] moving merged model to cpu before export
[save] merged + fp32 full model -> /mnt/data/models/fv1_arc_e
[save] final router top_k -> 2
[2026-04-23 21:00:24,454] [INFO] [real_accelerator.py:203:get_accelerator] Setting ds_accelerator to cuda (auto detect)
[93m [WARNING] [0m async_io requires the dev libaio .so object and headers but these were not found.
[93m [WARNING] [0m async_io: please install the libaio-dev package with apt
[93m [WARNING] [0m If libaio is already installed (perhaps from source), try setting the CFLAGS and LDFLAGS environment variables to where it can be found.
[93m [WARNING] [0m Please specify the CUTLASS repo directory as environment variable $CUTLASS_PATH
[93m [WARNING] [0m sparse_attn requires a torch version >= 1.5 and < 2.0 but detected 2.5
[93m [WARNING] [0m using untested triton version (3.1.0), only 1.0.0 is known to be compatible

[launcher] done.
