
[launcher] running:
  /home/vipuser/miniconda3/envs/op/bin/python -m torch.distributed.run --nproc_per_node 2 /root/Predict_v2/run_stage1_dynamic_moe.py --model_path /root/models/Dynamic_MoE --output_dir /mnt/data/models/fv1_arc_c_pw005 --dataset arc-c --eval_dataset arc-c --train_split train --eval_split validation --block_size 192 --batch_size 8 --grad_accum 1 --epochs 3 --lr 6e-05 --lora_r 16 --lora_alpha 16 --lora_dropout 0.05 --num_proc 16 --load_in_4bit 0 --load_in_8bit 0 --use_bnb_8bit 0 --load_in_fp16 0 --fp16 0 --bf16 0 --train_extra_params_in_fp32 1 --router_use_entmax 0 --router_top_k 2 --router_entmax_alpha 1.7 --router_value_anchor_loss_coef 0.01 --router_anchor_momentum 0.99 --min_lr_ratio 0.1 --router_lr_mult 1.0 --eval_max_samples 400 --router_use_softmax_temperature 1 --router_softmax_temperature 1.1 --train_new_router_params 1 --router_aux_loss_coef 0.01 --init_new_router_from_legacy 1 --eval_every 300 --stage1_epochs 1 --stage1_lr 0.0001 --stage1_grad_accum 1 --stage1_data_ratio 0.5 --stage1_distill_temperature 2.0 --stage1_kl_coef 2.0 --stage1_logit_coef 0.25 --stage1_use_logit_loss 1
[router] anchor-router trunk ignores legacy router settings: router_value_anchor_loss_coef
[load] tokenizer from model_path: /root/models/Dynamic_MoE
[load] distributed=True world_size=2 4bit=False 8bit=False
[train] mixed precision: fp16=False bf16=False
[stage1] loading base model for router distillation
[load] checkpoint loaded with strict=False: missing=96 unexpected=24 dtype=torch.float32
[init] layer 0 expert_weight_proj initialized from legacy router.weight
[init] layer 1 expert_weight_proj initialized from legacy router.weight
[init] layer 2 expert_weight_proj initialized from legacy router.weight
[init] layer 3 expert_weight_proj initialized from legacy router.weight
[init] layer 4 expert_weight_proj initialized from legacy router.weight
[init] layer 5 expert_weight_proj initialized from legacy router.weight
[init] layer 6 expert_weight_proj initialized from legacy router.weight
[init] layer 7 expert_weight_proj initialized from legacy router.weight
[init] layer 8 expert_weight_proj initialized from legacy router.weight
[init] layer 9 expert_weight_proj initialized from legacy router.weight
[init] layer 10 expert_weight_proj initialized from legacy router.weight
[init] layer 11 expert_weight_proj initialized from legacy router.weight
[init] layer 12 expert_weight_proj initialized from legacy router.weight
[init] layer 13 expert_weight_proj initialized from legacy router.weight
[init] layer 14 expert_weight_proj initialized from legacy router.weight
[init] layer 15 expert_weight_proj initialized from legacy router.weight
[init] layer 16 expert_weight_proj initialized from legacy router.weight
[init] layer 17 expert_weight_proj initialized from legacy router.weight
[init] layer 18 expert_weight_proj initialized from legacy router.weight
[init] layer 19 expert_weight_proj initialized from legacy router.weight
[init] layer 20 expert_weight_proj initialized from legacy router.weight
[init] layer 21 expert_weight_proj initialized from legacy router.weight
[init] layer 22 expert_weight_proj initialized from legacy router.weight
[init] layer 23 expert_weight_proj initialized from legacy router.weight
[init] layer 0 expert_weight_proj initialized from legacy router.weight
[init] layer 1 expert_weight_proj initialized from legacy router.weight
[init] layer 2 expert_weight_proj initialized from legacy router.weight
[init] layer 3 expert_weight_proj initialized from legacy router.weight
[init] layer 4 expert_weight_proj initialized from legacy router.weight
[init] layer 5 expert_weight_proj initialized from legacy router.weight
[init] layer 6 expert_weight_proj initialized from legacy router.weight
[init] layer 7 expert_weight_proj initialized from legacy router.weight
[init] layer 8 expert_weight_proj initialized from legacy router.weight
[init] layer 9 expert_weight_proj initialized from legacy router.weight
[init] layer 10 expert_weight_proj initialized from legacy router.weight
[init] layer 11 expert_weight_proj initialized from legacy router.weight
[init] layer 12 expert_weight_proj initialized from legacy router.weight
[init] layer 13 expert_weight_proj initialized from legacy router.weight
[init] layer 14 expert_weight_proj initialized from legacy router.weight
[init] layer 15 expert_weight_proj initialized from legacy router.weight
[init] layer 16 expert_weight_proj initialized from legacy router.weight
[init] layer 17 expert_weight_proj initialized from legacy router.weight
[init] layer 18 expert_weight_proj initialized from legacy router.weight
[init] layer 19 expert_weight_proj initialized from legacy router.weight
[init] layer 20 expert_weight_proj initialized from legacy router.weight
[init] layer 21 expert_weight_proj initialized from legacy router.weight
[init] layer 22 expert_weight_proj initialized from legacy router.weight
[init] layer 23 expert_weight_proj initialized from legacy router.weight
[init] initialized new router modules from legacy dense router for 24 layers
[stage1] trainable cross-attention router params: 125829120
[stage1][data] train=559 (ratio=0.500, seed=42)
[stage1] saving full checkpoint to /mnt/data/models/fv1_arc_c_pw005/ckpt_after_stage1
[2026-04-27 02:19:15,730] [INFO] [real_accelerator.py:203:get_accelerator] Setting ds_accelerator to cuda (auto detect)
[93m [WARNING] [0m async_io requires the dev libaio .so object and headers but these were not found.
[93m [WARNING] [0m async_io: please install the libaio-dev package with apt
[93m [WARNING] [0m If libaio is already installed (perhaps from source), try setting the CFLAGS and LDFLAGS environment variables to where it can be found.
[93m [WARNING] [0m Please specify the CUTLASS repo directory as environment variable $CUTLASS_PATH
[93m [WARNING] [0m sparse_attn requires a torch version >= 1.5 and < 2.0 but detected 2.5
[93m [WARNING] [0m using untested triton version (3.1.0), only 1.0.0 is known to be compatible

[launcher] running:
  /home/vipuser/miniconda3/envs/op/bin/python -m torch.distributed.run --nproc_per_node 2 /root/Predict_v2/run_stage2_dynamic_moe.py --model_path /root/models/Dynamic_MoE --output_dir /mnt/data/models/fv1_arc_c_pw005 --dataset arc-c --eval_dataset arc-c --train_split train --eval_split validation --block_size 192 --batch_size 8 --grad_accum 1 --epochs 3 --lr 6e-05 --lora_r 16 --lora_alpha 16 --lora_dropout 0.05 --num_proc 16 --load_in_4bit 0 --load_in_8bit 0 --use_bnb_8bit 0 --load_in_fp16 0 --fp16 0 --bf16 0 --train_extra_params_in_fp32 1 --router_use_entmax 0 --router_top_k 2 --router_entmax_alpha 1.7 --router_value_anchor_loss_coef 0.01 --router_anchor_momentum 0.99 --min_lr_ratio 0.1 --router_lr_mult 1.0 --eval_max_samples 400 --router_use_softmax_temperature 1 --router_softmax_temperature 1.1 --train_new_router_params 1 --router_aux_loss_coef 0.01 --init_new_router_from_legacy 1 --eval_every 300 --stage2_init_path /mnt/data/models/fv1_arc_c_pw005/ckpt_after_stage1
[router] anchor-router trunk ignores legacy router settings: router_value_anchor_loss_coef
[load] tokenizer from model_path: /root/models/Dynamic_MoE
[load] distributed=True world_size=2 4bit=False 8bit=False
[train] mixed precision: fp16=False bf16=False
[stage2] loading model from /mnt/data/models/fv1_arc_c_pw005/ckpt_after_stage1
[load] checkpoint loaded with strict=False: missing=0 unexpected=0 dtype=torch.float32
[stage2] extra trainable new-router params: 125829120
[stage2] cast selected router params to fp32: 0
[stage2] trainable params: 199753728/3687891968 (5.42%)
trainable params: 199,753,728 || all params: 3,687,891,968 || trainable%: 5.4165
[stage2][eval] using OpenCompass-style PPL ranking for arc-c
[stage2][data] train=3357 eval=295 block_size=192
[stage2][opt] param groups: other=2496 router=72
[stage2][opt] lrs: other=6.000e-05 router=6.000e-05
[train] epoch=1/3 step=50/627 loss=1.9506 ce=1.8472 ce_ema=2.1528 pairwise=0.8968 pairwise_acc=0.1250 aux=1.3681 ewp_gn=1.459e-01 budget=0.0000 top_k=2 lr=5.963e-05 elapsed=1.4m
[train] epoch=1/3 step=100/627 loss=1.6738 ce=1.5932 ce_ema=1.7790 pairwise=0.6800 pairwise_acc=0.6250 aux=1.2655 ewp_gn=1.134e-01 budget=0.0000 top_k=2 lr=5.762e-05 elapsed=2.8m
[train] epoch=1/3 step=150/627 loss=1.4341 ce=1.3621 ce_ema=1.5563 pairwise=0.5994 pairwise_acc=0.7500 aux=1.2050 ewp_gn=7.832e-02 budget=0.0000 top_k=2 lr=5.398e-05 elapsed=4.2m
[train] epoch=1/3 step=200/627 loss=1.4275 ce=1.3553 ce_ema=1.4129 pairwise=0.6008 pairwise_acc=0.5000 aux=1.2140 ewp_gn=8.137e-02 budget=0.0000 top_k=2 lr=4.895e-05 elapsed=5.7m
[train] epoch=2/3 step=250/627 loss=1.2950 ce=1.2359 ce_ema=1.3140 pairwise=0.4699 pairwise_acc=0.8750 aux=1.2132 ewp_gn=9.551e-02 budget=0.0000 top_k=2 lr=4.286e-05 elapsed=7.2m
[train] epoch=2/3 step=300/627 loss=1.3807 ce=1.3232 ce_ema=1.2558 pairwise=0.4560 pairwise_acc=0.8750 aux=1.1875 ewp_gn=1.060e-01 budget=0.0000 top_k=2 lr=3.613e-05 elapsed=9.0m
[eval] step=300 eval_pairwise_acc=0.243243
[train] epoch=2/3 step=350/627 loss=1.1891 ce=1.1302 ce_ema=1.2005 pairwise=0.4742 pairwise_acc=0.8750 aux=1.1504 ewp_gn=1.063e-01 budget=0.0000 top_k=2 lr=2.918e-05 elapsed=10.4m
[train] epoch=2/3 step=400/627 loss=1.1908 ce=1.1236 ce_ema=1.1452 pairwise=0.5573 pairwise_acc=0.6250 aux=1.1450 ewp_gn=1.218e-01 budget=0.0000 top_k=2 lr=2.249e-05 elapsed=11.9m
[train] epoch=3/3 step=450/627 loss=0.9797 ce=0.9429 ce_ema=1.0525 pairwise=0.2512 pairwise_acc=1.0000 aux=1.1640 ewp_gn=9.876e-02 budget=0.0000 top_k=2 lr=1.649e-05 elapsed=13.4m
[train] epoch=3/3 step=500/627 loss=1.1688 ce=1.1291 ce_ema=0.9875 pairwise=0.2839 pairwise_acc=1.0000 aux=1.1394 ewp_gn=9.516e-02 budget=0.0000 top_k=2 lr=1.159e-05 elapsed=14.9m
[train] epoch=3/3 step=550/627 loss=0.9980 ce=0.9518 ce_ema=0.9718 pairwise=0.3462 pairwise_acc=0.8750 aux=1.1588 ewp_gn=9.374e-02 budget=0.0000 top_k=2 lr=8.102e-06 elapsed=16.3m
[train] epoch=3/3 step=600/627 loss=0.8888 ce=0.8453 ce_ema=0.9484 pairwise=0.3198 pairwise_acc=0.8750 aux=1.1535 ewp_gn=9.924e-02 budget=0.0000 top_k=2 lr=6.261e-06 elapsed=18.1m
[eval] step=600 eval_pairwise_acc=0.273649
[save] moving merged model to cpu before export
[save] merged + fp32 full model -> /mnt/data/models/fv1_arc_c_pw005
[save] final router top_k -> 2
[2026-04-27 02:41:23,055] [INFO] [real_accelerator.py:203:get_accelerator] Setting ds_accelerator to cuda (auto detect)
[93m [WARNING] [0m async_io requires the dev libaio .so object and headers but these were not found.
[93m [WARNING] [0m async_io: please install the libaio-dev package with apt
[93m [WARNING] [0m If libaio is already installed (perhaps from source), try setting the CFLAGS and LDFLAGS environment variables to where it can be found.
[93m [WARNING] [0m Please specify the CUTLASS repo directory as environment variable $CUTLASS_PATH
[93m [WARNING] [0m sparse_attn requires a torch version >= 1.5 and < 2.0 but detected 2.5
[93m [WARNING] [0m using untested triton version (3.1.0), only 1.0.0 is known to be compatible

[launcher] done.
