
[launcher] running:
  /home/vipuser/miniconda3/envs/op/bin/python -m torch.distributed.run --nproc_per_node 2 /root/Predict_v2/run_stage1_dynamic_moe.py --model_path /root/models/Dynamic_MoE --output_dir /mnt/data/models/fv1_openbookqa_nopairwise --dataset openbookqa --eval_dataset openbookqa --train_split train --eval_split validation --block_size 150 --batch_size 12 --grad_accum 1 --epochs 3 --lr 8e-05 --lora_r 16 --lora_alpha 16 --lora_dropout 0.05 --num_proc 16 --load_in_4bit 0 --load_in_8bit 0 --use_bnb_8bit 0 --load_in_fp16 0 --fp16 0 --bf16 0 --train_extra_params_in_fp32 1 --router_use_entmax 0 --router_top_k 2 --router_entmax_alpha 1.7 --min_lr_ratio 0.1 --router_lr_mult 1.0 --eval_max_samples 600 --router_use_softmax_temperature 1 --router_softmax_temperature 1.0 --train_new_router_params 1 --router_aux_loss_coef 0.002 --init_new_router_from_legacy 1 --stage1_epochs 1 --stage1_lr 0.0001 --stage1_grad_accum 1 --stage1_data_ratio 0.5 --stage1_distill_temperature 2.0 --stage1_kl_coef 2.0 --stage1_logit_coef 0.25 --stage1_use_logit_loss 1
[load] tokenizer from model_path: /root/models/Dynamic_MoE
[load] distributed=True world_size=2 4bit=False 8bit=False
[train] mixed precision: fp16=False bf16=False
[stage1] loading base model for router distillation
[load] checkpoint loaded with strict=False: missing=96 unexpected=24 dtype=torch.float32
[init] layer 0 expert_weight_proj initialized from legacy router.weight
[init] layer 1 expert_weight_proj initialized from legacy router.weight
[init] layer 2 expert_weight_proj initialized from legacy router.weight
[init] layer 3 expert_weight_proj initialized from legacy router.weight
[init] layer 4 expert_weight_proj initialized from legacy router.weight
[init] layer 5 expert_weight_proj initialized from legacy router.weight
[init] layer 6 expert_weight_proj initialized from legacy router.weight
[init] layer 7 expert_weight_proj initialized from legacy router.weight
[init] layer 8 expert_weight_proj initialized from legacy router.weight
[init] layer 9 expert_weight_proj initialized from legacy router.weight
[init] layer 10 expert_weight_proj initialized from legacy router.weight
[init] layer 11 expert_weight_proj initialized from legacy router.weight
[init] layer 12 expert_weight_proj initialized from legacy router.weight
[init] layer 13 expert_weight_proj initialized from legacy router.weight
[init] layer 14 expert_weight_proj initialized from legacy router.weight
[init] layer 15 expert_weight_proj initialized from legacy router.weight
[init] layer 16 expert_weight_proj initialized from legacy router.weight
[init] layer 17 expert_weight_proj initialized from legacy router.weight
[init] layer 18 expert_weight_proj initialized from legacy router.weight
[init] layer 19 expert_weight_proj initialized from legacy router.weight
[init] layer 20 expert_weight_proj initialized from legacy router.weight
[init] layer 21 expert_weight_proj initialized from legacy router.weight
[init] layer 22 expert_weight_proj initialized from legacy router.weight
[init] layer 23 expert_weight_proj initialized from legacy router.weight
[init] layer 0 expert_weight_proj initialized from legacy router.weight
[init] layer 1 expert_weight_proj initialized from legacy router.weight
[init] layer 2 expert_weight_proj initialized from legacy router.weight
[init] layer 3 expert_weight_proj initialized from legacy router.weight
[init] layer 4 expert_weight_proj initialized from legacy router.weight
[init] layer 5 expert_weight_proj initialized from legacy router.weight
[init] layer 6 expert_weight_proj initialized from legacy router.weight
[init] layer 7 expert_weight_proj initialized from legacy router.weight
[init] layer 8 expert_weight_proj initialized from legacy router.weight
[init] layer 9 expert_weight_proj initialized from legacy router.weight
[init] layer 10 expert_weight_proj initialized from legacy router.weight
[init] layer 11 expert_weight_proj initialized from legacy router.weight
[init] layer 12 expert_weight_proj initialized from legacy router.weight
[init] layer 13 expert_weight_proj initialized from legacy router.weight
[init] layer 14 expert_weight_proj initialized from legacy router.weight
[init] layer 15 expert_weight_proj initialized from legacy router.weight
[init] layer 16 expert_weight_proj initialized from legacy router.weight
[init] layer 17 expert_weight_proj initialized from legacy router.weight
[init] layer 18 expert_weight_proj initialized from legacy router.weight
[init] layer 19 expert_weight_proj initialized from legacy router.weight
[init] layer 20 expert_weight_proj initialized from legacy router.weight
[init] layer 21 expert_weight_proj initialized from legacy router.weight
[init] layer 22 expert_weight_proj initialized from legacy router.weight
[init] layer 23 expert_weight_proj initialized from legacy router.weight
[init] initialized new router modules from legacy dense router for 24 layers
[stage1] trainable cross-attention router params: 125829120
[stage1][data] train=2478 (ratio=0.500, seed=42)
[stage1] epoch=1/1 step=50 loss=0.576489 kl=0.273404 logit=0.118726 t_ent=1.6474 s_ent=1.8770 top1=0.7314 topk=0.7343 cos=0.8401 elapsed=0.6m
[stage1] epoch=1/1 step=100 loss=0.198992 kl=0.093657 logit=0.046712 t_ent=1.6109 s_ent=1.6869 top1=0.8765 topk=0.8541 cos=0.9187 elapsed=1.1m
[stage1] saving full checkpoint to /mnt/data/models/fv1_openbookqa_nopairwise/ckpt_after_stage1
[2026-04-25 11:10:54,166] [INFO] [real_accelerator.py:203:get_accelerator] Setting ds_accelerator to cuda (auto detect)
[93m [WARNING] [0m async_io requires the dev libaio .so object and headers but these were not found.
[93m [WARNING] [0m async_io: please install the libaio-dev package with apt
[93m [WARNING] [0m If libaio is already installed (perhaps from source), try setting the CFLAGS and LDFLAGS environment variables to where it can be found.
[93m [WARNING] [0m Please specify the CUTLASS repo directory as environment variable $CUTLASS_PATH
[93m [WARNING] [0m sparse_attn requires a torch version >= 1.5 and < 2.0 but detected 2.5
[93m [WARNING] [0m using untested triton version (3.1.0), only 1.0.0 is known to be compatible

[launcher] running:
  /home/vipuser/miniconda3/envs/op/bin/python -m torch.distributed.run --nproc_per_node 2 /root/Predict_v2/run_stage2_dynamic_moe.py --model_path /root/models/Dynamic_MoE --output_dir /mnt/data/models/fv1_openbookqa_nopairwise --dataset openbookqa --eval_dataset openbookqa --train_split train --eval_split validation --block_size 150 --batch_size 12 --grad_accum 1 --epochs 3 --lr 8e-05 --lora_r 16 --lora_alpha 16 --lora_dropout 0.05 --num_proc 16 --load_in_4bit 0 --load_in_8bit 0 --use_bnb_8bit 0 --load_in_fp16 0 --fp16 0 --bf16 0 --train_extra_params_in_fp32 1 --router_use_entmax 0 --router_top_k 2 --router_entmax_alpha 1.7 --min_lr_ratio 0.1 --router_lr_mult 1.0 --eval_max_samples 600 --router_use_softmax_temperature 1 --router_softmax_temperature 1.0 --train_new_router_params 1 --router_aux_loss_coef 0.002 --init_new_router_from_legacy 1 --stage2_init_path /mnt/data/models/fv1_openbookqa_nopairwise/ckpt_after_stage1
[load] tokenizer from model_path: /root/models/Dynamic_MoE
[load] distributed=True world_size=2 4bit=False 8bit=False
[train] mixed precision: fp16=False bf16=False
[stage2] loading model from /mnt/data/models/fv1_openbookqa_nopairwise/ckpt_after_stage1
[load] checkpoint loaded with strict=False: missing=0 unexpected=0 dtype=torch.float32
[stage2] extra trainable new-router params: 125829120
[stage2] cast selected router params to fp32: 0
[stage2] trainable params: 199753728/3687891968 (5.42%)
trainable params: 199,753,728 || all params: 3,687,891,968 || trainable%: 5.4165
[stage2][eval] using OpenCompass-style PPL ranking for openbookqa
[stage2][data] train=14871 eval=500 block_size=150
[stage2][opt] param groups: other=2496 router=72
[stage2][opt] lrs: other=8.000e-05 router=8.000e-05
[train] epoch=1/3 step=50/1857 loss=2.0554 ce=1.8681 ce_ema=2.7648 pairwise=0.9189 pairwise_acc=0.5000 aux=1.7691 ewp_gn=1.627e-01 budget=0.0000 top_k=2 lr=7.418e-05 elapsed=1.7m
[train] epoch=1/3 step=100/1857 loss=1.8062 ce=1.6733 ce_ema=2.1467 pairwise=0.6472 pairwise_acc=0.6667 aux=1.6871 ewp_gn=1.050e-01 budget=0.0000 top_k=2 lr=7.989e-05 elapsed=3.3m
[train] epoch=1/3 step=150/1857 loss=1.8055 ce=1.6826 ce_ema=1.8720 pairwise=0.5990 pairwise_acc=0.7500 aux=1.5525 ewp_gn=7.230e-02 budget=0.0000 top_k=2 lr=7.951e-05 elapsed=4.9m
[train] epoch=1/3 step=200/1857 loss=1.7666 ce=1.6430 ce_ema=1.7476 pairwise=0.6037 pairwise_acc=0.6667 aux=1.4172 ewp_gn=6.741e-02 budget=0.0000 top_k=2 lr=7.886e-05 elapsed=6.9m
[eval] step=200 eval_pairwise_acc=0.316000
[train] epoch=1/3 step=250/1857 loss=2.0266 ce=1.9181 ce_ema=1.7064 pairwise=0.5290 pairwise_acc=0.5833 aux=1.3443 ewp_gn=8.705e-02 budget=0.0000 top_k=2 lr=7.794e-05 elapsed=8.5m
[train] epoch=1/3 step=300/1857 loss=1.5520 ce=1.4376 ce_ema=1.6553 pairwise=0.5592 pairwise_acc=0.5833 aux=1.2948 ewp_gn=8.260e-02 budget=0.0000 top_k=2 lr=7.677e-05 elapsed=10.1m
[train] epoch=1/3 step=350/1857 loss=1.5147 ce=1.4419 ce_ema=1.6253 pairwise=0.3512 pairwise_acc=0.9167 aux=1.2509 ewp_gn=6.874e-02 budget=0.0000 top_k=2 lr=7.534e-05 elapsed=11.8m
[train] epoch=1/3 step=400/1857 loss=1.8904 ce=1.8039 ce_ema=1.5915 pairwise=0.4185 pairwise_acc=0.8333 aux=1.3811 ewp_gn=7.527e-02 budget=0.0000 top_k=2 lr=7.368e-05 elapsed=13.7m
[eval] step=400 eval_pairwise_acc=0.304000
[train] epoch=1/3 step=450/1857 loss=1.6509 ce=1.5513 ce_ema=1.5668 pairwise=0.4855 pairwise_acc=0.7500 aux=1.2441 ewp_gn=7.536e-02 budget=0.0000 top_k=2 lr=7.180e-05 elapsed=15.3m
[train] epoch=1/3 step=500/1857 loss=1.7630 ce=1.6872 ce_ema=1.5404 pairwise=0.3664 pairwise_acc=0.9167 aux=1.2332 ewp_gn=7.801e-02 budget=0.0000 top_k=2 lr=6.970e-05 elapsed=16.9m
[train] epoch=1/3 step=550/1857 loss=1.6888 ce=1.6036 ce_ema=1.5145 pairwise=0.4137 pairwise_acc=0.8333 aux=1.2129 ewp_gn=9.244e-02 budget=0.0000 top_k=2 lr=6.741e-05 elapsed=18.5m
[train] epoch=1/3 step=600/1857 loss=1.6555 ce=1.5661 ce_ema=1.5145 pairwise=0.4341 pairwise_acc=0.9167 aux=1.2511 ewp_gn=1.047e-01 budget=0.0000 top_k=2 lr=6.494e-05 elapsed=20.5m
[eval] step=600 eval_pairwise_acc=0.324000
[train] epoch=2/3 step=650/1857 loss=1.5071 ce=1.4485 ce_ema=1.4674 pairwise=0.2810 pairwise_acc=0.9167 aux=1.2140 ewp_gn=1.092e-01 budget=0.0000 top_k=2 lr=6.231e-05 elapsed=22.2m
[train] epoch=2/3 step=700/1857 loss=1.4011 ce=1.3552 ce_ema=1.4141 pairwise=0.2167 pairwise_acc=0.9167 aux=1.3142 ewp_gn=8.682e-02 budget=0.0000 top_k=2 lr=5.954e-05 elapsed=23.8m
[train] epoch=2/3 step=750/1857 loss=1.5611 ce=1.5206 ce_ema=1.3948 pairwise=0.1907 pairwise_acc=1.0000 aux=1.1966 ewp_gn=8.036e-02 budget=0.0000 top_k=2 lr=5.665e-05 elapsed=25.4m
[train] epoch=2/3 step=800/1857 loss=1.4224 ce=1.3825 ce_ema=1.3607 pairwise=0.1874 pairwise_acc=0.9167 aux=1.2271 ewp_gn=1.069e-01 budget=0.0000 top_k=2 lr=5.367e-05 elapsed=27.4m
[eval] step=800 eval_pairwise_acc=0.334000
[train] epoch=2/3 step=850/1857 loss=1.3464 ce=1.2951 ce_ema=1.3438 pairwise=0.2448 pairwise_acc=0.9167 aux=1.1728 ewp_gn=8.684e-02 budget=0.0000 top_k=2 lr=5.061e-05 elapsed=29.0m
[train] epoch=2/3 step=900/1857 loss=1.2687 ce=1.2282 ce_ema=1.3230 pairwise=0.1905 pairwise_acc=0.9167 aux=1.2362 ewp_gn=8.764e-02 budget=0.0000 top_k=2 lr=4.751e-05 elapsed=30.7m
[train] epoch=2/3 step=950/1857 loss=1.4478 ce=1.4271 ce_ema=1.3117 pairwise=0.0914 pairwise_acc=1.0000 aux=1.1863 ewp_gn=8.622e-02 budget=0.0000 top_k=2 lr=4.438e-05 elapsed=32.3m
[train] epoch=2/3 step=1000/1857 loss=1.3193 ce=1.2814 ce_ema=1.2787 pairwise=0.1777 pairwise_acc=1.0000 aux=1.1744 ewp_gn=1.036e-01 budget=0.0000 top_k=2 lr=4.124e-05 elapsed=34.2m
[eval] step=1000 eval_pairwise_acc=0.334000
[train] epoch=2/3 step=1050/1857 loss=1.3572 ce=1.3205 ce_ema=1.2664 pairwise=0.1717 pairwise_acc=1.0000 aux=1.1674 ewp_gn=8.723e-02 budget=0.0000 top_k=2 lr=3.813e-05 elapsed=35.9m
[train] epoch=2/3 step=1100/1857 loss=1.2799 ce=1.2432 ce_ema=1.2463 pairwise=0.1718 pairwise_acc=1.0000 aux=1.1732 ewp_gn=9.870e-02 budget=0.0000 top_k=2 lr=3.506e-05 elapsed=37.5m
[train] epoch=2/3 step=1150/1857 loss=1.1663 ce=1.1475 ce_ema=1.2266 pairwise=0.0816 pairwise_acc=1.0000 aux=1.2404 ewp_gn=9.147e-02 budget=0.0000 top_k=2 lr=3.205e-05 elapsed=39.1m
[train] epoch=2/3 step=1200/1857 loss=1.1868 ce=1.1726 ce_ema=1.2134 pairwise=0.0597 pairwise_acc=1.0000 aux=1.1543 ewp_gn=9.860e-02 budget=0.0000 top_k=2 lr=2.914e-05 elapsed=41.0m
[eval] step=1200 eval_pairwise_acc=0.332000
[train] epoch=3/3 step=1250/1857 loss=1.0819 ce=1.0739 ce_ema=1.1653 pairwise=0.0279 pairwise_acc=1.0000 aux=1.1888 ewp_gn=9.949e-02 budget=0.0000 top_k=2 lr=2.635e-05 elapsed=42.7m
[train] epoch=3/3 step=1300/1857 loss=1.0451 ce=1.0202 ce_ema=1.0942 pairwise=0.1127 pairwise_acc=1.0000 aux=1.1675 ewp_gn=8.425e-02 budget=0.0000 top_k=2 lr=2.368e-05 elapsed=44.3m
[train] epoch=3/3 step=1350/1857 loss=0.9713 ce=0.9560 ce_ema=1.0706 pairwise=0.0652 pairwise_acc=1.0000 aux=1.1498 ewp_gn=1.008e-01 budget=0.0000 top_k=2 lr=2.117e-05 elapsed=45.9m
[train] epoch=3/3 step=1400/1857 loss=1.0849 ce=1.0664 ce_ema=1.0574 pairwise=0.0808 pairwise_acc=1.0000 aux=1.1886 ewp_gn=9.523e-02 budget=0.0000 top_k=2 lr=1.883e-05 elapsed=47.9m
[eval] step=1400 eval_pairwise_acc=0.342000
[train] epoch=3/3 step=1450/1857 loss=0.9642 ce=0.9542 ce_ema=1.0439 pairwise=0.0379 pairwise_acc=1.0000 aux=1.1879 ewp_gn=8.746e-02 budget=0.0000 top_k=2 lr=1.669e-05 elapsed=49.4m
[train] epoch=3/3 step=1500/1857 loss=1.1110 ce=1.0988 ce_ema=1.0234 pairwise=0.0492 pairwise_acc=1.0000 aux=1.1492 ewp_gn=9.435e-02 budget=0.0000 top_k=2 lr=1.475e-05 elapsed=51.0m
[train] epoch=3/3 step=1550/1857 loss=1.1242 ce=1.1114 ce_ema=1.0147 pairwise=0.0526 pairwise_acc=1.0000 aux=1.1453 ewp_gn=1.055e-01 budget=0.0000 top_k=2 lr=1.303e-05 elapsed=52.6m
[train] epoch=3/3 step=1600/1857 loss=1.0471 ce=1.0319 ce_ema=1.0123 pairwise=0.0645 pairwise_acc=1.0000 aux=1.1474 ewp_gn=1.008e-01 budget=0.0000 top_k=2 lr=1.155e-05 elapsed=54.6m
[eval] step=1600 eval_pairwise_acc=0.338000
[train] epoch=3/3 step=1650/1857 loss=1.0156 ce=0.9987 ce_ema=1.0113 pairwise=0.0731 pairwise_acc=1.0000 aux=1.1697 ewp_gn=1.094e-01 budget=0.0000 top_k=2 lr=1.032e-05 elapsed=56.2m
[train] epoch=3/3 step=1700/1857 loss=1.0234 ce=0.9992 ce_ema=1.0100 pairwise=0.1092 pairwise_acc=1.0000 aux=1.1424 ewp_gn=1.031e-01 budget=0.0000 top_k=2 lr=9.340e-06 elapsed=57.8m
[train] epoch=3/3 step=1750/1857 loss=0.9672 ce=0.9543 ce_ema=1.0017 pairwise=0.0528 pairwise_acc=1.0000 aux=1.1555 ewp_gn=1.019e-01 budget=0.0000 top_k=2 lr=8.625e-06 elapsed=59.4m
[train] epoch=3/3 step=1800/1857 loss=0.9803 ce=0.9704 ce_ema=0.9893 pairwise=0.0380 pairwise_acc=1.0000 aux=1.1478 ewp_gn=8.151e-02 budget=0.0000 top_k=2 lr=8.178e-06 elapsed=61.4m
[eval] step=1800 eval_pairwise_acc=0.348000
[train] epoch=3/3 step=1850/1857 loss=0.9854 ce=0.9710 ce_ema=0.9867 pairwise=0.0603 pairwise_acc=1.0000 aux=1.1482 ewp_gn=9.455e-02 budget=0.0000 top_k=2 lr=8.003e-06 elapsed=63.0m
[save] moving merged model to cpu before export
[save] merged + fp32 full model -> /mnt/data/models/fv1_openbookqa_nopairwise
[save] final router top_k -> 2
[2026-04-25 12:16:53,736] [INFO] [real_accelerator.py:203:get_accelerator] Setting ds_accelerator to cuda (auto detect)
[93m [WARNING] [0m async_io requires the dev libaio .so object and headers but these were not found.
[93m [WARNING] [0m async_io: please install the libaio-dev package with apt
[93m [WARNING] [0m If libaio is already installed (perhaps from source), try setting the CFLAGS and LDFLAGS environment variables to where it can be found.
[93m [WARNING] [0m Please specify the CUTLASS repo directory as environment variable $CUTLASS_PATH
[93m [WARNING] [0m sparse_attn requires a torch version >= 1.5 and < 2.0 but detected 2.5
[93m [WARNING] [0m using untested triton version (3.1.0), only 1.0.0 is known to be compatible

[launcher] done.
