
[launcher] running:
  /home/vipuser/miniconda3/envs/op/bin/python -m torch.distributed.run --nproc_per_node 1 /root/Predict_v2/run_stage1_dynamic_moe.py --model_path /root/models/Dynamic_MoE --output_dir /mnt/data/models/fv1_arc_c_pw005_s42 --dataset arc-c --eval_dataset arc-c --train_split train --eval_split validation --block_size 192 --batch_size 10 --grad_accum 1 --epochs 3 --lr 6e-05 --lora_r 16 --lora_alpha 16 --lora_dropout 0.05 --num_proc 16 --load_in_4bit 0 --load_in_8bit 0 --use_bnb_8bit 0 --load_in_fp16 0 --fp16 0 --bf16 0 --train_extra_params_in_fp32 1 --router_use_entmax 0 --router_top_k 2 --router_entmax_alpha 1.7 --router_value_anchor_loss_coef 0.01 --router_anchor_momentum 0.99 --min_lr_ratio 0.1 --router_lr_mult 1.0 --eval_max_samples 400 --router_use_softmax_temperature 1 --router_softmax_temperature 1.1 --train_new_router_params 1 --router_aux_loss_coef 0.01 --init_new_router_from_legacy 1 --eval_every 3000 --seed 42 --stage_split_seed 42 --stage1_epochs 1 --stage1_lr 0.0001 --stage1_grad_accum 1 --stage1_data_ratio 0.5 --stage1_distill_temperature 2.0 --stage1_kl_coef 2.0 --stage1_logit_coef 0.25 --stage1_use_logit_loss 1
[router] anchor-router trunk ignores legacy router settings: router_value_anchor_loss_coef
[load] tokenizer from model_path: /root/models/Dynamic_MoE
[load] distributed=True world_size=1 4bit=False 8bit=False
[train] mixed precision: fp16=False bf16=False
[stage1] loading base model for router distillation
[load] checkpoint loaded with strict=False: missing=96 unexpected=24 dtype=torch.float32
[init] layer 0 expert_weight_proj initialized from legacy router.weight
[init] layer 1 expert_weight_proj initialized from legacy router.weight
[init] layer 2 expert_weight_proj initialized from legacy router.weight
[init] layer 3 expert_weight_proj initialized from legacy router.weight
[init] layer 4 expert_weight_proj initialized from legacy router.weight
[init] layer 5 expert_weight_proj initialized from legacy router.weight
[init] layer 6 expert_weight_proj initialized from legacy router.weight
[init] layer 7 expert_weight_proj initialized from legacy router.weight
[init] layer 8 expert_weight_proj initialized from legacy router.weight
[init] layer 9 expert_weight_proj initialized from legacy router.weight
[init] layer 10 expert_weight_proj initialized from legacy router.weight
[init] layer 11 expert_weight_proj initialized from legacy router.weight
[init] layer 12 expert_weight_proj initialized from legacy router.weight
[init] layer 13 expert_weight_proj initialized from legacy router.weight
[init] layer 14 expert_weight_proj initialized from legacy router.weight
[init] layer 15 expert_weight_proj initialized from legacy router.weight
[init] layer 16 expert_weight_proj initialized from legacy router.weight
[init] layer 17 expert_weight_proj initialized from legacy router.weight
[init] layer 18 expert_weight_proj initialized from legacy router.weight
[init] layer 19 expert_weight_proj initialized from legacy router.weight
[init] layer 20 expert_weight_proj initialized from legacy router.weight
[init] layer 21 expert_weight_proj initialized from legacy router.weight
[init] layer 22 expert_weight_proj initialized from legacy router.weight
[init] layer 23 expert_weight_proj initialized from legacy router.weight
[init] initialized new router modules from legacy dense router for 24 layers
[stage1] trainable cross-attention router params: 125829120
[stage1][data] train=559 (ratio=0.500, seed=42)
[stage1] epoch=1/1 step=50 loss=0.556053 kl=0.263284 logit=0.117942 t_ent=1.6213 s_ent=1.8588 top1=0.7396 topk=0.7423 cos=0.8415 elapsed=0.5m
[stage1] saving full checkpoint to /mnt/data/models/fv1_arc_c_pw005_s42/ckpt_after_stage1
[2026-05-19 14:34:15,756] [INFO] [real_accelerator.py:203:get_accelerator] Setting ds_accelerator to cuda (auto detect)
[93m [WARNING] [0m async_io requires the dev libaio .so object and headers but these were not found.
[93m [WARNING] [0m async_io: please install the libaio-dev package with apt
[93m [WARNING] [0m If libaio is already installed (perhaps from source), try setting the CFLAGS and LDFLAGS environment variables to where it can be found.
[93m [WARNING] [0m Please specify the CUTLASS repo directory as environment variable $CUTLASS_PATH
[93m [WARNING] [0m sparse_attn requires a torch version >= 1.5 and < 2.0 but detected 2.5
[93m [WARNING] [0m using untested triton version (3.1.0), only 1.0.0 is known to be compatible

[launcher] running:
  /home/vipuser/miniconda3/envs/op/bin/python -m torch.distributed.run --nproc_per_node 1 /root/Predict_v2/run_stage2_dynamic_moe.py --model_path /root/models/Dynamic_MoE --output_dir /mnt/data/models/fv1_arc_c_pw005_s42 --dataset arc-c --eval_dataset arc-c --train_split train --eval_split validation --block_size 192 --batch_size 10 --grad_accum 1 --epochs 3 --lr 6e-05 --lora_r 16 --lora_alpha 16 --lora_dropout 0.05 --num_proc 16 --load_in_4bit 0 --load_in_8bit 0 --use_bnb_8bit 0 --load_in_fp16 0 --fp16 0 --bf16 0 --train_extra_params_in_fp32 1 --router_use_entmax 0 --router_top_k 2 --router_entmax_alpha 1.7 --router_value_anchor_loss_coef 0.01 --router_anchor_momentum 0.99 --min_lr_ratio 0.1 --router_lr_mult 1.0 --eval_max_samples 400 --router_use_softmax_temperature 1 --router_softmax_temperature 1.1 --train_new_router_params 1 --router_aux_loss_coef 0.01 --init_new_router_from_legacy 1 --eval_every 3000 --seed 42 --stage_split_seed 42 --stage2_include_validation_in_train 1 --stage2_validation_train_ratio 0.05 --stage2_init_path /mnt/data/models/fv1_arc_c_pw005_s42/ckpt_after_stage1
[router] anchor-router trunk ignores legacy router settings: router_value_anchor_loss_coef
[load] tokenizer from model_path: /root/models/Dynamic_MoE
[load] distributed=True world_size=1 4bit=False 8bit=False
[train] mixed precision: fp16=False bf16=False
[stage2] loading model from /mnt/data/models/fv1_arc_c_pw005_s42/ckpt_after_stage1
[load] checkpoint loaded with strict=False: missing=0 unexpected=0 dtype=torch.float32
[stage2] extra trainable new-router params: 125829120
[stage2] cast selected router params to fp32: 0
[stage2] trainable params: 199753728/3687891968 (5.42%)
trainable params: 199,753,728 || all params: 3,687,891,968 || trainable%: 5.4165
[stage2][data] arc-c: borrowed 45/895 from validation into train
[stage2][eval] using OpenCompass-style PPL ranking for arc-c
[stage2][data] train=3402 eval=280 block_size=192
[stage2][opt] param groups: other=2496 router=72
[stage2][opt] lrs: other=6.000e-05 router=6.000e-05
[train] epoch=1/3 step=50/1020 loss=1.6586 ce=1.6052 ce_ema=2.2625 pairwise=0.7803 pairwise_acc=0.4000 aux=1.4340 ewp_gn=1.250e-01 budget=0.0000 top_k=2 lr=5.995e-05 elapsed=1.2m
[train] epoch=1/3 step=100/1020 loss=1.5331 ce=1.4809 ce_ema=1.7792 pairwise=0.7900 pairwise_acc=0.5000 aux=1.2746 ewp_gn=1.183e-01 budget=0.0000 top_k=2 lr=5.934e-05 elapsed=2.4m
[train] epoch=1/3 step=150/1020 loss=1.5245 ce=1.4815 ce_ema=1.5470 pairwise=0.6238 pairwise_acc=0.8000 aux=1.1810 ewp_gn=9.181e-02 budget=0.0000 top_k=2 lr=5.807e-05 elapsed=3.6m
[train] epoch=1/3 step=200/1020 loss=1.3250 ce=1.2828 ce_ema=1.4303 pairwise=0.6125 pairwise_acc=0.7000 aux=1.1546 ewp_gn=9.185e-02 budget=0.0000 top_k=2 lr=5.617e-05 elapsed=4.8m
[train] epoch=1/3 step=250/1020 loss=1.4219 ce=1.3814 ce_ema=1.3589 pairwise=0.5824 pairwise_acc=0.7000 aux=1.1315 ewp_gn=9.550e-02 budget=0.0000 top_k=2 lr=5.368e-05 elapsed=6.0m
[train] epoch=1/3 step=300/1020 loss=1.3305 ce=1.2897 ce_ema=1.3078 pairwise=0.5922 pairwise_acc=0.7000 aux=1.1135 ewp_gn=9.602e-02 budget=0.0000 top_k=2 lr=5.068e-05 elapsed=7.2m
[train] epoch=2/3 step=350/1020 loss=1.2839 ce=1.2468 ce_ema=1.2578 pairwise=0.5178 pairwise_acc=0.7000 aux=1.1229 ewp_gn=1.204e-01 budget=0.0000 top_k=2 lr=4.724e-05 elapsed=8.4m
[train] epoch=2/3 step=400/1020 loss=1.1438 ce=1.1136 ce_ema=1.1646 pairwise=0.3836 pairwise_acc=0.9000 aux=1.0985 ewp_gn=1.089e-01 budget=0.0000 top_k=2 lr=4.343e-05 elapsed=9.6m
[train] epoch=2/3 step=450/1020 loss=1.0601 ce=1.0302 ce_ema=1.1003 pairwise=0.3795 pairwise_acc=1.0000 aux=1.0885 ewp_gn=9.308e-02 budget=0.0000 top_k=2 lr=3.937e-05 elapsed=10.8m
[train] epoch=2/3 step=500/1020 loss=1.0084 ce=0.9727 ce_ema=1.0274 pairwise=0.4918 pairwise_acc=0.8000 aux=1.1131 ewp_gn=8.411e-02 budget=0.0000 top_k=2 lr=3.514e-05 elapsed=12.0m
[train] epoch=2/3 step=550/1020 loss=1.0196 ce=0.9944 ce_ema=0.9940 pairwise=0.2874 pairwise_acc=1.0000 aux=1.0752 ewp_gn=1.080e-01 budget=0.0000 top_k=2 lr=3.086e-05 elapsed=13.2m
[train] epoch=2/3 step=600/1020 loss=1.0993 ce=1.0722 ce_ema=0.9494 pairwise=0.3248 pairwise_acc=1.0000 aux=1.0864 ewp_gn=1.076e-01 budget=0.0000 top_k=2 lr=2.663e-05 elapsed=14.4m
[train] epoch=2/3 step=650/1020 loss=0.8899 ce=0.8657 ce_ema=0.9335 pairwise=0.2700 pairwise_acc=1.0000 aux=1.0746 ewp_gn=1.042e-01 budget=0.0000 top_k=2 lr=2.257e-05 elapsed=15.6m
[train] epoch=3/3 step=700/1020 loss=0.8103 ce=0.7902 ce_ema=0.8433 pairwise=0.1847 pairwise_acc=1.0000 aux=1.0782 ewp_gn=1.254e-01 budget=0.0000 top_k=2 lr=1.876e-05 elapsed=16.8m
[train] epoch=3/3 step=750/1020 loss=0.7933 ce=0.7646 ce_ema=0.7740 pairwise=0.3572 pairwise_acc=0.9000 aux=1.0824 ewp_gn=1.359e-01 budget=0.0000 top_k=2 lr=1.532e-05 elapsed=18.0m
[train] epoch=3/3 step=800/1020 loss=0.7672 ce=0.7437 ce_ema=0.7312 pairwise=0.2553 pairwise_acc=1.0000 aux=1.0740 ewp_gn=1.204e-01 budget=0.0000 top_k=2 lr=1.232e-05 elapsed=19.2m
[train] epoch=3/3 step=850/1020 loss=0.6777 ce=0.6545 ce_ema=0.7012 pairwise=0.2506 pairwise_acc=1.0000 aux=1.0714 ewp_gn=1.261e-01 budget=0.0000 top_k=2 lr=9.834e-06 elapsed=20.3m
[train] epoch=3/3 step=900/1020 loss=0.6858 ce=0.6659 ce_ema=0.6792 pairwise=0.1833 pairwise_acc=1.0000 aux=1.0762 ewp_gn=1.272e-01 budget=0.0000 top_k=2 lr=7.934e-06 elapsed=21.5m
[train] epoch=3/3 step=950/1020 loss=0.8525 ce=0.8290 ce_ema=0.6797 pairwise=0.2566 pairwise_acc=1.0000 aux=1.0628 ewp_gn=1.177e-01 budget=0.0000 top_k=2 lr=6.663e-06 elapsed=22.7m
[train] epoch=3/3 step=1000/1020 loss=0.6324 ce=0.6120 ce_ema=0.6608 pairwise=0.1932 pairwise_acc=1.0000 aux=1.0736 ewp_gn=9.987e-02 budget=0.0000 top_k=2 lr=6.054e-06 elapsed=23.9m
[save] moving merged model to cpu before export
[save] merged + fp32 full model -> /mnt/data/models/fv1_arc_c_pw005_s42
[save] final router top_k -> 2
[2026-05-19 15:00:47,274] [INFO] [real_accelerator.py:203:get_accelerator] Setting ds_accelerator to cuda (auto detect)
[93m [WARNING] [0m async_io requires the dev libaio .so object and headers but these were not found.
[93m [WARNING] [0m async_io: please install the libaio-dev package with apt
[93m [WARNING] [0m If libaio is already installed (perhaps from source), try setting the CFLAGS and LDFLAGS environment variables to where it can be found.
[93m [WARNING] [0m Please specify the CUTLASS repo directory as environment variable $CUTLASS_PATH
[93m [WARNING] [0m sparse_attn requires a torch version >= 1.5 and < 2.0 but detected 2.5
[93m [WARNING] [0m using untested triton version (3.1.0), only 1.0.0 is known to be compatible

[launcher] done.
