
[launcher] running:
  /home/vipuser/miniconda3/envs/op/bin/python -m torch.distributed.run --nproc_per_node 1 /root/Predict_v2/run_stage1_dynamic_moe.py --model_path /root/models/Dynamic_MoE --output_dir /mnt/data/models/fv1_openbookqa_s43 --dataset openbookqa --eval_dataset openbookqa --train_split train --eval_split validation --block_size 150 --batch_size 20 --grad_accum 1 --epochs 3 --lr 8e-05 --lora_r 16 --lora_alpha 16 --lora_dropout 0.05 --num_proc 16 --load_in_4bit 0 --load_in_8bit 0 --use_bnb_8bit 0 --load_in_fp16 0 --fp16 0 --bf16 0 --train_extra_params_in_fp32 1 --router_use_entmax 0 --router_top_k 2 --router_entmax_alpha 1.7 --min_lr_ratio 0.1 --router_lr_mult 1.0 --eval_max_samples 600 --router_use_softmax_temperature 1 --router_softmax_temperature 1.0 --train_new_router_params 1 --router_aux_loss_coef 0.002 --init_new_router_from_legacy 1 --eval_every 3000 --seed 43 --stage_split_seed 43 --stage1_epochs 1 --stage1_lr 0.0001 --stage1_grad_accum 1 --stage1_data_ratio 0.5 --stage1_distill_temperature 2.0 --stage1_kl_coef 2.0 --stage1_logit_coef 0.25 --stage1_use_logit_loss 1
[load] tokenizer from model_path: /root/models/Dynamic_MoE
[load] distributed=True world_size=1 4bit=False 8bit=False
[train] mixed precision: fp16=False bf16=False
[stage1] loading base model for router distillation
[load] checkpoint loaded with strict=False: missing=96 unexpected=24 dtype=torch.float32
[init] layer 0 expert_weight_proj initialized from legacy router.weight
[init] layer 1 expert_weight_proj initialized from legacy router.weight
[init] layer 2 expert_weight_proj initialized from legacy router.weight
[init] layer 3 expert_weight_proj initialized from legacy router.weight
[init] layer 4 expert_weight_proj initialized from legacy router.weight
[init] layer 5 expert_weight_proj initialized from legacy router.weight
[init] layer 6 expert_weight_proj initialized from legacy router.weight
[init] layer 7 expert_weight_proj initialized from legacy router.weight
[init] layer 8 expert_weight_proj initialized from legacy router.weight
[init] layer 9 expert_weight_proj initialized from legacy router.weight
[init] layer 10 expert_weight_proj initialized from legacy router.weight
[init] layer 11 expert_weight_proj initialized from legacy router.weight
[init] layer 12 expert_weight_proj initialized from legacy router.weight
[init] layer 13 expert_weight_proj initialized from legacy router.weight
[init] layer 14 expert_weight_proj initialized from legacy router.weight
[init] layer 15 expert_weight_proj initialized from legacy router.weight
[init] layer 16 expert_weight_proj initialized from legacy router.weight
[init] layer 17 expert_weight_proj initialized from legacy router.weight
[init] layer 18 expert_weight_proj initialized from legacy router.weight
[init] layer 19 expert_weight_proj initialized from legacy router.weight
[init] layer 20 expert_weight_proj initialized from legacy router.weight
[init] layer 21 expert_weight_proj initialized from legacy router.weight
[init] layer 22 expert_weight_proj initialized from legacy router.weight
[init] layer 23 expert_weight_proj initialized from legacy router.weight
[init] initialized new router modules from legacy dense router for 24 layers
[stage1] trainable cross-attention router params: 125829120
[stage1][data] train=2478 (ratio=0.500, seed=43)
[stage1] epoch=1/1 step=50 loss=0.618414 kl=0.293959 logit=0.121983 t_ent=1.6393 s_ent=1.8974 top1=0.7252 topk=0.7290 cos=0.8357 elapsed=0.6m
[stage1] epoch=1/1 step=100 loss=0.216607 kl=0.102117 logit=0.049497 t_ent=1.6052 s_ent=1.7023 top1=0.8694 topk=0.8448 cos=0.9160 elapsed=1.1m
[stage1] saving full checkpoint to /mnt/data/models/fv1_openbookqa_s43/ckpt_after_stage1
[2026-05-19 01:03:45,259] [INFO] [real_accelerator.py:203:get_accelerator] Setting ds_accelerator to cuda (auto detect)
[93m [WARNING] [0m async_io requires the dev libaio .so object and headers but these were not found.
[93m [WARNING] [0m async_io: please install the libaio-dev package with apt
[93m [WARNING] [0m If libaio is already installed (perhaps from source), try setting the CFLAGS and LDFLAGS environment variables to where it can be found.
[93m [WARNING] [0m Please specify the CUTLASS repo directory as environment variable $CUTLASS_PATH
[93m [WARNING] [0m sparse_attn requires a torch version >= 1.5 and < 2.0 but detected 2.5
[93m [WARNING] [0m using untested triton version (3.1.0), only 1.0.0 is known to be compatible

[launcher] running:
  /home/vipuser/miniconda3/envs/op/bin/python -m torch.distributed.run --nproc_per_node 1 /root/Predict_v2/run_stage2_dynamic_moe.py --model_path /root/models/Dynamic_MoE --output_dir /mnt/data/models/fv1_openbookqa_s43 --dataset openbookqa --eval_dataset openbookqa --train_split train --eval_split validation --block_size 150 --batch_size 20 --grad_accum 1 --epochs 3 --lr 8e-05 --lora_r 16 --lora_alpha 16 --lora_dropout 0.05 --num_proc 16 --load_in_4bit 0 --load_in_8bit 0 --use_bnb_8bit 0 --load_in_fp16 0 --fp16 0 --bf16 0 --train_extra_params_in_fp32 1 --router_use_entmax 0 --router_top_k 2 --router_entmax_alpha 1.7 --min_lr_ratio 0.1 --router_lr_mult 1.0 --eval_max_samples 600 --router_use_softmax_temperature 1 --router_softmax_temperature 1.0 --train_new_router_params 1 --router_aux_loss_coef 0.002 --init_new_router_from_legacy 1 --eval_every 3000 --seed 43 --stage_split_seed 43 --stage2_include_validation_in_train 1 --stage2_validation_train_ratio 0.05 --stage2_init_path /mnt/data/models/fv1_openbookqa_s43/ckpt_after_stage1
[load] tokenizer from model_path: /root/models/Dynamic_MoE
[load] distributed=True world_size=1 4bit=False 8bit=False
[train] mixed precision: fp16=False bf16=False
[stage2] loading model from /mnt/data/models/fv1_openbookqa_s43/ckpt_after_stage1
[load] checkpoint loaded with strict=False: missing=0 unexpected=0 dtype=torch.float32
[stage2] extra trainable new-router params: 125829120
[stage2] cast selected router params to fp32: 0
[stage2] trainable params: 199753728/3687891968 (5.42%)
trainable params: 199,753,728 || all params: 3,687,891,968 || trainable%: 5.4165
[stage2][data] openbookqa: borrowed 75/1500 from validation into train
[stage2][eval] using OpenCompass-style PPL ranking for openbookqa
[stage2][data] train=14946 eval=475 block_size=150
[stage2][opt] param groups: other=2496 router=72
[stage2][opt] lrs: other=8.000e-05 router=8.000e-05
[train] epoch=1/3 step=50/2241 loss=1.9109 ce=1.8719 ce_ema=2.8198 pairwise=0.7092 pairwise_acc=0.5500 aux=1.7537 ewp_gn=1.611e-01 budget=0.0000 top_k=2 lr=6.090e-05 elapsed=1.5m
[train] epoch=1/3 step=100/2241 loss=1.7469 ce=1.7152 ce_ema=2.1719 pairwise=0.5701 pairwise_acc=0.6000 aux=1.6043 ewp_gn=7.993e-02 budget=0.0000 top_k=2 lr=7.996e-05 elapsed=3.0m
[train] epoch=1/3 step=150/2241 loss=1.6138 ce=1.5834 ce_ema=1.8867 pairwise=0.5436 pairwise_acc=0.6500 aux=1.5795 ewp_gn=6.392e-02 budget=0.0000 top_k=2 lr=7.974e-05 elapsed=4.5m
[train] epoch=1/3 step=200/2241 loss=1.7990 ce=1.7646 ce_ema=1.7503 pairwise=0.6323 pairwise_acc=0.6500 aux=1.4090 ewp_gn=6.944e-02 budget=0.0000 top_k=2 lr=7.934e-05 elapsed=6.0m
[train] epoch=1/3 step=250/2241 loss=1.5465 ce=1.5166 ce_ema=1.6915 pairwise=0.5405 pairwise_acc=0.7500 aux=1.4621 ewp_gn=6.791e-02 budget=0.0000 top_k=2 lr=7.875e-05 elapsed=7.5m
[train] epoch=1/3 step=300/2241 loss=1.6398 ce=1.6143 ce_ema=1.6417 pairwise=0.4565 pairwise_acc=0.8000 aux=1.3533 ewp_gn=6.318e-02 budget=0.0000 top_k=2 lr=7.798e-05 elapsed=9.0m
[train] epoch=1/3 step=350/2241 loss=1.6308 ce=1.6010 ce_ema=1.6228 pairwise=0.5440 pairwise_acc=0.7500 aux=1.3042 ewp_gn=6.289e-02 budget=0.0000 top_k=2 lr=7.703e-05 elapsed=10.5m
[train] epoch=1/3 step=400/2241 loss=1.5543 ce=1.5348 ce_ema=1.5808 pairwise=0.3395 pairwise_acc=0.8000 aux=1.2718 ewp_gn=6.330e-02 budget=0.0000 top_k=2 lr=7.591e-05 elapsed=12.0m
[train] epoch=1/3 step=450/2241 loss=1.6007 ce=1.5724 ce_ema=1.5636 pairwise=0.5156 pairwise_acc=0.7000 aux=1.2539 ewp_gn=6.247e-02 budget=0.0000 top_k=2 lr=7.463e-05 elapsed=13.5m
[train] epoch=1/3 step=500/2241 loss=1.5161 ce=1.4862 ce_ema=1.5370 pairwise=0.5481 pairwise_acc=0.6000 aux=1.2658 ewp_gn=7.155e-02 budget=0.0000 top_k=2 lr=7.318e-05 elapsed=14.9m
[train] epoch=1/3 step=550/2241 loss=1.5079 ce=1.4809 ce_ema=1.5144 pairwise=0.4897 pairwise_acc=0.7000 aux=1.2459 ewp_gn=6.241e-02 budget=0.0000 top_k=2 lr=7.158e-05 elapsed=16.4m
[train] epoch=1/3 step=600/2241 loss=1.5843 ce=1.5643 ce_ema=1.5025 pairwise=0.3518 pairwise_acc=0.9500 aux=1.2104 ewp_gn=7.210e-02 budget=0.0000 top_k=2 lr=6.984e-05 elapsed=17.9m
[train] epoch=1/3 step=650/2241 loss=1.3696 ce=1.3453 ce_ema=1.4749 pairwise=0.4379 pairwise_acc=0.9000 aux=1.2013 ewp_gn=6.153e-02 budget=0.0000 top_k=2 lr=6.796e-05 elapsed=19.4m
[train] epoch=1/3 step=700/2241 loss=1.4086 ce=1.3838 ce_ema=1.4547 pairwise=0.4473 pairwise_acc=0.8000 aux=1.2186 ewp_gn=6.724e-02 budget=0.0000 top_k=2 lr=6.596e-05 elapsed=20.9m
[train] epoch=2/3 step=750/2241 loss=1.2277 ce=1.2080 ce_ema=1.4350 pairwise=0.3458 pairwise_acc=0.9000 aux=1.1935 ewp_gn=6.564e-02 budget=0.0000 top_k=2 lr=6.384e-05 elapsed=22.3m
[train] epoch=2/3 step=800/2241 loss=1.2585 ce=1.2416 ce_ema=1.3504 pairwise=0.2919 pairwise_acc=0.9500 aux=1.1539 ewp_gn=8.635e-02 budget=0.0000 top_k=2 lr=6.162e-05 elapsed=23.8m
[train] epoch=2/3 step=850/2241 loss=1.3718 ce=1.3545 ce_ema=1.3155 pairwise=0.2996 pairwise_acc=0.9000 aux=1.1743 ewp_gn=9.989e-02 budget=0.0000 top_k=2 lr=5.931e-05 elapsed=25.3m
[train] epoch=2/3 step=900/2241 loss=1.2616 ce=1.2421 ce_ema=1.2803 pairwise=0.3417 pairwise_acc=0.9500 aux=1.1841 ewp_gn=9.506e-02 budget=0.0000 top_k=2 lr=5.692e-05 elapsed=26.8m
[train] epoch=2/3 step=950/2241 loss=1.2826 ce=1.2650 ce_ema=1.2596 pairwise=0.3069 pairwise_acc=0.9500 aux=1.1630 ewp_gn=8.889e-02 budget=0.0000 top_k=2 lr=5.446e-05 elapsed=28.3m
[train] epoch=2/3 step=1000/2241 loss=1.2041 ce=1.1882 ce_ema=1.2376 pairwise=0.2710 pairwise_acc=0.9500 aux=1.1683 ewp_gn=1.323e-01 budget=0.0000 top_k=2 lr=5.195e-05 elapsed=29.7m
[train] epoch=2/3 step=1050/2241 loss=1.0760 ce=1.0628 ce_ema=1.2088 pairwise=0.2187 pairwise_acc=0.9500 aux=1.1502 ewp_gn=8.196e-02 budget=0.0000 top_k=2 lr=4.939e-05 elapsed=31.2m
[train] epoch=2/3 step=1100/2241 loss=1.2231 ce=1.2099 ce_ema=1.2009 pairwise=0.2186 pairwise_acc=0.9500 aux=1.1512 ewp_gn=9.147e-02 budget=0.0000 top_k=2 lr=4.681e-05 elapsed=32.7m
[train] epoch=2/3 step=1150/2241 loss=1.1712 ce=1.1608 ce_ema=1.1718 pairwise=0.1619 pairwise_acc=0.9500 aux=1.1654 ewp_gn=9.752e-02 budget=0.0000 top_k=2 lr=4.421e-05 elapsed=34.2m
[train] epoch=2/3 step=1200/2241 loss=1.1661 ce=1.1535 ce_ema=1.1511 pairwise=0.2053 pairwise_acc=0.9500 aux=1.1511 ewp_gn=1.070e-01 budget=0.0000 top_k=2 lr=4.161e-05 elapsed=35.7m
[train] epoch=2/3 step=1250/2241 loss=1.1285 ce=1.1160 ce_ema=1.1356 pairwise=0.2038 pairwise_acc=0.9500 aux=1.1734 ewp_gn=8.962e-02 budget=0.0000 top_k=2 lr=3.902e-05 elapsed=37.1m
[train] epoch=2/3 step=1300/2241 loss=1.1804 ce=1.1663 ce_ema=1.1164 pairwise=0.2350 pairwise_acc=1.0000 aux=1.1473 ewp_gn=9.920e-02 budget=0.0000 top_k=2 lr=3.646e-05 elapsed=38.6m
[train] epoch=2/3 step=1350/2241 loss=1.0059 ce=0.9950 ce_ema=1.0978 pairwise=0.1726 pairwise_acc=1.0000 aux=1.1373 ewp_gn=8.941e-02 budget=0.0000 top_k=2 lr=3.394e-05 elapsed=40.1m
[train] epoch=2/3 step=1400/2241 loss=1.1449 ce=1.1359 ce_ema=1.0843 pairwise=0.1342 pairwise_acc=1.0000 aux=1.1474 ewp_gn=9.377e-02 budget=0.0000 top_k=2 lr=3.147e-05 elapsed=41.6m
[train] epoch=2/3 step=1450/2241 loss=1.0055 ce=0.9986 ce_ema=1.0626 pairwise=0.0927 pairwise_acc=1.0000 aux=1.1708 ewp_gn=1.019e-01 budget=0.0000 top_k=2 lr=2.907e-05 elapsed=43.1m
[train] epoch=3/3 step=1500/2241 loss=0.9743 ce=0.9671 ce_ema=1.0404 pairwise=0.0979 pairwise_acc=1.0000 aux=1.1255 ewp_gn=1.046e-01 budget=0.0000 top_k=2 lr=2.674e-05 elapsed=44.5m
[train] epoch=3/3 step=1550/2241 loss=0.9035 ce=0.8914 ce_ema=0.9622 pairwise=0.1967 pairwise_acc=0.9500 aux=1.1363 ewp_gn=9.831e-02 budget=0.0000 top_k=2 lr=2.451e-05 elapsed=46.0m
[train] epoch=3/3 step=1600/2241 loss=0.8805 ce=0.8695 ce_ema=0.9206 pairwise=0.1742 pairwise_acc=1.0000 aux=1.1420 ewp_gn=1.008e-01 budget=0.0000 top_k=2 lr=2.237e-05 elapsed=47.5m
[train] epoch=3/3 step=1650/2241 loss=0.8965 ce=0.8898 ce_ema=0.8916 pairwise=0.0889 pairwise_acc=1.0000 aux=1.1441 ewp_gn=1.163e-01 budget=0.0000 top_k=2 lr=2.035e-05 elapsed=49.0m
[train] epoch=3/3 step=1700/2241 loss=0.8424 ce=0.8314 ce_ema=0.8743 pairwise=0.1748 pairwise_acc=1.0000 aux=1.1406 ewp_gn=9.344e-02 budget=0.0000 top_k=2 lr=1.845e-05 elapsed=50.5m
[train] epoch=3/3 step=1750/2241 loss=0.8838 ce=0.8762 ce_ema=0.8647 pairwise=0.1061 pairwise_acc=1.0000 aux=1.1450 ewp_gn=1.096e-01 budget=0.0000 top_k=2 lr=1.669e-05 elapsed=51.9m
[train] epoch=3/3 step=1800/2241 loss=0.8777 ce=0.8683 ce_ema=0.8556 pairwise=0.1432 pairwise_acc=0.9500 aux=1.1367 ewp_gn=9.928e-02 budget=0.0000 top_k=2 lr=1.507e-05 elapsed=53.4m
[train] epoch=3/3 step=1850/2241 loss=0.7989 ce=0.7872 ce_ema=0.8516 pairwise=0.1885 pairwise_acc=1.0000 aux=1.1408 ewp_gn=8.905e-02 budget=0.0000 top_k=2 lr=1.360e-05 elapsed=54.9m
[train] epoch=3/3 step=1900/2241 loss=0.7537 ce=0.7446 ce_ema=0.8283 pairwise=0.1371 pairwise_acc=1.0000 aux=1.1213 ewp_gn=8.944e-02 budget=0.0000 top_k=2 lr=1.228e-05 elapsed=56.4m
[train] epoch=3/3 step=1950/2241 loss=0.8990 ce=0.8916 ce_ema=0.8313 pairwise=0.1028 pairwise_acc=1.0000 aux=1.1239 ewp_gn=1.043e-01 budget=0.0000 top_k=2 lr=1.114e-05 elapsed=57.8m
[train] epoch=3/3 step=2000/2241 loss=0.8631 ce=0.8564 ce_ema=0.8221 pairwise=0.0881 pairwise_acc=1.0000 aux=1.1190 ewp_gn=1.095e-01 budget=0.0000 top_k=2 lr=1.016e-05 elapsed=59.3m
[train] epoch=3/3 step=2050/2241 loss=0.7755 ce=0.7698 ce_ema=0.8200 pairwise=0.0666 pairwise_acc=1.0000 aux=1.1406 ewp_gn=9.801e-02 budget=0.0000 top_k=2 lr=9.363e-06 elapsed=60.8m
[train] epoch=3/3 step=2100/2241 loss=0.8243 ce=0.8170 ce_ema=0.8098 pairwise=0.1002 pairwise_acc=1.0000 aux=1.1630 ewp_gn=1.048e-01 budget=0.0000 top_k=2 lr=8.745e-06 elapsed=62.3m
[train] epoch=3/3 step=2150/2241 loss=0.8564 ce=0.8488 ce_ema=0.8131 pairwise=0.1074 pairwise_acc=1.0000 aux=1.1164 ewp_gn=9.991e-02 budget=0.0000 top_k=2 lr=8.311e-06 elapsed=63.7m
[train] epoch=3/3 step=2200/2241 loss=0.8490 ce=0.8438 ce_ema=0.8051 pairwise=0.0583 pairwise_acc=1.0000 aux=1.1358 ewp_gn=9.937e-02 budget=0.0000 top_k=2 lr=8.063e-06 elapsed=65.2m
[save] moving merged model to cpu before export
[save] merged + fp32 full model -> /mnt/data/models/fv1_openbookqa_s43
[save] final router top_k -> 2
[2026-05-19 02:12:07,358] [INFO] [real_accelerator.py:203:get_accelerator] Setting ds_accelerator to cuda (auto detect)
[93m [WARNING] [0m async_io requires the dev libaio .so object and headers but these were not found.
[93m [WARNING] [0m async_io: please install the libaio-dev package with apt
[93m [WARNING] [0m If libaio is already installed (perhaps from source), try setting the CFLAGS and LDFLAGS environment variables to where it can be found.
[93m [WARNING] [0m Please specify the CUTLASS repo directory as environment variable $CUTLASS_PATH
[93m [WARNING] [0m sparse_attn requires a torch version >= 1.5 and < 2.0 but detected 2.5
[93m [WARNING] [0m using untested triton version (3.1.0), only 1.0.0 is known to be compatible

[launcher] done.
