
[launcher] running:
  /home/vipuser/miniconda3/envs/op/bin/python -m torch.distributed.run --nproc_per_node 1 /root/Predict_v2/run_stage1_dynamic_moe.py --model_path /root/models/Dynamic_MoE --output_dir /mnt/data/models/fv1_openbookqa_s44 --dataset openbookqa --eval_dataset openbookqa --train_split train --eval_split validation --block_size 150 --batch_size 20 --grad_accum 1 --epochs 3 --lr 8e-05 --lora_r 16 --lora_alpha 16 --lora_dropout 0.05 --num_proc 16 --load_in_4bit 0 --load_in_8bit 0 --use_bnb_8bit 0 --load_in_fp16 0 --fp16 0 --bf16 0 --train_extra_params_in_fp32 1 --router_use_entmax 0 --router_top_k 2 --router_entmax_alpha 1.7 --min_lr_ratio 0.1 --router_lr_mult 1.0 --eval_max_samples 600 --router_use_softmax_temperature 1 --router_softmax_temperature 1.0 --train_new_router_params 1 --router_aux_loss_coef 0.002 --init_new_router_from_legacy 1 --eval_every 3000 --seed 44 --stage_split_seed 44 --stage1_epochs 1 --stage1_lr 0.0001 --stage1_grad_accum 1 --stage1_data_ratio 0.5 --stage1_distill_temperature 2.0 --stage1_kl_coef 2.0 --stage1_logit_coef 0.25 --stage1_use_logit_loss 1
[load] tokenizer from model_path: /root/models/Dynamic_MoE
[load] distributed=True world_size=1 4bit=False 8bit=False
[train] mixed precision: fp16=False bf16=False
[stage1] loading base model for router distillation
[load] checkpoint loaded with strict=False: missing=96 unexpected=24 dtype=torch.float32
[init] layer 0 expert_weight_proj initialized from legacy router.weight
[init] layer 1 expert_weight_proj initialized from legacy router.weight
[init] layer 2 expert_weight_proj initialized from legacy router.weight
[init] layer 3 expert_weight_proj initialized from legacy router.weight
[init] layer 4 expert_weight_proj initialized from legacy router.weight
[init] layer 5 expert_weight_proj initialized from legacy router.weight
[init] layer 6 expert_weight_proj initialized from legacy router.weight
[init] layer 7 expert_weight_proj initialized from legacy router.weight
[init] layer 8 expert_weight_proj initialized from legacy router.weight
[init] layer 9 expert_weight_proj initialized from legacy router.weight
[init] layer 10 expert_weight_proj initialized from legacy router.weight
[init] layer 11 expert_weight_proj initialized from legacy router.weight
[init] layer 12 expert_weight_proj initialized from legacy router.weight
[init] layer 13 expert_weight_proj initialized from legacy router.weight
[init] layer 14 expert_weight_proj initialized from legacy router.weight
[init] layer 15 expert_weight_proj initialized from legacy router.weight
[init] layer 16 expert_weight_proj initialized from legacy router.weight
[init] layer 17 expert_weight_proj initialized from legacy router.weight
[init] layer 18 expert_weight_proj initialized from legacy router.weight
[init] layer 19 expert_weight_proj initialized from legacy router.weight
[init] layer 20 expert_weight_proj initialized from legacy router.weight
[init] layer 21 expert_weight_proj initialized from legacy router.weight
[init] layer 22 expert_weight_proj initialized from legacy router.weight
[init] layer 23 expert_weight_proj initialized from legacy router.weight
[init] initialized new router modules from legacy dense router for 24 layers
[stage1] trainable cross-attention router params: 125829120
[stage1][data] train=2478 (ratio=0.500, seed=44)
[stage1] epoch=1/1 step=50 loss=0.580753 kl=0.275754 logit=0.116979 t_ent=1.6508 s_ent=1.8890 top1=0.7344 topk=0.7337 cos=0.8415 elapsed=0.6m
[stage1] epoch=1/1 step=100 loss=0.191201 kl=0.089828 logit=0.046181 t_ent=1.6109 s_ent=1.6906 top1=0.8764 topk=0.8516 cos=0.9189 elapsed=1.1m
[stage1] saving full checkpoint to /mnt/data/models/fv1_openbookqa_s44/ckpt_after_stage1
[2026-05-19 02:15:13,736] [INFO] [real_accelerator.py:203:get_accelerator] Setting ds_accelerator to cuda (auto detect)
[93m [WARNING] [0m async_io requires the dev libaio .so object and headers but these were not found.
[93m [WARNING] [0m async_io: please install the libaio-dev package with apt
[93m [WARNING] [0m If libaio is already installed (perhaps from source), try setting the CFLAGS and LDFLAGS environment variables to where it can be found.
[93m [WARNING] [0m Please specify the CUTLASS repo directory as environment variable $CUTLASS_PATH
[93m [WARNING] [0m sparse_attn requires a torch version >= 1.5 and < 2.0 but detected 2.5
[93m [WARNING] [0m using untested triton version (3.1.0), only 1.0.0 is known to be compatible

[launcher] running:
  /home/vipuser/miniconda3/envs/op/bin/python -m torch.distributed.run --nproc_per_node 1 /root/Predict_v2/run_stage2_dynamic_moe.py --model_path /root/models/Dynamic_MoE --output_dir /mnt/data/models/fv1_openbookqa_s44 --dataset openbookqa --eval_dataset openbookqa --train_split train --eval_split validation --block_size 150 --batch_size 20 --grad_accum 1 --epochs 3 --lr 8e-05 --lora_r 16 --lora_alpha 16 --lora_dropout 0.05 --num_proc 16 --load_in_4bit 0 --load_in_8bit 0 --use_bnb_8bit 0 --load_in_fp16 0 --fp16 0 --bf16 0 --train_extra_params_in_fp32 1 --router_use_entmax 0 --router_top_k 2 --router_entmax_alpha 1.7 --min_lr_ratio 0.1 --router_lr_mult 1.0 --eval_max_samples 600 --router_use_softmax_temperature 1 --router_softmax_temperature 1.0 --train_new_router_params 1 --router_aux_loss_coef 0.002 --init_new_router_from_legacy 1 --eval_every 3000 --seed 44 --stage_split_seed 44 --stage2_include_validation_in_train 1 --stage2_validation_train_ratio 0.05 --stage2_init_path /mnt/data/models/fv1_openbookqa_s44/ckpt_after_stage1
[load] tokenizer from model_path: /root/models/Dynamic_MoE
[load] distributed=True world_size=1 4bit=False 8bit=False
[train] mixed precision: fp16=False bf16=False
[stage2] loading model from /mnt/data/models/fv1_openbookqa_s44/ckpt_after_stage1
[load] checkpoint loaded with strict=False: missing=0 unexpected=0 dtype=torch.float32
[stage2] extra trainable new-router params: 125829120
[stage2] cast selected router params to fp32: 0
[stage2] trainable params: 199753728/3687891968 (5.42%)
trainable params: 199,753,728 || all params: 3,687,891,968 || trainable%: 5.4165
[stage2][data] openbookqa: borrowed 75/1500 from validation into train
[stage2][eval] using OpenCompass-style PPL ranking for openbookqa
[stage2][data] train=14946 eval=475 block_size=150
[stage2][opt] param groups: other=2496 router=72
[stage2][opt] lrs: other=8.000e-05 router=8.000e-05
[train] epoch=1/3 step=50/2241 loss=1.9164 ce=1.8743 ce_ema=2.8165 pairwise=0.7726 pairwise_acc=0.5000 aux=1.7347 ewp_gn=1.286e-01 budget=0.0000 top_k=2 lr=6.090e-05 elapsed=1.5m
[train] epoch=1/3 step=100/2241 loss=1.7610 ce=1.7277 ce_ema=2.1737 pairwise=0.6018 pairwise_acc=0.5500 aux=1.6125 ewp_gn=7.030e-02 budget=0.0000 top_k=2 lr=7.996e-05 elapsed=3.0m
[train] epoch=1/3 step=150/2241 loss=1.6210 ce=1.5912 ce_ema=1.8909 pairwise=0.5386 pairwise_acc=0.7000 aux=1.4538 ewp_gn=6.730e-02 budget=0.0000 top_k=2 lr=7.974e-05 elapsed=4.5m
[train] epoch=1/3 step=200/2241 loss=1.7851 ce=1.7557 ce_ema=1.7522 pairwise=0.5330 pairwise_acc=0.7000 aux=1.3743 ewp_gn=6.481e-02 budget=0.0000 top_k=2 lr=7.934e-05 elapsed=6.0m
[train] epoch=1/3 step=250/2241 loss=1.5470 ce=1.5192 ce_ema=1.6918 pairwise=0.5017 pairwise_acc=0.7500 aux=1.3417 ewp_gn=6.517e-02 budget=0.0000 top_k=2 lr=7.875e-05 elapsed=7.5m
[train] epoch=1/3 step=300/2241 loss=1.6408 ce=1.6131 ce_ema=1.6446 pairwise=0.5018 pairwise_acc=0.7500 aux=1.3155 ewp_gn=5.961e-02 budget=0.0000 top_k=2 lr=7.798e-05 elapsed=8.9m
[train] epoch=1/3 step=350/2241 loss=1.6321 ce=1.6035 ce_ema=1.6231 pairwise=0.5198 pairwise_acc=0.7000 aux=1.2927 ewp_gn=6.395e-02 budget=0.0000 top_k=2 lr=7.703e-05 elapsed=10.4m
[train] epoch=1/3 step=400/2241 loss=1.5594 ce=1.5402 ce_ema=1.5810 pairwise=0.3306 pairwise_acc=0.8000 aux=1.3160 ewp_gn=6.448e-02 budget=0.0000 top_k=2 lr=7.591e-05 elapsed=11.9m
[train] epoch=1/3 step=450/2241 loss=1.5985 ce=1.5715 ce_ema=1.5658 pairwise=0.4892 pairwise_acc=0.7500 aux=1.2803 ewp_gn=6.141e-02 budget=0.0000 top_k=2 lr=7.463e-05 elapsed=13.4m
[train] epoch=1/3 step=500/2241 loss=1.5337 ce=1.5051 ce_ema=1.5429 pairwise=0.5183 pairwise_acc=0.7000 aux=1.3647 ewp_gn=6.584e-02 budget=0.0000 top_k=2 lr=7.318e-05 elapsed=14.8m
[train] epoch=1/3 step=550/2241 loss=1.5207 ce=1.4891 ce_ema=1.5206 pairwise=0.5819 pairwise_acc=0.6000 aux=1.2543 ewp_gn=6.719e-02 budget=0.0000 top_k=2 lr=7.158e-05 elapsed=16.3m
[train] epoch=1/3 step=600/2241 loss=1.5779 ce=1.5574 ce_ema=1.5083 pairwise=0.3591 pairwise_acc=0.9500 aux=1.2490 ewp_gn=7.770e-02 budget=0.0000 top_k=2 lr=6.984e-05 elapsed=17.8m
[train] epoch=1/3 step=650/2241 loss=1.3864 ce=1.3643 ce_ema=1.4816 pairwise=0.3925 pairwise_acc=0.8500 aux=1.2447 ewp_gn=7.711e-02 budget=0.0000 top_k=2 lr=6.796e-05 elapsed=19.3m
[train] epoch=1/3 step=700/2241 loss=1.4027 ce=1.3813 ce_ema=1.4630 pairwise=0.3795 pairwise_acc=0.9000 aux=1.2468 ewp_gn=6.264e-02 budget=0.0000 top_k=2 lr=6.596e-05 elapsed=20.7m
[train] epoch=2/3 step=750/2241 loss=1.2641 ce=1.2428 ce_ema=1.4422 pairwise=0.3753 pairwise_acc=0.8500 aux=1.2208 ewp_gn=6.968e-02 budget=0.0000 top_k=2 lr=6.384e-05 elapsed=22.2m
[train] epoch=2/3 step=800/2241 loss=1.2659 ce=1.2486 ce_ema=1.3603 pairwise=0.2972 pairwise_acc=0.9500 aux=1.2123 ewp_gn=7.434e-02 budget=0.0000 top_k=2 lr=6.162e-05 elapsed=23.7m
[train] epoch=2/3 step=850/2241 loss=1.3342 ce=1.3200 ce_ema=1.3266 pairwise=0.2340 pairwise_acc=0.9500 aux=1.2261 ewp_gn=8.299e-02 budget=0.0000 top_k=2 lr=5.931e-05 elapsed=25.2m
[train] epoch=2/3 step=900/2241 loss=1.2811 ce=1.2569 ce_ema=1.2924 pairwise=0.4352 pairwise_acc=0.8500 aux=1.2273 ewp_gn=9.542e-02 budget=0.0000 top_k=2 lr=5.692e-05 elapsed=26.7m
[train] epoch=2/3 step=950/2241 loss=1.2890 ce=1.2715 ce_ema=1.2693 pairwise=0.3013 pairwise_acc=0.9500 aux=1.2047 ewp_gn=8.739e-02 budget=0.0000 top_k=2 lr=5.446e-05 elapsed=28.2m
[train] epoch=2/3 step=1000/2241 loss=1.2049 ce=1.1877 ce_ema=1.2507 pairwise=0.2969 pairwise_acc=1.0000 aux=1.2062 ewp_gn=9.031e-02 budget=0.0000 top_k=2 lr=5.195e-05 elapsed=29.7m
[train] epoch=2/3 step=1050/2241 loss=1.0586 ce=1.0454 ce_ema=1.2220 pairwise=0.2180 pairwise_acc=1.0000 aux=1.1876 ewp_gn=8.286e-02 budget=0.0000 top_k=2 lr=4.939e-05 elapsed=31.1m
[train] epoch=2/3 step=1100/2241 loss=1.2437 ce=1.2295 ce_ema=1.2154 pairwise=0.2365 pairwise_acc=1.0000 aux=1.1811 ewp_gn=1.016e-01 budget=0.0000 top_k=2 lr=4.681e-05 elapsed=32.6m
[train] epoch=2/3 step=1150/2241 loss=1.1675 ce=1.1545 ce_ema=1.1844 pairwise=0.2116 pairwise_acc=0.9500 aux=1.1885 ewp_gn=1.018e-01 budget=0.0000 top_k=2 lr=4.421e-05 elapsed=34.1m
[train] epoch=2/3 step=1200/2241 loss=1.1580 ce=1.1434 ce_ema=1.1639 pairwise=0.2463 pairwise_acc=1.0000 aux=1.1725 ewp_gn=9.627e-02 budget=0.0000 top_k=2 lr=4.161e-05 elapsed=35.6m
[train] epoch=2/3 step=1250/2241 loss=1.1496 ce=1.1365 ce_ema=1.1497 pairwise=0.2155 pairwise_acc=1.0000 aux=1.1774 ewp_gn=7.727e-02 budget=0.0000 top_k=2 lr=3.902e-05 elapsed=37.0m
[train] epoch=2/3 step=1300/2241 loss=1.2210 ce=1.2065 ce_ema=1.1321 pairwise=0.2428 pairwise_acc=0.9500 aux=1.1722 ewp_gn=1.207e-01 budget=0.0000 top_k=2 lr=3.646e-05 elapsed=38.5m
[train] epoch=2/3 step=1350/2241 loss=1.0286 ce=1.0157 ce_ema=1.1125 pairwise=0.2101 pairwise_acc=1.0000 aux=1.1789 ewp_gn=9.013e-02 budget=0.0000 top_k=2 lr=3.394e-05 elapsed=40.0m
[train] epoch=2/3 step=1400/2241 loss=1.1747 ce=1.1631 ce_ema=1.0951 pairwise=0.1843 pairwise_acc=1.0000 aux=1.1654 ewp_gn=9.259e-02 budget=0.0000 top_k=2 lr=3.147e-05 elapsed=41.5m
[train] epoch=2/3 step=1450/2241 loss=1.0002 ce=0.9927 ce_ema=1.0743 pairwise=0.1031 pairwise_acc=1.0000 aux=1.1765 ewp_gn=8.602e-02 budget=0.0000 top_k=2 lr=2.907e-05 elapsed=43.0m
[train] epoch=3/3 step=1500/2241 loss=0.9945 ce=0.9835 ce_ema=1.0555 pairwise=0.1741 pairwise_acc=0.9500 aux=1.1649 ewp_gn=1.013e-01 budget=0.0000 top_k=2 lr=2.674e-05 elapsed=44.4m
[train] epoch=3/3 step=1550/2241 loss=0.8940 ce=0.8827 ce_ema=0.9786 pairwise=0.1781 pairwise_acc=0.9500 aux=1.1512 ewp_gn=9.986e-02 budget=0.0000 top_k=2 lr=2.451e-05 elapsed=45.9m
[train] epoch=3/3 step=1600/2241 loss=0.8920 ce=0.8807 ce_ema=0.9363 pairwise=0.1785 pairwise_acc=1.0000 aux=1.1505 ewp_gn=9.828e-02 budget=0.0000 top_k=2 lr=2.237e-05 elapsed=47.4m
[train] epoch=3/3 step=1650/2241 loss=0.9111 ce=0.9043 ce_ema=0.9066 pairwise=0.0897 pairwise_acc=1.0000 aux=1.1578 ewp_gn=1.147e-01 budget=0.0000 top_k=2 lr=2.035e-05 elapsed=48.9m
[train] epoch=3/3 step=1700/2241 loss=0.8578 ce=0.8458 ce_ema=0.8932 pairwise=0.1943 pairwise_acc=1.0000 aux=1.1477 ewp_gn=9.732e-02 budget=0.0000 top_k=2 lr=1.845e-05 elapsed=50.4m
[train] epoch=3/3 step=1750/2241 loss=0.8791 ce=0.8727 ce_ema=0.8803 pairwise=0.0811 pairwise_acc=1.0000 aux=1.1475 ewp_gn=1.135e-01 budget=0.0000 top_k=2 lr=1.669e-05 elapsed=51.8m
[train] epoch=3/3 step=1800/2241 loss=0.9252 ce=0.9149 ce_ema=0.8754 pairwise=0.1599 pairwise_acc=1.0000 aux=1.1442 ewp_gn=1.042e-01 budget=0.0000 top_k=2 lr=1.507e-05 elapsed=53.3m
[train] epoch=3/3 step=1850/2241 loss=0.7838 ce=0.7733 ce_ema=0.8691 pairwise=0.1642 pairwise_acc=1.0000 aux=1.1474 ewp_gn=9.003e-02 budget=0.0000 top_k=2 lr=1.360e-05 elapsed=54.8m
[train] epoch=3/3 step=1900/2241 loss=0.8045 ce=0.7966 ce_ema=0.8476 pairwise=0.1130 pairwise_acc=1.0000 aux=1.1503 ewp_gn=9.908e-02 budget=0.0000 top_k=2 lr=1.228e-05 elapsed=56.3m
[train] epoch=3/3 step=1950/2241 loss=0.8739 ce=0.8651 ce_ema=0.8474 pairwise=0.1298 pairwise_acc=1.0000 aux=1.1441 ewp_gn=9.420e-02 budget=0.0000 top_k=2 lr=1.114e-05 elapsed=57.8m
[train] epoch=3/3 step=2000/2241 loss=0.9041 ce=0.8984 ce_ema=0.8379 pairwise=0.0664 pairwise_acc=1.0000 aux=1.1526 ewp_gn=1.098e-01 budget=0.0000 top_k=2 lr=1.016e-05 elapsed=59.2m
[train] epoch=3/3 step=2050/2241 loss=0.8005 ce=0.7949 ce_ema=0.8367 pairwise=0.0652 pairwise_acc=1.0000 aux=1.1540 ewp_gn=1.071e-01 budget=0.0000 top_k=2 lr=9.363e-06 elapsed=60.7m
[train] epoch=3/3 step=2100/2241 loss=0.8724 ce=0.8665 ce_ema=0.8272 pairwise=0.0722 pairwise_acc=1.0000 aux=1.1516 ewp_gn=1.288e-01 budget=0.0000 top_k=2 lr=8.745e-06 elapsed=62.2m
[train] epoch=3/3 step=2150/2241 loss=0.8861 ce=0.8779 ce_ema=0.8268 pairwise=0.1170 pairwise_acc=1.0000 aux=1.1571 ewp_gn=9.315e-02 budget=0.0000 top_k=2 lr=8.311e-06 elapsed=63.7m
[train] epoch=3/3 step=2200/2241 loss=0.8794 ce=0.8724 ce_ema=0.8216 pairwise=0.0936 pairwise_acc=1.0000 aux=1.1465 ewp_gn=1.001e-01 budget=0.0000 top_k=2 lr=8.063e-06 elapsed=65.2m
[save] moving merged model to cpu before export
[save] merged + fp32 full model -> /mnt/data/models/fv1_openbookqa_s44
[save] final router top_k -> 2
[2026-05-19 03:23:45,950] [INFO] [real_accelerator.py:203:get_accelerator] Setting ds_accelerator to cuda (auto detect)
[93m [WARNING] [0m async_io requires the dev libaio .so object and headers but these were not found.
[93m [WARNING] [0m async_io: please install the libaio-dev package with apt
[93m [WARNING] [0m If libaio is already installed (perhaps from source), try setting the CFLAGS and LDFLAGS environment variables to where it can be found.
[93m [WARNING] [0m Please specify the CUTLASS repo directory as environment variable $CUTLASS_PATH
[93m [WARNING] [0m sparse_attn requires a torch version >= 1.5 and < 2.0 but detected 2.5
[93m [WARNING] [0m using untested triton version (3.1.0), only 1.0.0 is known to be compatible

[launcher] done.
