
[launcher] running:
  /home/vipuser/miniconda3/envs/op/bin/python -m torch.distributed.run --nproc_per_node 1 /root/Predict_v2/run_stage1_dynamic_moe.py --model_path /root/models/Dynamic_MoE --output_dir /mnt/data/models/fv1_siqa_s42 --dataset siqa --eval_dataset siqa --train_split train --eval_split validation --block_size 150 --batch_size 20 --grad_accum 1 --epochs 3 --lr 8e-05 --lora_r 16 --lora_alpha 16 --lora_dropout 0.05 --num_proc 16 --load_in_4bit 0 --load_in_8bit 0 --use_bnb_8bit 0 --load_in_fp16 0 --fp16 0 --bf16 0 --train_extra_params_in_fp32 1 --router_use_entmax 0 --router_top_k 2 --router_entmax_alpha 1.7 --router_value_anchor_loss_coef 0.01 --router_anchor_momentum 0.99 --min_lr_ratio 0.1 --router_lr_mult 1.0 --eval_max_samples 400 --router_use_softmax_temperature 1 --router_softmax_temperature 1.1 --train_new_router_params 1 --router_aux_loss_coef 0.01 --init_new_router_from_legacy 1 --eval_every 3000 --seed 42 --stage_split_seed 42 --stage1_epochs 1 --stage1_lr 0.0001 --stage1_grad_accum 1 --stage1_data_ratio 0.5 --stage1_distill_temperature 2.0 --stage1_kl_coef 2.0 --stage1_logit_coef 0.25 --stage1_use_logit_loss 1
[router] anchor-router trunk ignores legacy router settings: router_value_anchor_loss_coef
[load] tokenizer from model_path: /root/models/Dynamic_MoE
[load] distributed=True world_size=1 4bit=False 8bit=False
[train] mixed precision: fp16=False bf16=False
[stage1] loading base model for router distillation
[load] checkpoint loaded with strict=False: missing=96 unexpected=24 dtype=torch.float32
[init] layer 0 expert_weight_proj initialized from legacy router.weight
[init] layer 1 expert_weight_proj initialized from legacy router.weight
[init] layer 2 expert_weight_proj initialized from legacy router.weight
[init] layer 3 expert_weight_proj initialized from legacy router.weight
[init] layer 4 expert_weight_proj initialized from legacy router.weight
[init] layer 5 expert_weight_proj initialized from legacy router.weight
[init] layer 6 expert_weight_proj initialized from legacy router.weight
[init] layer 7 expert_weight_proj initialized from legacy router.weight
[init] layer 8 expert_weight_proj initialized from legacy router.weight
[init] layer 9 expert_weight_proj initialized from legacy router.weight
[init] layer 10 expert_weight_proj initialized from legacy router.weight
[init] layer 11 expert_weight_proj initialized from legacy router.weight
[init] layer 12 expert_weight_proj initialized from legacy router.weight
[init] layer 13 expert_weight_proj initialized from legacy router.weight
[init] layer 14 expert_weight_proj initialized from legacy router.weight
[init] layer 15 expert_weight_proj initialized from legacy router.weight
[init] layer 16 expert_weight_proj initialized from legacy router.weight
[init] layer 17 expert_weight_proj initialized from legacy router.weight
[init] layer 18 expert_weight_proj initialized from legacy router.weight
[init] layer 19 expert_weight_proj initialized from legacy router.weight
[init] layer 20 expert_weight_proj initialized from legacy router.weight
[init] layer 21 expert_weight_proj initialized from legacy router.weight
[init] layer 22 expert_weight_proj initialized from legacy router.weight
[init] layer 23 expert_weight_proj initialized from legacy router.weight
[init] initialized new router modules from legacy dense router for 24 layers
[stage1] trainable cross-attention router params: 125829120
[stage1][data] train=16705 (ratio=0.500, seed=42)
[stage1] epoch=1/1 step=50 loss=0.504548 kl=0.238988 logit=0.106285 t_ent=1.6054 s_ent=1.8035 top1=0.7777 topk=0.7572 cos=0.8523 elapsed=0.6m
[stage1] epoch=1/1 step=100 loss=0.147814 kl=0.068826 logit=0.040647 t_ent=1.5761 s_ent=1.6357 top1=0.9014 topk=0.8633 cos=0.9221 elapsed=1.1m
[stage1] epoch=1/1 step=150 loss=0.056311 kl=0.025888 logit=0.018139 t_ent=1.5769 s_ent=1.5943 top1=0.9463 topk=0.9151 cos=0.9463 elapsed=1.7m
[stage1] epoch=1/1 step=200 loss=0.029423 kl=0.013558 logit=0.009233 t_ent=1.5828 s_ent=1.5923 top1=0.9620 topk=0.9459 cos=0.9559 elapsed=2.2m
[stage1] epoch=1/1 step=250 loss=0.018449 kl=0.008522 logit=0.005619 t_ent=1.5777 s_ent=1.5826 top1=0.9696 topk=0.9567 cos=0.9595 elapsed=2.8m
[stage1] epoch=1/1 step=300 loss=0.010643 kl=0.004894 logit=0.003418 t_ent=1.5756 s_ent=1.5788 top1=0.9795 topk=0.9657 cos=0.9619 elapsed=3.4m
[stage1] epoch=1/1 step=350 loss=0.005888 kl=0.002684 logit=0.002082 t_ent=1.5718 s_ent=1.5737 top1=0.9847 topk=0.9755 cos=0.9633 elapsed=3.9m
[stage1] epoch=1/1 step=400 loss=0.003815 kl=0.001732 logit=0.001401 t_ent=1.5797 s_ent=1.5803 top1=0.9875 topk=0.9809 cos=0.9636 elapsed=4.5m
[stage1] epoch=1/1 step=450 loss=0.002738 kl=0.001240 logit=0.001034 t_ent=1.5772 s_ent=1.5778 top1=0.9909 topk=0.9847 cos=0.9641 elapsed=5.0m
[stage1] epoch=1/1 step=500 loss=0.002271 kl=0.001033 logit=0.000824 t_ent=1.5721 s_ent=1.5730 top1=0.9922 topk=0.9853 cos=0.9646 elapsed=5.6m
[stage1] epoch=1/1 step=550 loss=0.001646 kl=0.000750 logit=0.000589 t_ent=1.5753 s_ent=1.5758 top1=0.9937 topk=0.9878 cos=0.9646 elapsed=6.1m
[stage1] epoch=1/1 step=600 loss=0.001228 kl=0.000561 logit=0.000421 t_ent=1.5725 s_ent=1.5727 top1=0.9942 topk=0.9899 cos=0.9652 elapsed=6.7m
[stage1] epoch=1/1 step=650 loss=0.000977 kl=0.000444 logit=0.000351 t_ent=1.5743 s_ent=1.5742 top1=0.9948 topk=0.9917 cos=0.9648 elapsed=7.2m
[stage1] epoch=1/1 step=700 loss=0.000636 kl=0.000286 logit=0.000256 t_ent=1.5784 s_ent=1.5785 top1=0.9962 topk=0.9925 cos=0.9644 elapsed=7.8m
[stage1] epoch=1/1 step=750 loss=0.000537 kl=0.000243 logit=0.000205 t_ent=1.5772 s_ent=1.5773 top1=0.9963 topk=0.9941 cos=0.9654 elapsed=8.3m
[stage1] epoch=1/1 step=800 loss=0.000463 kl=0.000209 logit=0.000181 t_ent=1.5711 s_ent=1.5712 top1=0.9975 topk=0.9945 cos=0.9657 elapsed=8.9m
[stage1] saving full checkpoint to /mnt/data/models/fv1_siqa_s42/ckpt_after_stage1
[2026-05-19 06:39:05,256] [INFO] [real_accelerator.py:203:get_accelerator] Setting ds_accelerator to cuda (auto detect)
[93m [WARNING] [0m async_io requires the dev libaio .so object and headers but these were not found.
[93m [WARNING] [0m async_io: please install the libaio-dev package with apt
[93m [WARNING] [0m If libaio is already installed (perhaps from source), try setting the CFLAGS and LDFLAGS environment variables to where it can be found.
[93m [WARNING] [0m Please specify the CUTLASS repo directory as environment variable $CUTLASS_PATH
[93m [WARNING] [0m sparse_attn requires a torch version >= 1.5 and < 2.0 but detected 2.5
[93m [WARNING] [0m using untested triton version (3.1.0), only 1.0.0 is known to be compatible

[launcher] running:
  /home/vipuser/miniconda3/envs/op/bin/python -m torch.distributed.run --nproc_per_node 1 /root/Predict_v2/run_stage2_dynamic_moe.py --model_path /root/models/Dynamic_MoE --output_dir /mnt/data/models/fv1_siqa_s42 --dataset siqa --eval_dataset siqa --train_split train --eval_split validation --block_size 150 --batch_size 20 --grad_accum 1 --epochs 3 --lr 8e-05 --lora_r 16 --lora_alpha 16 --lora_dropout 0.05 --num_proc 16 --load_in_4bit 0 --load_in_8bit 0 --use_bnb_8bit 0 --load_in_fp16 0 --fp16 0 --bf16 0 --train_extra_params_in_fp32 1 --router_use_entmax 0 --router_top_k 2 --router_entmax_alpha 1.7 --router_value_anchor_loss_coef 0.01 --router_anchor_momentum 0.99 --min_lr_ratio 0.1 --router_lr_mult 1.0 --eval_max_samples 400 --router_use_softmax_temperature 1 --router_softmax_temperature 1.1 --train_new_router_params 1 --router_aux_loss_coef 0.01 --init_new_router_from_legacy 1 --eval_every 3000 --seed 42 --stage_split_seed 42 --stage2_include_validation_in_train 1 --stage2_validation_train_ratio 0.05 --stage2_init_path /mnt/data/models/fv1_siqa_s42/ckpt_after_stage1
[router] anchor-router trunk ignores legacy router settings: router_value_anchor_loss_coef
[load] tokenizer from model_path: /root/models/Dynamic_MoE
[load] distributed=True world_size=1 4bit=False 8bit=False
[train] mixed precision: fp16=False bf16=False
[stage2] loading model from /mnt/data/models/fv1_siqa_s42/ckpt_after_stage1
[load] checkpoint loaded with strict=False: missing=0 unexpected=0 dtype=torch.float32
[stage2] extra trainable new-router params: 125829120
[stage2] cast selected router params to fp32: 0
[stage2] trainable params: 199753728/3687891968 (5.42%)
trainable params: 199,753,728 || all params: 3,687,891,968 || trainable%: 5.4165
[stage2][data] siqa: borrowed 98/1954 from validation into train
[stage2][eval] using OpenCompass-style PPL ranking for siqa
[stage2][data] train=33508 eval=400 block_size=150
[stage2][opt] param groups: other=2496 router=72
[stage2][opt] lrs: other=8.000e-05 router=8.000e-05
[train] epoch=1/3 step=50/5025 loss=2.4658 ce=2.4199 ce_ema=3.3305 pairwise=0.5869 pairwise_acc=0.6500 aux=1.6536 ewp_gn=1.499e-01 budget=0.0000 top_k=2 lr=2.720e-05 elapsed=1.5m
[train] epoch=1/3 step=100/5025 loss=1.6011 ce=1.5643 ce_ema=2.3378 pairwise=0.4515 pairwise_acc=0.8000 aux=1.4210 ewp_gn=6.106e-02 budget=0.0000 top_k=2 lr=5.387e-05 elapsed=3.0m
[train] epoch=1/3 step=150/5025 loss=1.6479 ce=1.6008 ce_ema=1.8265 pairwise=0.6894 pairwise_acc=0.7500 aux=1.2641 ewp_gn=5.806e-02 budget=0.0000 top_k=2 lr=8.000e-05 elapsed=4.5m
[train] epoch=1/3 step=200/5025 loss=1.4784 ce=1.4235 ce_ema=1.5903 pairwise=0.8549 pairwise_acc=0.6000 aux=1.2177 ewp_gn=4.950e-02 budget=0.0000 top_k=2 lr=7.998e-05 elapsed=6.0m
[train] epoch=1/3 step=250/5025 loss=1.6445 ce=1.6100 ce_ema=1.4934 pairwise=0.4631 pairwise_acc=0.7000 aux=1.1348 ewp_gn=5.164e-02 budget=0.0000 top_k=2 lr=7.993e-05 elapsed=7.5m
[train] epoch=1/3 step=300/5025 loss=1.4138 ce=1.3823 ce_ema=1.4406 pairwise=0.4019 pairwise_acc=0.8000 aux=1.1341 ewp_gn=4.437e-02 budget=0.0000 top_k=2 lr=7.983e-05 elapsed=9.0m
[train] epoch=1/3 step=350/5025 loss=1.4275 ce=1.3747 ce_ema=1.4310 pairwise=0.8305 pairwise_acc=0.5000 aux=1.1280 ewp_gn=4.291e-02 budget=0.0000 top_k=2 lr=7.970e-05 elapsed=10.5m
[train] epoch=1/3 step=400/5025 loss=1.4386 ce=1.3995 ce_ema=1.4155 pairwise=0.5650 pairwise_acc=0.7000 aux=1.0873 ewp_gn=5.235e-02 budget=0.0000 top_k=2 lr=7.953e-05 elapsed=11.9m
[train] epoch=1/3 step=450/5025 loss=1.4064 ce=1.3704 ce_ema=1.4092 pairwise=0.5054 pairwise_acc=0.7500 aux=1.0797 ewp_gn=4.247e-02 budget=0.0000 top_k=2 lr=7.933e-05 elapsed=13.4m
[train] epoch=1/3 step=500/5025 loss=1.4232 ce=1.3832 ce_ema=1.3967 pairwise=0.5842 pairwise_acc=0.6500 aux=1.0789 ewp_gn=4.241e-02 budget=0.0000 top_k=2 lr=7.909e-05 elapsed=14.9m
[train] epoch=1/3 step=550/5025 loss=1.5284 ce=1.4862 ce_ema=1.3851 pairwise=0.6253 pairwise_acc=0.7500 aux=1.0971 ewp_gn=5.180e-02 budget=0.0000 top_k=2 lr=7.881e-05 elapsed=16.4m
[train] epoch=1/3 step=600/5025 loss=1.4325 ce=1.4016 ce_ema=1.3964 pairwise=0.4034 pairwise_acc=0.9000 aux=1.0688 ewp_gn=4.519e-02 budget=0.0000 top_k=2 lr=7.850e-05 elapsed=17.8m
[train] epoch=1/3 step=650/5025 loss=1.4960 ce=1.4554 ce_ema=1.3865 pairwise=0.6000 pairwise_acc=0.7000 aux=1.0660 ewp_gn=4.023e-02 budget=0.0000 top_k=2 lr=7.815e-05 elapsed=19.3m
[train] epoch=1/3 step=700/5025 loss=1.4107 ce=1.3667 ce_ema=1.3788 pairwise=0.6695 pairwise_acc=0.7000 aux=1.0509 ewp_gn=3.821e-02 budget=0.0000 top_k=2 lr=7.776e-05 elapsed=20.8m
[train] epoch=1/3 step=750/5025 loss=1.5061 ce=1.4613 ce_ema=1.3766 pairwise=0.6852 pairwise_acc=0.6500 aux=1.0533 ewp_gn=4.347e-02 budget=0.0000 top_k=2 lr=7.734e-05 elapsed=22.3m
[train] epoch=1/3 step=800/5025 loss=1.3891 ce=1.3594 ce_ema=1.3699 pairwise=0.3850 pairwise_acc=0.9000 aux=1.0451 ewp_gn=4.471e-02 budget=0.0000 top_k=2 lr=7.689e-05 elapsed=23.7m
[train] epoch=1/3 step=850/5025 loss=1.3750 ce=1.3271 ce_ema=1.3689 pairwise=0.7466 pairwise_acc=0.6500 aux=1.0534 ewp_gn=3.664e-02 budget=0.0000 top_k=2 lr=7.640e-05 elapsed=25.2m
[train] epoch=1/3 step=900/5025 loss=1.4470 ce=1.4133 ce_ema=1.3685 pairwise=0.4611 pairwise_acc=0.8000 aux=1.0634 ewp_gn=4.494e-02 budget=0.0000 top_k=2 lr=7.588e-05 elapsed=26.7m
[train] epoch=1/3 step=950/5025 loss=1.3461 ce=1.3169 ce_ema=1.3707 pairwise=0.3738 pairwise_acc=0.8000 aux=1.0521 ewp_gn=3.900e-02 budget=0.0000 top_k=2 lr=7.532e-05 elapsed=28.1m
[train] epoch=1/3 step=1000/5025 loss=1.4059 ce=1.3686 ce_ema=1.3696 pairwise=0.5356 pairwise_acc=0.8000 aux=1.0534 ewp_gn=4.662e-02 budget=0.0000 top_k=2 lr=7.473e-05 elapsed=29.6m
[train] epoch=1/3 step=1050/5025 loss=1.3624 ce=1.3310 ce_ema=1.3607 pairwise=0.4168 pairwise_acc=0.7500 aux=1.0612 ewp_gn=3.437e-02 budget=0.0000 top_k=2 lr=7.411e-05 elapsed=31.1m
[train] epoch=1/3 step=1100/5025 loss=1.3836 ce=1.3468 ce_ema=1.3608 pairwise=0.5253 pairwise_acc=0.7500 aux=1.0505 ewp_gn=3.370e-02 budget=0.0000 top_k=2 lr=7.346e-05 elapsed=32.5m
[train] epoch=1/3 step=1150/5025 loss=1.2769 ce=1.2424 ce_ema=1.3545 pairwise=0.4781 pairwise_acc=0.7500 aux=1.0614 ewp_gn=4.359e-02 budget=0.0000 top_k=2 lr=7.278e-05 elapsed=34.0m
[train] epoch=1/3 step=1200/5025 loss=1.3031 ce=1.2701 ce_ema=1.3574 pairwise=0.4510 pairwise_acc=0.7000 aux=1.0487 ewp_gn=3.763e-02 budget=0.0000 top_k=2 lr=7.207e-05 elapsed=35.5m
[train] epoch=1/3 step=1250/5025 loss=1.4570 ce=1.4227 ce_ema=1.3671 pairwise=0.4746 pairwise_acc=0.8000 aux=1.0534 ewp_gn=4.517e-02 budget=0.0000 top_k=2 lr=7.133e-05 elapsed=37.0m
[train] epoch=1/3 step=1300/5025 loss=1.3054 ce=1.2707 ce_ema=1.3427 pairwise=0.4844 pairwise_acc=0.8500 aux=1.0482 ewp_gn=6.868e-02 budget=0.0000 top_k=2 lr=7.056e-05 elapsed=38.4m
[train] epoch=1/3 step=1350/5025 loss=1.3890 ce=1.3525 ce_ema=1.3465 pairwise=0.5233 pairwise_acc=0.6500 aux=1.0401 ewp_gn=4.208e-02 budget=0.0000 top_k=2 lr=6.976e-05 elapsed=39.9m
[train] epoch=1/3 step=1400/5025 loss=1.2058 ce=1.1717 ce_ema=1.3347 pairwise=0.4729 pairwise_acc=0.8000 aux=1.0417 ewp_gn=3.577e-02 budget=0.0000 top_k=2 lr=6.894e-05 elapsed=41.4m
[train] epoch=1/3 step=1450/5025 loss=1.3399 ce=1.3025 ce_ema=1.3340 pairwise=0.5341 pairwise_acc=0.7000 aux=1.0686 ewp_gn=4.165e-02 budget=0.0000 top_k=2 lr=6.809e-05 elapsed=42.8m
[train] epoch=1/3 step=1500/5025 loss=1.3268 ce=1.2975 ce_ema=1.3352 pairwise=0.3762 pairwise_acc=0.9000 aux=1.0418 ewp_gn=3.445e-02 budget=0.0000 top_k=2 lr=6.721e-05 elapsed=44.3m
[train] epoch=1/3 step=1550/5025 loss=1.3656 ce=1.3196 ce_ema=1.3361 pairwise=0.7136 pairwise_acc=0.6000 aux=1.0363 ewp_gn=4.442e-02 budget=0.0000 top_k=2 lr=6.632e-05 elapsed=45.8m
[train] epoch=1/3 step=1600/5025 loss=1.2967 ce=1.2637 ce_ema=1.3503 pairwise=0.4487 pairwise_acc=0.8500 aux=1.0531 ewp_gn=3.623e-02 budget=0.0000 top_k=2 lr=6.539e-05 elapsed=47.2m
[train] epoch=1/3 step=1650/5025 loss=1.3211 ce=1.2800 ce_ema=1.3415 pairwise=0.6131 pairwise_acc=0.7000 aux=1.0445 ewp_gn=3.931e-02 budget=0.0000 top_k=2 lr=6.445e-05 elapsed=48.7m
[train] epoch=2/3 step=1700/5025 loss=1.3017 ce=1.2645 ce_ema=1.3077 pairwise=0.5375 pairwise_acc=0.7500 aux=1.0325 ewp_gn=3.939e-02 budget=0.0000 top_k=2 lr=6.349e-05 elapsed=50.2m
[train] epoch=2/3 step=1750/5025 loss=1.3402 ce=1.2995 ce_ema=1.2985 pairwise=0.6060 pairwise_acc=0.7000 aux=1.0387 ewp_gn=3.759e-02 budget=0.0000 top_k=2 lr=6.250e-05 elapsed=51.7m
[train] epoch=2/3 step=1800/5025 loss=1.4128 ce=1.3798 ce_ema=1.2993 pairwise=0.4533 pairwise_acc=0.9000 aux=1.0416 ewp_gn=3.866e-02 budget=0.0000 top_k=2 lr=6.150e-05 elapsed=53.1m
[train] epoch=2/3 step=1850/5025 loss=1.3277 ce=1.2902 ce_ema=1.2918 pairwise=0.5430 pairwise_acc=0.7500 aux=1.0381 ewp_gn=3.733e-02 budget=0.0000 top_k=2 lr=6.047e-05 elapsed=54.6m
[train] epoch=2/3 step=1900/5025 loss=1.2553 ce=1.2230 ce_ema=1.2847 pairwise=0.4382 pairwise_acc=0.7500 aux=1.0419 ewp_gn=4.111e-02 budget=0.0000 top_k=2 lr=5.943e-05 elapsed=56.1m
[train] epoch=2/3 step=1950/5025 loss=1.3563 ce=1.3233 ce_ema=1.2931 pairwise=0.4511 pairwise_acc=0.8000 aux=1.0399 ewp_gn=3.692e-02 budget=0.0000 top_k=2 lr=5.838e-05 elapsed=57.6m
[train] epoch=2/3 step=2000/5025 loss=1.3857 ce=1.3500 ce_ema=1.2946 pairwise=0.5064 pairwise_acc=0.8000 aux=1.0377 ewp_gn=4.449e-02 budget=0.0000 top_k=2 lr=5.731e-05 elapsed=59.1m
[train] epoch=2/3 step=2050/5025 loss=1.3661 ce=1.3265 ce_ema=1.2933 pairwise=0.5857 pairwise_acc=0.7500 aux=1.0265 ewp_gn=4.045e-02 budget=0.0000 top_k=2 lr=5.622e-05 elapsed=60.5m
[train] epoch=2/3 step=2100/5025 loss=1.3287 ce=1.3047 ce_ema=1.2883 pairwise=0.2710 pairwise_acc=0.9000 aux=1.0357 ewp_gn=3.602e-02 budget=0.0000 top_k=2 lr=5.512e-05 elapsed=62.0m
[train] epoch=2/3 step=2150/5025 loss=1.3054 ce=1.2745 ce_ema=1.2784 pairwise=0.4124 pairwise_acc=0.8500 aux=1.0256 ewp_gn=3.518e-02 budget=0.0000 top_k=2 lr=5.402e-05 elapsed=63.5m
[train] epoch=2/3 step=2200/5025 loss=1.3243 ce=1.2843 ce_ema=1.2795 pairwise=0.5929 pairwise_acc=0.6500 aux=1.0322 ewp_gn=3.713e-02 budget=0.0000 top_k=2 lr=5.290e-05 elapsed=65.0m
[train] epoch=2/3 step=2250/5025 loss=1.3279 ce=1.3046 ce_ema=1.2774 pairwise=0.2559 pairwise_acc=0.9500 aux=1.0489 ewp_gn=3.650e-02 budget=0.0000 top_k=2 lr=5.177e-05 elapsed=66.4m
[train] epoch=2/3 step=2300/5025 loss=1.1940 ce=1.1686 ce_ema=1.2776 pairwise=0.3019 pairwise_acc=0.9500 aux=1.0377 ewp_gn=3.431e-02 budget=0.0000 top_k=2 lr=5.063e-05 elapsed=67.9m
[train] epoch=2/3 step=2350/5025 loss=1.2240 ce=1.1926 ce_ema=1.2779 pairwise=0.4228 pairwise_acc=0.9000 aux=1.0290 ewp_gn=3.988e-02 budget=0.0000 top_k=2 lr=4.949e-05 elapsed=69.4m
[train] epoch=2/3 step=2400/5025 loss=1.3499 ce=1.3158 ce_ema=1.2685 pairwise=0.4760 pairwise_acc=0.7500 aux=1.0276 ewp_gn=4.100e-02 budget=0.0000 top_k=2 lr=4.834e-05 elapsed=70.9m
[train] epoch=2/3 step=2450/5025 loss=1.2671 ce=1.2356 ce_ema=1.2732 pairwise=0.4256 pairwise_acc=0.8000 aux=1.0284 ewp_gn=3.625e-02 budget=0.0000 top_k=2 lr=4.719e-05 elapsed=72.3m
[train] epoch=2/3 step=2500/5025 loss=1.2673 ce=1.2337 ce_ema=1.2729 pairwise=0.4648 pairwise_acc=0.8000 aux=1.0346 ewp_gn=4.000e-02 budget=0.0000 top_k=2 lr=4.603e-05 elapsed=73.8m
[train] epoch=2/3 step=2550/5025 loss=1.2402 ce=1.2063 ce_ema=1.2670 pairwise=0.4724 pairwise_acc=0.6500 aux=1.0251 ewp_gn=4.301e-02 budget=0.0000 top_k=2 lr=4.487e-05 elapsed=75.3m
[train] epoch=2/3 step=2600/5025 loss=1.3406 ce=1.3037 ce_ema=1.2640 pairwise=0.5316 pairwise_acc=0.6500 aux=1.0318 ewp_gn=4.700e-02 budget=0.0000 top_k=2 lr=4.371e-05 elapsed=76.8m
[train] epoch=2/3 step=2650/5025 loss=1.2266 ce=1.1985 ce_ema=1.2712 pairwise=0.3564 pairwise_acc=0.9000 aux=1.0315 ewp_gn=3.668e-02 budget=0.0000 top_k=2 lr=4.255e-05 elapsed=78.2m
[train] epoch=2/3 step=2700/5025 loss=1.4488 ce=1.4110 ce_ema=1.2757 pairwise=0.5497 pairwise_acc=0.7000 aux=1.0279 ewp_gn=4.354e-02 budget=0.0000 top_k=2 lr=4.139e-05 elapsed=79.7m
[train] epoch=2/3 step=2750/5025 loss=1.3244 ce=1.2862 ce_ema=1.2888 pairwise=0.5581 pairwise_acc=0.7500 aux=1.0277 ewp_gn=4.109e-02 budget=0.0000 top_k=2 lr=4.024e-05 elapsed=81.2m
[train] epoch=2/3 step=2800/5025 loss=1.1480 ce=1.1195 ce_ema=1.2754 pairwise=0.3640 pairwise_acc=0.9000 aux=1.0280 ewp_gn=3.754e-02 budget=0.0000 top_k=2 lr=3.909e-05 elapsed=82.7m
[train] epoch=2/3 step=2850/5025 loss=1.3585 ce=1.3316 ce_ema=1.2805 pairwise=0.3325 pairwise_acc=0.9000 aux=1.0251 ewp_gn=3.742e-02 budget=0.0000 top_k=2 lr=3.794e-05 elapsed=84.1m
[train] epoch=2/3 step=2900/5025 loss=1.2551 ce=1.2294 ce_ema=1.2717 pairwise=0.3105 pairwise_acc=0.9000 aux=1.0247 ewp_gn=3.641e-02 budget=0.0000 top_k=2 lr=3.680e-05 elapsed=85.6m
[train] epoch=2/3 step=2950/5025 loss=1.2311 ce=1.2020 ce_ema=1.2723 pairwise=0.3778 pairwise_acc=0.8500 aux=1.0227 ewp_gn=3.607e-02 budget=0.0000 top_k=2 lr=3.567e-05 elapsed=87.1m
[train] epoch=2/3 step=3000/5025 loss=1.3573 ce=1.3157 ce_ema=1.2780 pairwise=0.6274 pairwise_acc=0.7000 aux=1.0253 ewp_gn=3.895e-02 budget=0.0000 top_k=2 lr=3.454e-05 elapsed=88.9m
[eval] step=3000 eval_pairwise_acc=0.455000
[train] epoch=2/3 step=3050/5025 loss=1.3100 ce=1.2784 ce_ema=1.2911 pairwise=0.4289 pairwise_acc=0.7000 aux=1.0244 ewp_gn=4.226e-02 budget=0.0000 top_k=2 lr=3.343e-05 elapsed=90.4m
[train] epoch=2/3 step=3100/5025 loss=1.2716 ce=1.2361 ce_ema=1.2854 pairwise=0.5066 pairwise_acc=0.6500 aux=1.0199 ewp_gn=3.856e-02 budget=0.0000 top_k=2 lr=3.233e-05 elapsed=91.8m
[train] epoch=2/3 step=3150/5025 loss=1.2837 ce=1.2528 ce_ema=1.2751 pairwise=0.4154 pairwise_acc=0.8000 aux=1.0158 ewp_gn=4.065e-02 budget=0.0000 top_k=2 lr=3.123e-05 elapsed=93.3m
[train] epoch=2/3 step=3200/5025 loss=1.2825 ce=1.2393 ce_ema=1.2712 pairwise=0.6608 pairwise_acc=0.7000 aux=1.0204 ewp_gn=4.950e-02 budget=0.0000 top_k=2 lr=3.016e-05 elapsed=94.8m
[train] epoch=2/3 step=3250/5025 loss=1.2403 ce=1.2120 ce_ema=1.2737 pairwise=0.3615 pairwise_acc=0.8000 aux=1.0224 ewp_gn=3.347e-02 budget=0.0000 top_k=2 lr=2.909e-05 elapsed=96.3m
[train] epoch=2/3 step=3300/5025 loss=1.1740 ce=1.1452 ce_ema=1.2649 pairwise=0.3700 pairwise_acc=0.8500 aux=1.0248 ewp_gn=3.925e-02 budget=0.0000 top_k=2 lr=2.805e-05 elapsed=97.7m
[train] epoch=2/3 step=3350/5025 loss=1.3151 ce=1.2758 ce_ema=1.2507 pairwise=0.5832 pairwise_acc=0.7000 aux=1.0153 ewp_gn=4.612e-02 budget=0.0000 top_k=2 lr=2.701e-05 elapsed=99.2m
[train] epoch=3/3 step=3400/5025 loss=1.2477 ce=1.2151 ce_ema=1.2205 pairwise=0.4502 pairwise_acc=0.8500 aux=1.0151 ewp_gn=4.306e-02 budget=0.0000 top_k=2 lr=2.600e-05 elapsed=100.7m
[train] epoch=3/3 step=3450/5025 loss=1.1421 ce=1.1107 ce_ema=1.2090 pairwise=0.4257 pairwise_acc=0.8000 aux=1.0105 ewp_gn=3.595e-02 budget=0.0000 top_k=2 lr=2.500e-05 elapsed=102.2m
[train] epoch=3/3 step=3500/5025 loss=1.1496 ce=1.1246 ce_ema=1.2061 pairwise=0.2957 pairwise_acc=0.9000 aux=1.0248 ewp_gn=4.962e-02 budget=0.0000 top_k=2 lr=2.403e-05 elapsed=103.6m
[train] epoch=3/3 step=3550/5025 loss=1.1815 ce=1.1478 ce_ema=1.2064 pairwise=0.4702 pairwise_acc=0.6500 aux=1.0186 ewp_gn=4.017e-02 budget=0.0000 top_k=2 lr=2.308e-05 elapsed=105.1m
[train] epoch=3/3 step=3600/5025 loss=1.0970 ce=1.0724 ce_ema=1.2030 pairwise=0.2887 pairwise_acc=0.9000 aux=1.0151 ewp_gn=4.291e-02 budget=0.0000 top_k=2 lr=2.214e-05 elapsed=106.6m
[train] epoch=3/3 step=3650/5025 loss=1.2563 ce=1.2276 ce_ema=1.1960 pairwise=0.3688 pairwise_acc=0.9000 aux=1.0183 ewp_gn=4.629e-02 budget=0.0000 top_k=2 lr=2.123e-05 elapsed=108.1m
[train] epoch=3/3 step=3700/5025 loss=1.2527 ce=1.2214 ce_ema=1.1913 pairwise=0.4233 pairwise_acc=0.7000 aux=1.0150 ewp_gn=4.212e-02 budget=0.0000 top_k=2 lr=2.035e-05 elapsed=109.5m
[train] epoch=3/3 step=3750/5025 loss=1.2741 ce=1.2377 ce_ema=1.1846 pairwise=0.5232 pairwise_acc=0.8000 aux=1.0206 ewp_gn=4.382e-02 budget=0.0000 top_k=2 lr=1.948e-05 elapsed=111.0m
[train] epoch=3/3 step=3800/5025 loss=1.1930 ce=1.1701 ce_ema=1.1951 pairwise=0.2532 pairwise_acc=0.9500 aux=1.0199 ewp_gn=4.373e-02 budget=0.0000 top_k=2 lr=1.865e-05 elapsed=112.5m
[train] epoch=3/3 step=3850/5025 loss=1.2293 ce=1.1986 ce_ema=1.2034 pairwise=0.4120 pairwise_acc=0.8500 aux=1.0143 ewp_gn=4.209e-02 budget=0.0000 top_k=2 lr=1.784e-05 elapsed=114.0m
[train] epoch=3/3 step=3900/5025 loss=1.1582 ce=1.1311 ce_ema=1.2078 pairwise=0.3403 pairwise_acc=0.9000 aux=1.0136 ewp_gn=4.204e-02 budget=0.0000 top_k=2 lr=1.705e-05 elapsed=115.4m
[train] epoch=3/3 step=3950/5025 loss=1.2529 ce=1.2286 ce_ema=1.2117 pairwise=0.2850 pairwise_acc=0.9000 aux=1.0105 ewp_gn=4.040e-02 budget=0.0000 top_k=2 lr=1.630e-05 elapsed=116.9m
[train] epoch=3/3 step=4000/5025 loss=1.1921 ce=1.1696 ce_ema=1.2300 pairwise=0.2471 pairwise_acc=0.9500 aux=1.0142 ewp_gn=4.415e-02 budget=0.0000 top_k=2 lr=1.557e-05 elapsed=118.4m
[train] epoch=3/3 step=4050/5025 loss=1.2519 ce=1.2195 ce_ema=1.2087 pairwise=0.4440 pairwise_acc=0.8000 aux=1.0170 ewp_gn=4.493e-02 budget=0.0000 top_k=2 lr=1.488e-05 elapsed=119.9m
[train] epoch=3/3 step=4100/5025 loss=1.3271 ce=1.3006 ce_ema=1.1981 pairwise=0.3256 pairwise_acc=0.8500 aux=1.0185 ewp_gn=6.076e-02 budget=0.0000 top_k=2 lr=1.421e-05 elapsed=121.3m
[train] epoch=3/3 step=4150/5025 loss=1.2418 ce=1.2128 ce_ema=1.2079 pairwise=0.3758 pairwise_acc=0.8000 aux=1.0143 ewp_gn=5.012e-02 budget=0.0000 top_k=2 lr=1.357e-05 elapsed=122.8m
[train] epoch=3/3 step=4200/5025 loss=1.2359 ce=1.2078 ce_ema=1.2038 pairwise=0.3611 pairwise_acc=0.8500 aux=1.0085 ewp_gn=4.078e-02 budget=0.0000 top_k=2 lr=1.297e-05 elapsed=124.3m
[train] epoch=3/3 step=4250/5025 loss=1.1818 ce=1.1541 ce_ema=1.1977 pairwise=0.3521 pairwise_acc=0.7500 aux=1.0111 ewp_gn=4.189e-02 budget=0.0000 top_k=2 lr=1.240e-05 elapsed=125.8m
[train] epoch=3/3 step=4300/5025 loss=1.1221 ce=1.0905 ce_ema=1.2079 pairwise=0.4296 pairwise_acc=0.8000 aux=1.0123 ewp_gn=5.314e-02 budget=0.0000 top_k=2 lr=1.186e-05 elapsed=127.3m
[train] epoch=3/3 step=4350/5025 loss=1.2602 ce=1.2304 ce_ema=1.1941 pairwise=0.3957 pairwise_acc=0.7000 aux=1.0106 ewp_gn=5.214e-02 budget=0.0000 top_k=2 lr=1.135e-05 elapsed=128.7m
[train] epoch=3/3 step=4400/5025 loss=1.2606 ce=1.2274 ce_ema=1.1949 pairwise=0.4615 pairwise_acc=0.7000 aux=1.0107 ewp_gn=4.940e-02 budget=0.0000 top_k=2 lr=1.088e-05 elapsed=130.2m
[train] epoch=3/3 step=4450/5025 loss=1.2322 ce=1.2041 ce_ema=1.1953 pairwise=0.3598 pairwise_acc=0.8500 aux=1.0102 ewp_gn=4.587e-02 budget=0.0000 top_k=2 lr=1.044e-05 elapsed=131.7m
[train] epoch=3/3 step=4500/5025 loss=1.2965 ce=1.2720 ce_ema=1.2007 pairwise=0.2865 pairwise_acc=0.9500 aux=1.0087 ewp_gn=4.367e-02 budget=0.0000 top_k=2 lr=1.004e-05 elapsed=133.2m
[train] epoch=3/3 step=4550/5025 loss=1.1358 ce=1.1067 ce_ema=1.2042 pairwise=0.3786 pairwise_acc=0.8000 aux=1.0109 ewp_gn=4.416e-02 budget=0.0000 top_k=2 lr=9.673e-06 elapsed=134.6m
[train] epoch=3/3 step=4600/5025 loss=1.2534 ce=1.2245 ce_ema=1.2043 pairwise=0.3761 pairwise_acc=0.8500 aux=1.0102 ewp_gn=4.404e-02 budget=0.0000 top_k=2 lr=9.342e-06 elapsed=136.1m
[train] epoch=3/3 step=4650/5025 loss=1.2259 ce=1.2036 ce_ema=1.2008 pairwise=0.2435 pairwise_acc=0.9500 aux=1.0113 ewp_gn=4.227e-02 budget=0.0000 top_k=2 lr=9.046e-06 elapsed=137.6m
[train] epoch=3/3 step=4700/5025 loss=1.3459 ce=1.3153 ce_ema=1.2087 pairwise=0.4102 pairwise_acc=0.8000 aux=1.0084 ewp_gn=4.028e-02 budget=0.0000 top_k=2 lr=8.787e-06 elapsed=139.1m
[train] epoch=3/3 step=4750/5025 loss=1.1943 ce=1.1652 ce_ema=1.2066 pairwise=0.3787 pairwise_acc=0.9000 aux=1.0126 ewp_gn=5.326e-02 budget=0.0000 top_k=2 lr=8.564e-06 elapsed=140.6m
[train] epoch=3/3 step=4800/5025 loss=1.2263 ce=1.1944 ce_ema=1.2077 pairwise=0.4369 pairwise_acc=0.8500 aux=1.0095 ewp_gn=4.267e-02 budget=0.0000 top_k=2 lr=8.378e-06 elapsed=142.0m
[train] epoch=3/3 step=4850/5025 loss=1.2085 ce=1.1710 ce_ema=1.2015 pairwise=0.5475 pairwise_acc=0.7500 aux=1.0115 ewp_gn=4.045e-02 budget=0.0000 top_k=2 lr=8.229e-06 elapsed=143.5m
[train] epoch=3/3 step=4900/5025 loss=1.1476 ce=1.1196 ce_ema=1.1944 pairwise=0.3574 pairwise_acc=0.8500 aux=1.0120 ewp_gn=4.020e-02 budget=0.0000 top_k=2 lr=8.117e-06 elapsed=145.0m
[train] epoch=3/3 step=4950/5025 loss=1.1393 ce=1.1099 ce_ema=1.2013 pairwise=0.3859 pairwise_acc=0.7500 aux=1.0080 ewp_gn=4.571e-02 budget=0.0000 top_k=2 lr=8.042e-06 elapsed=146.4m
[train] epoch=3/3 step=5000/5025 loss=1.1316 ce=1.1055 ce_ema=1.1906 pairwise=0.3193 pairwise_acc=0.8500 aux=1.0115 ewp_gn=4.072e-02 budget=0.0000 top_k=2 lr=8.005e-06 elapsed=147.9m
[save] moving merged model to cpu before export
[save] merged + fp32 full model -> /mnt/data/models/fv1_siqa_s42
[save] final router top_k -> 2
[2026-05-19 09:09:49,073] [INFO] [real_accelerator.py:203:get_accelerator] Setting ds_accelerator to cuda (auto detect)
[93m [WARNING] [0m async_io requires the dev libaio .so object and headers but these were not found.
[93m [WARNING] [0m async_io: please install the libaio-dev package with apt
[93m [WARNING] [0m If libaio is already installed (perhaps from source), try setting the CFLAGS and LDFLAGS environment variables to where it can be found.
[93m [WARNING] [0m Please specify the CUTLASS repo directory as environment variable $CUTLASS_PATH
[93m [WARNING] [0m sparse_attn requires a torch version >= 1.5 and < 2.0 but detected 2.5
[93m [WARNING] [0m using untested triton version (3.1.0), only 1.0.0 is known to be compatible

[launcher] done.
