
[launcher] running:
  /home/vipuser/miniconda3/envs/op/bin/python -m torch.distributed.run --nproc_per_node 2 /root/Predict_v2/run_stage1_dynamic_moe.py --model_path /root/models/Dynamic_MoE --output_dir /mnt/data/models/fv1_arc_e_wova --dataset arc-e --eval_dataset arc-e --train_split train --eval_split validation --block_size 150 --batch_size 4 --grad_accum 1 --epochs 2 --lr 6e-05 --lora_r 16 --lora_alpha 16 --lora_dropout 0.05 --num_proc 16 --load_in_4bit 0 --load_in_8bit 0 --use_bnb_8bit 0 --load_in_fp16 0 --fp16 0 --bf16 0 --train_extra_params_in_fp32 1 --router_use_entmax 0 --router_top_k 2 --router_entmax_alpha 1.7 --router_anchor_loss_coef 0.01 --router_anchor_momentum 0.99 --min_lr_ratio 0.1 --router_lr_mult 1.0 --eval_max_samples 200 --router_use_softmax_temperature 1 --router_softmax_temperature 0.8 --stage1_epochs 1 --stage1_lr 0.0001 --stage1_grad_accum 1 --stage1_data_ratio 0.5 --stage1_distill_temperature 2.0 --stage1_kl_coef 2.0 --stage1_logit_coef 0.25 --stage1_use_logit_loss 1
[load] tokenizer from model_path: /root/models/Dynamic_MoE
[load] distributed=True world_size=2 4bit=False 8bit=False
[train] mixed precision: fp16=False bf16=False
[stage1] loading base model for router distillation
[load] checkpoint loaded with strict=False: missing=96 unexpected=24 dtype=torch.float32
[init] layer 0 expert_key/expert_anchor initialized from legacy router.weight
[init] layer 1 expert_key/expert_anchor initialized from legacy router.weight
[init] layer 2 expert_key/expert_anchor initialized from legacy router.weight
[init] layer 3 expert_key/expert_anchor initialized from legacy router.weight
[init] layer 4 expert_key/expert_anchor initialized from legacy router.weight
[init] layer 5 expert_key/expert_anchor initialized from legacy router.weight
[init] layer 6 expert_key/expert_anchor initialized from legacy router.weight
[init] layer 7 expert_key/expert_anchor initialized from legacy router.weight
[init] layer 8 expert_key/expert_anchor initialized from legacy router.weight
[init] layer 9 expert_key/expert_anchor initialized from legacy router.weight
[init] layer 10 expert_key/expert_anchor initialized from legacy router.weight
[init] layer 11 expert_key/expert_anchor initialized from legacy router.weight
[init] layer 12 expert_key/expert_anchor initialized from legacy router.weight
[init] layer 13 expert_key/expert_anchor initialized from legacy router.weight
[init] layer 14 expert_key/expert_anchor initialized from legacy router.weight
[init] layer 15 expert_key/expert_anchor initialized from legacy router.weight
[init] layer 16 expert_key/expert_anchor initialized from legacy router.weight
[init] layer 17 expert_key/expert_anchor initialized from legacy router.weight
[init] layer 18 expert_key/expert_anchor initialized from legacy router.weight
[init] layer 19 expert_key/expert_anchor initialized from legacy router.weight
[init] layer 20 expert_key/expert_anchor initialized from legacy router.weight
[init] layer 21 expert_key/expert_anchor initialized from legacy router.weight
[init] layer 22 expert_key/expert_anchor initialized from legacy router.weight
[init] layer 23 expert_key/expert_anchor initialized from legacy router.weight
[init] initialized new router modules from legacy dense router for 24 layers
[init] layer 0 expert_key/expert_anchor initialized from legacy router.weight
[init] layer 1 expert_key/expert_anchor initialized from legacy router.weight
[init] layer 2 expert_key/expert_anchor initialized from legacy router.weight
[init] layer 3 expert_key/expert_anchor initialized from legacy router.weight
[init] layer 4 expert_key/expert_anchor initialized from legacy router.weight
[init] layer 5 expert_key/expert_anchor initialized from legacy router.weight
[init] layer 6 expert_key/expert_anchor initialized from legacy router.weight
[init] layer 7 expert_key/expert_anchor initialized from legacy router.weight
[init] layer 8 expert_key/expert_anchor initialized from legacy router.weight
[init] layer 9 expert_key/expert_anchor initialized from legacy router.weight
[init] layer 10 expert_key/expert_anchor initialized from legacy router.weight
[init] layer 11 expert_key/expert_anchor initialized from legacy router.weight
[init] layer 12 expert_key/expert_anchor initialized from legacy router.weight
[init] layer 13 expert_key/expert_anchor initialized from legacy router.weight
[init] layer 14 expert_key/expert_anchor initialized from legacy router.weight
[init] layer 15 expert_key/expert_anchor initialized from legacy router.weight
[init] layer 16 expert_key/expert_anchor initialized from legacy router.weight
[init] layer 17 expert_key/expert_anchor initialized from legacy router.weight
[init] layer 18 expert_key/expert_anchor initialized from legacy router.weight
[init] layer 19 expert_key/expert_anchor initialized from legacy router.weight
[init] layer 20 expert_key/expert_anchor initialized from legacy router.weight
[init] layer 21 expert_key/expert_anchor initialized from legacy router.weight
[init] layer 22 expert_key/expert_anchor initialized from legacy router.weight
[init] layer 23 expert_key/expert_anchor initialized from legacy router.weight
[stage1] trainable cross-attention router params: 25559040
[stage1][data] train=1125 (ratio=0.500, seed=42)
[stage1] epoch=1/1 step=50 loss=0.395924 kl=0.188978 logit=0.071875 t_ent=1.5874 s_ent=1.7617 top1=0.8094 topk=0.7987 cos=0.9023 elapsed=0.2m
[stage1] epoch=1/1 step=100 loss=0.175236 kl=0.083357 logit=0.034088 t_ent=1.5873 s_ent=1.6623 top1=0.8909 topk=0.8671 cos=0.9437 elapsed=0.5m
[stage1] saving full checkpoint to /mnt/data/models/fv1_arc_e_wova/ckpt_after_stage1
[2026-04-23 17:32:19,086] [INFO] [real_accelerator.py:203:get_accelerator] Setting ds_accelerator to cuda (auto detect)
[93m [WARNING] [0m async_io requires the dev libaio .so object and headers but these were not found.
[93m [WARNING] [0m async_io: please install the libaio-dev package with apt
[93m [WARNING] [0m If libaio is already installed (perhaps from source), try setting the CFLAGS and LDFLAGS environment variables to where it can be found.
[93m [WARNING] [0m Please specify the CUTLASS repo directory as environment variable $CUTLASS_PATH
[93m [WARNING] [0m sparse_attn requires a torch version >= 1.5 and < 2.0 but detected 2.5
[93m [WARNING] [0m using untested triton version (3.1.0), only 1.0.0 is known to be compatible

[launcher] running:
  /home/vipuser/miniconda3/envs/op/bin/python -m torch.distributed.run --nproc_per_node 2 /root/Predict_v2/run_stage2_dynamic_moe.py --model_path /root/models/Dynamic_MoE --output_dir /mnt/data/models/fv1_arc_e_wova --dataset arc-e --eval_dataset arc-e --train_split train --eval_split validation --block_size 150 --batch_size 4 --grad_accum 1 --epochs 2 --lr 6e-05 --lora_r 16 --lora_alpha 16 --lora_dropout 0.05 --num_proc 16 --load_in_4bit 0 --load_in_8bit 0 --use_bnb_8bit 0 --load_in_fp16 0 --fp16 0 --bf16 0 --train_extra_params_in_fp32 1 --router_use_entmax 0 --router_top_k 2 --router_entmax_alpha 1.7 --router_anchor_loss_coef 0.01 --router_anchor_momentum 0.99 --min_lr_ratio 0.1 --router_lr_mult 1.0 --eval_max_samples 200 --router_use_softmax_temperature 1 --router_softmax_temperature 0.8 --stage2_init_path /mnt/data/models/fv1_arc_e_wova/ckpt_after_stage1
[load] tokenizer from model_path: /root/models/Dynamic_MoE
[load] distributed=True world_size=2 4bit=False 8bit=False
[train] mixed precision: fp16=False bf16=False
[stage2] loading model from /mnt/data/models/fv1_arc_e_wova/ckpt_after_stage1
[load] checkpoint loaded with strict=False: missing=0 unexpected=0 dtype=torch.float32
[stage2] extra trainable new-router params: 25559040
[stage2] cast selected router params to fp32: 0
[stage2] trainable params: 99483648/3587621888 (2.77%)
trainable params: 99,483,648 || all params: 3,587,621,888 || trainable%: 2.7730
[stage2][data] train=2251 eval=200 block_size=150
[stage2][opt] param groups: other=2496 router=48
[stage2][opt] lrs: other=6.000e-05 router=6.000e-05
[train] epoch=1/2 step=50/562 loss=0.3161 ce=0.3161 ce_ema=1.8367 pairwise=0.0000 pairwise_acc=0.0000 anchor=0.0012 budget=0.0000 top_k=2 anchor_key_cos=0.9988 lr=5.948e-05 elapsed=0.9m
[train] epoch=1/2 step=100/562 loss=0.2284 ce=0.2283 ce_ema=0.9324 pairwise=0.0000 pairwise_acc=0.0000 anchor=0.0012 budget=0.0000 top_k=2 anchor_key_cos=0.9988 lr=5.691e-05 elapsed=1.9m
[train] epoch=1/2 step=150/562 loss=0.2664 ce=0.2664 ce_ema=0.5697 pairwise=0.0000 pairwise_acc=0.0000 anchor=0.0012 budget=0.0000 top_k=2 anchor_key_cos=0.9988 lr=5.236e-05 elapsed=2.8m
[train] epoch=1/2 step=200/562 loss=0.4636 ce=0.4636 ce_ema=0.4684 pairwise=0.0000 pairwise_acc=0.0000 anchor=0.0012 budget=0.0000 top_k=2 anchor_key_cos=0.9988 lr=4.623e-05 elapsed=3.9m
[eval] step=200 loss=0.3688 ce=0.3688 pairwise=0.0000 pairwise_acc=0.0000 ppl=1.45
[train] epoch=1/2 step=250/562 loss=0.4421 ce=0.4421 ce_ema=0.3962 pairwise=0.0000 pairwise_acc=0.0000 anchor=0.0012 budget=0.0000 top_k=2 anchor_key_cos=0.9988 lr=3.901e-05 elapsed=4.9m
[train] epoch=2/2 step=300/562 loss=0.3012 ce=0.3012 ce_ema=0.3251 pairwise=0.0000 pairwise_acc=0.0000 anchor=0.0013 budget=0.0000 top_k=2 anchor_key_cos=0.9987 lr=3.129e-05 elapsed=5.8m
[train] epoch=2/2 step=350/562 loss=0.0634 ce=0.0634 ce_ema=0.2504 pairwise=0.0000 pairwise_acc=0.0000 anchor=0.0013 budget=0.0000 top_k=2 anchor_key_cos=0.9987 lr=2.372e-05 elapsed=6.8m
[train] epoch=2/2 step=400/562 loss=0.3652 ce=0.3652 ce_ema=0.2290 pairwise=0.0000 pairwise_acc=0.0000 anchor=0.0013 budget=0.0000 top_k=2 anchor_key_cos=0.9987 lr=1.690e-05 elapsed=8.0m
[eval] step=400 loss=0.3492 ce=0.3492 pairwise=0.0000 pairwise_acc=0.0000 ppl=1.42
[train] epoch=2/2 step=450/562 loss=0.1717 ce=0.1716 ce_ema=0.1917 pairwise=0.0000 pairwise_acc=0.0000 anchor=0.0013 budget=0.0000 top_k=2 anchor_key_cos=0.9987 lr=1.142e-05 elapsed=9.0m
[train] epoch=2/2 step=500/562 loss=0.1688 ce=0.1688 ce_ema=0.2214 pairwise=0.0000 pairwise_acc=0.0000 anchor=0.0013 budget=0.0000 top_k=2 anchor_key_cos=0.9987 lr=7.700e-06 elapsed=9.9m
[train] epoch=2/2 step=550/562 loss=0.1800 ce=0.1800 ce_ema=0.2016 pairwise=0.0000 pairwise_acc=0.0000 anchor=0.0013 budget=0.0000 top_k=2 anchor_key_cos=0.9987 lr=6.064e-06 elapsed=11.0m
[save] moving merged model to cpu before export
[save] merged + fp32 full model -> /mnt/data/models/fv1_arc_e_wova
[save] final router top_k -> 2
[2026-04-23 17:46:15,343] [INFO] [real_accelerator.py:203:get_accelerator] Setting ds_accelerator to cuda (auto detect)
[93m [WARNING] [0m async_io requires the dev libaio .so object and headers but these were not found.
[93m [WARNING] [0m async_io: please install the libaio-dev package with apt
[93m [WARNING] [0m If libaio is already installed (perhaps from source), try setting the CFLAGS and LDFLAGS environment variables to where it can be found.
[93m [WARNING] [0m Please specify the CUTLASS repo directory as environment variable $CUTLASS_PATH
[93m [WARNING] [0m sparse_attn requires a torch version >= 1.5 and < 2.0 but detected 2.5
[93m [WARNING] [0m using untested triton version (3.1.0), only 1.0.0 is known to be compatible

[launcher] done.
