
[launcher] running:
  /home/vipuser/miniconda3/envs/op/bin/python -m torch.distributed.run --nproc_per_node 2 /root/Predict_v2/run_stage1_dynamic_moe.py --model_path /root/models/Dynamic_MoE --output_dir /mnt/data/models/fv1_siqa --dataset siqa --eval_dataset siqa --train_split train --eval_split validation --block_size 150 --batch_size 12 --grad_accum 1 --epochs 3 --lr 8e-05 --lora_r 16 --lora_alpha 16 --lora_dropout 0.05 --num_proc 16 --load_in_4bit 0 --load_in_8bit 0 --use_bnb_8bit 0 --load_in_fp16 0 --fp16 0 --bf16 0 --train_extra_params_in_fp32 1 --router_use_entmax 0 --router_top_k 2 --router_entmax_alpha 1.7 --router_anchor_loss_coef 0.01 --router_anchor_momentum 0.99 --min_lr_ratio 0.1 --router_lr_mult 1.0 --eval_max_samples 200 --router_use_softmax_temperature 1 --router_softmax_temperature 0.8 --stage1_epochs 1 --stage1_lr 0.0001 --stage1_grad_accum 1 --stage1_data_ratio 0.5 --stage1_distill_temperature 2.0 --stage1_kl_coef 2.0 --stage1_logit_coef 0.25 --stage1_use_logit_loss 1
[load] tokenizer from model_path: /root/models/Dynamic_MoE
[load] distributed=True world_size=2 4bit=False 8bit=False
[train] mixed precision: fp16=False bf16=False
[stage1] loading base model for router distillation
[load] checkpoint loaded with strict=False: missing=144 unexpected=24 dtype=torch.float32
[init] layer 0 expert_key/expert_anchor initialized from legacy router.weight
[init] layer 1 expert_key/expert_anchor initialized from legacy router.weight
[init] layer 2 expert_key/expert_anchor initialized from legacy router.weight
[init] layer 3 expert_key/expert_anchor initialized from legacy router.weight
[init] layer 4 expert_key/expert_anchor initialized from legacy router.weight
[init] layer 5 expert_key/expert_anchor initialized from legacy router.weight
[init] layer 6 expert_key/expert_anchor initialized from legacy router.weight
[init] layer 7 expert_key/expert_anchor initialized from legacy router.weight
[init] layer 8 expert_key/expert_anchor initialized from legacy router.weight
[init] layer 9 expert_key/expert_anchor initialized from legacy router.weight
[init] layer 10 expert_key/expert_anchor initialized from legacy router.weight
[init] layer 11 expert_key/expert_anchor initialized from legacy router.weight
[init] layer 12 expert_key/expert_anchor initialized from legacy router.weight[init] layer 0 expert_key/expert_anchor initialized from legacy router.weight
[init] layer 13 expert_key/expert_anchor initialized from legacy router.weight
[init] layer 14 expert_key/expert_anchor initialized from legacy router.weight

[init] layer 15 expert_key/expert_anchor initialized from legacy router.weight[init] layer 1 expert_key/expert_anchor initialized from legacy router.weight

[init] layer 2 expert_key/expert_anchor initialized from legacy router.weight[init] layer 16 expert_key/expert_anchor initialized from legacy router.weight

[init] layer 3 expert_key/expert_anchor initialized from legacy router.weight
[init] layer 17 expert_key/expert_anchor initialized from legacy router.weight
[init] layer 4 expert_key/expert_anchor initialized from legacy router.weight
[init] layer 18 expert_key/expert_anchor initialized from legacy router.weight[init] layer 5 expert_key/expert_anchor initialized from legacy router.weight

[init] layer 6 expert_key/expert_anchor initialized from legacy router.weight[init] layer 19 expert_key/expert_anchor initialized from legacy router.weight

[init] layer 7 expert_key/expert_anchor initialized from legacy router.weight
[init] layer 20 expert_key/expert_anchor initialized from legacy router.weight[init] layer 8 expert_key/expert_anchor initialized from legacy router.weight

[init] layer 9 expert_key/expert_anchor initialized from legacy router.weight[init] layer 21 expert_key/expert_anchor initialized from legacy router.weight

[init] layer 10 expert_key/expert_anchor initialized from legacy router.weight[init] layer 22 expert_key/expert_anchor initialized from legacy router.weight

[init] layer 11 expert_key/expert_anchor initialized from legacy router.weight
[init] layer 23 expert_key/expert_anchor initialized from legacy router.weight[init] layer 12 expert_key/expert_anchor initialized from legacy router.weight

[init] layer 13 expert_key/expert_anchor initialized from legacy router.weight
[init] layer 14 expert_key/expert_anchor initialized from legacy router.weight
[init] layer 15 expert_key/expert_anchor initialized from legacy router.weight
[init] layer 16 expert_key/expert_anchor initialized from legacy router.weight
[init] layer 17 expert_key/expert_anchor initialized from legacy router.weight
[init] layer 18 expert_key/expert_anchor initialized from legacy router.weight
[init] layer 19 expert_key/expert_anchor initialized from legacy router.weight
[init] layer 20 expert_key/expert_anchor initialized from legacy router.weight
[init] layer 21 expert_key/expert_anchor initialized from legacy router.weight
[init] layer 22 expert_key/expert_anchor initialized from legacy router.weight
[init] layer 23 expert_key/expert_anchor initialized from legacy router.weight
[init] initialized new router modules from legacy dense router for 24 layers
[stage1] trainable cross-attention router params: 25565184
[stage1][data] train=16705 (ratio=0.500, seed=42)
[stage1] epoch=1/1 step=50 loss=2.218342 kl=1.058047 logit=0.408988 t_ent=1.7481 s_ent=2.6118 top1=0.3844 topk=0.4297 cos=0.4582 elapsed=0.4m
[stage1] epoch=1/1 step=100 loss=2.324314 kl=1.114538 logit=0.380953 t_ent=1.6861 s_ent=2.5986 top1=0.4629 topk=0.4768 cos=0.4992 elapsed=0.8m
[stage1] epoch=1/1 step=150 loss=2.321386 kl=1.114315 logit=0.371027 t_ent=1.6750 s_ent=2.5934 top1=0.4956 topk=0.4950 cos=0.5130 elapsed=1.1m
[stage1] epoch=1/1 step=200 loss=2.360669 kl=1.134417 logit=0.367340 t_ent=1.6539 s_ent=2.5855 top1=0.5097 topk=0.4998 cos=0.5180 elapsed=1.5m
[stage1] epoch=1/1 step=250 loss=2.312175 kl=1.110916 logit=0.361377 t_ent=1.6602 s_ent=2.5851 top1=0.5305 topk=0.5093 cos=0.5266 elapsed=1.9m
[stage1] epoch=1/1 step=300 loss=2.313047 kl=1.111886 logit=0.357102 t_ent=1.6583 s_ent=2.5833 top1=0.5372 topk=0.5138 cos=0.5328 elapsed=2.2m
[stage1] epoch=1/1 step=350 loss=2.326079 kl=1.118833 logit=0.353651 t_ent=1.6469 s_ent=2.5801 top1=0.5519 topk=0.5204 cos=0.5388 elapsed=2.6m
[stage1] epoch=1/1 step=400 loss=2.287277 kl=1.099655 logit=0.351871 t_ent=1.6517 s_ent=2.5794 top1=0.5588 topk=0.5228 cos=0.5426 elapsed=3.0m
[stage1] epoch=1/1 step=450 loss=2.282404 kl=1.097556 logit=0.349172 t_ent=1.6499 s_ent=2.5786 top1=0.5607 topk=0.5245 cos=0.5457 elapsed=3.3m
[stage1] epoch=1/1 step=500 loss=2.286858 kl=1.100248 logit=0.345447 t_ent=1.6506 s_ent=2.5789 top1=0.5687 topk=0.5286 cos=0.5518 elapsed=3.7m
[stage1] epoch=1/1 step=550 loss=2.283014 kl=1.098486 logit=0.344162 t_ent=1.6484 s_ent=2.5780 top1=0.5672 topk=0.5316 cos=0.5540 elapsed=4.1m
[stage1] epoch=1/1 step=600 loss=2.283201 kl=1.098751 logit=0.342798 t_ent=1.6456 s_ent=2.5748 top1=0.5723 topk=0.5356 cos=0.5564 elapsed=4.4m
[stage1] epoch=1/1 step=650 loss=2.290637 kl=1.103043 logit=0.338206 t_ent=1.6405 s_ent=2.5741 top1=0.5823 topk=0.5413 cos=0.5626 elapsed=4.8m
[stage1] saving full checkpoint to /mnt/data/models/fv1_siqa/ckpt_after_stage1
[2026-04-24 07:45:39,657] [INFO] [real_accelerator.py:203:get_accelerator] Setting ds_accelerator to cuda (auto detect)
[93m [WARNING] [0m async_io requires the dev libaio .so object and headers but these were not found.
[93m [WARNING] [0m async_io: please install the libaio-dev package with apt
[93m [WARNING] [0m If libaio is already installed (perhaps from source), try setting the CFLAGS and LDFLAGS environment variables to where it can be found.
[93m [WARNING] [0m Please specify the CUTLASS repo directory as environment variable $CUTLASS_PATH
[93m [WARNING] [0m sparse_attn requires a torch version >= 1.5 and < 2.0 but detected 2.5
[93m [WARNING] [0m using untested triton version (3.1.0), only 1.0.0 is known to be compatible

[launcher] running:
  /home/vipuser/miniconda3/envs/op/bin/python -m torch.distributed.run --nproc_per_node 2 /root/Predict_v2/run_stage2_dynamic_moe.py --model_path /root/models/Dynamic_MoE --output_dir /mnt/data/models/fv1_siqa --dataset siqa --eval_dataset siqa --train_split train --eval_split validation --block_size 150 --batch_size 12 --grad_accum 1 --epochs 3 --lr 8e-05 --lora_r 16 --lora_alpha 16 --lora_dropout 0.05 --num_proc 16 --load_in_4bit 0 --load_in_8bit 0 --use_bnb_8bit 0 --load_in_fp16 0 --fp16 0 --bf16 0 --train_extra_params_in_fp32 1 --router_use_entmax 0 --router_top_k 2 --router_entmax_alpha 1.7 --router_anchor_loss_coef 0.01 --router_anchor_momentum 0.99 --min_lr_ratio 0.1 --router_lr_mult 1.0 --eval_max_samples 200 --router_use_softmax_temperature 1 --router_softmax_temperature 0.8 --stage2_init_path /mnt/data/models/fv1_siqa/ckpt_after_stage1
[load] tokenizer from model_path: /root/models/Dynamic_MoE
[load] distributed=True world_size=2 4bit=False 8bit=False
[train] mixed precision: fp16=False bf16=False
[stage2] loading model from /mnt/data/models/fv1_siqa/ckpt_after_stage1
[load] checkpoint loaded with strict=False: missing=0 unexpected=0 dtype=torch.float32
[stage2] extra trainable new-router params: 25565184
[stage2] cast selected router params to fp32: 0
[stage2] trainable params: 99489792/3587628032 (2.77%)
trainable params: 99,489,792 || all params: 3,587,628,032 || trainable%: 2.7731
[stage2][data] train=33410 eval=200 block_size=150
[stage2][opt] param groups: other=2496 router=72
[stage2][opt] lrs: other=8.000e-05 router=8.000e-05
[train] epoch=1/3 step=50/4176 loss=2.6766 ce=2.6764 ce_ema=3.6085 pairwise=0.0000 pairwise_acc=0.0000 anchor=0.0122 v_anchor=0.0035 budget=0.0000 top_k=2 anchor_key_cos=0.9878 value_anchor_cos=0.9965 lr=3.264e-05 elapsed=1.3m
[train] epoch=1/3 step=100/4176 loss=1.6263 ce=1.6260 ce_ema=2.6146 pairwise=0.0000 pairwise_acc=0.0000 anchor=0.0121 v_anchor=0.0126 budget=0.0000 top_k=2 anchor_key_cos=0.9879 value_anchor_cos=0.9874 lr=6.464e-05 elapsed=2.5m
[train] epoch=1/3 step=150/4176 loss=1.7203 ce=1.7197 ce_ema=2.0304 pairwise=0.0000 pairwise_acc=0.0000 anchor=0.0121 v_anchor=0.0408 budget=0.0000 top_k=2 anchor_key_cos=0.9879 value_anchor_cos=0.9592 lr=7.999e-05 elapsed=3.7m
[train] epoch=1/3 step=200/4176 loss=1.6970 ce=1.6958 ce_ema=1.7625 pairwise=0.0000 pairwise_acc=0.0000 anchor=0.0121 v_anchor=0.1088 budget=0.0000 top_k=2 anchor_key_cos=0.9879 value_anchor_cos=0.8912 lr=7.994e-05 elapsed=5.0m
[eval] step=200 loss=1.5921 ce=1.5921 pairwise=0.0000 pairwise_acc=0.0000 ppl=4.91
[train] epoch=1/3 step=250/4176 loss=1.4727 ce=1.4702 ce_ema=1.6389 pairwise=0.0000 pairwise_acc=0.0000 anchor=0.0120 v_anchor=0.2402 budget=0.0000 top_k=2 anchor_key_cos=0.9880 value_anchor_cos=0.7598 lr=7.983e-05 elapsed=6.3m
[train] epoch=1/3 step=300/4176 loss=1.3141 ce=1.3097 ce_ema=1.5799 pairwise=0.0000 pairwise_acc=0.0000 anchor=0.0120 v_anchor=0.4278 budget=0.0000 top_k=2 anchor_key_cos=0.9880 value_anchor_cos=0.5722 lr=7.967e-05 elapsed=7.6m
[train] epoch=1/3 step=350/4176 loss=1.4629 ce=1.4566 ce_ema=1.5358 pairwise=0.0000 pairwise_acc=0.0000 anchor=0.0120 v_anchor=0.6126 budget=0.0000 top_k=2 anchor_key_cos=0.9880 value_anchor_cos=0.3874 lr=7.945e-05 elapsed=8.8m
[train] epoch=1/3 step=400/4176 loss=1.5435 ce=1.5359 ce_ema=1.5230 pairwise=0.0000 pairwise_acc=0.0000 anchor=0.0121 v_anchor=0.7504 budget=0.0000 top_k=2 anchor_key_cos=0.9879 value_anchor_cos=0.2496 lr=7.918e-05 elapsed=10.2m
[eval] step=400 loss=1.5269 ce=1.5269 pairwise=0.0000 pairwise_acc=0.0000 ppl=4.60
[train] epoch=1/3 step=450/4176 loss=1.3845 ce=1.3760 ce_ema=1.5144 pairwise=0.0000 pairwise_acc=0.0000 anchor=0.0121 v_anchor=0.8410 budget=0.0000 top_k=2 anchor_key_cos=0.9879 value_anchor_cos=0.1590 lr=7.886e-05 elapsed=11.4m
[train] epoch=1/3 step=500/4176 loss=1.5407 ce=1.5316 ce_ema=1.4785 pairwise=0.0000 pairwise_acc=0.0000 anchor=0.0121 v_anchor=0.8977 budget=0.0000 top_k=2 anchor_key_cos=0.9879 value_anchor_cos=0.1023 lr=7.849e-05 elapsed=12.7m
[train] epoch=1/3 step=550/4176 loss=1.6068 ce=1.5974 ce_ema=1.4811 pairwise=0.0000 pairwise_acc=0.0000 anchor=0.0122 v_anchor=0.9318 budget=0.0000 top_k=2 anchor_key_cos=0.9878 value_anchor_cos=0.0682 lr=7.806e-05 elapsed=13.9m
[train] epoch=1/3 step=600/4176 loss=1.5410 ce=1.5314 ce_ema=1.4644 pairwise=0.0000 pairwise_acc=0.0000 anchor=0.0122 v_anchor=0.9518 budget=0.0000 top_k=2 anchor_key_cos=0.9878 value_anchor_cos=0.0482 lr=7.758e-05 elapsed=15.2m
[eval] step=600 loss=1.5022 ce=1.5022 pairwise=0.0000 pairwise_acc=0.0000 ppl=4.49
[train] epoch=1/3 step=650/4176 loss=1.5047 ce=1.4949 ce_ema=1.4656 pairwise=0.0000 pairwise_acc=0.0000 anchor=0.0123 v_anchor=0.9639 budget=0.0000 top_k=2 anchor_key_cos=0.9877 value_anchor_cos=0.0361 lr=7.706e-05 elapsed=16.5m
[train] epoch=1/3 step=700/4176 loss=1.5164 ce=1.5066 ce_ema=1.4760 pairwise=0.0000 pairwise_acc=0.0000 anchor=0.0125 v_anchor=0.9712 budget=0.0000 top_k=2 anchor_key_cos=0.9875 value_anchor_cos=0.0288 lr=7.648e-05 elapsed=17.8m
[train] epoch=1/3 step=750/4176 loss=1.4023 ce=1.3924 ce_ema=1.4631 pairwise=0.0000 pairwise_acc=0.0000 anchor=0.0126 v_anchor=0.9754 budget=0.0000 top_k=2 anchor_key_cos=0.9874 value_anchor_cos=0.0246 lr=7.585e-05 elapsed=19.0m
[train] epoch=1/3 step=800/4176 loss=1.5668 ce=1.5569 ce_ema=1.4611 pairwise=0.0000 pairwise_acc=0.0000 anchor=0.0127 v_anchor=0.9777 budget=0.0000 top_k=2 anchor_key_cos=0.9873 value_anchor_cos=0.0223 lr=7.518e-05 elapsed=20.4m
[eval] step=800 loss=1.4829 ce=1.4829 pairwise=0.0000 pairwise_acc=0.0000 ppl=4.41
[train] epoch=1/3 step=850/4176 loss=1.3091 ce=1.2992 ce_ema=1.4457 pairwise=0.0000 pairwise_acc=0.0000 anchor=0.0128 v_anchor=0.9788 budget=0.0000 top_k=2 anchor_key_cos=0.9872 value_anchor_cos=0.0212 lr=7.446e-05 elapsed=21.6m
[train] epoch=1/3 step=900/4176 loss=1.5970 ce=1.5871 ce_ema=1.4482 pairwise=0.0000 pairwise_acc=0.0000 anchor=0.0129 v_anchor=0.9789 budget=0.0000 top_k=2 anchor_key_cos=0.9871 value_anchor_cos=0.0211 lr=7.369e-05 elapsed=22.9m
[train] epoch=1/3 step=950/4176 loss=1.5759 ce=1.5660 ce_ema=1.4417 pairwise=0.0000 pairwise_acc=0.0000 anchor=0.0129 v_anchor=0.9784 budget=0.0000 top_k=2 anchor_key_cos=0.9871 value_anchor_cos=0.0216 lr=7.288e-05 elapsed=24.1m
[train] epoch=1/3 step=1000/4176 loss=1.4497 ce=1.4398 ce_ema=1.4265 pairwise=0.0000 pairwise_acc=0.0000 anchor=0.0129 v_anchor=0.9783 budget=0.0000 top_k=2 anchor_key_cos=0.9871 value_anchor_cos=0.0217 lr=7.202e-05 elapsed=25.5m
[eval] step=1000 loss=1.4672 ce=1.4672 pairwise=0.0000 pairwise_acc=0.0000 ppl=4.34
[train] epoch=1/3 step=1050/4176 loss=1.3477 ce=1.3378 ce_ema=1.4222 pairwise=0.0000 pairwise_acc=0.0000 anchor=0.0130 v_anchor=0.9785 budget=0.0000 top_k=2 anchor_key_cos=0.9870 value_anchor_cos=0.0215 lr=7.113e-05 elapsed=26.7m
[train] epoch=1/3 step=1100/4176 loss=1.5554 ce=1.5455 ce_ema=1.4426 pairwise=0.0000 pairwise_acc=0.0000 anchor=0.0130 v_anchor=0.9787 budget=0.0000 top_k=2 anchor_key_cos=0.9870 value_anchor_cos=0.0213 lr=7.019e-05 elapsed=28.0m
[train] epoch=1/3 step=1150/4176 loss=1.4702 ce=1.4603 ce_ema=1.4450 pairwise=0.0000 pairwise_acc=0.0000 anchor=0.0131 v_anchor=0.9783 budget=0.0000 top_k=2 anchor_key_cos=0.9869 value_anchor_cos=0.0217 lr=6.921e-05 elapsed=29.3m
[train] epoch=1/3 step=1200/4176 loss=1.5664 ce=1.5565 ce_ema=1.4306 pairwise=0.0000 pairwise_acc=0.0000 anchor=0.0131 v_anchor=0.9776 budget=0.0000 top_k=2 anchor_key_cos=0.9869 value_anchor_cos=0.0224 lr=6.820e-05 elapsed=30.6m
[eval] step=1200 loss=1.4697 ce=1.4697 pairwise=0.0000 pairwise_acc=0.0000 ppl=4.35
[train] epoch=1/3 step=1250/4176 loss=1.4170 ce=1.4071 ce_ema=1.4362 pairwise=0.0000 pairwise_acc=0.0000 anchor=0.0132 v_anchor=0.9770 budget=0.0000 top_k=2 anchor_key_cos=0.9868 value_anchor_cos=0.0230 lr=6.715e-05 elapsed=31.9m
[train] epoch=1/3 step=1300/4176 loss=1.3531 ce=1.3432 ce_ema=1.4465 pairwise=0.0000 pairwise_acc=0.0000 anchor=0.0132 v_anchor=0.9763 budget=0.0000 top_k=2 anchor_key_cos=0.9868 value_anchor_cos=0.0237 lr=6.606e-05 elapsed=33.1m
[train] epoch=1/3 step=1350/4176 loss=1.4103 ce=1.4005 ce_ema=1.4316 pairwise=0.0000 pairwise_acc=0.0000 anchor=0.0132 v_anchor=0.9756 budget=0.0000 top_k=2 anchor_key_cos=0.9868 value_anchor_cos=0.0244 lr=6.494e-05 elapsed=34.4m
[train] epoch=2/3 step=1400/4176 loss=1.2548 ce=1.2449 ce_ema=1.4214 pairwise=0.0000 pairwise_acc=0.0000 anchor=0.0133 v_anchor=0.9751 budget=0.0000 top_k=2 anchor_key_cos=0.9867 value_anchor_cos=0.0249 lr=6.379e-05 elapsed=35.8m
[eval] step=1400 loss=1.4579 ce=1.4579 pairwise=0.0000 pairwise_acc=0.0000 ppl=4.30
[train] epoch=2/3 step=1450/4176 loss=1.3212 ce=1.3114 ce_ema=1.3852 pairwise=0.0000 pairwise_acc=0.0000 anchor=0.0133 v_anchor=0.9737 budget=0.0000 top_k=2 anchor_key_cos=0.9867 value_anchor_cos=0.0263 lr=6.261e-05 elapsed=37.1m
[train] epoch=2/3 step=1500/4176 loss=1.3627 ce=1.3529 ce_ema=1.3821 pairwise=0.0000 pairwise_acc=0.0000 anchor=0.0133 v_anchor=0.9729 budget=0.0000 top_k=2 anchor_key_cos=0.9867 value_anchor_cos=0.0271 lr=6.140e-05 elapsed=38.4m
[train] epoch=2/3 step=1550/4176 loss=1.4026 ce=1.3927 ce_ema=1.3821 pairwise=0.0000 pairwise_acc=0.0000 anchor=0.0134 v_anchor=0.9723 budget=0.0000 top_k=2 anchor_key_cos=0.9866 value_anchor_cos=0.0277 lr=6.017e-05 elapsed=39.6m
[train] epoch=2/3 step=1600/4176 loss=1.6011 ce=1.5913 ce_ema=1.3812 pairwise=0.0000 pairwise_acc=0.0000 anchor=0.0135 v_anchor=0.9720 budget=0.0000 top_k=2 anchor_key_cos=0.9865 value_anchor_cos=0.0280 lr=5.891e-05 elapsed=41.0m
[eval] step=1600 loss=1.4527 ce=1.4527 pairwise=0.0000 pairwise_acc=0.0000 ppl=4.27
[train] epoch=2/3 step=1650/4176 loss=1.3259 ce=1.3160 ce_ema=1.3709 pairwise=0.0000 pairwise_acc=0.0000 anchor=0.0135 v_anchor=0.9717 budget=0.0000 top_k=2 anchor_key_cos=0.9865 value_anchor_cos=0.0283 lr=5.762e-05 elapsed=42.3m
[train] epoch=2/3 step=1700/4176 loss=1.3923 ce=1.3824 ce_ema=1.3761 pairwise=0.0000 pairwise_acc=0.0000 anchor=0.0136 v_anchor=0.9712 budget=0.0000 top_k=2 anchor_key_cos=0.9864 value_anchor_cos=0.0288 lr=5.632e-05 elapsed=43.5m
[train] epoch=2/3 step=1750/4176 loss=1.4247 ce=1.4149 ce_ema=1.3664 pairwise=0.0000 pairwise_acc=0.0000 anchor=0.0136 v_anchor=0.9708 budget=0.0000 top_k=2 anchor_key_cos=0.9864 value_anchor_cos=0.0292 lr=5.500e-05 elapsed=44.8m
[train] epoch=2/3 step=1800/4176 loss=1.4847 ce=1.4748 ce_ema=1.3779 pairwise=0.0000 pairwise_acc=0.0000 anchor=0.0136 v_anchor=0.9703 budget=0.0000 top_k=2 anchor_key_cos=0.9864 value_anchor_cos=0.0297 lr=5.367e-05 elapsed=46.1m
[eval] step=1800 loss=1.4580 ce=1.4580 pairwise=0.0000 pairwise_acc=0.0000 ppl=4.30
[train] epoch=2/3 step=1850/4176 loss=1.4168 ce=1.4070 ce_ema=1.3724 pairwise=0.0000 pairwise_acc=0.0000 anchor=0.0137 v_anchor=0.9698 budget=0.0000 top_k=2 anchor_key_cos=0.9863 value_anchor_cos=0.0302 lr=5.231e-05 elapsed=47.4m
[train] epoch=2/3 step=1900/4176 loss=1.3084 ce=1.2986 ce_ema=1.3675 pairwise=0.0000 pairwise_acc=0.0000 anchor=0.0137 v_anchor=0.9691 budget=0.0000 top_k=2 anchor_key_cos=0.9863 value_anchor_cos=0.0309 lr=5.095e-05 elapsed=48.7m
[train] epoch=2/3 step=1950/4176 loss=1.2314 ce=1.2216 ce_ema=1.3546 pairwise=0.0000 pairwise_acc=0.0000 anchor=0.0137 v_anchor=0.9682 budget=0.0000 top_k=2 anchor_key_cos=0.9863 value_anchor_cos=0.0318 lr=4.958e-05 elapsed=49.9m
[train] epoch=2/3 step=2000/4176 loss=1.3034 ce=1.2936 ce_ema=1.3685 pairwise=0.0000 pairwise_acc=0.0000 anchor=0.0137 v_anchor=0.9676 budget=0.0000 top_k=2 anchor_key_cos=0.9863 value_anchor_cos=0.0324 lr=4.819e-05 elapsed=51.3m
[eval] step=2000 loss=1.4433 ce=1.4433 pairwise=0.0000 pairwise_acc=0.0000 ppl=4.23
[train] epoch=2/3 step=2050/4176 loss=1.2877 ce=1.2779 ce_ema=1.3539 pairwise=0.0000 pairwise_acc=0.0000 anchor=0.0138 v_anchor=0.9674 budget=0.0000 top_k=2 anchor_key_cos=0.9862 value_anchor_cos=0.0326 lr=4.680e-05 elapsed=52.5m
[train] epoch=2/3 step=2100/4176 loss=1.3032 ce=1.2934 ce_ema=1.3460 pairwise=0.0000 pairwise_acc=0.0000 anchor=0.0138 v_anchor=0.9673 budget=0.0000 top_k=2 anchor_key_cos=0.9862 value_anchor_cos=0.0327 lr=4.541e-05 elapsed=53.8m
[train] epoch=2/3 step=2150/4176 loss=1.3110 ce=1.3012 ce_ema=1.3488 pairwise=0.0000 pairwise_acc=0.0000 anchor=0.0138 v_anchor=0.9669 budget=0.0000 top_k=2 anchor_key_cos=0.9862 value_anchor_cos=0.0331 lr=4.401e-05 elapsed=55.1m
[train] epoch=2/3 step=2200/4176 loss=1.3847 ce=1.3748 ce_ema=1.3589 pairwise=0.0000 pairwise_acc=0.0000 anchor=0.0138 v_anchor=0.9667 budget=0.0000 top_k=2 anchor_key_cos=0.9862 value_anchor_cos=0.0333 lr=4.262e-05 elapsed=56.4m
[eval] step=2200 loss=1.4346 ce=1.4346 pairwise=0.0000 pairwise_acc=0.0000 ppl=4.20
[train] epoch=2/3 step=2250/4176 loss=1.2675 ce=1.2577 ce_ema=1.3518 pairwise=0.0000 pairwise_acc=0.0000 anchor=0.0138 v_anchor=0.9668 budget=0.0000 top_k=2 anchor_key_cos=0.9862 value_anchor_cos=0.0332 lr=4.122e-05 elapsed=57.6m
[train] epoch=2/3 step=2300/4176 loss=1.2328 ce=1.2230 ce_ema=1.3487 pairwise=0.0000 pairwise_acc=0.0000 anchor=0.0138 v_anchor=0.9664 budget=0.0000 top_k=2 anchor_key_cos=0.9862 value_anchor_cos=0.0336 lr=3.984e-05 elapsed=58.9m
[train] epoch=2/3 step=2350/4176 loss=1.2597 ce=1.2499 ce_ema=1.3538 pairwise=0.0000 pairwise_acc=0.0000 anchor=0.0138 v_anchor=0.9662 budget=0.0000 top_k=2 anchor_key_cos=0.9862 value_anchor_cos=0.0338 lr=3.845e-05 elapsed=60.2m
[train] epoch=2/3 step=2400/4176 loss=1.3260 ce=1.3162 ce_ema=1.3441 pairwise=0.0000 pairwise_acc=0.0000 anchor=0.0138 v_anchor=0.9660 budget=0.0000 top_k=2 anchor_key_cos=0.9862 value_anchor_cos=0.0340 lr=3.708e-05 elapsed=61.5m
[eval] step=2400 loss=1.4383 ce=1.4383 pairwise=0.0000 pairwise_acc=0.0000 ppl=4.21
[train] epoch=2/3 step=2450/4176 loss=1.4170 ce=1.4072 ce_ema=1.3309 pairwise=0.0000 pairwise_acc=0.0000 anchor=0.0138 v_anchor=0.9656 budget=0.0000 top_k=2 anchor_key_cos=0.9862 value_anchor_cos=0.0344 lr=3.571e-05 elapsed=62.8m
[train] epoch=2/3 step=2500/4176 loss=1.4102 ce=1.4004 ce_ema=1.3529 pairwise=0.0000 pairwise_acc=0.0000 anchor=0.0139 v_anchor=0.9652 budget=0.0000 top_k=2 anchor_key_cos=0.9861 value_anchor_cos=0.0348 lr=3.436e-05 elapsed=64.0m
[train] epoch=2/3 step=2550/4176 loss=1.4307 ce=1.4209 ce_ema=1.3457 pairwise=0.0000 pairwise_acc=0.0000 anchor=0.0139 v_anchor=0.9647 budget=0.0000 top_k=2 anchor_key_cos=0.9861 value_anchor_cos=0.0353 lr=3.302e-05 elapsed=65.3m
[train] epoch=2/3 step=2600/4176 loss=1.3766 ce=1.3668 ce_ema=1.3530 pairwise=0.0000 pairwise_acc=0.0000 anchor=0.0139 v_anchor=0.9645 budget=0.0000 top_k=2 anchor_key_cos=0.9861 value_anchor_cos=0.0355 lr=3.170e-05 elapsed=66.7m
[eval] step=2600 loss=1.4353 ce=1.4353 pairwise=0.0000 pairwise_acc=0.0000 ppl=4.20
[train] epoch=2/3 step=2650/4176 loss=1.2130 ce=1.2032 ce_ema=1.3587 pairwise=0.0000 pairwise_acc=0.0000 anchor=0.0139 v_anchor=0.9639 budget=0.0000 top_k=2 anchor_key_cos=0.9861 value_anchor_cos=0.0361 lr=3.040e-05 elapsed=68.0m
[train] epoch=2/3 step=2700/4176 loss=1.3463 ce=1.3365 ce_ema=1.3510 pairwise=0.0000 pairwise_acc=0.0000 anchor=0.0139 v_anchor=0.9635 budget=0.0000 top_k=2 anchor_key_cos=0.9861 value_anchor_cos=0.0365 lr=2.912e-05 elapsed=69.3m
[train] epoch=2/3 step=2750/4176 loss=1.2656 ce=1.2558 ce_ema=1.3258 pairwise=0.0000 pairwise_acc=0.0000 anchor=0.0139 v_anchor=0.9634 budget=0.0000 top_k=2 anchor_key_cos=0.9861 value_anchor_cos=0.0366 lr=2.786e-05 elapsed=70.5m
[train] epoch=3/3 step=2800/4176 loss=1.2404 ce=1.2306 ce_ema=1.3387 pairwise=0.0000 pairwise_acc=0.0000 anchor=0.0139 v_anchor=0.9633 budget=0.0000 top_k=2 anchor_key_cos=0.9861 value_anchor_cos=0.0367 lr=2.662e-05 elapsed=71.9m
[eval] step=2800 loss=1.4311 ce=1.4311 pairwise=0.0000 pairwise_acc=0.0000 ppl=4.18
[train] epoch=3/3 step=2850/4176 loss=1.1340 ce=1.1243 ce_ema=1.3139 pairwise=0.0000 pairwise_acc=0.0000 anchor=0.0139 v_anchor=0.9631 budget=0.0000 top_k=2 anchor_key_cos=0.9861 value_anchor_cos=0.0369 lr=2.541e-05 elapsed=73.2m
[train] epoch=3/3 step=2900/4176 loss=1.1912 ce=1.1815 ce_ema=1.2962 pairwise=0.0000 pairwise_acc=0.0000 anchor=0.0139 v_anchor=0.9629 budget=0.0000 top_k=2 anchor_key_cos=0.9861 value_anchor_cos=0.0371 lr=2.423e-05 elapsed=74.5m
[train] epoch=3/3 step=2950/4176 loss=1.2681 ce=1.2584 ce_ema=1.2798 pairwise=0.0000 pairwise_acc=0.0000 anchor=0.0139 v_anchor=0.9627 budget=0.0000 top_k=2 anchor_key_cos=0.9861 value_anchor_cos=0.0373 lr=2.308e-05 elapsed=75.7m
[train] epoch=3/3 step=3000/4176 loss=1.2227 ce=1.2129 ce_ema=1.2757 pairwise=0.0000 pairwise_acc=0.0000 anchor=0.0139 v_anchor=0.9626 budget=0.0000 top_k=2 anchor_key_cos=0.9861 value_anchor_cos=0.0374 lr=2.196e-05 elapsed=77.1m
[eval] step=3000 loss=1.4373 ce=1.4373 pairwise=0.0000 pairwise_acc=0.0000 ppl=4.21
[train] epoch=3/3 step=3050/4176 loss=1.4278 ce=1.4181 ce_ema=1.2758 pairwise=0.0000 pairwise_acc=0.0000 anchor=0.0139 v_anchor=0.9626 budget=0.0000 top_k=2 anchor_key_cos=0.9861 value_anchor_cos=0.0374 lr=2.088e-05 elapsed=78.4m
[train] epoch=3/3 step=3100/4176 loss=1.2350 ce=1.2253 ce_ema=1.2798 pairwise=0.0000 pairwise_acc=0.0000 anchor=0.0139 v_anchor=0.9621 budget=0.0000 top_k=2 anchor_key_cos=0.9861 value_anchor_cos=0.0379 lr=1.982e-05 elapsed=79.7m
[train] epoch=3/3 step=3150/4176 loss=1.3700 ce=1.3602 ce_ema=1.3037 pairwise=0.0000 pairwise_acc=0.0000 anchor=0.0139 v_anchor=0.9617 budget=0.0000 top_k=2 anchor_key_cos=0.9861 value_anchor_cos=0.0383 lr=1.881e-05 elapsed=80.9m
[train] epoch=3/3 step=3200/4176 loss=1.1621 ce=1.1523 ce_ema=1.2928 pairwise=0.0000 pairwise_acc=0.0000 anchor=0.0139 v_anchor=0.9611 budget=0.0000 top_k=2 anchor_key_cos=0.9861 value_anchor_cos=0.0389 lr=1.783e-05 elapsed=82.2m
[eval] step=3200 loss=1.4319 ce=1.4319 pairwise=0.0000 pairwise_acc=0.0000 ppl=4.19
[train] epoch=3/3 step=3250/4176 loss=1.2441 ce=1.2343 ce_ema=1.2747 pairwise=0.0000 pairwise_acc=0.0000 anchor=0.0139 v_anchor=0.9606 budget=0.0000 top_k=2 anchor_key_cos=0.9861 value_anchor_cos=0.0394 lr=1.689e-05 elapsed=83.5m
[train] epoch=3/3 step=3300/4176 loss=1.4536 ce=1.4439 ce_ema=1.2929 pairwise=0.0000 pairwise_acc=0.0000 anchor=0.0139 v_anchor=0.9605 budget=0.0000 top_k=2 anchor_key_cos=0.9861 value_anchor_cos=0.0395 lr=1.599e-05 elapsed=84.8m
[train] epoch=3/3 step=3350/4176 loss=1.1890 ce=1.1793 ce_ema=1.2960 pairwise=0.0000 pairwise_acc=0.0000 anchor=0.0139 v_anchor=0.9605 budget=0.0000 top_k=2 anchor_key_cos=0.9861 value_anchor_cos=0.0395 lr=1.514e-05 elapsed=86.1m
[train] epoch=3/3 step=3400/4176 loss=1.2037 ce=1.1940 ce_ema=1.2851 pairwise=0.0000 pairwise_acc=0.0000 anchor=0.0139 v_anchor=0.9606 budget=0.0000 top_k=2 anchor_key_cos=0.9861 value_anchor_cos=0.0394 lr=1.432e-05 elapsed=87.4m
[eval] step=3400 loss=1.4393 ce=1.4393 pairwise=0.0000 pairwise_acc=0.0000 ppl=4.22
[train] epoch=3/3 step=3450/4176 loss=1.3524 ce=1.3426 ce_ema=1.2828 pairwise=0.0000 pairwise_acc=0.0000 anchor=0.0139 v_anchor=0.9606 budget=0.0000 top_k=2 anchor_key_cos=0.9861 value_anchor_cos=0.0394 lr=1.356e-05 elapsed=88.7m
[train] epoch=3/3 step=3500/4176 loss=1.2492 ce=1.2394 ce_ema=1.2766 pairwise=0.0000 pairwise_acc=0.0000 anchor=0.0139 v_anchor=0.9603 budget=0.0000 top_k=2 anchor_key_cos=0.9861 value_anchor_cos=0.0397 lr=1.283e-05 elapsed=90.0m
[train] epoch=3/3 step=3550/4176 loss=1.2195 ce=1.2097 ce_ema=1.2733 pairwise=0.0000 pairwise_acc=0.0000 anchor=0.0139 v_anchor=0.9603 budget=0.0000 top_k=2 anchor_key_cos=0.9861 value_anchor_cos=0.0397 lr=1.216e-05 elapsed=91.3m
[train] epoch=3/3 step=3600/4176 loss=1.2535 ce=1.2438 ce_ema=1.2839 pairwise=0.0000 pairwise_acc=0.0000 anchor=0.0139 v_anchor=0.9600 budget=0.0000 top_k=2 anchor_key_cos=0.9861 value_anchor_cos=0.0400 lr=1.153e-05 elapsed=92.6m
[eval] step=3600 loss=1.4364 ce=1.4364 pairwise=0.0000 pairwise_acc=0.0000 ppl=4.21
[train] epoch=3/3 step=3650/4176 loss=1.2365 ce=1.2268 ce_ema=1.2870 pairwise=0.0000 pairwise_acc=0.0000 anchor=0.0139 v_anchor=0.9599 budget=0.0000 top_k=2 anchor_key_cos=0.9861 value_anchor_cos=0.0401 lr=1.095e-05 elapsed=93.9m
[train] epoch=3/3 step=3700/4176 loss=1.3187 ce=1.3089 ce_ema=1.2866 pairwise=0.0000 pairwise_acc=0.0000 anchor=0.0139 v_anchor=0.9598 budget=0.0000 top_k=2 anchor_key_cos=0.9861 value_anchor_cos=0.0402 lr=1.043e-05 elapsed=95.2m
[train] epoch=3/3 step=3750/4176 loss=1.3528 ce=1.3430 ce_ema=1.2962 pairwise=0.0000 pairwise_acc=0.0000 anchor=0.0139 v_anchor=0.9598 budget=0.0000 top_k=2 anchor_key_cos=0.9861 value_anchor_cos=0.0402 lr=9.947e-06 elapsed=96.4m
[train] epoch=3/3 step=3800/4176 loss=1.2543 ce=1.2446 ce_ema=1.2936 pairwise=0.0000 pairwise_acc=0.0000 anchor=0.0139 v_anchor=0.9598 budget=0.0000 top_k=2 anchor_key_cos=0.9861 value_anchor_cos=0.0402 lr=9.520e-06 elapsed=97.8m
[eval] step=3800 loss=1.4374 ce=1.4374 pairwise=0.0000 pairwise_acc=0.0000 ppl=4.21
[train] epoch=3/3 step=3850/4176 loss=1.3177 ce=1.3080 ce_ema=1.2961 pairwise=0.0000 pairwise_acc=0.0000 anchor=0.0139 v_anchor=0.9597 budget=0.0000 top_k=2 anchor_key_cos=0.9861 value_anchor_cos=0.0403 lr=9.144e-06 elapsed=99.0m
[train] epoch=3/3 step=3900/4176 loss=1.2822 ce=1.2724 ce_ema=1.2943 pairwise=0.0000 pairwise_acc=0.0000 anchor=0.0139 v_anchor=0.9598 budget=0.0000 top_k=2 anchor_key_cos=0.9861 value_anchor_cos=0.0402 lr=8.821e-06 elapsed=100.3m
[train] epoch=3/3 step=3950/4176 loss=1.3764 ce=1.3667 ce_ema=1.2945 pairwise=0.0000 pairwise_acc=0.0000 anchor=0.0139 v_anchor=0.9600 budget=0.0000 top_k=2 anchor_key_cos=0.9861 value_anchor_cos=0.0400 lr=8.552e-06 elapsed=101.5m
[train] epoch=3/3 step=4000/4176 loss=1.3530 ce=1.3432 ce_ema=1.2854 pairwise=0.0000 pairwise_acc=0.0000 anchor=0.0139 v_anchor=0.9598 budget=0.0000 top_k=2 anchor_key_cos=0.9861 value_anchor_cos=0.0402 lr=8.335e-06 elapsed=102.9m
[eval] step=4000 loss=1.4414 ce=1.4414 pairwise=0.0000 pairwise_acc=0.0000 ppl=4.23
[train] epoch=3/3 step=4050/4176 loss=1.3833 ce=1.3735 ce_ema=1.2804 pairwise=0.0000 pairwise_acc=0.0000 anchor=0.0139 v_anchor=0.9596 budget=0.0000 top_k=2 anchor_key_cos=0.9861 value_anchor_cos=0.0404 lr=8.172e-06 elapsed=104.1m
[train] epoch=3/3 step=4100/4176 loss=1.1937 ce=1.1840 ce_ema=1.2842 pairwise=0.0000 pairwise_acc=0.0000 anchor=0.0139 v_anchor=0.9593 budget=0.0000 top_k=2 anchor_key_cos=0.9861 value_anchor_cos=0.0407 lr=8.063e-06 elapsed=105.4m
[train] epoch=3/3 step=4150/4176 loss=1.2784 ce=1.2687 ce_ema=1.2893 pairwise=0.0000 pairwise_acc=0.0000 anchor=0.0139 v_anchor=0.9593 budget=0.0000 top_k=2 anchor_key_cos=0.9861 value_anchor_cos=0.0407 lr=8.007e-06 elapsed=106.7m
[save] moving merged model to cpu before export
[save] merged + fp32 full model -> /mnt/data/models/fv1_siqa
[save] final router top_k -> 2
[2026-04-24 09:37:06,692] [INFO] [real_accelerator.py:203:get_accelerator] Setting ds_accelerator to cuda (auto detect)
[93m [WARNING] [0m async_io requires the dev libaio .so object and headers but these were not found.
[93m [WARNING] [0m async_io: please install the libaio-dev package with apt
[93m [WARNING] [0m If libaio is already installed (perhaps from source), try setting the CFLAGS and LDFLAGS environment variables to where it can be found.
[93m [WARNING] [0m Please specify the CUTLASS repo directory as environment variable $CUTLASS_PATH
[93m [WARNING] [0m sparse_attn requires a torch version >= 1.5 and < 2.0 but detected 2.5
[93m [WARNING] [0m using untested triton version (3.1.0), only 1.0.0 is known to be compatible

[launcher] done.
