/home/vipuser/miniconda3/envs/op/lib/python3.10/site-packages/torch/cuda/__init__.py:61: FutureWarning: The pynvml package is deprecated. Please install nvidia-ml-py instead. If you did not install pynvml directly, please report this to the maintainers of the package that installed pynvml for you.
  import pynvml  # type: ignore[import]
WARNING:__main__:
*****************************************
Setting OMP_NUM_THREADS environment variable for each process to be 1 in default, to avoid your system being overloaded, please further tune the variable for optimal performance in your application as needed. 
*****************************************
/home/vipuser/miniconda3/envs/op/lib/python3.10/site-packages/torch/cuda/__init__.py:61: FutureWarning: The pynvml package is deprecated. Please install nvidia-ml-py instead. If you did not install pynvml directly, please report this to the maintainers of the package that installed pynvml for you.
  import pynvml  # type: ignore[import]
/home/vipuser/miniconda3/envs/op/lib/python3.10/site-packages/torch/cuda/__init__.py:61: FutureWarning: The pynvml package is deprecated. Please install nvidia-ml-py instead. If you did not install pynvml directly, please report this to the maintainers of the package that installed pynvml for you.
  import pynvml  # type: ignore[import]
/home/vipuser/miniconda3/envs/op/lib/python3.10/site-packages/torch/cuda/__init__.py:61: FutureWarning: The pynvml package is deprecated. Please install nvidia-ml-py instead. If you did not install pynvml directly, please report this to the maintainers of the package that installed pynvml for you.
  import pynvml  # type: ignore[import]
/home/vipuser/miniconda3/envs/op/lib/python3.10/site-packages/torch/cuda/__init__.py:61: FutureWarning: The pynvml package is deprecated. Please install nvidia-ml-py instead. If you did not install pynvml directly, please report this to the maintainers of the package that installed pynvml for you.
  import pynvml  # type: ignore[import]
Traceback (most recent call last):
  File "/root/Predict_v2/run_stage1_moe_att.py", line 29, in <module>
    main()
  File "/root/Predict_v2/run_stage1_moe_att.py", line 25, in main
    finetune_moe_att.main()
  File "/root/Predict_v2/finetune_moe_att.py", line 2642, in main
    local_rank, world_size, is_distributed = setup_distributed_safe()
  File "/root/Predict_v2/finetune_moe_att.py", line 61, in setup_distributed_safe
    raise RuntimeError(
RuntimeError: Invalid LOCAL_RANK=3 for visible CUDA device count=2. Set --nproc_per_node <= 2.
Traceback (most recent call last):
  File "/root/Predict_v2/run_stage1_moe_att.py", line 29, in <module>
    main()
  File "/root/Predict_v2/run_stage1_moe_att.py", line 25, in main
    finetune_moe_att.main()
  File "/root/Predict_v2/finetune_moe_att.py", line 2642, in main
    local_rank, world_size, is_distributed = setup_distributed_safe()
  File "/root/Predict_v2/finetune_moe_att.py", line 61, in setup_distributed_safe
    raise RuntimeError(
RuntimeError: Invalid LOCAL_RANK=2 for visible CUDA device count=2. Set --nproc_per_node <= 2.
[W427 04:54:56.667250674 CUDAAllocatorConfig.h:28] Warning: expandable_segments not supported on this platform (function operator())
[W427 04:54:56.902877716 CUDAAllocatorConfig.h:28] Warning: expandable_segments not supported on this platform (function operator())
W0427 04:54:57.494930 3353 site-packages/torch/distributed/elastic/multiprocessing/api.py:897] Sending process 3415 closing signal SIGTERM
W0427 04:54:57.495284 3353 site-packages/torch/distributed/elastic/multiprocessing/api.py:897] Sending process 3416 closing signal SIGTERM
E0427 04:54:57.722622 3353 site-packages/torch/distributed/elastic/multiprocessing/api.py:869] failed (exitcode: 1) local_rank: 2 (pid: 3417) of binary: /home/vipuser/miniconda3/envs/op/bin/python
Traceback (most recent call last):
  File "/home/vipuser/miniconda3/envs/op/lib/python3.10/runpy.py", line 196, in _run_module_as_main
    return _run_code(code, main_globals, None,
  File "/home/vipuser/miniconda3/envs/op/lib/python3.10/runpy.py", line 86, in _run_code
    exec(code, run_globals)
  File "/home/vipuser/miniconda3/envs/op/lib/python3.10/site-packages/torch/distributed/run.py", line 923, in <module>
    main()
  File "/home/vipuser/miniconda3/envs/op/lib/python3.10/site-packages/torch/distributed/elastic/multiprocessing/errors/__init__.py", line 355, in wrapper
    return f(*args, **kwargs)
  File "/home/vipuser/miniconda3/envs/op/lib/python3.10/site-packages/torch/distributed/run.py", line 919, in main
    run(args)
  File "/home/vipuser/miniconda3/envs/op/lib/python3.10/site-packages/torch/distributed/run.py", line 910, in run
    elastic_launch(
  File "/home/vipuser/miniconda3/envs/op/lib/python3.10/site-packages/torch/distributed/launcher/api.py", line 138, in __call__
    return launch_agent(self._config, self._entrypoint, list(args))
  File "/home/vipuser/miniconda3/envs/op/lib/python3.10/site-packages/torch/distributed/launcher/api.py", line 269, in launch_agent
    raise ChildFailedError(
torch.distributed.elastic.multiprocessing.errors.ChildFailedError: 
============================================================
/root/Predict_v2/run_stage1_moe_att.py FAILED
------------------------------------------------------------
Failures:
[1]:
  time      : 2026-04-27_04:54:57
  host      : ubuntu22.04
  rank      : 3 (local_rank: 3)
  exitcode  : 1 (pid: 3418)
  error_file: <N/A>
  traceback : To enable traceback see: https://pytorch.org/docs/stable/elastic/errors.html
------------------------------------------------------------
Root Cause (first observed failure):
[0]:
  time      : 2026-04-27_04:54:57
  host      : ubuntu22.04
  rank      : 2 (local_rank: 2)
  exitcode  : 1 (pid: 3417)
  error_file: <N/A>
  traceback : To enable traceback see: https://pytorch.org/docs/stable/elastic/errors.html
============================================================
Traceback (most recent call last):
  File "/root/Predict_v2/launch_two_stage_torchrun_moe_att.py", line 166, in <module>
    main()
  File "/root/Predict_v2/launch_two_stage_torchrun_moe_att.py", line 154, in main
    _run(cmd1, env)
  File "/root/Predict_v2/launch_two_stage_torchrun_moe_att.py", line 96, in _run
    subprocess.run(cmd, check=True, env=env)
  File "/home/vipuser/miniconda3/envs/op/lib/python3.10/subprocess.py", line 524, in run
    raise CalledProcessError(retcode, process.args,
subprocess.CalledProcessError: Command '['/home/vipuser/miniconda3/envs/op/bin/python', '-m', 'torch.distributed.run', '--nproc_per_node', '4', '/root/Predict_v2/run_stage1_moe_att.py', '--model_path', '/root/models/Dynamic_MoE', '--output_dir', '/mnt/data/models/out_moe_att_piqa', '--dataset', 'piqa', '--eval_dataset', 'piqa', '--train_split', 'train', '--eval_split', 'validation', '--block_size', '72', '--batch_size', '16', '--grad_accum', '1', '--epochs', '2', '--lr', '0.0001', '--lora_r', '8', '--lora_alpha', '16', '--lora_dropout', '0.05', '--num_proc', '16', '--load_in_8bit', '0', '--load_in_fp16', '1', '--bf16', '0', '--fp16', '1', '--train_extra_params_in_fp32', '1', '--router_use_entmax', '0', '--router_top_k', '2', '--moe_att_expert_loss_coef', '1.0', '--moe_att_kl_loss_coef', '0.1', '--moe_att_use_detach', '1', '--stage1_epochs', '1', '--stage1_lr', '0.0002', '--stage1_grad_accum', '1', '--stage1_data_ratio', '0.2', '--stage1_distill_temperature', '1.0', '--stage1_kl_coef', '1.0', '--stage1_logit_coef', '1.0', '--stage1_use_logit_loss', '1']' returned non-zero exit status 1.
