
[launcher] running:
  /home/vipuser/miniconda3/envs/op/bin/python -m torch.distributed.run --nproc_per_node 2 /root/Predict_v2/run_stage1_dynamic_moe.py --model_path /root/models/Dynamic_MoE --output_dir /mnt/data/models/fv1_siqa_pw20 --dataset siqa --eval_dataset siqa --train_split train --eval_split validation --block_size 150 --batch_size 12 --grad_accum 2 --epochs 3 --lr 8e-05 --lora_r 16 --lora_alpha 16 --lora_dropout 0.05 --num_proc 16 --load_in_4bit 0 --load_in_8bit 0 --use_bnb_8bit 0 --load_in_fp16 0 --fp16 0 --bf16 0 --train_extra_params_in_fp32 1 --router_use_entmax 0 --router_top_k 2 --router_entmax_alpha 1.7 --router_value_anchor_loss_coef 0.01 --router_anchor_momentum 0.99 --min_lr_ratio 0.1 --router_lr_mult 1.0 --eval_max_samples 400 --router_use_softmax_temperature 1 --router_softmax_temperature 1.1 --train_new_router_params 1 --router_aux_loss_coef 0.01 --init_new_router_from_legacy 1 --eval_every 600 --stage1_epochs 1 --stage1_lr 0.0001 --stage1_grad_accum 1 --stage1_data_ratio 0.5 --stage1_distill_temperature 2.0 --stage1_kl_coef 2.0 --stage1_logit_coef 0.25 --stage1_use_logit_loss 1
[router] anchor-router trunk ignores legacy router settings: router_value_anchor_loss_coef
[load] tokenizer from model_path: /root/models/Dynamic_MoE
[load] distributed=True world_size=2 4bit=False 8bit=False
[train] mixed precision: fp16=False bf16=False
[stage1] loading base model for router distillation
[load] checkpoint loaded with strict=False: missing=96 unexpected=24 dtype=torch.float32
[init] layer 0 expert_weight_proj initialized from legacy router.weight
[init] layer 1 expert_weight_proj initialized from legacy router.weight
[init] layer 2 expert_weight_proj initialized from legacy router.weight
[init] layer 3 expert_weight_proj initialized from legacy router.weight
[init] layer 4 expert_weight_proj initialized from legacy router.weight
[init] layer 5 expert_weight_proj initialized from legacy router.weight
[init] layer 6 expert_weight_proj initialized from legacy router.weight
[init] layer 7 expert_weight_proj initialized from legacy router.weight
[init] layer 8 expert_weight_proj initialized from legacy router.weight
[init] layer 9 expert_weight_proj initialized from legacy router.weight
[init] layer 10 expert_weight_proj initialized from legacy router.weight
[init] layer 11 expert_weight_proj initialized from legacy router.weight
[init] layer 12 expert_weight_proj initialized from legacy router.weight
[init] layer 13 expert_weight_proj initialized from legacy router.weight
[init] layer 14 expert_weight_proj initialized from legacy router.weight
[init] layer 15 expert_weight_proj initialized from legacy router.weight
[init] layer 16 expert_weight_proj initialized from legacy router.weight
[init] layer 17 expert_weight_proj initialized from legacy router.weight
[init] layer 18 expert_weight_proj initialized from legacy router.weight
[init] layer 19 expert_weight_proj initialized from legacy router.weight
[init] layer 20 expert_weight_proj initialized from legacy router.weight
[init] layer 21 expert_weight_proj initialized from legacy router.weight
[init] layer 22 expert_weight_proj initialized from legacy router.weight
[init] layer 23 expert_weight_proj initialized from legacy router.weight
[init] initialized new router modules from legacy dense router for 24 layers
[init] layer 0 expert_weight_proj initialized from legacy router.weight
[init] layer 1 expert_weight_proj initialized from legacy router.weight
[init] layer 2 expert_weight_proj initialized from legacy router.weight
[init] layer 3 expert_weight_proj initialized from legacy router.weight
[init] layer 4 expert_weight_proj initialized from legacy router.weight
[init] layer 5 expert_weight_proj initialized from legacy router.weight
[init] layer 6 expert_weight_proj initialized from legacy router.weight
[init] layer 7 expert_weight_proj initialized from legacy router.weight
[init] layer 8 expert_weight_proj initialized from legacy router.weight
[init] layer 9 expert_weight_proj initialized from legacy router.weight
[init] layer 10 expert_weight_proj initialized from legacy router.weight
[init] layer 11 expert_weight_proj initialized from legacy router.weight
[init] layer 12 expert_weight_proj initialized from legacy router.weight
[init] layer 13 expert_weight_proj initialized from legacy router.weight
[init] layer 14 expert_weight_proj initialized from legacy router.weight
[init] layer 15 expert_weight_proj initialized from legacy router.weight
[init] layer 16 expert_weight_proj initialized from legacy router.weight
[init] layer 17 expert_weight_proj initialized from legacy router.weight
[init] layer 18 expert_weight_proj initialized from legacy router.weight
[init] layer 19 expert_weight_proj initialized from legacy router.weight
[init] layer 20 expert_weight_proj initialized from legacy router.weight
[init] layer 21 expert_weight_proj initialized from legacy router.weight
[init] layer 22 expert_weight_proj initialized from legacy router.weight
[init] layer 23 expert_weight_proj initialized from legacy router.weight
[stage1] trainable cross-attention router params: 125829120
[stage1][data] train=16705 (ratio=0.500, seed=42)
[stage1] epoch=1/1 step=50 loss=0.531910 kl=0.252150 logit=0.110436 t_ent=1.6082 s_ent=1.8212 top1=0.7714 topk=0.7536 cos=0.8473 elapsed=0.5m
[stage1] epoch=1/1 step=100 loss=0.164186 kl=0.076599 logit=0.043953 t_ent=1.5784 s_ent=1.6462 top1=0.8950 topk=0.8542 cos=0.9189 elapsed=1.1m
[stage1] epoch=1/1 step=150 loss=0.063127 kl=0.029163 logit=0.019204 t_ent=1.5769 s_ent=1.5997 top1=0.9411 topk=0.9123 cos=0.9450 elapsed=1.6m
[stage1] epoch=1/1 step=200 loss=0.031132 kl=0.014322 logit=0.009949 t_ent=1.5763 s_ent=1.5858 top1=0.9573 topk=0.9415 cos=0.9545 elapsed=2.2m
[stage1] epoch=1/1 step=250 loss=0.018603 kl=0.008553 logit=0.005984 t_ent=1.5742 s_ent=1.5805 top1=0.9715 topk=0.9540 cos=0.9591 elapsed=2.7m
[stage1] epoch=1/1 step=300 loss=0.011542 kl=0.005298 logit=0.003780 t_ent=1.5788 s_ent=1.5826 top1=0.9773 topk=0.9656 cos=0.9614 elapsed=3.2m
[stage1] epoch=1/1 step=350 loss=0.007861 kl=0.003626 logit=0.002437 t_ent=1.5703 s_ent=1.5726 top1=0.9833 topk=0.9732 cos=0.9634 elapsed=3.8m
[stage1] epoch=1/1 step=400 loss=0.004477 kl=0.002040 logit=0.001585 t_ent=1.5735 s_ent=1.5748 top1=0.9877 topk=0.9785 cos=0.9636 elapsed=4.3m
[stage1] epoch=1/1 step=450 loss=0.003404 kl=0.001557 logit=0.001158 t_ent=1.5794 s_ent=1.5804 top1=0.9894 topk=0.9823 cos=0.9645 elapsed=4.8m
[stage1] epoch=1/1 step=500 loss=0.002409 kl=0.001101 logit=0.000825 t_ent=1.5752 s_ent=1.5754 top1=0.9905 topk=0.9849 cos=0.9649 elapsed=5.4m
[stage1] epoch=1/1 step=550 loss=0.001840 kl=0.000837 logit=0.000667 t_ent=1.5796 s_ent=1.5802 top1=0.9920 topk=0.9870 cos=0.9649 elapsed=5.9m
[stage1] epoch=1/1 step=600 loss=0.001238 kl=0.000560 logit=0.000473 t_ent=1.5768 s_ent=1.5773 top1=0.9948 topk=0.9905 cos=0.9647 elapsed=6.4m
[stage1] epoch=1/1 step=650 loss=0.000907 kl=0.000411 logit=0.000341 t_ent=1.5797 s_ent=1.5796 top1=0.9956 topk=0.9912 cos=0.9651 elapsed=7.0m
[stage1] saving full checkpoint to /mnt/data/models/fv1_siqa_pw20/ckpt_after_stage1
[2026-04-25 18:17:59,981] [INFO] [real_accelerator.py:203:get_accelerator] Setting ds_accelerator to cuda (auto detect)
[93m [WARNING] [0m async_io requires the dev libaio .so object and headers but these were not found.
[93m [WARNING] [0m async_io: please install the libaio-dev package with apt
[93m [WARNING] [0m If libaio is already installed (perhaps from source), try setting the CFLAGS and LDFLAGS environment variables to where it can be found.
[93m [WARNING] [0m Please specify the CUTLASS repo directory as environment variable $CUTLASS_PATH
[93m [WARNING] [0m sparse_attn requires a torch version >= 1.5 and < 2.0 but detected 2.5
[93m [WARNING] [0m using untested triton version (3.1.0), only 1.0.0 is known to be compatible

[launcher] running:
  /home/vipuser/miniconda3/envs/op/bin/python -m torch.distributed.run --nproc_per_node 2 /root/Predict_v2/run_stage2_dynamic_moe.py --model_path /root/models/Dynamic_MoE --output_dir /mnt/data/models/fv1_siqa_pw20 --dataset siqa --eval_dataset siqa --train_split train --eval_split validation --block_size 150 --batch_size 12 --grad_accum 2 --epochs 3 --lr 8e-05 --lora_r 16 --lora_alpha 16 --lora_dropout 0.05 --num_proc 16 --load_in_4bit 0 --load_in_8bit 0 --use_bnb_8bit 0 --load_in_fp16 0 --fp16 0 --bf16 0 --train_extra_params_in_fp32 1 --router_use_entmax 0 --router_top_k 2 --router_entmax_alpha 1.7 --router_value_anchor_loss_coef 0.01 --router_anchor_momentum 0.99 --min_lr_ratio 0.1 --router_lr_mult 1.0 --eval_max_samples 400 --router_use_softmax_temperature 1 --router_softmax_temperature 1.1 --train_new_router_params 1 --router_aux_loss_coef 0.01 --init_new_router_from_legacy 1 --eval_every 600 --stage2_init_path /mnt/data/models/fv1_siqa_pw20/ckpt_after_stage1
[router] anchor-router trunk ignores legacy router settings: router_value_anchor_loss_coef
[load] tokenizer from model_path: /root/models/Dynamic_MoE
[load] distributed=True world_size=2 4bit=False 8bit=False
[train] mixed precision: fp16=False bf16=False
[stage2] loading model from /mnt/data/models/fv1_siqa_pw20/ckpt_after_stage1
[load] checkpoint loaded with strict=False: missing=0 unexpected=0 dtype=torch.float32
[stage2] extra trainable new-router params: 125829120
[stage2] cast selected router params to fp32: 0
[stage2] trainable params: 199753728/3687891968 (5.42%)
trainable params: 199,753,728 || all params: 3,687,891,968 || trainable%: 5.4165
[stage2][eval] using OpenCompass-style PPL ranking for siqa
[stage2][data] train=33410 eval=400 block_size=150
[stage2][opt] param groups: other=2496 router=72
[stage2][opt] lrs: other=8.000e-05 router=8.000e-05
