
[launcher] running:
  /home/vipuser/miniconda3/envs/op/bin/python -m torch.distributed.run --nproc_per_node 1 /root/Predict_v2/run_stage1_dynamic_moe.py --model_path /root/models/Dynamic_MoE --output_dir /mnt/data/models/fv1_arc_e --dataset arc-e --eval_dataset arc-e --train_split train --eval_split validation --block_size 150 --batch_size 8 --grad_accum 1 --epochs 3 --lr 5e-05 --lora_r 16 --lora_alpha 16 --lora_dropout 0.05 --num_proc 16 --load_in_4bit 0 --load_in_8bit 0 --use_bnb_8bit 0 --load_in_fp16 0 --fp16 0 --bf16 0 --train_extra_params_in_fp32 1 --router_use_entmax 0 --router_top_k 2 --router_entmax_alpha 1.7 --router_anchor_loss_coef 0.01 --router_anchor_momentum 0.99 --min_lr_ratio 0.1 --router_lr_mult 1.0 --eval_max_samples 200 --router_use_softmax_temperature 1 --router_softmax_temperature 0.8 --stage1_epochs 1 --stage1_lr 0.0001 --stage1_grad_accum 1 --stage1_data_ratio 0.5 --stage1_distill_temperature 2.0 --stage1_kl_coef 2.0 --stage1_logit_coef 0.25 --stage1_use_logit_loss 1
[load] tokenizer from model_path: /root/models/Dynamic_MoE
[load] distributed=True world_size=1 4bit=False 8bit=False
[train] mixed precision: fp16=False bf16=False
[stage1] loading base model for router distillation
[load] checkpoint loaded with strict=False: missing=96 unexpected=24 dtype=torch.float32
[init] layer 0 expert_key/expert_anchor initialized from legacy router.weight
[init] layer 1 expert_key/expert_anchor initialized from legacy router.weight
[init] layer 2 expert_key/expert_anchor initialized from legacy router.weight
[init] layer 3 expert_key/expert_anchor initialized from legacy router.weight
[init] layer 4 expert_key/expert_anchor initialized from legacy router.weight
[init] layer 5 expert_key/expert_anchor initialized from legacy router.weight
[init] layer 6 expert_key/expert_anchor initialized from legacy router.weight
[init] layer 7 expert_key/expert_anchor initialized from legacy router.weight
[init] layer 8 expert_key/expert_anchor initialized from legacy router.weight
[init] layer 9 expert_key/expert_anchor initialized from legacy router.weight
[init] layer 10 expert_key/expert_anchor initialized from legacy router.weight
[init] layer 11 expert_key/expert_anchor initialized from legacy router.weight
[init] layer 12 expert_key/expert_anchor initialized from legacy router.weight
[init] layer 13 expert_key/expert_anchor initialized from legacy router.weight
[init] layer 14 expert_key/expert_anchor initialized from legacy router.weight
[init] layer 15 expert_key/expert_anchor initialized from legacy router.weight
[init] layer 16 expert_key/expert_anchor initialized from legacy router.weight
[init] layer 17 expert_key/expert_anchor initialized from legacy router.weight
[init] layer 18 expert_key/expert_anchor initialized from legacy router.weight
[init] layer 19 expert_key/expert_anchor initialized from legacy router.weight
[init] layer 20 expert_key/expert_anchor initialized from legacy router.weight
[init] layer 21 expert_key/expert_anchor initialized from legacy router.weight
[init] layer 22 expert_key/expert_anchor initialized from legacy router.weight
[init] layer 23 expert_key/expert_anchor initialized from legacy router.weight
[init] initialized new router modules from legacy dense router for 24 layers
[stage1] trainable cross-attention router params: 25559040
[stage1][data] train=1125 (ratio=0.500, seed=42)
[stage1] epoch=1/1 step=50 loss=0.367167 kl=0.175224 logit=0.066882 t_ent=1.5842 s_ent=1.7414 top1=0.8209 topk=0.8078 cos=0.9078 elapsed=0.3m
[stage1] epoch=1/1 step=100 loss=0.145131 kl=0.068974 logit=0.028731 t_ent=1.5846 s_ent=1.6484 top1=0.9039 topk=0.8775 cos=0.9495 elapsed=0.6m
[stage1] saving full checkpoint to /mnt/data/models/fv1_arc_e/ckpt_after_stage1
[2026-04-23 22:24:30,548] [INFO] [real_accelerator.py:203:get_accelerator] Setting ds_accelerator to cuda (auto detect)
[93m [WARNING] [0m async_io requires the dev libaio .so object and headers but these were not found.
[93m [WARNING] [0m async_io: please install the libaio-dev package with apt
[93m [WARNING] [0m If libaio is already installed (perhaps from source), try setting the CFLAGS and LDFLAGS environment variables to where it can be found.
[93m [WARNING] [0m Please specify the CUTLASS repo directory as environment variable $CUTLASS_PATH
[93m [WARNING] [0m sparse_attn requires a torch version >= 1.5 and < 2.0 but detected 2.5
[93m [WARNING] [0m using untested triton version (3.1.0), only 1.0.0 is known to be compatible

[launcher] running:
  /home/vipuser/miniconda3/envs/op/bin/python -m torch.distributed.run --nproc_per_node 1 /root/Predict_v2/run_stage2_dynamic_moe.py --model_path /root/models/Dynamic_MoE --output_dir /mnt/data/models/fv1_arc_e --dataset arc-e --eval_dataset arc-e --train_split train --eval_split validation --block_size 150 --batch_size 8 --grad_accum 1 --epochs 3 --lr 5e-05 --lora_r 16 --lora_alpha 16 --lora_dropout 0.05 --num_proc 16 --load_in_4bit 0 --load_in_8bit 0 --use_bnb_8bit 0 --load_in_fp16 0 --fp16 0 --bf16 0 --train_extra_params_in_fp32 1 --router_use_entmax 0 --router_top_k 2 --router_entmax_alpha 1.7 --router_anchor_loss_coef 0.01 --router_anchor_momentum 0.99 --min_lr_ratio 0.1 --router_lr_mult 1.0 --eval_max_samples 200 --router_use_softmax_temperature 1 --router_softmax_temperature 0.8 --stage2_include_validation_in_train 1 --stage2_validation_train_ratio 0.2 --stage2_init_path /mnt/data/models/fv1_arc_e/ckpt_after_stage1
[load] tokenizer from model_path: /root/models/Dynamic_MoE
[load] distributed=True world_size=1 4bit=False 8bit=False
[train] mixed precision: fp16=False bf16=False
[stage2] loading model from /mnt/data/models/fv1_arc_e/ckpt_after_stage1
[load] checkpoint loaded with strict=False: missing=0 unexpected=0 dtype=torch.float32
[stage2] extra trainable new-router params: 25559040
[stage2] cast selected router params to fp32: 0
[stage2] trainable params: 99483648/3587621888 (2.77%)
trainable params: 99,483,648 || all params: 3,587,621,888 || trainable%: 2.7730
[stage2][data] arc-e: borrowed 114/570 from validation into train
[stage2][data] train=2365 eval=200 block_size=150
[stage2][opt] param groups: other=2496 router=48
[stage2][opt] lrs: other=5.000e-05 router=5.000e-05
[train] epoch=1/3 step=50/885 loss=0.4056 ce=0.4056 ce_ema=2.0449 pairwise=0.0000 pairwise_acc=0.0000 anchor=0.0012 budget=0.0000 top_k=2 anchor_key_cos=0.9988 lr=4.991e-05 elapsed=1.2m
[train] epoch=1/3 step=100/885 loss=0.2969 ce=0.2969 ce_ema=0.9865 pairwise=0.0000 pairwise_acc=0.0000 anchor=0.0012 budget=0.0000 top_k=2 anchor_key_cos=0.9988 lr=4.918e-05 elapsed=2.4m
[train] epoch=1/3 step=150/885 loss=0.3498 ce=0.3498 ce_ema=0.5925 pairwise=0.0000 pairwise_acc=0.0000 anchor=0.0013 budget=0.0000 top_k=2 anchor_key_cos=0.9987 lr=4.773e-05 elapsed=3.6m
[train] epoch=1/3 step=200/885 loss=0.3307 ce=0.3307 ce_ema=0.4403 pairwise=0.0000 pairwise_acc=0.0000 anchor=0.0013 budget=0.0000 top_k=2 anchor_key_cos=0.9987 lr=4.560e-05 elapsed=5.0m
[eval] step=200 loss=0.3271 ce=0.3271 pairwise=0.0000 pairwise_acc=0.0000 ppl=1.39
[train] epoch=1/3 step=250/885 loss=0.2474 ce=0.2474 ce_ema=0.3670 pairwise=0.0000 pairwise_acc=0.0000 anchor=0.0013 budget=0.0000 top_k=2 anchor_key_cos=0.9987 lr=4.286e-05 elapsed=6.2m
[train] epoch=2/3 step=300/885 loss=0.4008 ce=0.4008 ce_ema=0.3348 pairwise=0.0000 pairwise_acc=0.0000 anchor=0.0013 budget=0.0000 top_k=2 anchor_key_cos=0.9987 lr=3.962e-05 elapsed=7.4m
[train] epoch=2/3 step=350/885 loss=0.2249 ce=0.2249 ce_ema=0.2497 pairwise=0.0000 pairwise_acc=0.0000 anchor=0.0013 budget=0.0000 top_k=2 anchor_key_cos=0.9987 lr=3.597e-05 elapsed=8.7m
[train] epoch=2/3 step=400/885 loss=0.1616 ce=0.1616 ce_ema=0.2141 pairwise=0.0000 pairwise_acc=0.0000 anchor=0.0013 budget=0.0000 top_k=2 anchor_key_cos=0.9987 lr=3.204e-05 elapsed=10.1m
[eval] step=400 loss=0.3227 ce=0.3227 pairwise=0.0000 pairwise_acc=0.0000 ppl=1.38
[train] epoch=2/3 step=450/885 loss=0.1522 ce=0.1522 ce_ema=0.2024 pairwise=0.0000 pairwise_acc=0.0000 anchor=0.0013 budget=0.0000 top_k=2 anchor_key_cos=0.9987 lr=2.795e-05 elapsed=11.3m
[train] epoch=2/3 step=500/885 loss=0.1560 ce=0.1560 ce_ema=0.1887 pairwise=0.0000 pairwise_acc=0.0000 anchor=0.0013 budget=0.0000 top_k=2 anchor_key_cos=0.9987 lr=2.385e-05 elapsed=12.5m
[train] epoch=2/3 step=550/885 loss=0.1499 ce=0.1499 ce_ema=0.2002 pairwise=0.0000 pairwise_acc=0.0000 anchor=0.0013 budget=0.0000 top_k=2 anchor_key_cos=0.9987 lr=1.988e-05 elapsed=13.8m
[train] epoch=3/3 step=600/885 loss=0.0776 ce=0.0776 ce_ema=0.1685 pairwise=0.0000 pairwise_acc=0.0000 anchor=0.0013 budget=0.0000 top_k=2 anchor_key_cos=0.9987 lr=1.616e-05 elapsed=15.3m
[eval] step=600 loss=0.3203 ce=0.3203 pairwise=0.0000 pairwise_acc=0.0000 ppl=1.38
[train] epoch=3/3 step=650/885 loss=0.0818 ce=0.0818 ce_ema=0.1233 pairwise=0.0000 pairwise_acc=0.0000 anchor=0.0013 budget=0.0000 top_k=2 anchor_key_cos=0.9987 lr=1.281e-05 elapsed=16.5m
[train] epoch=3/3 step=700/885 loss=0.0395 ce=0.0395 ce_ema=0.1003 pairwise=0.0000 pairwise_acc=0.0000 anchor=0.0013 budget=0.0000 top_k=2 anchor_key_cos=0.9987 lr=9.957e-06 elapsed=17.7m
[train] epoch=3/3 step=750/885 loss=0.0412 ce=0.0412 ce_ema=0.0959 pairwise=0.0000 pairwise_acc=0.0000 anchor=0.0013 budget=0.0000 top_k=2 anchor_key_cos=0.9987 lr=7.687e-06 elapsed=18.9m
[train] epoch=3/3 step=800/885 loss=0.1306 ce=0.1305 ce_ema=0.0913 pairwise=0.0000 pairwise_acc=0.0000 anchor=0.0013 budget=0.0000 top_k=2 anchor_key_cos=0.9987 lr=6.078e-06 elapsed=20.3m
[eval] step=800 loss=0.3560 ce=0.3560 pairwise=0.0000 pairwise_acc=0.0000 ppl=1.43
[train] epoch=3/3 step=850/885 loss=0.1208 ce=0.1208 ce_ema=0.0876 pairwise=0.0000 pairwise_acc=0.0000 anchor=0.0013 budget=0.0000 top_k=2 anchor_key_cos=0.9987 lr=5.184e-06 elapsed=21.5m
[save] moving merged model to cpu before export
[save] merged + fp32 full model -> /mnt/data/models/fv1_arc_e
[save] final router top_k -> 2
[2026-04-23 22:50:01,221] [INFO] [real_accelerator.py:203:get_accelerator] Setting ds_accelerator to cuda (auto detect)
[93m [WARNING] [0m async_io requires the dev libaio .so object and headers but these were not found.
[93m [WARNING] [0m async_io: please install the libaio-dev package with apt
[93m [WARNING] [0m If libaio is already installed (perhaps from source), try setting the CFLAGS and LDFLAGS environment variables to where it can be found.
[93m [WARNING] [0m Please specify the CUTLASS repo directory as environment variable $CUTLASS_PATH
[93m [WARNING] [0m sparse_attn requires a torch version >= 1.5 and < 2.0 but detected 2.5
[93m [WARNING] [0m using untested triton version (3.1.0), only 1.0.0 is known to be compatible

[launcher] done.
