
[launcher] running:
  /home/vipuser/miniconda3/envs/op/bin/python -m torch.distributed.run --nproc_per_node 2 /root/Predict_v2/run_stage1_dynamic_moe.py --model_path /root/models/Dynamic_MoE --output_dir /mnt/data/models/fv1_openbookqa --dataset openbookqa --eval_dataset openbookqa --train_split train --eval_split validation --block_size 150 --batch_size 12 --grad_accum 1 --epochs 3 --lr 8e-05 --lora_r 16 --lora_alpha 16 --lora_dropout 0.05 --num_proc 16 --load_in_4bit 0 --load_in_8bit 0 --use_bnb_8bit 0 --load_in_fp16 0 --fp16 0 --bf16 0 --train_extra_params_in_fp32 1 --router_use_entmax 0 --router_top_k 2 --router_entmax_alpha 1.7 --router_anchor_loss_coef 0.01 --router_anchor_momentum 0.99 --min_lr_ratio 0.1 --router_lr_mult 1.0 --eval_max_samples 200 --router_use_softmax_temperature 1 --router_softmax_temperature 0.8 --stage1_epochs 1 --stage1_lr 0.0001 --stage1_grad_accum 1 --stage1_data_ratio 0.5 --stage1_distill_temperature 2.0 --stage1_kl_coef 2.0 --stage1_logit_coef 0.25 --stage1_use_logit_loss 1
[load] tokenizer from model_path: /root/models/Dynamic_MoE
[load] distributed=True world_size=2 4bit=False 8bit=False
[train] mixed precision: fp16=False bf16=False
[stage1] loading base model for router distillation
[load] checkpoint loaded with strict=False: missing=96 unexpected=24 dtype=torch.float32
[init] layer 0 expert_key/expert_anchor initialized from legacy router.weight
[init] layer 1 expert_key/expert_anchor initialized from legacy router.weight
[init] layer 2 expert_key/expert_anchor initialized from legacy router.weight
[init] layer 3 expert_key/expert_anchor initialized from legacy router.weight
[init] layer 4 expert_key/expert_anchor initialized from legacy router.weight
[init] layer 5 expert_key/expert_anchor initialized from legacy router.weight
[init] layer 6 expert_key/expert_anchor initialized from legacy router.weight
[init] layer 7 expert_key/expert_anchor initialized from legacy router.weight
[init] layer 8 expert_key/expert_anchor initialized from legacy router.weight
[init] layer 9 expert_key/expert_anchor initialized from legacy router.weight
[init] layer 10 expert_key/expert_anchor initialized from legacy router.weight
[init] layer 11 expert_key/expert_anchor initialized from legacy router.weight
[init] layer 12 expert_key/expert_anchor initialized from legacy router.weight
[init] layer 13 expert_key/expert_anchor initialized from legacy router.weight
[init] layer 14 expert_key/expert_anchor initialized from legacy router.weight
[init] layer 15 expert_key/expert_anchor initialized from legacy router.weight
[init] layer 16 expert_key/expert_anchor initialized from legacy router.weight
[init] layer 17 expert_key/expert_anchor initialized from legacy router.weight
[init] layer 18 expert_key/expert_anchor initialized from legacy router.weight
[init] layer 19 expert_key/expert_anchor initialized from legacy router.weight
[init] layer 20 expert_key/expert_anchor initialized from legacy router.weight
[init] layer 21 expert_key/expert_anchor initialized from legacy router.weight
[init] layer 22 expert_key/expert_anchor initialized from legacy router.weight
[init] layer 23 expert_key/expert_anchor initialized from legacy router.weight
[init] layer 0 expert_key/expert_anchor initialized from legacy router.weight
[init] layer 1 expert_key/expert_anchor initialized from legacy router.weight
[init] layer 2 expert_key/expert_anchor initialized from legacy router.weight
[init] layer 3 expert_key/expert_anchor initialized from legacy router.weight
[init] layer 4 expert_key/expert_anchor initialized from legacy router.weight
[init] layer 5 expert_key/expert_anchor initialized from legacy router.weight
[init] layer 6 expert_key/expert_anchor initialized from legacy router.weight
[init] layer 7 expert_key/expert_anchor initialized from legacy router.weight
[init] layer 8 expert_key/expert_anchor initialized from legacy router.weight
[init] layer 9 expert_key/expert_anchor initialized from legacy router.weight
[init] layer 10 expert_key/expert_anchor initialized from legacy router.weight
[init] layer 11 expert_key/expert_anchor initialized from legacy router.weight
[init] layer 12 expert_key/expert_anchor initialized from legacy router.weight
[init] layer 13 expert_key/expert_anchor initialized from legacy router.weight
[init] layer 14 expert_key/expert_anchor initialized from legacy router.weight
[init] layer 15 expert_key/expert_anchor initialized from legacy router.weight
[init] layer 16 expert_key/expert_anchor initialized from legacy router.weight
[init] layer 17 expert_key/expert_anchor initialized from legacy router.weight
[init] layer 18 expert_key/expert_anchor initialized from legacy router.weight
[init] layer 19 expert_key/expert_anchor initialized from legacy router.weight
[init] layer 20 expert_key/expert_anchor initialized from legacy router.weight
[init] layer 21 expert_key/expert_anchor initialized from legacy router.weight
[init] layer 22 expert_key/expert_anchor initialized from legacy router.weight
[init] layer 23 expert_key/expert_anchor initialized from legacy router.weight
[init] initialized new router modules from legacy dense router for 24 layers
[stage1] trainable cross-attention router params: 25559040
[stage1][data] train=2478 (ratio=0.500, seed=42)
[stage1] epoch=1/1 step=50 loss=0.340349 kl=0.162242 logit=0.063459 t_ent=1.6191 s_ent=1.7536 top1=0.8286 topk=0.8140 cos=0.9118 elapsed=0.3m
[stage1] epoch=1/1 step=100 loss=0.126362 kl=0.059938 logit=0.025941 t_ent=1.6096 s_ent=1.6607 top1=0.9055 topk=0.8868 cos=0.9519 elapsed=0.6m
[stage1] saving full checkpoint to /mnt/data/models/fv1_openbookqa/ckpt_after_stage1
[2026-04-23 06:38:13,785] [INFO] [real_accelerator.py:203:get_accelerator] Setting ds_accelerator to cuda (auto detect)
[93m [WARNING] [0m async_io requires the dev libaio .so object and headers but these were not found.
[93m [WARNING] [0m async_io: please install the libaio-dev package with apt
[93m [WARNING] [0m If libaio is already installed (perhaps from source), try setting the CFLAGS and LDFLAGS environment variables to where it can be found.
[93m [WARNING] [0m Please specify the CUTLASS repo directory as environment variable $CUTLASS_PATH
[93m [WARNING] [0m sparse_attn requires a torch version >= 1.5 and < 2.0 but detected 2.5
[93m [WARNING] [0m using untested triton version (3.1.0), only 1.0.0 is known to be compatible

[launcher] running:
  /home/vipuser/miniconda3/envs/op/bin/python -m torch.distributed.run --nproc_per_node 2 /root/Predict_v2/run_stage2_dynamic_moe.py --model_path /root/models/Dynamic_MoE --output_dir /mnt/data/models/fv1_openbookqa --dataset openbookqa --eval_dataset openbookqa --train_split train --eval_split validation --block_size 150 --batch_size 12 --grad_accum 1 --epochs 3 --lr 8e-05 --lora_r 16 --lora_alpha 16 --lora_dropout 0.05 --num_proc 16 --load_in_4bit 0 --load_in_8bit 0 --use_bnb_8bit 0 --load_in_fp16 0 --fp16 0 --bf16 0 --train_extra_params_in_fp32 1 --router_use_entmax 0 --router_top_k 2 --router_entmax_alpha 1.7 --router_anchor_loss_coef 0.01 --router_anchor_momentum 0.99 --min_lr_ratio 0.1 --router_lr_mult 1.0 --eval_max_samples 200 --router_use_softmax_temperature 1 --router_softmax_temperature 0.8 --stage2_init_path /mnt/data/models/fv1_openbookqa/ckpt_after_stage1
[load] tokenizer from model_path: /root/models/Dynamic_MoE
[load] distributed=True world_size=2 4bit=False 8bit=False
[train] mixed precision: fp16=False bf16=False
[stage2] loading model from /mnt/data/models/fv1_openbookqa/ckpt_after_stage1
[load] checkpoint loaded with strict=False: missing=0 unexpected=0 dtype=torch.float32
[stage2] extra trainable new-router params: 25559040
[stage2] cast selected router params to fp32: 0
[stage2] trainable params: 99483648/3587621888 (2.77%)
trainable params: 99,483,648 || all params: 3,587,621,888 || trainable%: 2.7730
[stage2][data] train=4957 eval=200 block_size=150
[stage2][opt] param groups: other=2496 router=48
[stage2][opt] lrs: other=8.000e-05 router=8.000e-05
[train] epoch=1/3 step=50/618 loss=0.5070 ce=0.5070 ce_ema=1.6555 pairwise=0.0000 pairwise_acc=0.0000 anchor=0.0009 budget=0.0000 top_k=2 anchor_key_cos=0.9991 lr=7.950e-05 elapsed=0.9m
[train] epoch=1/3 step=100/618 loss=0.3481 ce=0.3481 ce_ema=0.8862 pairwise=0.0000 pairwise_acc=0.0000 anchor=0.0010 budget=0.0000 top_k=2 anchor_key_cos=0.9990 lr=7.673e-05 elapsed=1.8m
[train] epoch=1/3 step=150/618 loss=0.4006 ce=0.4006 ce_ema=0.5805 pairwise=0.0000 pairwise_acc=0.0000 anchor=0.0010 budget=0.0000 top_k=2 anchor_key_cos=0.9990 lr=7.174e-05 elapsed=2.6m
[train] epoch=1/3 step=200/618 loss=0.4785 ce=0.4785 ce_ema=0.4416 pairwise=0.0000 pairwise_acc=0.0000 anchor=0.0010 budget=0.0000 top_k=2 anchor_key_cos=0.9990 lr=6.485e-05 elapsed=3.6m
[eval] step=200 loss=0.3400 ce=0.3400 pairwise=0.0000 pairwise_acc=0.0000 ppl=1.40
[train] epoch=2/3 step=250/618 loss=0.1772 ce=0.1772 ce_ema=0.3283 pairwise=0.0000 pairwise_acc=0.0000 anchor=0.0011 budget=0.0000 top_k=2 anchor_key_cos=0.9989 lr=5.655e-05 elapsed=4.4m
[train] epoch=2/3 step=300/618 loss=0.3170 ce=0.3170 ce_ema=0.2907 pairwise=0.0000 pairwise_acc=0.0000 anchor=0.0011 budget=0.0000 top_k=2 anchor_key_cos=0.9989 lr=4.739e-05 elapsed=5.3m
[train] epoch=2/3 step=350/618 loss=0.3524 ce=0.3524 ce_ema=0.2654 pairwise=0.0000 pairwise_acc=0.0000 anchor=0.0011 budget=0.0000 top_k=2 anchor_key_cos=0.9989 lr=3.800e-05 elapsed=6.2m
[train] epoch=2/3 step=400/618 loss=0.4235 ce=0.4235 ce_ema=0.2441 pairwise=0.0000 pairwise_acc=0.0000 anchor=0.0011 budget=0.0000 top_k=2 anchor_key_cos=0.9989 lr=2.901e-05 elapsed=7.2m
[eval] step=400 loss=0.3134 ce=0.3134 pairwise=0.0000 pairwise_acc=0.0000 ppl=1.37
[train] epoch=3/3 step=450/618 loss=0.1335 ce=0.1335 ce_ema=0.1884 pairwise=0.0000 pairwise_acc=0.0000 anchor=0.0011 budget=0.0000 top_k=2 anchor_key_cos=0.9989 lr=2.105e-05 elapsed=8.1m
[train] epoch=3/3 step=500/618 loss=0.0941 ce=0.0941 ce_ema=0.1600 pairwise=0.0000 pairwise_acc=0.0000 anchor=0.0011 budget=0.0000 top_k=2 anchor_key_cos=0.9989 lr=1.466e-05 elapsed=9.0m
[train] epoch=3/3 step=550/618 loss=0.1081 ce=0.1081 ce_ema=0.1433 pairwise=0.0000 pairwise_acc=0.0000 anchor=0.0011 budget=0.0000 top_k=2 anchor_key_cos=0.9989 lr=1.026e-05 elapsed=9.8m
[train] epoch=3/3 step=600/618 loss=0.1458 ce=0.1458 ce_ema=0.1320 pairwise=0.0000 pairwise_acc=0.0000 anchor=0.0011 budget=0.0000 top_k=2 anchor_key_cos=0.9989 lr=8.160e-06 elapsed=10.8m
[eval] step=600 loss=0.3336 ce=0.3336 pairwise=0.0000 pairwise_acc=0.0000 ppl=1.40
[save] moving merged model to cpu before export
[save] merged + fp32 full model -> /mnt/data/models/fv1_openbookqa
[save] final router top_k -> 2
[2026-04-23 06:53:07,290] [INFO] [real_accelerator.py:203:get_accelerator] Setting ds_accelerator to cuda (auto detect)
[93m [WARNING] [0m async_io requires the dev libaio .so object and headers but these were not found.
[93m [WARNING] [0m async_io: please install the libaio-dev package with apt
[93m [WARNING] [0m If libaio is already installed (perhaps from source), try setting the CFLAGS and LDFLAGS environment variables to where it can be found.
[93m [WARNING] [0m Please specify the CUTLASS repo directory as environment variable $CUTLASS_PATH
[93m [WARNING] [0m sparse_attn requires a torch version >= 1.5 and < 2.0 but detected 2.5
[93m [WARNING] [0m using untested triton version (3.1.0), only 1.0.0 is known to be compatible

[launcher] done.
