
[launcher] running:
  /home/vipuser/miniconda3/envs/op/bin/python -m torch.distributed.run --nproc_per_node 2 /root/Predict_v2/run_stage1_dynamic_moe.py --model_path /root/models/Dynamic_MoE --output_dir /mnt/data/models/fv1_winogrande --dataset winogrande --eval_dataset winogrande --train_split train --eval_split validation --winogrande_config winogrande_xl --block_size 150 --batch_size 12 --grad_accum 1 --epochs 3 --lr 8e-05 --lora_r 16 --lora_alpha 16 --lora_dropout 0.05 --num_proc 16 --load_in_4bit 0 --load_in_8bit 0 --use_bnb_8bit 0 --load_in_fp16 0 --fp16 0 --bf16 0 --train_extra_params_in_fp32 1 --router_use_entmax 0 --router_top_k 2 --router_entmax_alpha 1.7 --router_anchor_loss_coef 0.01 --router_anchor_momentum 0.99 --min_lr_ratio 0.1 --router_lr_mult 1.0 --eval_max_samples 200 --router_use_softmax_temperature 1 --router_softmax_temperature 0.8 --stage1_epochs 1 --stage1_lr 0.0001 --stage1_grad_accum 1 --stage1_data_ratio 0.5 --stage1_distill_temperature 2.0 --stage1_kl_coef 2.0 --stage1_logit_coef 0.25 --stage1_use_logit_loss 1
[load] tokenizer from model_path: /root/models/Dynamic_MoE
[load] distributed=True world_size=2 4bit=False 8bit=False
[train] mixed precision: fp16=False bf16=False
[stage1] loading base model for router distillation
[load] checkpoint loaded with strict=False: missing=96 unexpected=24 dtype=torch.float32
[init] layer 0 expert_key/expert_anchor initialized from legacy router.weight
[init] layer 1 expert_key/expert_anchor initialized from legacy router.weight
[init] layer 2 expert_key/expert_anchor initialized from legacy router.weight
[init] layer 3 expert_key/expert_anchor initialized from legacy router.weight
[init] layer 4 expert_key/expert_anchor initialized from legacy router.weight
[init] layer 5 expert_key/expert_anchor initialized from legacy router.weight
[init] layer 6 expert_key/expert_anchor initialized from legacy router.weight
[init] layer 7 expert_key/expert_anchor initialized from legacy router.weight
[init] layer 8 expert_key/expert_anchor initialized from legacy router.weight
[init] layer 9 expert_key/expert_anchor initialized from legacy router.weight
[init] layer 10 expert_key/expert_anchor initialized from legacy router.weight
[init] layer 11 expert_key/expert_anchor initialized from legacy router.weight
[init] layer 12 expert_key/expert_anchor initialized from legacy router.weight
[init] layer 13 expert_key/expert_anchor initialized from legacy router.weight
[init] layer 14 expert_key/expert_anchor initialized from legacy router.weight
[init] layer 15 expert_key/expert_anchor initialized from legacy router.weight
[init] layer 16 expert_key/expert_anchor initialized from legacy router.weight
[init] layer 17 expert_key/expert_anchor initialized from legacy router.weight
[init] layer 18 expert_key/expert_anchor initialized from legacy router.weight
[init] layer 19 expert_key/expert_anchor initialized from legacy router.weight
[init] layer 20 expert_key/expert_anchor initialized from legacy router.weight
[init] layer 21 expert_key/expert_anchor initialized from legacy router.weight
[init] layer 22 expert_key/expert_anchor initialized from legacy router.weight
[init] layer 23 expert_key/expert_anchor initialized from legacy router.weight
[init] initialized new router modules from legacy dense router for 24 layers
[init] layer 0 expert_key/expert_anchor initialized from legacy router.weight
[init] layer 1 expert_key/expert_anchor initialized from legacy router.weight
[init] layer 2 expert_key/expert_anchor initialized from legacy router.weight
[init] layer 3 expert_key/expert_anchor initialized from legacy router.weight
[init] layer 4 expert_key/expert_anchor initialized from legacy router.weight
[init] layer 5 expert_key/expert_anchor initialized from legacy router.weight
[init] layer 6 expert_key/expert_anchor initialized from legacy router.weight
[init] layer 7 expert_key/expert_anchor initialized from legacy router.weight
[init] layer 8 expert_key/expert_anchor initialized from legacy router.weight
[init] layer 9 expert_key/expert_anchor initialized from legacy router.weight
[init] layer 10 expert_key/expert_anchor initialized from legacy router.weight
[init] layer 11 expert_key/expert_anchor initialized from legacy router.weight
[init] layer 12 expert_key/expert_anchor initialized from legacy router.weight
[init] layer 13 expert_key/expert_anchor initialized from legacy router.weight
[init] layer 14 expert_key/expert_anchor initialized from legacy router.weight
[init] layer 15 expert_key/expert_anchor initialized from legacy router.weight
[init] layer 16 expert_key/expert_anchor initialized from legacy router.weight
[init] layer 17 expert_key/expert_anchor initialized from legacy router.weight
[init] layer 18 expert_key/expert_anchor initialized from legacy router.weight
[init] layer 19 expert_key/expert_anchor initialized from legacy router.weight
[init] layer 20 expert_key/expert_anchor initialized from legacy router.weight
[init] layer 21 expert_key/expert_anchor initialized from legacy router.weight
[init] layer 22 expert_key/expert_anchor initialized from legacy router.weight
[init] layer 23 expert_key/expert_anchor initialized from legacy router.weight
[stage1] trainable cross-attention router params: 25559040
[stage1][data] train=20199 (ratio=0.500, seed=42)
[stage1] epoch=1/1 step=50 loss=0.368374 kl=0.175665 logit=0.068181 t_ent=1.6018 s_ent=1.7543 top1=0.8277 topk=0.8117 cos=0.9077 elapsed=0.3m
[stage1] epoch=1/1 step=100 loss=0.131954 kl=0.062539 logit=0.027509 t_ent=1.5879 s_ent=1.6457 top1=0.8991 topk=0.8884 cos=0.9510 elapsed=0.6m
[stage1] epoch=1/1 step=150 loss=0.067395 kl=0.031793 logit=0.015235 t_ent=1.5808 s_ent=1.6096 top1=0.9370 topk=0.9167 cos=0.9642 elapsed=0.9m
[stage1] epoch=1/1 step=200 loss=0.044160 kl=0.020816 logit=0.010112 t_ent=1.5862 s_ent=1.6069 top1=0.9489 topk=0.9336 cos=0.9693 elapsed=1.2m
[stage1] epoch=1/1 step=250 loss=0.030965 kl=0.014590 logit=0.007139 t_ent=1.5891 s_ent=1.6013 top1=0.9612 topk=0.9430 cos=0.9731 elapsed=1.5m
[stage1] epoch=1/1 step=300 loss=0.018432 kl=0.008666 logit=0.004397 t_ent=1.5849 s_ent=1.5922 top1=0.9700 topk=0.9570 cos=0.9757 elapsed=1.9m
[stage1] epoch=1/1 step=350 loss=0.013759 kl=0.006468 logit=0.003292 t_ent=1.5885 s_ent=1.5943 top1=0.9745 topk=0.9637 cos=0.9768 elapsed=2.2m
[stage1] epoch=1/1 step=400 loss=0.010372 kl=0.004882 logit=0.002438 t_ent=1.5822 s_ent=1.5854 top1=0.9779 topk=0.9690 cos=0.9773 elapsed=2.5m
[stage1] epoch=1/1 step=450 loss=0.008096 kl=0.003813 logit=0.001884 t_ent=1.5852 s_ent=1.5889 top1=0.9838 topk=0.9730 cos=0.9780 elapsed=2.8m
[stage1] epoch=1/1 step=500 loss=0.005629 kl=0.002646 logit=0.001347 t_ent=1.5913 s_ent=1.5933 top1=0.9846 topk=0.9787 cos=0.9783 elapsed=3.1m
[stage1] epoch=1/1 step=550 loss=0.004742 kl=0.002229 logit=0.001137 t_ent=1.5891 s_ent=1.5907 top1=0.9873 topk=0.9802 cos=0.9786 elapsed=3.4m
[stage1] epoch=1/1 step=600 loss=0.003820 kl=0.001796 logit=0.000916 t_ent=1.5873 s_ent=1.5885 top1=0.9893 topk=0.9824 cos=0.9791 elapsed=3.7m
[stage1] epoch=1/1 step=650 loss=0.003064 kl=0.001442 logit=0.000718 t_ent=1.5881 s_ent=1.5885 top1=0.9912 topk=0.9845 cos=0.9791 elapsed=4.0m
[stage1] epoch=1/1 step=700 loss=0.002432 kl=0.001142 logit=0.000591 t_ent=1.5812 s_ent=1.5821 top1=0.9914 topk=0.9870 cos=0.9795 elapsed=4.3m
[stage1] epoch=1/1 step=750 loss=0.002260 kl=0.001066 logit=0.000513 t_ent=1.5858 s_ent=1.5865 top1=0.9906 topk=0.9875 cos=0.9798 elapsed=4.6m
[stage1] epoch=1/1 step=800 loss=0.001617 kl=0.000757 logit=0.000409 t_ent=1.5881 s_ent=1.5886 top1=0.9939 topk=0.9894 cos=0.9796 elapsed=4.9m
[stage1] saving full checkpoint to /mnt/data/models/fv1_winogrande/ckpt_after_stage1
[2026-04-23 07:02:47,302] [INFO] [real_accelerator.py:203:get_accelerator] Setting ds_accelerator to cuda (auto detect)
[93m [WARNING] [0m async_io requires the dev libaio .so object and headers but these were not found.
[93m [WARNING] [0m async_io: please install the libaio-dev package with apt
[93m [WARNING] [0m If libaio is already installed (perhaps from source), try setting the CFLAGS and LDFLAGS environment variables to where it can be found.
[93m [WARNING] [0m Please specify the CUTLASS repo directory as environment variable $CUTLASS_PATH
[93m [WARNING] [0m sparse_attn requires a torch version >= 1.5 and < 2.0 but detected 2.5
[93m [WARNING] [0m using untested triton version (3.1.0), only 1.0.0 is known to be compatible

[launcher] running:
  /home/vipuser/miniconda3/envs/op/bin/python -m torch.distributed.run --nproc_per_node 2 /root/Predict_v2/run_stage2_dynamic_moe.py --model_path /root/models/Dynamic_MoE --output_dir /mnt/data/models/fv1_winogrande --dataset winogrande --eval_dataset winogrande --train_split train --eval_split validation --winogrande_config winogrande_xl --block_size 150 --batch_size 12 --grad_accum 1 --epochs 3 --lr 8e-05 --lora_r 16 --lora_alpha 16 --lora_dropout 0.05 --num_proc 16 --load_in_4bit 0 --load_in_8bit 0 --use_bnb_8bit 0 --load_in_fp16 0 --fp16 0 --bf16 0 --train_extra_params_in_fp32 1 --router_use_entmax 0 --router_top_k 2 --router_entmax_alpha 1.7 --router_anchor_loss_coef 0.01 --router_anchor_momentum 0.99 --min_lr_ratio 0.1 --router_lr_mult 1.0 --eval_max_samples 200 --router_use_softmax_temperature 1 --router_softmax_temperature 0.8 --stage2_init_path /mnt/data/models/fv1_winogrande/ckpt_after_stage1
[load] tokenizer from model_path: /root/models/Dynamic_MoE
[load] distributed=True world_size=2 4bit=False 8bit=False
[train] mixed precision: fp16=False bf16=False
[stage2] loading model from /mnt/data/models/fv1_winogrande/ckpt_after_stage1
[load] checkpoint loaded with strict=False: missing=0 unexpected=0 dtype=torch.float32
[stage2] extra trainable new-router params: 25559040
[stage2] cast selected router params to fp32: 0
[stage2] trainable params: 99483648/3587621888 (2.77%)
trainable params: 99,483,648 || all params: 3,587,621,888 || trainable%: 2.7730
[stage2][data] train=40398 eval=200 block_size=150
[stage2][opt] param groups: other=2496 router=48
[stage2][opt] lrs: other=8.000e-05 router=8.000e-05
[train] epoch=1/3 step=50/5049 loss=0.6000 ce=0.6000 ce_ema=3.0912 pairwise=0.0000 pairwise_acc=0.0000 anchor=0.0032 budget=0.0000 top_k=2 anchor_key_cos=0.9968 lr=2.702e-05 elapsed=1.0m
[train] epoch=1/3 step=100/5049 loss=0.4151 ce=0.4151 ce_ema=1.3583 pairwise=0.0000 pairwise_acc=0.0000 anchor=0.0032 budget=0.0000 top_k=2 anchor_key_cos=0.9968 lr=5.351e-05 elapsed=1.8m
[train] epoch=1/3 step=150/5049 loss=0.3494 ce=0.3493 ce_ema=0.7434 pairwise=0.0000 pairwise_acc=0.0000 anchor=0.0032 budget=0.0000 top_k=2 anchor_key_cos=0.9968 lr=8.000e-05 elapsed=2.7m
[train] epoch=1/3 step=200/5049 loss=0.3413 ce=0.3412 ce_ema=0.5166 pairwise=0.0000 pairwise_acc=0.0000 anchor=0.0032 budget=0.0000 top_k=2 anchor_key_cos=0.9968 lr=7.998e-05 elapsed=3.7m
[eval] step=200 loss=0.3389 ce=0.3389 pairwise=0.0000 pairwise_acc=0.0000 ppl=1.40
[train] epoch=1/3 step=250/5049 loss=0.3361 ce=0.3361 ce_ema=0.4199 pairwise=0.0000 pairwise_acc=0.0000 anchor=0.0033 budget=0.0000 top_k=2 anchor_key_cos=0.9967 lr=7.993e-05 elapsed=4.6m
[train] epoch=1/3 step=300/5049 loss=0.4352 ce=0.4352 ce_ema=0.3868 pairwise=0.0000 pairwise_acc=0.0000 anchor=0.0033 budget=0.0000 top_k=2 anchor_key_cos=0.9967 lr=7.984e-05 elapsed=5.5m
[train] epoch=1/3 step=350/5049 loss=0.3033 ce=0.3032 ce_ema=0.3602 pairwise=0.0000 pairwise_acc=0.0000 anchor=0.0033 budget=0.0000 top_k=2 anchor_key_cos=0.9967 lr=7.971e-05 elapsed=6.4m
[train] epoch=1/3 step=400/5049 loss=0.2364 ce=0.2364 ce_ema=0.3558 pairwise=0.0000 pairwise_acc=0.0000 anchor=0.0033 budget=0.0000 top_k=2 anchor_key_cos=0.9967 lr=7.954e-05 elapsed=7.4m
[eval] step=400 loss=0.3474 ce=0.3474 pairwise=0.0000 pairwise_acc=0.0000 ppl=1.42
[train] epoch=1/3 step=450/5049 loss=0.3134 ce=0.3134 ce_ema=0.3476 pairwise=0.0000 pairwise_acc=0.0000 anchor=0.0033 budget=0.0000 top_k=2 anchor_key_cos=0.9967 lr=7.934e-05 elapsed=8.3m
[train] epoch=1/3 step=500/5049 loss=0.2696 ce=0.2696 ce_ema=0.3477 pairwise=0.0000 pairwise_acc=0.0000 anchor=0.0034 budget=0.0000 top_k=2 anchor_key_cos=0.9966 lr=7.910e-05 elapsed=9.2m
[train] epoch=1/3 step=550/5049 loss=0.3849 ce=0.3849 ce_ema=0.3485 pairwise=0.0000 pairwise_acc=0.0000 anchor=0.0034 budget=0.0000 top_k=2 anchor_key_cos=0.9966 lr=7.883e-05 elapsed=10.2m
[train] epoch=1/3 step=600/5049 loss=0.3177 ce=0.3176 ce_ema=0.3368 pairwise=0.0000 pairwise_acc=0.0000 anchor=0.0034 budget=0.0000 top_k=2 anchor_key_cos=0.9966 lr=7.852e-05 elapsed=11.2m
[eval] step=600 loss=0.3312 ce=0.3312 pairwise=0.0000 pairwise_acc=0.0000 ppl=1.39
[train] epoch=1/3 step=650/5049 loss=0.3264 ce=0.3264 ce_ema=0.3292 pairwise=0.0000 pairwise_acc=0.0000 anchor=0.0034 budget=0.0000 top_k=2 anchor_key_cos=0.9966 lr=7.817e-05 elapsed=12.1m
[train] epoch=1/3 step=700/5049 loss=0.3792 ce=0.3792 ce_ema=0.3336 pairwise=0.0000 pairwise_acc=0.0000 anchor=0.0034 budget=0.0000 top_k=2 anchor_key_cos=0.9966 lr=7.779e-05 elapsed=13.0m
[train] epoch=1/3 step=750/5049 loss=0.3495 ce=0.3494 ce_ema=0.3271 pairwise=0.0000 pairwise_acc=0.0000 anchor=0.0034 budget=0.0000 top_k=2 anchor_key_cos=0.9966 lr=7.738e-05 elapsed=14.0m
[train] epoch=1/3 step=800/5049 loss=0.3353 ce=0.3353 ce_ema=0.3256 pairwise=0.0000 pairwise_acc=0.0000 anchor=0.0035 budget=0.0000 top_k=2 anchor_key_cos=0.9965 lr=7.693e-05 elapsed=15.0m
[eval] step=800 loss=0.3178 ce=0.3178 pairwise=0.0000 pairwise_acc=0.0000 ppl=1.37
[train] epoch=1/3 step=850/5049 loss=0.4019 ce=0.4019 ce_ema=0.3278 pairwise=0.0000 pairwise_acc=0.0000 anchor=0.0035 budget=0.0000 top_k=2 anchor_key_cos=0.9965 lr=7.644e-05 elapsed=15.9m
[train] epoch=1/3 step=900/5049 loss=0.2990 ce=0.2989 ce_ema=0.3253 pairwise=0.0000 pairwise_acc=0.0000 anchor=0.0035 budget=0.0000 top_k=2 anchor_key_cos=0.9965 lr=7.592e-05 elapsed=16.8m
[train] epoch=1/3 step=950/5049 loss=0.2975 ce=0.2975 ce_ema=0.3212 pairwise=0.0000 pairwise_acc=0.0000 anchor=0.0035 budget=0.0000 top_k=2 anchor_key_cos=0.9965 lr=7.538e-05 elapsed=17.7m
[train] epoch=1/3 step=1000/5049 loss=0.2848 ce=0.2848 ce_ema=0.3179 pairwise=0.0000 pairwise_acc=0.0000 anchor=0.0035 budget=0.0000 top_k=2 anchor_key_cos=0.9965 lr=7.479e-05 elapsed=18.7m
[eval] step=1000 loss=0.2919 ce=0.2919 pairwise=0.0000 pairwise_acc=0.0000 ppl=1.34
[train] epoch=1/3 step=1050/5049 loss=0.3549 ce=0.3549 ce_ema=0.3154 pairwise=0.0000 pairwise_acc=0.0000 anchor=0.0035 budget=0.0000 top_k=2 anchor_key_cos=0.9965 lr=7.418e-05 elapsed=19.7m
[train] epoch=1/3 step=1100/5049 loss=0.2633 ce=0.2632 ce_ema=0.3130 pairwise=0.0000 pairwise_acc=0.0000 anchor=0.0035 budget=0.0000 top_k=2 anchor_key_cos=0.9965 lr=7.353e-05 elapsed=20.6m
[train] epoch=1/3 step=1150/5049 loss=0.3159 ce=0.3159 ce_ema=0.3114 pairwise=0.0000 pairwise_acc=0.0000 anchor=0.0035 budget=0.0000 top_k=2 anchor_key_cos=0.9965 lr=7.286e-05 elapsed=21.5m
[train] epoch=1/3 step=1200/5049 loss=0.3101 ce=0.3101 ce_ema=0.3160 pairwise=0.0000 pairwise_acc=0.0000 anchor=0.0035 budget=0.0000 top_k=2 anchor_key_cos=0.9965 lr=7.215e-05 elapsed=22.6m
[eval] step=1200 loss=0.3098 ce=0.3098 pairwise=0.0000 pairwise_acc=0.0000 ppl=1.36
[train] epoch=1/3 step=1250/5049 loss=0.2892 ce=0.2891 ce_ema=0.3185 pairwise=0.0000 pairwise_acc=0.0000 anchor=0.0036 budget=0.0000 top_k=2 anchor_key_cos=0.9964 lr=7.142e-05 elapsed=23.5m
[train] epoch=1/3 step=1300/5049 loss=0.3721 ce=0.3721 ce_ema=0.3212 pairwise=0.0000 pairwise_acc=0.0000 anchor=0.0036 budget=0.0000 top_k=2 anchor_key_cos=0.9964 lr=7.066e-05 elapsed=24.4m
[train] epoch=1/3 step=1350/5049 loss=0.2789 ce=0.2789 ce_ema=0.3163 pairwise=0.0000 pairwise_acc=0.0000 anchor=0.0036 budget=0.0000 top_k=2 anchor_key_cos=0.9964 lr=6.987e-05 elapsed=25.4m
[train] epoch=1/3 step=1400/5049 loss=0.3664 ce=0.3664 ce_ema=0.3124 pairwise=0.0000 pairwise_acc=0.0000 anchor=0.0036 budget=0.0000 top_k=2 anchor_key_cos=0.9964 lr=6.905e-05 elapsed=26.4m
[eval] step=1400 loss=0.3018 ce=0.3018 pairwise=0.0000 pairwise_acc=0.0000 ppl=1.35
[train] epoch=1/3 step=1450/5049 loss=0.3923 ce=0.3923 ce_ema=0.3130 pairwise=0.0000 pairwise_acc=0.0000 anchor=0.0036 budget=0.0000 top_k=2 anchor_key_cos=0.9964 lr=6.821e-05 elapsed=27.3m
[train] epoch=1/3 step=1500/5049 loss=0.3250 ce=0.3249 ce_ema=0.3092 pairwise=0.0000 pairwise_acc=0.0000 anchor=0.0036 budget=0.0000 top_k=2 anchor_key_cos=0.9964 lr=6.734e-05 elapsed=28.2m
[train] epoch=1/3 step=1550/5049 loss=0.2918 ce=0.2918 ce_ema=0.3099 pairwise=0.0000 pairwise_acc=0.0000 anchor=0.0036 budget=0.0000 top_k=2 anchor_key_cos=0.9964 lr=6.645e-05 elapsed=29.1m
[train] epoch=1/3 step=1600/5049 loss=0.3030 ce=0.3030 ce_ema=0.3102 pairwise=0.0000 pairwise_acc=0.0000 anchor=0.0036 budget=0.0000 top_k=2 anchor_key_cos=0.9964 lr=6.554e-05 elapsed=30.2m
[eval] step=1600 loss=0.2910 ce=0.2910 pairwise=0.0000 pairwise_acc=0.0000 ppl=1.34
[train] epoch=1/3 step=1650/5049 loss=0.2589 ce=0.2588 ce_ema=0.3093 pairwise=0.0000 pairwise_acc=0.0000 anchor=0.0036 budget=0.0000 top_k=2 anchor_key_cos=0.9964 lr=6.460e-05 elapsed=31.1m
[train] epoch=2/3 step=1700/5049 loss=0.2945 ce=0.2945 ce_ema=0.2949 pairwise=0.0000 pairwise_acc=0.0000 anchor=0.0036 budget=0.0000 top_k=2 anchor_key_cos=0.9964 lr=6.365e-05 elapsed=32.1m
[train] epoch=2/3 step=1750/5049 loss=0.3384 ce=0.3384 ce_ema=0.2885 pairwise=0.0000 pairwise_acc=0.0000 anchor=0.0036 budget=0.0000 top_k=2 anchor_key_cos=0.9964 lr=6.267e-05 elapsed=33.0m
[train] epoch=2/3 step=1800/5049 loss=0.3288 ce=0.3288 ce_ema=0.2852 pairwise=0.0000 pairwise_acc=0.0000 anchor=0.0036 budget=0.0000 top_k=2 anchor_key_cos=0.9964 lr=6.167e-05 elapsed=34.1m
[eval] step=1800 loss=0.2841 ce=0.2841 pairwise=0.0000 pairwise_acc=0.0000 ppl=1.33
[train] epoch=2/3 step=1850/5049 loss=0.3926 ce=0.3926 ce_ema=0.2862 pairwise=0.0000 pairwise_acc=0.0000 anchor=0.0036 budget=0.0000 top_k=2 anchor_key_cos=0.9964 lr=6.066e-05 elapsed=35.0m
[train] epoch=2/3 step=1900/5049 loss=0.2447 ce=0.2446 ce_ema=0.2871 pairwise=0.0000 pairwise_acc=0.0000 anchor=0.0036 budget=0.0000 top_k=2 anchor_key_cos=0.9964 lr=5.963e-05 elapsed=35.9m
[train] epoch=2/3 step=1950/5049 loss=0.2537 ce=0.2537 ce_ema=0.2875 pairwise=0.0000 pairwise_acc=0.0000 anchor=0.0036 budget=0.0000 top_k=2 anchor_key_cos=0.9964 lr=5.858e-05 elapsed=36.9m
[train] epoch=2/3 step=2000/5049 loss=0.3067 ce=0.3067 ce_ema=0.2894 pairwise=0.0000 pairwise_acc=0.0000 anchor=0.0036 budget=0.0000 top_k=2 anchor_key_cos=0.9964 lr=5.751e-05 elapsed=37.9m
[eval] step=2000 loss=0.2982 ce=0.2982 pairwise=0.0000 pairwise_acc=0.0000 ppl=1.35
[train] epoch=2/3 step=2050/5049 loss=0.2702 ce=0.2701 ce_ema=0.2905 pairwise=0.0000 pairwise_acc=0.0000 anchor=0.0036 budget=0.0000 top_k=2 anchor_key_cos=0.9964 lr=5.644e-05 elapsed=38.9m
[train] epoch=2/3 step=2100/5049 loss=0.2397 ce=0.2397 ce_ema=0.2745 pairwise=0.0000 pairwise_acc=0.0000 anchor=0.0036 budget=0.0000 top_k=2 anchor_key_cos=0.9964 lr=5.535e-05 elapsed=39.8m
[train] epoch=2/3 step=2150/5049 loss=0.2988 ce=0.2988 ce_ema=0.2824 pairwise=0.0000 pairwise_acc=0.0000 anchor=0.0036 budget=0.0000 top_k=2 anchor_key_cos=0.9964 lr=5.425e-05 elapsed=40.8m
[train] epoch=2/3 step=2200/5049 loss=0.3067 ce=0.3067 ce_ema=0.2866 pairwise=0.0000 pairwise_acc=0.0000 anchor=0.0036 budget=0.0000 top_k=2 anchor_key_cos=0.9964 lr=5.314e-05 elapsed=41.8m
[eval] step=2200 loss=0.3028 ce=0.3028 pairwise=0.0000 pairwise_acc=0.0000 ppl=1.35
[train] epoch=2/3 step=2250/5049 loss=0.2905 ce=0.2905 ce_ema=0.2837 pairwise=0.0000 pairwise_acc=0.0000 anchor=0.0037 budget=0.0000 top_k=2 anchor_key_cos=0.9963 lr=5.201e-05 elapsed=42.8m
[train] epoch=2/3 step=2300/5049 loss=0.1963 ce=0.1962 ce_ema=0.2767 pairwise=0.0000 pairwise_acc=0.0000 anchor=0.0037 budget=0.0000 top_k=2 anchor_key_cos=0.9963 lr=5.088e-05 elapsed=43.7m
[train] epoch=2/3 step=2350/5049 loss=0.2044 ce=0.2044 ce_ema=0.2758 pairwise=0.0000 pairwise_acc=0.0000 anchor=0.0037 budget=0.0000 top_k=2 anchor_key_cos=0.9963 lr=4.975e-05 elapsed=44.6m
[train] epoch=2/3 step=2400/5049 loss=0.3211 ce=0.3211 ce_ema=0.2856 pairwise=0.0000 pairwise_acc=0.0000 anchor=0.0037 budget=0.0000 top_k=2 anchor_key_cos=0.9963 lr=4.861e-05 elapsed=45.7m
[eval] step=2400 loss=0.3086 ce=0.3086 pairwise=0.0000 pairwise_acc=0.0000 ppl=1.36
[train] epoch=2/3 step=2450/5049 loss=0.1936 ce=0.1936 ce_ema=0.2875 pairwise=0.0000 pairwise_acc=0.0000 anchor=0.0037 budget=0.0000 top_k=2 anchor_key_cos=0.9963 lr=4.746e-05 elapsed=46.6m
[train] epoch=2/3 step=2500/5049 loss=0.2915 ce=0.2914 ce_ema=0.2791 pairwise=0.0000 pairwise_acc=0.0000 anchor=0.0037 budget=0.0000 top_k=2 anchor_key_cos=0.9963 lr=4.631e-05 elapsed=47.5m
[train] epoch=2/3 step=2550/5049 loss=0.2206 ce=0.2205 ce_ema=0.2820 pairwise=0.0000 pairwise_acc=0.0000 anchor=0.0037 budget=0.0000 top_k=2 anchor_key_cos=0.9963 lr=4.515e-05 elapsed=48.5m
[train] epoch=2/3 step=2600/5049 loss=0.3144 ce=0.3144 ce_ema=0.2819 pairwise=0.0000 pairwise_acc=0.0000 anchor=0.0037 budget=0.0000 top_k=2 anchor_key_cos=0.9963 lr=4.400e-05 elapsed=49.5m
[eval] step=2600 loss=0.3008 ce=0.3008 pairwise=0.0000 pairwise_acc=0.0000 ppl=1.35
[train] epoch=2/3 step=2650/5049 loss=0.2575 ce=0.2575 ce_ema=0.2872 pairwise=0.0000 pairwise_acc=0.0000 anchor=0.0037 budget=0.0000 top_k=2 anchor_key_cos=0.9963 lr=4.285e-05 elapsed=50.4m
[train] epoch=2/3 step=2700/5049 loss=0.3934 ce=0.3933 ce_ema=0.2900 pairwise=0.0000 pairwise_acc=0.0000 anchor=0.0037 budget=0.0000 top_k=2 anchor_key_cos=0.9963 lr=4.169e-05 elapsed=51.4m
[train] epoch=2/3 step=2750/5049 loss=0.2674 ce=0.2673 ce_ema=0.2837 pairwise=0.0000 pairwise_acc=0.0000 anchor=0.0037 budget=0.0000 top_k=2 anchor_key_cos=0.9963 lr=4.054e-05 elapsed=52.3m
[train] epoch=2/3 step=2800/5049 loss=0.2848 ce=0.2848 ce_ema=0.2853 pairwise=0.0000 pairwise_acc=0.0000 anchor=0.0037 budget=0.0000 top_k=2 anchor_key_cos=0.9963 lr=3.939e-05 elapsed=53.3m
[eval] step=2800 loss=0.2913 ce=0.2913 pairwise=0.0000 pairwise_acc=0.0000 ppl=1.34
[train] epoch=2/3 step=2850/5049 loss=0.3321 ce=0.3321 ce_ema=0.2915 pairwise=0.0000 pairwise_acc=0.0000 anchor=0.0037 budget=0.0000 top_k=2 anchor_key_cos=0.9963 lr=3.825e-05 elapsed=54.2m
[train] epoch=2/3 step=2900/5049 loss=0.3188 ce=0.3187 ce_ema=0.2877 pairwise=0.0000 pairwise_acc=0.0000 anchor=0.0037 budget=0.0000 top_k=2 anchor_key_cos=0.9963 lr=3.712e-05 elapsed=55.1m
[train] epoch=2/3 step=2950/5049 loss=0.2648 ce=0.2648 ce_ema=0.2907 pairwise=0.0000 pairwise_acc=0.0000 anchor=0.0037 budget=0.0000 top_k=2 anchor_key_cos=0.9963 lr=3.599e-05 elapsed=56.0m
[train] epoch=2/3 step=3000/5049 loss=0.2964 ce=0.2964 ce_ema=0.2847 pairwise=0.0000 pairwise_acc=0.0000 anchor=0.0037 budget=0.0000 top_k=2 anchor_key_cos=0.9963 lr=3.486e-05 elapsed=56.9m
[eval] step=3000 loss=0.2893 ce=0.2893 pairwise=0.0000 pairwise_acc=0.0000 ppl=1.34
[train] epoch=2/3 step=3050/5049 loss=0.3233 ce=0.3233 ce_ema=0.2763 pairwise=0.0000 pairwise_acc=0.0000 anchor=0.0037 budget=0.0000 top_k=2 anchor_key_cos=0.9963 lr=3.375e-05 elapsed=57.8m
[train] epoch=2/3 step=3100/5049 loss=0.3380 ce=0.3380 ce_ema=0.2883 pairwise=0.0000 pairwise_acc=0.0000 anchor=0.0037 budget=0.0000 top_k=2 anchor_key_cos=0.9963 lr=3.265e-05 elapsed=58.7m
[train] epoch=2/3 step=3150/5049 loss=0.2804 ce=0.2803 ce_ema=0.2752 pairwise=0.0000 pairwise_acc=0.0000 anchor=0.0037 budget=0.0000 top_k=2 anchor_key_cos=0.9963 lr=3.156e-05 elapsed=59.6m
[train] epoch=2/3 step=3200/5049 loss=0.3599 ce=0.3598 ce_ema=0.2751 pairwise=0.0000 pairwise_acc=0.0000 anchor=0.0037 budget=0.0000 top_k=2 anchor_key_cos=0.9963 lr=3.049e-05 elapsed=60.5m
[eval] step=3200 loss=0.2850 ce=0.2850 pairwise=0.0000 pairwise_acc=0.0000 ppl=1.33
[train] epoch=2/3 step=3250/5049 loss=0.2368 ce=0.2367 ce_ema=0.2840 pairwise=0.0000 pairwise_acc=0.0000 anchor=0.0037 budget=0.0000 top_k=2 anchor_key_cos=0.9963 lr=2.942e-05 elapsed=61.4m
[train] epoch=2/3 step=3300/5049 loss=0.1834 ce=0.1834 ce_ema=0.2831 pairwise=0.0000 pairwise_acc=0.0000 anchor=0.0037 budget=0.0000 top_k=2 anchor_key_cos=0.9963 lr=2.837e-05 elapsed=62.3m
[train] epoch=2/3 step=3350/5049 loss=0.1942 ce=0.1942 ce_ema=0.2759 pairwise=0.0000 pairwise_acc=0.0000 anchor=0.0037 budget=0.0000 top_k=2 anchor_key_cos=0.9963 lr=2.734e-05 elapsed=63.2m
[train] epoch=3/3 step=3400/5049 loss=0.3400 ce=0.3400 ce_ema=0.2558 pairwise=0.0000 pairwise_acc=0.0000 anchor=0.0037 budget=0.0000 top_k=2 anchor_key_cos=0.9963 lr=2.633e-05 elapsed=64.3m
[eval] step=3400 loss=0.2972 ce=0.2972 pairwise=0.0000 pairwise_acc=0.0000 ppl=1.35
[train] epoch=3/3 step=3450/5049 loss=0.2830 ce=0.2830 ce_ema=0.2483 pairwise=0.0000 pairwise_acc=0.0000 anchor=0.0037 budget=0.0000 top_k=2 anchor_key_cos=0.9963 lr=2.533e-05 elapsed=65.2m
[train] epoch=3/3 step=3500/5049 loss=0.4040 ce=0.4039 ce_ema=0.2475 pairwise=0.0000 pairwise_acc=0.0000 anchor=0.0037 budget=0.0000 top_k=2 anchor_key_cos=0.9963 lr=2.435e-05 elapsed=66.2m
[train] epoch=3/3 step=3550/5049 loss=0.3564 ce=0.3563 ce_ema=0.2407 pairwise=0.0000 pairwise_acc=0.0000 anchor=0.0037 budget=0.0000 top_k=2 anchor_key_cos=0.9963 lr=2.340e-05 elapsed=67.1m
[train] epoch=3/3 step=3600/5049 loss=0.2360 ce=0.2360 ce_ema=0.2385 pairwise=0.0000 pairwise_acc=0.0000 anchor=0.0037 budget=0.0000 top_k=2 anchor_key_cos=0.9963 lr=2.246e-05 elapsed=68.2m
[eval] step=3600 loss=0.2967 ce=0.2967 pairwise=0.0000 pairwise_acc=0.0000 ppl=1.35
[train] epoch=3/3 step=3650/5049 loss=0.2973 ce=0.2973 ce_ema=0.2285 pairwise=0.0000 pairwise_acc=0.0000 anchor=0.0037 budget=0.0000 top_k=2 anchor_key_cos=0.9963 lr=2.155e-05 elapsed=69.1m
[train] epoch=3/3 step=3700/5049 loss=0.1987 ce=0.1987 ce_ema=0.2332 pairwise=0.0000 pairwise_acc=0.0000 anchor=0.0037 budget=0.0000 top_k=2 anchor_key_cos=0.9963 lr=2.066e-05 elapsed=70.0m
[train] epoch=3/3 step=3750/5049 loss=0.1426 ce=0.1426 ce_ema=0.2249 pairwise=0.0000 pairwise_acc=0.0000 anchor=0.0037 budget=0.0000 top_k=2 anchor_key_cos=0.9963 lr=1.979e-05 elapsed=70.9m
[train] epoch=3/3 step=3800/5049 loss=0.1975 ce=0.1974 ce_ema=0.2295 pairwise=0.0000 pairwise_acc=0.0000 anchor=0.0037 budget=0.0000 top_k=2 anchor_key_cos=0.9963 lr=1.895e-05 elapsed=71.9m
[eval] step=3800 loss=0.2899 ce=0.2899 pairwise=0.0000 pairwise_acc=0.0000 ppl=1.34
[train] epoch=3/3 step=3850/5049 loss=0.1752 ce=0.1751 ce_ema=0.2369 pairwise=0.0000 pairwise_acc=0.0000 anchor=0.0037 budget=0.0000 top_k=2 anchor_key_cos=0.9963 lr=1.813e-05 elapsed=72.8m
[train] epoch=3/3 step=3900/5049 loss=0.1083 ce=0.1083 ce_ema=0.2355 pairwise=0.0000 pairwise_acc=0.0000 anchor=0.0037 budget=0.0000 top_k=2 anchor_key_cos=0.9963 lr=1.734e-05 elapsed=73.7m
[train] epoch=3/3 step=3950/5049 loss=0.1914 ce=0.1914 ce_ema=0.2227 pairwise=0.0000 pairwise_acc=0.0000 anchor=0.0037 budget=0.0000 top_k=2 anchor_key_cos=0.9963 lr=1.658e-05 elapsed=74.6m
[train] epoch=3/3 step=4000/5049 loss=0.2171 ce=0.2170 ce_ema=0.2174 pairwise=0.0000 pairwise_acc=0.0000 anchor=0.0037 budget=0.0000 top_k=2 anchor_key_cos=0.9963 lr=1.585e-05 elapsed=75.6m
[eval] step=4000 loss=0.2969 ce=0.2969 pairwise=0.0000 pairwise_acc=0.0000 ppl=1.35
[train] epoch=3/3 step=4050/5049 loss=0.2271 ce=0.2270 ce_ema=0.2186 pairwise=0.0000 pairwise_acc=0.0000 anchor=0.0037 budget=0.0000 top_k=2 anchor_key_cos=0.9963 lr=1.514e-05 elapsed=76.5m
[train] epoch=3/3 step=4100/5049 loss=0.1929 ce=0.1928 ce_ema=0.2194 pairwise=0.0000 pairwise_acc=0.0000 anchor=0.0037 budget=0.0000 top_k=2 anchor_key_cos=0.9963 lr=1.447e-05 elapsed=77.5m
[train] epoch=3/3 step=4150/5049 loss=0.1627 ce=0.1627 ce_ema=0.2143 pairwise=0.0000 pairwise_acc=0.0000 anchor=0.0037 budget=0.0000 top_k=2 anchor_key_cos=0.9963 lr=1.382e-05 elapsed=78.4m
[train] epoch=3/3 step=4200/5049 loss=0.2258 ce=0.2258 ce_ema=0.2227 pairwise=0.0000 pairwise_acc=0.0000 anchor=0.0037 budget=0.0000 top_k=2 anchor_key_cos=0.9963 lr=1.321e-05 elapsed=79.4m
[eval] step=4200 loss=0.2943 ce=0.2943 pairwise=0.0000 pairwise_acc=0.0000 ppl=1.34
[train] epoch=3/3 step=4250/5049 loss=0.1982 ce=0.1981 ce_ema=0.2131 pairwise=0.0000 pairwise_acc=0.0000 anchor=0.0037 budget=0.0000 top_k=2 anchor_key_cos=0.9963 lr=1.262e-05 elapsed=80.3m
[train] epoch=3/3 step=4300/5049 loss=0.1721 ce=0.1721 ce_ema=0.2138 pairwise=0.0000 pairwise_acc=0.0000 anchor=0.0037 budget=0.0000 top_k=2 anchor_key_cos=0.9963 lr=1.208e-05 elapsed=81.2m
[train] epoch=3/3 step=4350/5049 loss=0.1952 ce=0.1952 ce_ema=0.2070 pairwise=0.0000 pairwise_acc=0.0000 anchor=0.0037 budget=0.0000 top_k=2 anchor_key_cos=0.9963 lr=1.156e-05 elapsed=82.1m
[train] epoch=3/3 step=4400/5049 loss=0.2035 ce=0.2035 ce_ema=0.2106 pairwise=0.0000 pairwise_acc=0.0000 anchor=0.0037 budget=0.0000 top_k=2 anchor_key_cos=0.9963 lr=1.107e-05 elapsed=83.0m
[eval] step=4400 loss=0.3066 ce=0.3066 pairwise=0.0000 pairwise_acc=0.0000 ppl=1.36
[train] epoch=3/3 step=4450/5049 loss=0.3488 ce=0.3487 ce_ema=0.2122 pairwise=0.0000 pairwise_acc=0.0000 anchor=0.0037 budget=0.0000 top_k=2 anchor_key_cos=0.9963 lr=1.062e-05 elapsed=83.9m
[train] epoch=3/3 step=4500/5049 loss=0.1278 ce=0.1278 ce_ema=0.2089 pairwise=0.0000 pairwise_acc=0.0000 anchor=0.0037 budget=0.0000 top_k=2 anchor_key_cos=0.9963 lr=1.021e-05 elapsed=84.8m
[train] epoch=3/3 step=4550/5049 loss=0.2118 ce=0.2118 ce_ema=0.2092 pairwise=0.0000 pairwise_acc=0.0000 anchor=0.0037 budget=0.0000 top_k=2 anchor_key_cos=0.9963 lr=9.828e-06 elapsed=85.7m
[train] epoch=3/3 step=4600/5049 loss=0.1344 ce=0.1343 ce_ema=0.2126 pairwise=0.0000 pairwise_acc=0.0000 anchor=0.0037 budget=0.0000 top_k=2 anchor_key_cos=0.9963 lr=9.483e-06 elapsed=86.6m
[eval] step=4600 loss=0.3150 ce=0.3150 pairwise=0.0000 pairwise_acc=0.0000 ppl=1.37
[train] epoch=3/3 step=4650/5049 loss=0.1218 ce=0.1218 ce_ema=0.2003 pairwise=0.0000 pairwise_acc=0.0000 anchor=0.0037 budget=0.0000 top_k=2 anchor_key_cos=0.9963 lr=9.172e-06 elapsed=87.5m
[train] epoch=3/3 step=4700/5049 loss=0.2542 ce=0.2542 ce_ema=0.2013 pairwise=0.0000 pairwise_acc=0.0000 anchor=0.0037 budget=0.0000 top_k=2 anchor_key_cos=0.9963 lr=8.898e-06 elapsed=88.4m
[train] epoch=3/3 step=4750/5049 loss=0.2061 ce=0.2061 ce_ema=0.2075 pairwise=0.0000 pairwise_acc=0.0000 anchor=0.0037 budget=0.0000 top_k=2 anchor_key_cos=0.9963 lr=8.660e-06 elapsed=89.3m
[train] epoch=3/3 step=4800/5049 loss=0.1324 ce=0.1324 ce_ema=0.1997 pairwise=0.0000 pairwise_acc=0.0000 anchor=0.0037 budget=0.0000 top_k=2 anchor_key_cos=0.9963 lr=8.458e-06 elapsed=90.3m
[eval] step=4800 loss=0.3275 ce=0.3275 pairwise=0.0000 pairwise_acc=0.0000 ppl=1.39
[train] epoch=3/3 step=4850/5049 loss=0.1820 ce=0.1820 ce_ema=0.2041 pairwise=0.0000 pairwise_acc=0.0000 anchor=0.0037 budget=0.0000 top_k=2 anchor_key_cos=0.9963 lr=8.293e-06 elapsed=91.2m
[train] epoch=3/3 step=4900/5049 loss=0.2629 ce=0.2629 ce_ema=0.2133 pairwise=0.0000 pairwise_acc=0.0000 anchor=0.0037 budget=0.0000 top_k=2 anchor_key_cos=0.9963 lr=8.164e-06 elapsed=92.1m
[train] epoch=3/3 step=4950/5049 loss=0.1583 ce=0.1583 ce_ema=0.2039 pairwise=0.0000 pairwise_acc=0.0000 anchor=0.0037 budget=0.0000 top_k=2 anchor_key_cos=0.9963 lr=8.073e-06 elapsed=93.0m
[train] epoch=3/3 step=5000/5049 loss=0.1826 ce=0.1826 ce_ema=0.2164 pairwise=0.0000 pairwise_acc=0.0000 anchor=0.0037 budget=0.0000 top_k=2 anchor_key_cos=0.9963 lr=8.018e-06 elapsed=93.9m
[eval] step=5000 loss=0.3106 ce=0.3106 pairwise=0.0000 pairwise_acc=0.0000 ppl=1.36
[save] moving merged model to cpu before export
[save] merged + fp32 full model -> /mnt/data/models/fv1_winogrande
[save] final router top_k -> 2
[2026-04-23 08:43:53,872] [INFO] [real_accelerator.py:203:get_accelerator] Setting ds_accelerator to cuda (auto detect)
[93m [WARNING] [0m async_io requires the dev libaio .so object and headers but these were not found.
[93m [WARNING] [0m async_io: please install the libaio-dev package with apt
[93m [WARNING] [0m If libaio is already installed (perhaps from source), try setting the CFLAGS and LDFLAGS environment variables to where it can be found.
[93m [WARNING] [0m Please specify the CUTLASS repo directory as environment variable $CUTLASS_PATH
[93m [WARNING] [0m sparse_attn requires a torch version >= 1.5 and < 2.0 but detected 2.5
[93m [WARNING] [0m using untested triton version (3.1.0), only 1.0.0 is known to be compatible

[launcher] done.
