
[launcher] running:
  /home/vipuser/miniconda3/envs/op/bin/python -m torch.distributed.run --nproc_per_node 1 /root/Predict_v2/run_stage1_dynamic_moe.py --model_path /root/models/Dynamic_MoE --output_dir /mnt/data/models/CB_piqa_s44 --dataset piqa --eval_dataset piqa --train_split train --eval_split validation --block_size 108 --batch_size 28 --grad_accum 1 --epochs 3 --lr 8e-05 --lora_r 16 --lora_alpha 16 --lora_dropout 0.05 --num_proc 16 --load_in_4bit 0 --load_in_8bit 0 --use_bnb_8bit 0 --load_in_fp16 0 --fp16 0 --bf16 0 --train_extra_params_in_fp32 1 --router_use_entmax 0 --router_top_k 2 --router_entmax_alpha 1.7 --router_value_anchor_loss_coef 0.01 --router_anchor_momentum 0.99 --min_lr_ratio 0.1 --router_lr_mult 1.0 --eval_max_samples 400 --router_use_softmax_temperature 1 --router_softmax_temperature 1.1 --train_new_router_params 1 --router_aux_loss_coef 0.01 --init_new_router_from_legacy 1 --eval_every 3000 --seed 44 --stage_split_seed 44 --stage1_epochs 1 --stage1_lr 0.0001 --stage1_grad_accum 1 --stage1_data_ratio 0.5 --stage1_distill_temperature 2.0 --stage1_kl_coef 2.0 --stage1_logit_coef 0.25 --stage1_use_logit_loss 1
[router] anchor-router trunk ignores legacy router settings: router_value_anchor_loss_coef
[load] tokenizer from model_path: /root/models/Dynamic_MoE
[load] distributed=True world_size=1 4bit=False 8bit=False
[train] mixed precision: fp16=False bf16=False
[stage1] loading base model for router distillation
[load] checkpoint loaded with strict=False: missing=96 unexpected=24 dtype=torch.float32
[init] layer 0 expert_weight_proj initialized from legacy router.weight
[init] layer 1 expert_weight_proj initialized from legacy router.weight
[init] layer 2 expert_weight_proj initialized from legacy router.weight
[init] layer 3 expert_weight_proj initialized from legacy router.weight
[init] layer 4 expert_weight_proj initialized from legacy router.weight
[init] layer 5 expert_weight_proj initialized from legacy router.weight
[init] layer 6 expert_weight_proj initialized from legacy router.weight
[init] layer 7 expert_weight_proj initialized from legacy router.weight
[init] layer 8 expert_weight_proj initialized from legacy router.weight
[init] layer 9 expert_weight_proj initialized from legacy router.weight
[init] layer 10 expert_weight_proj initialized from legacy router.weight
[init] layer 11 expert_weight_proj initialized from legacy router.weight
[init] layer 12 expert_weight_proj initialized from legacy router.weight
[init] layer 13 expert_weight_proj initialized from legacy router.weight
[init] layer 14 expert_weight_proj initialized from legacy router.weight
[init] layer 15 expert_weight_proj initialized from legacy router.weight
[init] layer 16 expert_weight_proj initialized from legacy router.weight
[init] layer 17 expert_weight_proj initialized from legacy router.weight
[init] layer 18 expert_weight_proj initialized from legacy router.weight
[init] layer 19 expert_weight_proj initialized from legacy router.weight
[init] layer 20 expert_weight_proj initialized from legacy router.weight
[init] layer 21 expert_weight_proj initialized from legacy router.weight
[init] layer 22 expert_weight_proj initialized from legacy router.weight
[init] layer 23 expert_weight_proj initialized from legacy router.weight
[init] initialized new router modules from legacy dense router for 24 layers
[stage1] trainable cross-attention router params: 125829120
[stage1][data] train=8056 (ratio=0.500, seed=44)
[stage1] epoch=1/1 step=50 loss=0.531846 kl=0.251689 logit=0.113872 t_ent=1.5940 s_ent=1.7984 top1=0.7773 topk=0.7476 cos=0.8473 elapsed=0.6m
[stage1] epoch=1/1 step=100 loss=0.140841 kl=0.065663 logit=0.038060 t_ent=1.5604 s_ent=1.6065 top1=0.9070 topk=0.8674 cos=0.9271 elapsed=1.1m
[stage1] epoch=1/1 step=150 loss=0.058611 kl=0.027170 logit=0.017082 t_ent=1.5667 s_ent=1.5822 top1=0.9455 topk=0.9191 cos=0.9502 elapsed=1.7m
[stage1] epoch=1/1 step=200 loss=0.031235 kl=0.014494 logit=0.008989 t_ent=1.5677 s_ent=1.5785 top1=0.9614 topk=0.9430 cos=0.9592 elapsed=2.2m
[stage1] epoch=1/1 step=250 loss=0.014574 kl=0.006690 logit=0.004774 t_ent=1.5594 s_ent=1.5632 top1=0.9755 topk=0.9624 cos=0.9638 elapsed=2.8m
[stage1] saving full checkpoint to /mnt/data/models/CB_piqa_s44/ckpt_after_stage1
[2026-05-19 22:39:14,104] [INFO] [real_accelerator.py:203:get_accelerator] Setting ds_accelerator to cuda (auto detect)
[93m [WARNING] [0m async_io requires the dev libaio .so object and headers but these were not found.
[93m [WARNING] [0m async_io: please install the libaio-dev package with apt
[93m [WARNING] [0m If libaio is already installed (perhaps from source), try setting the CFLAGS and LDFLAGS environment variables to where it can be found.
[93m [WARNING] [0m Please specify the CUTLASS repo directory as environment variable $CUTLASS_PATH
[93m [WARNING] [0m sparse_attn requires a torch version >= 1.5 and < 2.0 but detected 2.5
[93m [WARNING] [0m using untested triton version (3.1.0), only 1.0.0 is known to be compatible

[launcher] running:
  /home/vipuser/miniconda3/envs/op/bin/python -m torch.distributed.run --nproc_per_node 1 /root/Predict_v2/run_stage2_dynamic_moe.py --model_path /root/models/Dynamic_MoE --output_dir /mnt/data/models/CB_piqa_s44 --dataset piqa --eval_dataset piqa --train_split train --eval_split validation --block_size 108 --batch_size 28 --grad_accum 1 --epochs 3 --lr 8e-05 --lora_r 16 --lora_alpha 16 --lora_dropout 0.05 --num_proc 16 --load_in_4bit 0 --load_in_8bit 0 --use_bnb_8bit 0 --load_in_fp16 0 --fp16 0 --bf16 0 --train_extra_params_in_fp32 1 --router_use_entmax 0 --router_top_k 2 --router_entmax_alpha 1.7 --router_value_anchor_loss_coef 0.01 --router_anchor_momentum 0.99 --min_lr_ratio 0.1 --router_lr_mult 1.0 --eval_max_samples 400 --router_use_softmax_temperature 1 --router_softmax_temperature 1.1 --train_new_router_params 1 --router_aux_loss_coef 0.01 --init_new_router_from_legacy 1 --eval_every 3000 --seed 44 --stage_split_seed 44 --stage2_include_validation_in_train 0 --stage2_validation_train_ratio 0.05 --stage2_init_path /mnt/data/models/CB_piqa_s44/ckpt_after_stage1
[router] anchor-router trunk ignores legacy router settings: router_value_anchor_loss_coef
[load] tokenizer from model_path: /root/models/Dynamic_MoE
[load] distributed=True world_size=1 4bit=False 8bit=False
[train] mixed precision: fp16=False bf16=False
[stage2] loading model from /mnt/data/models/CB_piqa_s44/ckpt_after_stage1
[load] checkpoint loaded with strict=False: missing=0 unexpected=0 dtype=torch.float32
[stage2] extra trainable new-router params: 125829120
[stage2] cast selected router params to fp32: 0
[stage2] trainable params: 199753728/3687891968 (5.42%)
trainable params: 199,753,728 || all params: 3,687,891,968 || trainable%: 5.4165
[stage2][eval] using OpenCompass-style PPL ranking for piqa
[stage2][data] train=16113 eval=400 block_size=108
[stage2][opt] param groups: other=2496 router=72
[stage2][opt] lrs: other=8.000e-05 router=8.000e-05
[train] epoch=1/3 step=50/1725 loss=2.1765 ce=2.1260 ce_ema=2.9005 pairwise=0.6784 pairwise_acc=0.6071 aux=1.6549 ewp_gn=8.549e-02 budget=0.0000 top_k=2 lr=8.000e-05 elapsed=1.5m
[train] epoch=1/3 step=100/1725 loss=1.8987 ce=1.8524 ce_ema=2.3109 pairwise=0.6596 pairwise_acc=0.5357 aux=1.3389 ewp_gn=6.929e-02 budget=0.0000 top_k=2 lr=7.985e-05 elapsed=3.0m
[train] epoch=1/3 step=150/1725 loss=1.8043 ce=1.7609 ce_ema=2.0496 pairwise=0.6200 pairwise_acc=0.6429 aux=1.2332 ewp_gn=5.558e-02 budget=0.0000 top_k=2 lr=7.938e-05 elapsed=4.5m
[train] epoch=1/3 step=200/1725 loss=1.8991 ce=1.8549 ce_ema=1.9536 pairwise=0.6401 pairwise_acc=0.6071 aux=1.2184 ewp_gn=6.369e-02 budget=0.0000 top_k=2 lr=7.860e-05 elapsed=6.0m
[train] epoch=1/3 step=250/1725 loss=1.8388 ce=1.7955 ce_ema=1.8928 pairwise=0.6328 pairwise_acc=0.7143 aux=1.1707 ewp_gn=7.605e-02 budget=0.0000 top_k=2 lr=7.752e-05 elapsed=7.5m
[train] epoch=1/3 step=300/1725 loss=1.9058 ce=1.8579 ce_ema=1.8812 pairwise=0.7268 pairwise_acc=0.7143 aux=1.1560 ewp_gn=4.770e-02 budget=0.0000 top_k=2 lr=7.614e-05 elapsed=8.9m
[train] epoch=1/3 step=350/1725 loss=1.7789 ce=1.7379 ce_ema=1.8741 pairwise=0.5882 pairwise_acc=0.7857 aux=1.1571 ewp_gn=5.567e-02 budget=0.0000 top_k=2 lr=7.448e-05 elapsed=10.4m
[train] epoch=1/3 step=400/1725 loss=1.8595 ce=1.8182 ce_ema=1.8585 pairwise=0.6069 pairwise_acc=0.6786 aux=1.1045 ewp_gn=5.391e-02 budget=0.0000 top_k=2 lr=7.255e-05 elapsed=11.8m
[train] epoch=1/3 step=450/1725 loss=1.9157 ce=1.8758 ce_ema=1.8502 pairwise=0.5746 pairwise_acc=0.8214 aux=1.1159 ewp_gn=5.225e-02 budget=0.0000 top_k=2 lr=7.037e-05 elapsed=13.3m
[train] epoch=1/3 step=500/1725 loss=1.8582 ce=1.8187 ce_ema=1.8349 pairwise=0.5722 pairwise_acc=0.8214 aux=1.0891 ewp_gn=4.965e-02 budget=0.0000 top_k=2 lr=6.796e-05 elapsed=14.8m
[train] epoch=1/3 step=550/1725 loss=1.8474 ce=1.8022 ce_ema=1.8342 pairwise=0.6893 pairwise_acc=0.7500 aux=1.0760 ewp_gn=5.193e-02 budget=0.0000 top_k=2 lr=6.533e-05 elapsed=16.2m
[train] epoch=2/3 step=600/1725 loss=1.7701 ce=1.7261 ce_ema=1.7939 pairwise=0.6675 pairwise_acc=0.7143 aux=1.0641 ewp_gn=5.316e-02 budget=0.0000 top_k=2 lr=6.252e-05 elapsed=17.7m
[train] epoch=2/3 step=650/1725 loss=1.8080 ce=1.7667 ce_ema=1.7680 pairwise=0.6134 pairwise_acc=0.6786 aux=1.0626 ewp_gn=5.063e-02 budget=0.0000 top_k=2 lr=5.955e-05 elapsed=19.2m
[train] epoch=2/3 step=700/1725 loss=1.5885 ce=1.5481 ce_ema=1.7469 pairwise=0.5966 pairwise_acc=0.6786 aux=1.0519 ewp_gn=4.620e-02 budget=0.0000 top_k=2 lr=5.644e-05 elapsed=20.6m
[train] epoch=2/3 step=750/1725 loss=2.0466 ce=2.0006 ce_ema=1.7594 pairwise=0.7076 pairwise_acc=0.6429 aux=1.0593 ewp_gn=6.150e-02 budget=0.0000 top_k=2 lr=5.322e-05 elapsed=22.1m
[train] epoch=2/3 step=800/1725 loss=1.8745 ce=1.8328 ce_ema=1.7431 pairwise=0.6193 pairwise_acc=0.6786 aux=1.0715 ewp_gn=5.716e-02 budget=0.0000 top_k=2 lr=4.992e-05 elapsed=23.6m
[train] epoch=2/3 step=850/1725 loss=1.6970 ce=1.6555 ce_ema=1.7532 pairwise=0.6198 pairwise_acc=0.7500 aux=1.0502 ewp_gn=4.705e-02 budget=0.0000 top_k=2 lr=4.657e-05 elapsed=25.0m
[train] epoch=2/3 step=900/1725 loss=1.7771 ce=1.7348 ce_ema=1.7404 pairwise=0.6371 pairwise_acc=0.6786 aux=1.0522 ewp_gn=6.044e-02 budget=0.0000 top_k=2 lr=4.319e-05 elapsed=26.5m
[train] epoch=2/3 step=950/1725 loss=1.7314 ce=1.6889 ce_ema=1.7356 pairwise=0.6409 pairwise_acc=0.7857 aux=1.0406 ewp_gn=5.263e-02 budget=0.0000 top_k=2 lr=3.982e-05 elapsed=27.9m
[train] epoch=2/3 step=1000/1725 loss=1.6320 ce=1.5911 ce_ema=1.7244 pairwise=0.6082 pairwise_acc=0.8571 aux=1.0458 ewp_gn=4.809e-02 budget=0.0000 top_k=2 lr=3.649e-05 elapsed=29.4m
[train] epoch=2/3 step=1050/1725 loss=1.7929 ce=1.7521 ce_ema=1.7251 pairwise=0.6084 pairwise_acc=0.7857 aux=1.0367 ewp_gn=5.878e-02 budget=0.0000 top_k=2 lr=3.322e-05 elapsed=30.8m
[train] epoch=2/3 step=1100/1725 loss=1.7919 ce=1.7507 ce_ema=1.7394 pairwise=0.6136 pairwise_acc=0.8214 aux=1.0513 ewp_gn=4.950e-02 budget=0.0000 top_k=2 lr=3.005e-05 elapsed=32.3m
[train] epoch=2/3 step=1150/1725 loss=1.9151 ce=1.8713 ce_ema=1.7322 pairwise=0.6664 pairwise_acc=0.6071 aux=1.0481 ewp_gn=4.982e-02 budget=0.0000 top_k=2 lr=2.700e-05 elapsed=33.8m
[train] epoch=3/3 step=1200/1725 loss=1.7163 ce=1.6798 ce_ema=1.6772 pairwise=0.5234 pairwise_acc=0.9286 aux=1.0336 ewp_gn=5.543e-02 budget=0.0000 top_k=2 lr=2.410e-05 elapsed=35.2m
[train] epoch=3/3 step=1250/1725 loss=1.6878 ce=1.6492 ce_ema=1.6563 pairwise=0.5640 pairwise_acc=0.8214 aux=1.0397 ewp_gn=5.659e-02 budget=0.0000 top_k=2 lr=2.138e-05 elapsed=36.7m
[train] epoch=3/3 step=1300/1725 loss=1.7540 ce=1.7117 ce_ema=1.6417 pairwise=0.6356 pairwise_acc=0.8214 aux=1.0481 ewp_gn=5.467e-02 budget=0.0000 top_k=2 lr=1.886e-05 elapsed=38.1m
[train] epoch=3/3 step=1350/1725 loss=1.5989 ce=1.5598 ce_ema=1.6345 pairwise=0.5761 pairwise_acc=0.8214 aux=1.0281 ewp_gn=5.844e-02 budget=0.0000 top_k=2 lr=1.655e-05 elapsed=39.6m
[train] epoch=3/3 step=1400/1725 loss=1.5408 ce=1.5038 ce_ema=1.6274 pairwise=0.5333 pairwise_acc=0.8214 aux=1.0392 ewp_gn=5.343e-02 budget=0.0000 top_k=2 lr=1.449e-05 elapsed=41.1m
[train] epoch=3/3 step=1450/1725 loss=1.6414 ce=1.6013 ce_ema=1.6348 pairwise=0.5981 pairwise_acc=0.7857 aux=1.0242 ewp_gn=5.734e-02 budget=0.0000 top_k=2 lr=1.269e-05 elapsed=42.5m
[train] epoch=3/3 step=1500/1725 loss=1.8447 ce=1.8007 ce_ema=1.6352 pairwise=0.6760 pairwise_acc=0.7143 aux=1.0250 ewp_gn=6.930e-02 budget=0.0000 top_k=2 lr=1.116e-05 elapsed=44.0m
[train] epoch=3/3 step=1550/1725 loss=1.7056 ce=1.6667 ce_ema=1.6303 pairwise=0.5717 pairwise_acc=0.8214 aux=1.0309 ewp_gn=6.432e-02 budget=0.0000 top_k=2 lr=9.924e-06 elapsed=45.4m
[train] epoch=3/3 step=1600/1725 loss=1.7565 ce=1.7177 ce_ema=1.6394 pairwise=0.5697 pairwise_acc=0.8929 aux=1.0370 ewp_gn=5.645e-02 budget=0.0000 top_k=2 lr=8.986e-06 elapsed=46.9m
[train] epoch=3/3 step=1650/1725 loss=1.6291 ce=1.5908 ce_ema=1.6364 pairwise=0.5605 pairwise_acc=0.9286 aux=1.0294 ewp_gn=5.709e-02 budget=0.0000 top_k=2 lr=8.356e-06 elapsed=48.4m
[train] epoch=3/3 step=1700/1725 loss=1.7277 ce=1.6925 ce_ema=1.6374 pairwise=0.5007 pairwise_acc=0.8571 aux=1.0199 ewp_gn=5.582e-02 budget=0.0000 top_k=2 lr=8.040e-06 elapsed=49.9m
[save] moving merged model to cpu before export
[save] merged + fp32 full model -> /mnt/data/models/CB_piqa_s44
[save] final router top_k -> 2
[2026-05-19 23:31:40,291] [INFO] [real_accelerator.py:203:get_accelerator] Setting ds_accelerator to cuda (auto detect)
[93m [WARNING] [0m async_io requires the dev libaio .so object and headers but these were not found.
[93m [WARNING] [0m async_io: please install the libaio-dev package with apt
[93m [WARNING] [0m If libaio is already installed (perhaps from source), try setting the CFLAGS and LDFLAGS environment variables to where it can be found.
[93m [WARNING] [0m Please specify the CUTLASS repo directory as environment variable $CUTLASS_PATH
[93m [WARNING] [0m sparse_attn requires a torch version >= 1.5 and < 2.0 but detected 2.5
[93m [WARNING] [0m using untested triton version (3.1.0), only 1.0.0 is known to be compatible

[launcher] done.
