
[launcher] running:
  /home/vipuser/miniconda3/envs/op/bin/python -m torch.distributed.run --nproc_per_node 1 /root/Predict_v2/run_stage1_dynamic_moe.py --model_path /root/models/Dynamic_MoE --output_dir /mnt/data/models/fv1_siqa_s43 --dataset siqa --eval_dataset siqa --train_split train --eval_split validation --block_size 150 --batch_size 22 --grad_accum 1 --epochs 3 --lr 8e-05 --lora_r 16 --lora_alpha 16 --lora_dropout 0.05 --num_proc 16 --load_in_4bit 0 --load_in_8bit 0 --use_bnb_8bit 0 --load_in_fp16 0 --fp16 0 --bf16 0 --train_extra_params_in_fp32 1 --router_use_entmax 0 --router_top_k 2 --router_entmax_alpha 1.7 --router_value_anchor_loss_coef 0.01 --router_anchor_momentum 0.99 --min_lr_ratio 0.1 --router_lr_mult 1.0 --eval_max_samples 400 --router_use_softmax_temperature 1 --router_softmax_temperature 1.1 --train_new_router_params 1 --router_aux_loss_coef 0.01 --init_new_router_from_legacy 1 --eval_every 3000 --seed 43 --stage_split_seed 43 --stage1_epochs 1 --stage1_lr 0.0001 --stage1_grad_accum 1 --stage1_data_ratio 0.5 --stage1_distill_temperature 2.0 --stage1_kl_coef 2.0 --stage1_logit_coef 0.25 --stage1_use_logit_loss 1
[router] anchor-router trunk ignores legacy router settings: router_value_anchor_loss_coef
[load] tokenizer from model_path: /root/models/Dynamic_MoE
[load] distributed=True world_size=1 4bit=False 8bit=False
[train] mixed precision: fp16=False bf16=False
[stage1] loading base model for router distillation
[load] checkpoint loaded with strict=False: missing=96 unexpected=24 dtype=torch.float32
[init] layer 0 expert_weight_proj initialized from legacy router.weight
[init] layer 1 expert_weight_proj initialized from legacy router.weight
[init] layer 2 expert_weight_proj initialized from legacy router.weight
[init] layer 3 expert_weight_proj initialized from legacy router.weight
[init] layer 4 expert_weight_proj initialized from legacy router.weight
[init] layer 5 expert_weight_proj initialized from legacy router.weight
[init] layer 6 expert_weight_proj initialized from legacy router.weight
[init] layer 7 expert_weight_proj initialized from legacy router.weight
[init] layer 8 expert_weight_proj initialized from legacy router.weight
[init] layer 9 expert_weight_proj initialized from legacy router.weight
[init] layer 10 expert_weight_proj initialized from legacy router.weight
[init] layer 11 expert_weight_proj initialized from legacy router.weight
[init] layer 12 expert_weight_proj initialized from legacy router.weight
[init] layer 13 expert_weight_proj initialized from legacy router.weight
[init] layer 14 expert_weight_proj initialized from legacy router.weight
[init] layer 15 expert_weight_proj initialized from legacy router.weight
[init] layer 16 expert_weight_proj initialized from legacy router.weight
[init] layer 17 expert_weight_proj initialized from legacy router.weight
[init] layer 18 expert_weight_proj initialized from legacy router.weight
[init] layer 19 expert_weight_proj initialized from legacy router.weight
[init] layer 20 expert_weight_proj initialized from legacy router.weight
[init] layer 21 expert_weight_proj initialized from legacy router.weight
[init] layer 22 expert_weight_proj initialized from legacy router.weight
[init] layer 23 expert_weight_proj initialized from legacy router.weight
[init] initialized new router modules from legacy dense router for 24 layers
[stage1] trainable cross-attention router params: 125829120
[stage1][data] train=16705 (ratio=0.500, seed=43)
[stage1] epoch=1/1 step=50 loss=0.542134 kl=0.257282 logit=0.110280 t_ent=1.5993 s_ent=1.8176 top1=0.7674 topk=0.7501 cos=0.8476 elapsed=0.6m
[stage1] epoch=1/1 step=100 loss=0.155944 kl=0.072806 logit=0.041323 t_ent=1.5712 s_ent=1.6339 top1=0.9018 topk=0.8672 cos=0.9221 elapsed=1.1m
[stage1] epoch=1/1 step=150 loss=0.058006 kl=0.026698 logit=0.018440 t_ent=1.5758 s_ent=1.5962 top1=0.9431 topk=0.9165 cos=0.9456 elapsed=1.7m
[stage1] epoch=1/1 step=200 loss=0.030510 kl=0.014073 logit=0.009455 t_ent=1.5749 s_ent=1.5834 top1=0.9589 topk=0.9434 cos=0.9557 elapsed=2.3m
[stage1] epoch=1/1 step=250 loss=0.015481 kl=0.007096 logit=0.005158 t_ent=1.5743 s_ent=1.5779 top1=0.9732 topk=0.9602 cos=0.9601 elapsed=2.8m
[stage1] epoch=1/1 step=300 loss=0.010306 kl=0.004731 logit=0.003378 t_ent=1.5790 s_ent=1.5822 top1=0.9778 topk=0.9666 cos=0.9621 elapsed=3.4m
[stage1] epoch=1/1 step=350 loss=0.006469 kl=0.002959 logit=0.002203 t_ent=1.5748 s_ent=1.5769 top1=0.9839 topk=0.9755 cos=0.9626 elapsed=4.0m
[stage1] epoch=1/1 step=400 loss=0.004658 kl=0.002131 logit=0.001583 t_ent=1.5799 s_ent=1.5814 top1=0.9870 topk=0.9799 cos=0.9640 elapsed=4.5m
[stage1] epoch=1/1 step=450 loss=0.002688 kl=0.001216 logit=0.001021 t_ent=1.5733 s_ent=1.5736 top1=0.9915 topk=0.9840 cos=0.9643 elapsed=5.1m
[stage1] epoch=1/1 step=500 loss=0.001835 kl=0.000829 logit=0.000708 t_ent=1.5777 s_ent=1.5782 top1=0.9925 topk=0.9873 cos=0.9641 elapsed=5.7m
[stage1] epoch=1/1 step=550 loss=0.001936 kl=0.000899 logit=0.000555 t_ent=1.5799 s_ent=1.5805 top1=0.9936 topk=0.9880 cos=0.9647 elapsed=6.2m
[stage1] epoch=1/1 step=600 loss=0.001203 kl=0.000546 logit=0.000444 t_ent=1.5680 s_ent=1.5683 top1=0.9943 topk=0.9900 cos=0.9647 elapsed=6.8m
[stage1] epoch=1/1 step=650 loss=0.000937 kl=0.000425 logit=0.000347 t_ent=1.5763 s_ent=1.5765 top1=0.9957 topk=0.9912 cos=0.9652 elapsed=7.4m
[stage1] epoch=1/1 step=700 loss=0.000616 kl=0.000278 logit=0.000245 t_ent=1.5835 s_ent=1.5836 top1=0.9970 topk=0.9936 cos=0.9652 elapsed=7.9m
[stage1] epoch=1/1 step=750 loss=0.000649 kl=0.000297 logit=0.000221 t_ent=1.5839 s_ent=1.5839 top1=0.9969 topk=0.9938 cos=0.9657 elapsed=8.5m
[stage1] saving full checkpoint to /mnt/data/models/fv1_siqa_s43/ckpt_after_stage1
[2026-05-20 02:26:25,440] [INFO] [real_accelerator.py:203:get_accelerator] Setting ds_accelerator to cuda (auto detect)
[93m [WARNING] [0m async_io requires the dev libaio .so object and headers but these were not found.
[93m [WARNING] [0m async_io: please install the libaio-dev package with apt
[93m [WARNING] [0m If libaio is already installed (perhaps from source), try setting the CFLAGS and LDFLAGS environment variables to where it can be found.
[93m [WARNING] [0m Please specify the CUTLASS repo directory as environment variable $CUTLASS_PATH
[93m [WARNING] [0m sparse_attn requires a torch version >= 1.5 and < 2.0 but detected 2.5
[93m [WARNING] [0m using untested triton version (3.1.0), only 1.0.0 is known to be compatible

[launcher] running:
  /home/vipuser/miniconda3/envs/op/bin/python -m torch.distributed.run --nproc_per_node 1 /root/Predict_v2/run_stage2_dynamic_moe.py --model_path /root/models/Dynamic_MoE --output_dir /mnt/data/models/fv1_siqa_s43 --dataset siqa --eval_dataset siqa --train_split train --eval_split validation --block_size 150 --batch_size 22 --grad_accum 1 --epochs 3 --lr 8e-05 --lora_r 16 --lora_alpha 16 --lora_dropout 0.05 --num_proc 16 --load_in_4bit 0 --load_in_8bit 0 --use_bnb_8bit 0 --load_in_fp16 0 --fp16 0 --bf16 0 --train_extra_params_in_fp32 1 --router_use_entmax 0 --router_top_k 2 --router_entmax_alpha 1.7 --router_value_anchor_loss_coef 0.01 --router_anchor_momentum 0.99 --min_lr_ratio 0.1 --router_lr_mult 1.0 --eval_max_samples 400 --router_use_softmax_temperature 1 --router_softmax_temperature 1.1 --train_new_router_params 1 --router_aux_loss_coef 0.01 --init_new_router_from_legacy 1 --eval_every 3000 --seed 43 --stage_split_seed 43 --stage2_include_validation_in_train 0 --stage2_validation_train_ratio 0.05 --stage2_init_path /mnt/data/models/fv1_siqa_s43/ckpt_after_stage1
[router] anchor-router trunk ignores legacy router settings: router_value_anchor_loss_coef
[load] tokenizer from model_path: /root/models/Dynamic_MoE
[load] distributed=True world_size=1 4bit=False 8bit=False
[train] mixed precision: fp16=False bf16=False
[stage2] loading model from /mnt/data/models/fv1_siqa_s43/ckpt_after_stage1
[load] checkpoint loaded with strict=False: missing=0 unexpected=0 dtype=torch.float32
[stage2] extra trainable new-router params: 125829120
[stage2] cast selected router params to fp32: 0
[stage2] trainable params: 199753728/3687891968 (5.42%)
trainable params: 199,753,728 || all params: 3,687,891,968 || trainable%: 5.4165
[stage2][eval] using OpenCompass-style PPL ranking for siqa
[stage2][data] train=33410 eval=400 block_size=150
[stage2][opt] param groups: other=2496 router=72
[stage2][opt] lrs: other=8.000e-05 router=8.000e-05
[train] epoch=1/3 step=50/4554 loss=2.2783 ce=2.2291 ce_ema=3.2308 pairwise=0.6569 pairwise_acc=0.6364 aux=1.6404 ewp_gn=1.098e-01 budget=0.0000 top_k=2 lr=3.000e-05 elapsed=1.8m
[train] epoch=1/3 step=100/4554 loss=1.6340 ce=1.5857 ce_ema=2.2827 pairwise=0.6966 pairwise_acc=0.6818 aux=1.3478 ewp_gn=6.369e-02 budget=0.0000 top_k=2 lr=5.941e-05 elapsed=3.5m
[train] epoch=1/3 step=150/4554 loss=1.5662 ce=1.5207 ce_ema=1.7898 pairwise=0.6616 pairwise_acc=0.7273 aux=1.2413 ewp_gn=5.470e-02 budget=0.0000 top_k=2 lr=8.000e-05 elapsed=5.2m
[train] epoch=1/3 step=200/4554 loss=1.4932 ce=1.4537 ce_ema=1.5775 pairwise=0.5599 pairwise_acc=0.6364 aux=1.1531 ewp_gn=5.384e-02 budget=0.0000 top_k=2 lr=7.996e-05 elapsed=6.9m
[train] epoch=1/3 step=250/4554 loss=1.4857 ce=1.4556 ce_ema=1.4861 pairwise=0.3792 pairwise_acc=0.8636 aux=1.1136 ewp_gn=4.460e-02 budget=0.0000 top_k=2 lr=7.988e-05 elapsed=8.6m
[train] epoch=1/3 step=300/4554 loss=1.6151 ce=1.5762 ce_ema=1.4499 pairwise=0.5605 pairwise_acc=0.6364 aux=1.0876 ewp_gn=5.086e-02 budget=0.0000 top_k=2 lr=7.976e-05 elapsed=10.3m
[train] epoch=1/3 step=350/4554 loss=1.4134 ce=1.3800 ce_ema=1.4200 pairwise=0.4541 pairwise_acc=0.6818 aux=1.0780 ewp_gn=4.441e-02 budget=0.0000 top_k=2 lr=7.958e-05 elapsed=12.0m
[train] epoch=1/3 step=400/4554 loss=1.2828 ce=1.2560 ce_ema=1.4054 pairwise=0.3199 pairwise_acc=0.9091 aux=1.0790 ewp_gn=3.483e-02 budget=0.0000 top_k=2 lr=7.937e-05 elapsed=13.7m
[train] epoch=1/3 step=450/4554 loss=1.4364 ce=1.4020 ce_ema=1.4122 pairwise=0.4716 pairwise_acc=0.7727 aux=1.0743 ewp_gn=4.142e-02 budget=0.0000 top_k=2 lr=7.911e-05 elapsed=15.3m
[train] epoch=1/3 step=500/4554 loss=1.2201 ce=1.1846 ce_ema=1.3844 pairwise=0.4983 pairwise_acc=0.6364 aux=1.0613 ewp_gn=3.984e-02 budget=0.0000 top_k=2 lr=7.880e-05 elapsed=17.0m
[train] epoch=1/3 step=550/4554 loss=1.3530 ce=1.3166 ce_ema=1.3742 pairwise=0.5179 pairwise_acc=0.7273 aux=1.0530 ewp_gn=3.497e-02 budget=0.0000 top_k=2 lr=7.845e-05 elapsed=18.7m
[train] epoch=1/3 step=600/4554 loss=1.4716 ce=1.4353 ce_ema=1.3827 pairwise=0.5123 pairwise_acc=0.7273 aux=1.0674 ewp_gn=4.327e-02 budget=0.0000 top_k=2 lr=7.806e-05 elapsed=20.4m
[train] epoch=1/3 step=650/4554 loss=1.4516 ce=1.4140 ce_ema=1.3746 pairwise=0.5416 pairwise_acc=0.6818 aux=1.0538 ewp_gn=4.198e-02 budget=0.0000 top_k=2 lr=7.762e-05 elapsed=22.1m
[train] epoch=1/3 step=700/4554 loss=1.3457 ce=1.3138 ce_ema=1.3792 pairwise=0.4278 pairwise_acc=0.7273 aux=1.0499 ewp_gn=3.795e-02 budget=0.0000 top_k=2 lr=7.714e-05 elapsed=23.8m
[train] epoch=1/3 step=750/4554 loss=1.5017 ce=1.4645 ce_ema=1.3843 pairwise=0.5351 pairwise_acc=0.7273 aux=1.0471 ewp_gn=4.875e-02 budget=0.0000 top_k=2 lr=7.662e-05 elapsed=25.5m
[train] epoch=1/3 step=800/4554 loss=1.5460 ce=1.5085 ce_ema=1.3757 pairwise=0.5429 pairwise_acc=0.7273 aux=1.0452 ewp_gn=4.309e-02 budget=0.0000 top_k=2 lr=7.606e-05 elapsed=27.2m
[train] epoch=1/3 step=850/4554 loss=1.4503 ce=1.4172 ce_ema=1.3696 pairwise=0.4505 pairwise_acc=0.8182 aux=1.0577 ewp_gn=4.639e-02 budget=0.0000 top_k=2 lr=7.546e-05 elapsed=28.9m
[train] epoch=1/3 step=900/4554 loss=1.4446 ce=1.4097 ce_ema=1.3774 pairwise=0.4883 pairwise_acc=0.7727 aux=1.0553 ewp_gn=3.959e-02 budget=0.0000 top_k=2 lr=7.482e-05 elapsed=30.6m
[train] epoch=1/3 step=950/4554 loss=1.3680 ce=1.3323 ce_ema=1.3535 pairwise=0.5039 pairwise_acc=0.6818 aux=1.0482 ewp_gn=3.783e-02 budget=0.0000 top_k=2 lr=7.414e-05 elapsed=32.3m
[train] epoch=1/3 step=1000/4554 loss=1.3494 ce=1.3199 ce_ema=1.3650 pairwise=0.3816 pairwise_acc=0.8182 aux=1.0403 ewp_gn=3.700e-02 budget=0.0000 top_k=2 lr=7.342e-05 elapsed=33.9m
[train] epoch=1/3 step=1050/4554 loss=1.3622 ce=1.3248 ce_ema=1.3609 pairwise=0.5371 pairwise_acc=0.7727 aux=1.0547 ewp_gn=4.287e-02 budget=0.0000 top_k=2 lr=7.266e-05 elapsed=35.6m
[train] epoch=1/3 step=1100/4554 loss=1.3966 ce=1.3612 ce_ema=1.3493 pairwise=0.4961 pairwise_acc=0.7273 aux=1.0647 ewp_gn=3.890e-02 budget=0.0000 top_k=2 lr=7.187e-05 elapsed=37.3m
[train] epoch=1/3 step=1150/4554 loss=1.4058 ce=1.3738 ce_ema=1.3543 pairwise=0.4306 pairwise_acc=0.8182 aux=1.0408 ewp_gn=3.952e-02 budget=0.0000 top_k=2 lr=7.104e-05 elapsed=39.0m
[train] epoch=1/3 step=1200/4554 loss=1.3772 ce=1.3374 ce_ema=1.3568 pairwise=0.5894 pairwise_acc=0.7727 aux=1.0399 ewp_gn=4.340e-02 budget=0.0000 top_k=2 lr=7.018e-05 elapsed=40.7m
[train] epoch=1/3 step=1250/4554 loss=1.3258 ce=1.2897 ce_ema=1.3500 pairwise=0.5091 pairwise_acc=0.7727 aux=1.0615 ewp_gn=3.044e-02 budget=0.0000 top_k=2 lr=6.928e-05 elapsed=42.4m
[train] epoch=1/3 step=1300/4554 loss=1.3615 ce=1.3219 ce_ema=1.3374 pairwise=0.5850 pairwise_acc=0.6364 aux=1.0362 ewp_gn=4.782e-02 budget=0.0000 top_k=2 lr=6.836e-05 elapsed=44.0m
[train] epoch=1/3 step=1350/4554 loss=1.4211 ce=1.3848 ce_ema=1.3468 pairwise=0.5150 pairwise_acc=0.6818 aux=1.0520 ewp_gn=4.267e-02 budget=0.0000 top_k=2 lr=6.740e-05 elapsed=45.7m
[train] epoch=1/3 step=1400/4554 loss=1.3615 ce=1.3242 ce_ema=1.3528 pairwise=0.5363 pairwise_acc=0.7273 aux=1.0412 ewp_gn=3.635e-02 budget=0.0000 top_k=2 lr=6.641e-05 elapsed=47.4m
[train] epoch=1/3 step=1450/4554 loss=1.3133 ce=1.2738 ce_ema=1.3530 pairwise=0.5817 pairwise_acc=0.6818 aux=1.0318 ewp_gn=3.578e-02 budget=0.0000 top_k=2 lr=6.540e-05 elapsed=49.1m
[train] epoch=1/3 step=1500/4554 loss=1.2851 ce=1.2541 ce_ema=1.3426 pairwise=0.4105 pairwise_acc=0.8636 aux=1.0459 ewp_gn=3.295e-02 budget=0.0000 top_k=2 lr=6.435e-05 elapsed=50.8m
[train] epoch=2/3 step=1550/4554 loss=1.3225 ce=1.2854 ce_ema=1.3180 pairwise=0.5331 pairwise_acc=0.6818 aux=1.0411 ewp_gn=3.705e-02 budget=0.0000 top_k=2 lr=6.328e-05 elapsed=52.5m
[train] epoch=2/3 step=1600/4554 loss=1.4362 ce=1.4044 ce_ema=1.2977 pairwise=0.4283 pairwise_acc=0.8182 aux=1.0384 ewp_gn=3.976e-02 budget=0.0000 top_k=2 lr=6.219e-05 elapsed=54.2m
[train] epoch=2/3 step=1650/4554 loss=1.3178 ce=1.2854 ce_ema=1.2953 pairwise=0.4357 pairwise_acc=0.7727 aux=1.0594 ewp_gn=3.729e-02 budget=0.0000 top_k=2 lr=6.108e-05 elapsed=55.9m
[train] epoch=2/3 step=1700/4554 loss=1.3262 ce=1.2925 ce_ema=1.2941 pairwise=0.4672 pairwise_acc=0.8182 aux=1.0310 ewp_gn=3.865e-02 budget=0.0000 top_k=2 lr=5.994e-05 elapsed=57.6m
[train] epoch=2/3 step=1750/4554 loss=1.2679 ce=1.2434 ce_ema=1.3021 pairwise=0.2829 pairwise_acc=0.9091 aux=1.0358 ewp_gn=3.451e-02 budget=0.0000 top_k=2 lr=5.878e-05 elapsed=59.3m
[train] epoch=2/3 step=1800/4554 loss=1.3569 ce=1.3341 ce_ema=1.2916 pairwise=0.2497 pairwise_acc=0.9091 aux=1.0318 ewp_gn=3.390e-02 budget=0.0000 top_k=2 lr=5.760e-05 elapsed=61.0m
[train] epoch=2/3 step=1850/4554 loss=1.3211 ce=1.2937 ce_ema=1.2977 pairwise=0.3401 pairwise_acc=0.8182 aux=1.0360 ewp_gn=3.656e-02 budget=0.0000 top_k=2 lr=5.641e-05 elapsed=62.7m
[train] epoch=2/3 step=1900/4554 loss=1.3299 ce=1.2966 ce_ema=1.2918 pairwise=0.4585 pairwise_acc=0.8182 aux=1.0326 ewp_gn=3.614e-02 budget=0.0000 top_k=2 lr=5.520e-05 elapsed=64.4m
[train] epoch=2/3 step=1950/4554 loss=1.2258 ce=1.1881 ce_ema=1.2846 pairwise=0.5487 pairwise_acc=0.6818 aux=1.0310 ewp_gn=3.650e-02 budget=0.0000 top_k=2 lr=5.398e-05 elapsed=66.1m
[train] epoch=2/3 step=2000/4554 loss=1.3173 ce=1.2851 ce_ema=1.2851 pairwise=0.4348 pairwise_acc=0.8636 aux=1.0405 ewp_gn=3.796e-02 budget=0.0000 top_k=2 lr=5.274e-05 elapsed=67.8m
[train] epoch=2/3 step=2050/4554 loss=1.2720 ce=1.2420 ce_ema=1.2784 pairwise=0.3934 pairwise_acc=0.9091 aux=1.0315 ewp_gn=4.040e-02 budget=0.0000 top_k=2 lr=5.150e-05 elapsed=69.5m
[train] epoch=2/3 step=2100/4554 loss=1.2860 ce=1.2540 ce_ema=1.2795 pairwise=0.4343 pairwise_acc=0.8182 aux=1.0286 ewp_gn=3.757e-02 budget=0.0000 top_k=2 lr=5.024e-05 elapsed=71.1m
[train] epoch=2/3 step=2150/4554 loss=1.2961 ce=1.2632 ce_ema=1.2735 pairwise=0.4524 pairwise_acc=0.9091 aux=1.0263 ewp_gn=4.459e-02 budget=0.0000 top_k=2 lr=4.898e-05 elapsed=72.9m
[train] epoch=2/3 step=2200/4554 loss=1.3609 ce=1.3280 ce_ema=1.2945 pairwise=0.4525 pairwise_acc=0.7273 aux=1.0299 ewp_gn=4.415e-02 budget=0.0000 top_k=2 lr=4.771e-05 elapsed=75.0m
[train] epoch=2/3 step=2250/4554 loss=1.5144 ce=1.4753 ce_ema=1.2861 pairwise=0.5750 pairwise_acc=0.7273 aux=1.0296 ewp_gn=3.572e-02 budget=0.0000 top_k=2 lr=4.643e-05 elapsed=77.4m
[train] epoch=2/3 step=2300/4554 loss=1.2379 ce=1.2052 ce_ema=1.2844 pairwise=0.4484 pairwise_acc=0.8182 aux=1.0254 ewp_gn=3.975e-02 budget=0.0000 top_k=2 lr=4.515e-05 elapsed=79.1m
[train] epoch=2/3 step=2350/4554 loss=1.3969 ce=1.3599 ce_ema=1.2802 pairwise=0.5361 pairwise_acc=0.7273 aux=1.0240 ewp_gn=3.813e-02 budget=0.0000 top_k=2 lr=4.387e-05 elapsed=80.8m
[train] epoch=2/3 step=2400/4554 loss=1.2669 ce=1.2342 ce_ema=1.2775 pairwise=0.4469 pairwise_acc=0.9091 aux=1.0307 ewp_gn=3.456e-02 budget=0.0000 top_k=2 lr=4.259e-05 elapsed=83.6m
[train] epoch=2/3 step=2450/4554 loss=1.2904 ce=1.2589 ce_ema=1.2781 pairwise=0.4263 pairwise_acc=0.8636 aux=1.0224 ewp_gn=3.723e-02 budget=0.0000 top_k=2 lr=4.131e-05 elapsed=85.6m
[train] epoch=2/3 step=2500/4554 loss=1.3040 ce=1.2671 ce_ema=1.2760 pairwise=0.5338 pairwise_acc=0.7727 aux=1.0226 ewp_gn=3.771e-02 budget=0.0000 top_k=2 lr=4.004e-05 elapsed=87.4m
[train] epoch=2/3 step=2550/4554 loss=1.1747 ce=1.1448 ce_ema=1.2840 pairwise=0.3910 pairwise_acc=0.7727 aux=1.0275 ewp_gn=3.877e-02 budget=0.0000 top_k=2 lr=3.877e-05 elapsed=89.1m
[train] epoch=2/3 step=2600/4554 loss=1.2697 ce=1.2427 ce_ema=1.2796 pairwise=0.3355 pairwise_acc=0.9091 aux=1.0259 ewp_gn=3.786e-02 budget=0.0000 top_k=2 lr=3.751e-05 elapsed=90.8m
[train] epoch=2/3 step=2650/4554 loss=1.2955 ce=1.2700 ce_ema=1.2718 pairwise=0.3068 pairwise_acc=1.0000 aux=1.0212 ewp_gn=3.611e-02 budget=0.0000 top_k=2 lr=3.625e-05 elapsed=92.5m
[train] epoch=2/3 step=2700/4554 loss=1.4177 ce=1.3771 ce_ema=1.2732 pairwise=0.6064 pairwise_acc=0.6818 aux=1.0224 ewp_gn=4.717e-02 budget=0.0000 top_k=2 lr=3.501e-05 elapsed=94.2m
[train] epoch=2/3 step=2750/4554 loss=1.1806 ce=1.1528 ce_ema=1.2753 pairwise=0.3513 pairwise_acc=0.9545 aux=1.0240 ewp_gn=3.255e-02 budget=0.0000 top_k=2 lr=3.378e-05 elapsed=95.9m
[train] epoch=2/3 step=2800/4554 loss=1.2676 ce=1.2336 ce_ema=1.2784 pairwise=0.4763 pairwise_acc=0.7273 aux=1.0155 ewp_gn=3.314e-02 budget=0.0000 top_k=2 lr=3.255e-05 elapsed=97.6m
[train] epoch=2/3 step=2850/4554 loss=1.3093 ce=1.2730 ce_ema=1.2725 pairwise=0.5227 pairwise_acc=0.8182 aux=1.0147 ewp_gn=4.340e-02 budget=0.0000 top_k=2 lr=3.135e-05 elapsed=99.3m
[train] epoch=2/3 step=2900/4554 loss=1.2358 ce=1.2099 ce_ema=1.2753 pairwise=0.3152 pairwise_acc=0.9091 aux=1.0151 ewp_gn=4.086e-02 budget=0.0000 top_k=2 lr=3.016e-05 elapsed=101.0m
[train] epoch=2/3 step=2950/4554 loss=1.3439 ce=1.3044 ce_ema=1.2653 pairwise=0.5845 pairwise_acc=0.6818 aux=1.0236 ewp_gn=4.202e-02 budget=0.0000 top_k=2 lr=2.899e-05 elapsed=102.7m
[train] epoch=2/3 step=3000/4554 loss=1.2134 ce=1.1824 ce_ema=1.2529 pairwise=0.4168 pairwise_acc=0.8636 aux=1.0174 ewp_gn=3.847e-02 budget=0.0000 top_k=2 lr=2.783e-05 elapsed=104.8m
[eval] step=3000 eval_pairwise_acc=0.507500
[train] epoch=3/3 step=3050/4554 loss=1.2630 ce=1.2290 ce_ema=1.2589 pairwise=0.4741 pairwise_acc=0.7273 aux=1.0237 ewp_gn=3.820e-02 budget=0.0000 top_k=2 lr=2.670e-05 elapsed=106.5m
[train] epoch=3/3 step=3100/4554 loss=1.2095 ce=1.1776 ce_ema=1.2269 pairwise=0.4342 pairwise_acc=0.8182 aux=1.0143 ewp_gn=3.842e-02 budget=0.0000 top_k=2 lr=2.559e-05 elapsed=108.2m
[train] epoch=3/3 step=3150/4554 loss=1.2700 ce=1.2400 ce_ema=1.2207 pairwise=0.3956 pairwise_acc=0.9091 aux=1.0180 ewp_gn=3.619e-02 budget=0.0000 top_k=2 lr=2.450e-05 elapsed=109.9m
[train] epoch=3/3 step=3200/4554 loss=1.2768 ce=1.2489 ce_ema=1.2101 pairwise=0.3556 pairwise_acc=0.8636 aux=1.0129 ewp_gn=3.941e-02 budget=0.0000 top_k=2 lr=2.344e-05 elapsed=111.6m
[train] epoch=3/3 step=3250/4554 loss=1.2449 ce=1.2216 ce_ema=1.2092 pairwise=0.2631 pairwise_acc=0.9545 aux=1.0161 ewp_gn=3.836e-02 budget=0.0000 top_k=2 lr=2.240e-05 elapsed=113.3m
[train] epoch=3/3 step=3300/4554 loss=1.2806 ce=1.2567 ce_ema=1.1993 pairwise=0.2774 pairwise_acc=0.9091 aux=1.0106 ewp_gn=4.300e-02 budget=0.0000 top_k=2 lr=2.139e-05 elapsed=115.0m
[train] epoch=3/3 step=3350/4554 loss=1.2435 ce=1.2232 ce_ema=1.2004 pairwise=0.2027 pairwise_acc=1.0000 aux=1.0143 ewp_gn=3.747e-02 budget=0.0000 top_k=2 lr=2.041e-05 elapsed=116.7m
[train] epoch=3/3 step=3400/4554 loss=1.1723 ce=1.1460 ce_ema=1.2066 pairwise=0.3235 pairwise_acc=0.8636 aux=1.0106 ewp_gn=3.434e-02 budget=0.0000 top_k=2 lr=1.946e-05 elapsed=118.4m
[train] epoch=3/3 step=3450/4554 loss=1.2700 ce=1.2447 ce_ema=1.2063 pairwise=0.3033 pairwise_acc=0.9091 aux=1.0141 ewp_gn=4.791e-02 budget=0.0000 top_k=2 lr=1.854e-05 elapsed=120.1m
[train] epoch=3/3 step=3500/4554 loss=1.2239 ce=1.1974 ce_ema=1.2096 pairwise=0.3273 pairwise_acc=0.9545 aux=1.0122 ewp_gn=3.942e-02 budget=0.0000 top_k=2 lr=1.765e-05 elapsed=121.9m
[train] epoch=3/3 step=3550/4554 loss=1.1790 ce=1.1477 ce_ema=1.1933 pairwise=0.4247 pairwise_acc=0.7727 aux=1.0106 ewp_gn=4.019e-02 budget=0.0000 top_k=2 lr=1.679e-05 elapsed=126.3m
[train] epoch=3/3 step=3600/4554 loss=1.1816 ce=1.1581 ce_ema=1.2030 pairwise=0.2665 pairwise_acc=0.9091 aux=1.0137 ewp_gn=3.769e-02 budget=0.0000 top_k=2 lr=1.597e-05 elapsed=128.6m
[train] epoch=3/3 step=3650/4554 loss=1.2792 ce=1.2484 ce_ema=1.2086 pairwise=0.4128 pairwise_acc=0.7727 aux=1.0145 ewp_gn=4.371e-02 budget=0.0000 top_k=2 lr=1.519e-05 elapsed=130.4m
[train] epoch=3/3 step=3700/4554 loss=1.1097 ce=1.0846 ce_ema=1.2069 pairwise=0.2985 pairwise_acc=0.9091 aux=1.0105 ewp_gn=4.042e-02 budget=0.0000 top_k=2 lr=1.444e-05 elapsed=132.2m
[train] epoch=3/3 step=3750/4554 loss=1.1990 ce=1.1733 ce_ema=1.2087 pairwise=0.3110 pairwise_acc=0.9091 aux=1.0143 ewp_gn=4.073e-02 budget=0.0000 top_k=2 lr=1.372e-05 elapsed=133.9m
[train] epoch=3/3 step=3800/4554 loss=1.2249 ce=1.2001 ce_ema=1.2025 pairwise=0.2939 pairwise_acc=0.8636 aux=1.0102 ewp_gn=4.760e-02 budget=0.0000 top_k=2 lr=1.305e-05 elapsed=135.7m
[train] epoch=3/3 step=3850/4554 loss=1.2596 ce=1.2386 ce_ema=1.2037 pairwise=0.2171 pairwise_acc=0.9091 aux=1.0136 ewp_gn=4.069e-02 budget=0.0000 top_k=2 lr=1.242e-05 elapsed=137.6m
[train] epoch=3/3 step=3900/4554 loss=1.1860 ce=1.1546 ce_ema=1.2074 pairwise=0.4262 pairwise_acc=0.8636 aux=1.0076 ewp_gn=4.020e-02 budget=0.0000 top_k=2 lr=1.182e-05 elapsed=139.3m
[train] epoch=3/3 step=3950/4554 loss=1.2061 ce=1.1844 ce_ema=1.2021 pairwise=0.2312 pairwise_acc=0.8636 aux=1.0148 ewp_gn=5.093e-02 budget=0.0000 top_k=2 lr=1.127e-05 elapsed=141.0m
[train] epoch=3/3 step=4000/4554 loss=1.2574 ce=1.2288 ce_ema=1.2066 pairwise=0.3696 pairwise_acc=0.8636 aux=1.0158 ewp_gn=4.797e-02 budget=0.0000 top_k=2 lr=1.076e-05 elapsed=142.7m
[train] epoch=3/3 step=4050/4554 loss=1.2386 ce=1.2092 ce_ema=1.2080 pairwise=0.3864 pairwise_acc=0.8182 aux=1.0132 ewp_gn=3.940e-02 budget=0.0000 top_k=2 lr=1.029e-05 elapsed=144.4m
[train] epoch=3/3 step=4100/4554 loss=1.2701 ce=1.2446 ce_ema=1.2034 pairwise=0.3059 pairwise_acc=0.9091 aux=1.0147 ewp_gn=4.543e-02 budget=0.0000 top_k=2 lr=9.860e-06 elapsed=146.1m
[train] epoch=3/3 step=4150/4554 loss=1.2267 ce=1.1918 ce_ema=1.2123 pairwise=0.4957 pairwise_acc=0.7273 aux=1.0122 ewp_gn=4.622e-02 budget=0.0000 top_k=2 lr=9.475e-06 elapsed=147.8m
[train] epoch=3/3 step=4200/4554 loss=1.1668 ce=1.1411 ce_ema=1.2032 pairwise=0.3125 pairwise_acc=0.8636 aux=1.0075 ewp_gn=3.878e-02 budget=0.0000 top_k=2 lr=9.135e-06 elapsed=149.5m
[train] epoch=3/3 step=4250/4554 loss=1.1368 ce=1.1090 ce_ema=1.2085 pairwise=0.3543 pairwise_acc=0.8636 aux=1.0082 ewp_gn=3.833e-02 budget=0.0000 top_k=2 lr=8.838e-06 elapsed=151.2m
[train] epoch=3/3 step=4300/4554 loss=1.2901 ce=1.2641 ce_ema=1.2098 pairwise=0.3169 pairwise_acc=0.9091 aux=1.0130 ewp_gn=4.267e-02 budget=0.0000 top_k=2 lr=8.586e-06 elapsed=152.9m
[train] epoch=3/3 step=4350/4554 loss=1.2764 ce=1.2449 ce_ema=1.2076 pairwise=0.4295 pairwise_acc=0.7727 aux=1.0097 ewp_gn=5.675e-02 budget=0.0000 top_k=2 lr=8.378e-06 elapsed=154.6m
[train] epoch=3/3 step=4400/4554 loss=1.3284 ce=1.2926 ce_ema=1.2051 pairwise=0.5128 pairwise_acc=0.7727 aux=1.0149 ewp_gn=4.629e-02 budget=0.0000 top_k=2 lr=8.216e-06 elapsed=156.3m
[train] epoch=3/3 step=4450/4554 loss=1.1078 ce=1.0832 ce_ema=1.2001 pairwise=0.2907 pairwise_acc=0.9091 aux=1.0052 ewp_gn=3.827e-02 budget=0.0000 top_k=2 lr=8.098e-06 elapsed=158.0m
[train] epoch=3/3 step=4500/4554 loss=1.2348 ce=1.2051 ce_ema=1.2042 pairwise=0.3920 pairwise_acc=0.8636 aux=1.0061 ewp_gn=4.332e-02 budget=0.0000 top_k=2 lr=8.027e-06 elapsed=159.7m
[train] epoch=3/3 step=4550/4554 loss=1.1303 ce=1.1015 ce_ema=1.1994 pairwise=0.3747 pairwise_acc=0.8182 aux=1.0059 ewp_gn=4.039e-02 budget=0.0000 top_k=2 lr=8.000e-06 elapsed=161.4m
[save] moving merged model to cpu before export
[save] merged + fp32 full model -> /mnt/data/models/fv1_siqa_s43
[save] final router top_k -> 2
[2026-05-20 05:09:53,746] [INFO] [real_accelerator.py:203:get_accelerator] Setting ds_accelerator to cuda (auto detect)
[93m [WARNING] [0m async_io requires the dev libaio .so object and headers but these were not found.
[93m [WARNING] [0m async_io: please install the libaio-dev package with apt
[93m [WARNING] [0m If libaio is already installed (perhaps from source), try setting the CFLAGS and LDFLAGS environment variables to where it can be found.
[93m [WARNING] [0m Please specify the CUTLASS repo directory as environment variable $CUTLASS_PATH
[93m [WARNING] [0m sparse_attn requires a torch version >= 1.5 and < 2.0 but detected 2.5
[93m [WARNING] [0m using untested triton version (3.1.0), only 1.0.0 is known to be compatible

[launcher] done.
