
[launcher] running:
  /home/vipuser/miniconda3/envs/op/bin/python -m torch.distributed.run --nproc_per_node 2 /root/Predict_v2/run_stage1_dynamic_moe.py --model_path /root/models/Dynamic_MoE --output_dir /mnt/data/models/fv1_openbookqa --dataset openbookqa --eval_dataset openbookqa --train_split train --eval_split validation --block_size 150 --batch_size 8 --grad_accum 1 --epochs 3 --lr 8e-05 --lora_r 16 --lora_alpha 16 --lora_dropout 0.05 --num_proc 16 --load_in_4bit 0 --load_in_8bit 0 --use_bnb_8bit 0 --load_in_fp16 0 --fp16 0 --bf16 0 --train_extra_params_in_fp32 1 --router_use_entmax 0 --router_top_k 2 --router_entmax_alpha 1.7 --min_lr_ratio 0.1 --router_lr_mult 1.0 --eval_max_samples 200 --router_use_softmax_temperature 1 --router_softmax_temperature 0.8 --train_new_router_params 1 --init_new_router_from_legacy 1 --stage1_epochs 1 --stage1_lr 0.0001 --stage1_grad_accum 1 --stage1_data_ratio 0.5 --stage1_distill_temperature 2.0 --stage1_kl_coef 2.0 --stage1_logit_coef 0.25 --stage1_use_logit_loss 1
[load] tokenizer from model_path: /root/models/Dynamic_MoE
[load] distributed=True world_size=2 4bit=False 8bit=False
[train] mixed precision: fp16=False bf16=False
[stage1] loading base model for router distillation
[load] checkpoint loaded with strict=False: missing=96 unexpected=24 dtype=torch.float32
[init] layer 0 expert_weight_proj initialized from legacy router.weight
[init] layer 1 expert_weight_proj initialized from legacy router.weight
[init] layer 2 expert_weight_proj initialized from legacy router.weight
[init] layer 3 expert_weight_proj initialized from legacy router.weight
[init] layer 4 expert_weight_proj initialized from legacy router.weight
[init] layer 5 expert_weight_proj initialized from legacy router.weight
[init] layer 6 expert_weight_proj initialized from legacy router.weight
[init] layer 7 expert_weight_proj initialized from legacy router.weight
[init] layer 8 expert_weight_proj initialized from legacy router.weight
[init] layer 9 expert_weight_proj initialized from legacy router.weight
[init] layer 10 expert_weight_proj initialized from legacy router.weight
[init] layer 11 expert_weight_proj initialized from legacy router.weight
[init] layer 12 expert_weight_proj initialized from legacy router.weight
[init] layer 13 expert_weight_proj initialized from legacy router.weight
[init] layer 14 expert_weight_proj initialized from legacy router.weight
[init] layer 15 expert_weight_proj initialized from legacy router.weight
[init] layer 16 expert_weight_proj initialized from legacy router.weight
[init] layer 17 expert_weight_proj initialized from legacy router.weight
[init] layer 18 expert_weight_proj initialized from legacy router.weight
[init] layer 19 expert_weight_proj initialized from legacy router.weight
[init] layer 20 expert_weight_proj initialized from legacy router.weight
[init] layer 21 expert_weight_proj initialized from legacy router.weight
[init] layer 22 expert_weight_proj initialized from legacy router.weight
[init] layer 23 expert_weight_proj initialized from legacy router.weight
[init] layer 0 expert_weight_proj initialized from legacy router.weight
[init] layer 1 expert_weight_proj initialized from legacy router.weight
[init] layer 2 expert_weight_proj initialized from legacy router.weight
[init] layer 3 expert_weight_proj initialized from legacy router.weight
[init] layer 4 expert_weight_proj initialized from legacy router.weight
[init] layer 5 expert_weight_proj initialized from legacy router.weight
[init] layer 6 expert_weight_proj initialized from legacy router.weight
[init] layer 7 expert_weight_proj initialized from legacy router.weight
[init] layer 8 expert_weight_proj initialized from legacy router.weight
[init] layer 9 expert_weight_proj initialized from legacy router.weight
[init] layer 10 expert_weight_proj initialized from legacy router.weight
[init] layer 11 expert_weight_proj initialized from legacy router.weight
[init] layer 12 expert_weight_proj initialized from legacy router.weight
[init] layer 13 expert_weight_proj initialized from legacy router.weight
[init] layer 14 expert_weight_proj initialized from legacy router.weight
[init] layer 15 expert_weight_proj initialized from legacy router.weight
[init] layer 16 expert_weight_proj initialized from legacy router.weight
[init] layer 17 expert_weight_proj initialized from legacy router.weight
[init] layer 18 expert_weight_proj initialized from legacy router.weight
[init] layer 19 expert_weight_proj initialized from legacy router.weight
[init] layer 20 expert_weight_proj initialized from legacy router.weight
[init] layer 21 expert_weight_proj initialized from legacy router.weight
[init] layer 22 expert_weight_proj initialized from legacy router.weight
[init] layer 23 expert_weight_proj initialized from legacy router.weight
[init] initialized new router modules from legacy dense router for 24 layers
[stage1] trainable cross-attention router params: 125829120
[stage1][data] train=2478 (ratio=0.500, seed=42)
[stage1] epoch=1/1 step=50 loss=0.248536 kl=0.118058 logit=0.049684 t_ent=1.6094 s_ent=1.7159 top1=0.8494 topk=0.8340 cos=0.6552 elapsed=0.4m
[stage1] epoch=1/1 step=100 loss=0.083169 kl=0.039366 logit=0.017748 t_ent=1.6074 s_ent=1.6452 top1=0.9187 topk=0.9043 cos=0.6418 elapsed=0.9m
[stage1] epoch=1/1 step=150 loss=0.028622 kl=0.013485 logit=0.006610 t_ent=1.6027 s_ent=1.6112 top1=0.9552 topk=0.9479 cos=0.6347 elapsed=1.3m
[stage1] saving full checkpoint to /mnt/data/models/fv1_openbookqa/ckpt_after_stage1
[2026-04-24 17:33:08,437] [INFO] [real_accelerator.py:203:get_accelerator] Setting ds_accelerator to cuda (auto detect)
[93m [WARNING] [0m async_io requires the dev libaio .so object and headers but these were not found.
[93m [WARNING] [0m async_io: please install the libaio-dev package with apt
[93m [WARNING] [0m If libaio is already installed (perhaps from source), try setting the CFLAGS and LDFLAGS environment variables to where it can be found.
[93m [WARNING] [0m Please specify the CUTLASS repo directory as environment variable $CUTLASS_PATH
[93m [WARNING] [0m sparse_attn requires a torch version >= 1.5 and < 2.0 but detected 2.5
[93m [WARNING] [0m using untested triton version (3.1.0), only 1.0.0 is known to be compatible

[launcher] running:
  /home/vipuser/miniconda3/envs/op/bin/python -m torch.distributed.run --nproc_per_node 2 /root/Predict_v2/run_stage2_dynamic_moe.py --model_path /root/models/Dynamic_MoE --output_dir /mnt/data/models/fv1_openbookqa --dataset openbookqa --eval_dataset openbookqa --train_split train --eval_split validation --block_size 150 --batch_size 8 --grad_accum 1 --epochs 3 --lr 8e-05 --lora_r 16 --lora_alpha 16 --lora_dropout 0.05 --num_proc 16 --load_in_4bit 0 --load_in_8bit 0 --use_bnb_8bit 0 --load_in_fp16 0 --fp16 0 --bf16 0 --train_extra_params_in_fp32 1 --router_use_entmax 0 --router_top_k 2 --router_entmax_alpha 1.7 --min_lr_ratio 0.1 --router_lr_mult 1.0 --eval_max_samples 200 --router_use_softmax_temperature 1 --router_softmax_temperature 0.8 --train_new_router_params 1 --init_new_router_from_legacy 1 --stage2_init_path /mnt/data/models/fv1_openbookqa/ckpt_after_stage1
[load] tokenizer from model_path: /root/models/Dynamic_MoE
[load] distributed=True world_size=2 4bit=False 8bit=False
[train] mixed precision: fp16=False bf16=False
[stage2] loading model from /mnt/data/models/fv1_openbookqa/ckpt_after_stage1
[load] checkpoint loaded with strict=False: missing=0 unexpected=0 dtype=torch.float32
[stage2] extra trainable new-router params: 125829120
[stage2] cast selected router params to fp32: 0
[stage2] trainable params: 199753728/3687891968 (5.42%)
trainable params: 199,753,728 || all params: 3,687,891,968 || trainable%: 5.4165
[stage2][eval] using OpenCompass-style PPL ranking for openbookqa
[stage2][data] train=4957 eval=200 block_size=150
[stage2][opt] param groups: other=2496 router=72
[stage2][opt] lrs: other=8.000e-05 router=8.000e-05
[train] epoch=1/3 step=50/927 loss=1.7804 ce=1.7804 ce_ema=2.7468 pairwise=0.0000 pairwise_acc=0.0000 ewp_gn=4.494e-03 budget=0.0000 top_k=2 lr=7.988e-05 elapsed=1.4m
[train] epoch=1/3 step=100/927 loss=1.7134 ce=1.7134 ce_ema=2.1324 pairwise=0.0000 pairwise_acc=0.0000 ewp_gn=4.924e-03 budget=0.0000 top_k=2 lr=7.884e-05 elapsed=2.7m
[train] epoch=1/3 step=150/927 loss=1.7823 ce=1.7823 ce_ema=1.8899 pairwise=0.0000 pairwise_acc=0.0000 ewp_gn=6.262e-03 budget=0.0000 top_k=2 lr=7.673e-05 elapsed=4.0m
[train] epoch=1/3 step=200/927 loss=1.6543 ce=1.6543 ce_ema=1.7728 pairwise=0.0000 pairwise_acc=0.0000 ewp_gn=4.307e-03 budget=0.0000 top_k=2 lr=7.363e-05 elapsed=5.5m
[eval] step=200 eval_pairwise_acc=0.290000
[train] epoch=1/3 step=250/927 loss=1.5264 ce=1.5264 ce_ema=1.7186 pairwise=0.0000 pairwise_acc=0.0000 ewp_gn=3.743e-03 budget=0.0000 top_k=2 lr=6.963e-05 elapsed=6.9m
[train] epoch=1/3 step=300/927 loss=1.6571 ce=1.6571 ce_ema=1.6808 pairwise=0.0000 pairwise_acc=0.0000 ewp_gn=4.101e-03 budget=0.0000 top_k=2 lr=6.485e-05 elapsed=8.2m
[train] epoch=2/3 step=350/927 loss=1.6247 ce=1.6247 ce_ema=1.6435 pairwise=0.0000 pairwise_acc=0.0000 ewp_gn=3.379e-03 budget=0.0000 top_k=2 lr=5.944e-05 elapsed=9.6m
[train] epoch=2/3 step=400/927 loss=1.6849 ce=1.6849 ce_ema=1.6106 pairwise=0.0000 pairwise_acc=0.0000 ewp_gn=4.444e-03 budget=0.0000 top_k=2 lr=5.356e-05 elapsed=11.1m
[eval] step=400 eval_pairwise_acc=0.300000
[train] epoch=2/3 step=450/927 loss=1.7333 ce=1.7333 ce_ema=1.5808 pairwise=0.0000 pairwise_acc=0.0000 ewp_gn=3.835e-03 budget=0.0000 top_k=2 lr=4.739e-05 elapsed=12.5m
[train] epoch=2/3 step=500/927 loss=1.5031 ce=1.5031 ce_ema=1.5834 pairwise=0.0000 pairwise_acc=0.0000 ewp_gn=3.470e-03 budget=0.0000 top_k=2 lr=4.111e-05 elapsed=13.8m
