
[launcher] running:
  /home/vipuser/miniconda3/envs/op/bin/python -m torch.distributed.run --nproc_per_node 1 /root/Predict_v2/run_stage1_dynamic_moe.py --model_path /root/models/Dynamic_MoE --output_dir /mnt/data/models/fv1_openbookqa_s42 --dataset openbookqa --eval_dataset openbookqa --train_split train --eval_split validation --block_size 128 --batch_size 16 --grad_accum 1 --epochs 3 --lr 8e-05 --lora_r 16 --lora_alpha 16 --lora_dropout 0.05 --num_proc 16 --load_in_4bit 0 --load_in_8bit 0 --use_bnb_8bit 0 --load_in_fp16 0 --fp16 0 --bf16 0 --train_extra_params_in_fp32 1 --router_use_entmax 0 --router_top_k 2 --router_entmax_alpha 1.7 --min_lr_ratio 0.1 --router_lr_mult 1.0 --eval_max_samples 600 --router_use_softmax_temperature 1 --router_softmax_temperature 1.0 --train_new_router_params 1 --router_aux_loss_coef 0.002 --init_new_router_from_legacy 1 --eval_every 3000 --seed 42 --stage_split_seed 42 --stage1_epochs 1 --stage1_lr 0.0001 --stage1_grad_accum 1 --stage1_data_ratio 0.5 --stage1_distill_temperature 2.0 --stage1_kl_coef 2.0 --stage1_logit_coef 0.25 --stage1_use_logit_loss 1
[load] tokenizer from model_path: /root/models/Dynamic_MoE
[load] distributed=True world_size=1 4bit=False 8bit=False
[train] mixed precision: fp16=False bf16=False
[stage1] loading base model for router distillation
[load] checkpoint loaded with strict=False: missing=96 unexpected=24 dtype=torch.float32
[init] layer 0 expert_weight_proj initialized from legacy router.weight
[init] layer 1 expert_weight_proj initialized from legacy router.weight
[init] layer 2 expert_weight_proj initialized from legacy router.weight
[init] layer 3 expert_weight_proj initialized from legacy router.weight
[init] layer 4 expert_weight_proj initialized from legacy router.weight
[init] layer 5 expert_weight_proj initialized from legacy router.weight
[init] layer 6 expert_weight_proj initialized from legacy router.weight
[init] layer 7 expert_weight_proj initialized from legacy router.weight
[init] layer 8 expert_weight_proj initialized from legacy router.weight
[init] layer 9 expert_weight_proj initialized from legacy router.weight
[init] layer 10 expert_weight_proj initialized from legacy router.weight
[init] layer 11 expert_weight_proj initialized from legacy router.weight
[init] layer 12 expert_weight_proj initialized from legacy router.weight
[init] layer 13 expert_weight_proj initialized from legacy router.weight
[init] layer 14 expert_weight_proj initialized from legacy router.weight
[init] layer 15 expert_weight_proj initialized from legacy router.weight
[init] layer 16 expert_weight_proj initialized from legacy router.weight
[init] layer 17 expert_weight_proj initialized from legacy router.weight
[init] layer 18 expert_weight_proj initialized from legacy router.weight
[init] layer 19 expert_weight_proj initialized from legacy router.weight
[init] layer 20 expert_weight_proj initialized from legacy router.weight
[init] layer 21 expert_weight_proj initialized from legacy router.weight
[init] layer 22 expert_weight_proj initialized from legacy router.weight
[init] layer 23 expert_weight_proj initialized from legacy router.weight
[init] initialized new router modules from legacy dense router for 24 layers
[stage1] trainable cross-attention router params: 125829120
[stage1][data] train=2478 (ratio=0.500, seed=42)
[stage1] epoch=1/1 step=50 loss=0.618770 kl=0.294156 logit=0.121831 t_ent=1.6456 s_ent=1.8929 top1=0.7202 topk=0.7288 cos=0.8372 elapsed=0.5m
[stage1] epoch=1/1 step=100 loss=0.226366 kl=0.106682 logit=0.052005 t_ent=1.6145 s_ent=1.7138 top1=0.8600 topk=0.8427 cos=0.9134 elapsed=1.0m
[stage1] epoch=1/1 step=150 loss=0.068042 kl=0.031761 logit=0.018078 t_ent=1.6033 s_ent=1.6258 top1=0.9349 topk=0.9157 cos=0.9489 elapsed=1.5m
[stage1] saving full checkpoint to /mnt/data/models/fv1_openbookqa_s42/ckpt_after_stage1
[2026-05-18 23:37:12,559] [INFO] [real_accelerator.py:203:get_accelerator] Setting ds_accelerator to cuda (auto detect)
[93m [WARNING] [0m async_io requires the dev libaio .so object and headers but these were not found.
[93m [WARNING] [0m async_io: please install the libaio-dev package with apt
[93m [WARNING] [0m If libaio is already installed (perhaps from source), try setting the CFLAGS and LDFLAGS environment variables to where it can be found.
[93m [WARNING] [0m Please specify the CUTLASS repo directory as environment variable $CUTLASS_PATH
[93m [WARNING] [0m sparse_attn requires a torch version >= 1.5 and < 2.0 but detected 2.5
[93m [WARNING] [0m using untested triton version (3.1.0), only 1.0.0 is known to be compatible

[launcher] running:
  /home/vipuser/miniconda3/envs/op/bin/python -m torch.distributed.run --nproc_per_node 1 /root/Predict_v2/run_stage2_dynamic_moe.py --model_path /root/models/Dynamic_MoE --output_dir /mnt/data/models/fv1_openbookqa_s42 --dataset openbookqa --eval_dataset openbookqa --train_split train --eval_split validation --block_size 128 --batch_size 16 --grad_accum 1 --epochs 3 --lr 8e-05 --lora_r 16 --lora_alpha 16 --lora_dropout 0.05 --num_proc 16 --load_in_4bit 0 --load_in_8bit 0 --use_bnb_8bit 0 --load_in_fp16 0 --fp16 0 --bf16 0 --train_extra_params_in_fp32 1 --router_use_entmax 0 --router_top_k 2 --router_entmax_alpha 1.7 --min_lr_ratio 0.1 --router_lr_mult 1.0 --eval_max_samples 600 --router_use_softmax_temperature 1 --router_softmax_temperature 1.0 --train_new_router_params 1 --router_aux_loss_coef 0.002 --init_new_router_from_legacy 1 --eval_every 3000 --seed 42 --stage_split_seed 42 --stage2_include_validation_in_train 1 --stage2_validation_train_ratio 0.05 --stage2_init_path /mnt/data/models/fv1_openbookqa_s42/ckpt_after_stage1
[load] tokenizer from model_path: /root/models/Dynamic_MoE
[load] distributed=True world_size=1 4bit=False 8bit=False
[train] mixed precision: fp16=False bf16=False
[stage2] loading model from /mnt/data/models/fv1_openbookqa_s42/ckpt_after_stage1
[load] checkpoint loaded with strict=False: missing=0 unexpected=0 dtype=torch.float32
[stage2] extra trainable new-router params: 125829120
[stage2] cast selected router params to fp32: 0
[stage2] trainable params: 199753728/3687891968 (5.42%)
trainable params: 199,753,728 || all params: 3,687,891,968 || trainable%: 5.4165
[stage2][data] openbookqa: borrowed 75/1500 from validation into train
[stage2][eval] using OpenCompass-style PPL ranking for openbookqa
[stage2][data] train=14946 eval=475 block_size=128
[stage2][opt] param groups: other=2496 router=72
[stage2][opt] lrs: other=8.000e-05 router=8.000e-05
[train] epoch=1/3 step=50/2802 loss=1.9425 ce=1.9043 ce_ema=2.8770 pairwise=0.6978 pairwise_acc=0.5000 aux=1.6471 ewp_gn=9.506e-02 budget=0.0000 top_k=2 lr=4.857e-05 elapsed=1.2m
[train] epoch=1/3 step=100/2802 loss=1.7080 ce=1.6680 ce_ema=2.2109 pairwise=0.7380 pairwise_acc=0.5625 aux=1.5742 ewp_gn=7.445e-02 budget=0.0000 top_k=2 lr=7.999e-05 elapsed=2.4m
[train] epoch=1/3 step=150/2802 loss=1.7806 ce=1.7468 ce_ema=1.9150 pairwise=0.6136 pairwise_acc=0.6250 aux=1.5509 ewp_gn=7.032e-02 budget=0.0000 top_k=2 lr=7.990e-05 elapsed=3.7m
[train] epoch=1/3 step=200/2802 loss=1.7268 ce=1.6932 ce_ema=1.7772 pairwise=0.6140 pairwise_acc=0.6875 aux=1.4426 ewp_gn=6.704e-02 budget=0.0000 top_k=2 lr=7.968e-05 elapsed=4.9m
[train] epoch=1/3 step=250/2802 loss=1.7533 ce=1.7228 ce_ema=1.7036 pairwise=0.5570 pairwise_acc=0.7500 aux=1.3635 ewp_gn=6.437e-02 budget=0.0000 top_k=2 lr=7.934e-05 elapsed=6.1m
[train] epoch=1/3 step=300/2802 loss=1.7084 ce=1.6801 ce_ema=1.6782 pairwise=0.5130 pairwise_acc=0.7500 aux=1.3539 ewp_gn=7.059e-02 budget=0.0000 top_k=2 lr=7.888e-05 elapsed=7.3m
[train] epoch=1/3 step=350/2802 loss=1.6264 ce=1.5899 ce_ema=1.6365 pairwise=0.6740 pairwise_acc=0.6875 aux=1.4248 ewp_gn=7.500e-02 budget=0.0000 top_k=2 lr=7.831e-05 elapsed=8.5m
