
[launcher] running:
  /home/vipuser/miniconda3/envs/op/bin/python -m torch.distributed.run --nproc_per_node 2 /root/Predict_v2/run_stage1_dynamic_moe.py --model_path /root/models/Dynamic_MoE --output_dir /mnt/data/models/fv1_arc_e_o20 --dataset arc-e --eval_dataset arc-e --train_split train --eval_split validation --block_size 150 --batch_size 8 --grad_accum 1 --epochs 3 --lr 5e-05 --lora_r 16 --lora_alpha 16 --lora_dropout 0.05 --num_proc 16 --load_in_4bit 0 --load_in_8bit 0 --use_bnb_8bit 0 --load_in_fp16 0 --fp16 0 --bf16 0 --train_extra_params_in_fp32 1 --router_use_entmax 0 --router_top_k 2 --router_entmax_alpha 1.7 --router_value_anchor_loss_coef 0.01 --router_anchor_momentum 0.99 --min_lr_ratio 0.1 --router_lr_mult 1.0 --eval_max_samples 400 --router_use_softmax_temperature 1 --router_softmax_temperature 1.1 --train_new_router_params 1 --router_aux_loss_coef 0.01 --init_new_router_from_legacy 1 --stage1_epochs 1 --stage1_lr 0.0001 --stage1_grad_accum 1 --stage1_data_ratio 0.5 --stage1_distill_temperature 2.0 --stage1_kl_coef 2.0 --stage1_logit_coef 0.25 --stage1_use_logit_loss 1
[router] anchor-router trunk ignores legacy router settings: router_value_anchor_loss_coef
[load] tokenizer from model_path: /root/models/Dynamic_MoE
[load] distributed=True world_size=2 4bit=False 8bit=False
[train] mixed precision: fp16=False bf16=False
[stage1] loading base model for router distillation
[load] checkpoint loaded with strict=False: missing=96 unexpected=24 dtype=torch.float32
[init] layer 0 expert_weight_proj initialized from legacy router.weight
[init] layer 1 expert_weight_proj initialized from legacy router.weight
[init] layer 2 expert_weight_proj initialized from legacy router.weight
[init] layer 3 expert_weight_proj initialized from legacy router.weight
[init] layer 4 expert_weight_proj initialized from legacy router.weight
[init] layer 5 expert_weight_proj initialized from legacy router.weight
[init] layer 6 expert_weight_proj initialized from legacy router.weight
[init] layer 7 expert_weight_proj initialized from legacy router.weight
[init] layer 8 expert_weight_proj initialized from legacy router.weight
[init] layer 9 expert_weight_proj initialized from legacy router.weight
[init] layer 10 expert_weight_proj initialized from legacy router.weight
[init] layer 11 expert_weight_proj initialized from legacy router.weight
[init] layer 12 expert_weight_proj initialized from legacy router.weight
[init] layer 13 expert_weight_proj initialized from legacy router.weight
[init] layer 14 expert_weight_proj initialized from legacy router.weight
[init] layer 15 expert_weight_proj initialized from legacy router.weight
[init] layer 16 expert_weight_proj initialized from legacy router.weight
[init] layer 17 expert_weight_proj initialized from legacy router.weight
[init] layer 18 expert_weight_proj initialized from legacy router.weight
[init] layer 19 expert_weight_proj initialized from legacy router.weight
[init] layer 20 expert_weight_proj initialized from legacy router.weight
[init] layer 21 expert_weight_proj initialized from legacy router.weight
[init] layer 22 expert_weight_proj initialized from legacy router.weight
[init] layer 23 expert_weight_proj initialized from legacy router.weight
[init] initialized new router modules from legacy dense router for 24 layers
[init] layer 0 expert_weight_proj initialized from legacy router.weight
[init] layer 1 expert_weight_proj initialized from legacy router.weight
[init] layer 2 expert_weight_proj initialized from legacy router.weight
[init] layer 3 expert_weight_proj initialized from legacy router.weight
[init] layer 4 expert_weight_proj initialized from legacy router.weight
[init] layer 5 expert_weight_proj initialized from legacy router.weight
[init] layer 6 expert_weight_proj initialized from legacy router.weight
[init] layer 7 expert_weight_proj initialized from legacy router.weight
[init] layer 8 expert_weight_proj initialized from legacy router.weight
[init] layer 9 expert_weight_proj initialized from legacy router.weight
[init] layer 10 expert_weight_proj initialized from legacy router.weight
[init] layer 11 expert_weight_proj initialized from legacy router.weight
[init] layer 12 expert_weight_proj initialized from legacy router.weight
[init] layer 13 expert_weight_proj initialized from legacy router.weight
[init] layer 14 expert_weight_proj initialized from legacy router.weight
[init] layer 15 expert_weight_proj initialized from legacy router.weight
[init] layer 16 expert_weight_proj initialized from legacy router.weight
[init] layer 17 expert_weight_proj initialized from legacy router.weight
[init] layer 18 expert_weight_proj initialized from legacy router.weight
[init] layer 19 expert_weight_proj initialized from legacy router.weight
[init] layer 20 expert_weight_proj initialized from legacy router.weight
[init] layer 21 expert_weight_proj initialized from legacy router.weight
[init] layer 22 expert_weight_proj initialized from legacy router.weight
[init] layer 23 expert_weight_proj initialized from legacy router.weight
[stage1] trainable cross-attention router params: 125829120
[stage1][data] train=1125 (ratio=0.500, seed=42)
[stage1] epoch=1/1 step=50 loss=0.600517 kl=0.285262 logit=0.119972 t_ent=1.6236 s_ent=1.8565 top1=0.7376 topk=0.7327 cos=0.8384 elapsed=0.5m
[stage1] saving full checkpoint to /mnt/data/models/fv1_arc_e_o20/ckpt_after_stage1
[2026-04-25 13:43:19,434] [INFO] [real_accelerator.py:203:get_accelerator] Setting ds_accelerator to cuda (auto detect)
[93m [WARNING] [0m async_io requires the dev libaio .so object and headers but these were not found.
[93m [WARNING] [0m async_io: please install the libaio-dev package with apt
[93m [WARNING] [0m If libaio is already installed (perhaps from source), try setting the CFLAGS and LDFLAGS environment variables to where it can be found.
[93m [WARNING] [0m Please specify the CUTLASS repo directory as environment variable $CUTLASS_PATH
[93m [WARNING] [0m sparse_attn requires a torch version >= 1.5 and < 2.0 but detected 2.5
[93m [WARNING] [0m using untested triton version (3.1.0), only 1.0.0 is known to be compatible

[launcher] running:
  /home/vipuser/miniconda3/envs/op/bin/python -m torch.distributed.run --nproc_per_node 2 /root/Predict_v2/run_stage2_dynamic_moe.py --model_path /root/models/Dynamic_MoE --output_dir /mnt/data/models/fv1_arc_e_o20 --dataset arc-e --eval_dataset arc-e --train_split train --eval_split validation --block_size 150 --batch_size 8 --grad_accum 1 --epochs 3 --lr 5e-05 --lora_r 16 --lora_alpha 16 --lora_dropout 0.05 --num_proc 16 --load_in_4bit 0 --load_in_8bit 0 --use_bnb_8bit 0 --load_in_fp16 0 --fp16 0 --bf16 0 --train_extra_params_in_fp32 1 --router_use_entmax 0 --router_top_k 2 --router_entmax_alpha 1.7 --router_value_anchor_loss_coef 0.01 --router_anchor_momentum 0.99 --min_lr_ratio 0.1 --router_lr_mult 1.0 --eval_max_samples 400 --router_use_softmax_temperature 1 --router_softmax_temperature 1.1 --train_new_router_params 1 --router_aux_loss_coef 0.01 --init_new_router_from_legacy 1 --stage2_init_path /mnt/data/models/fv1_arc_e_o20/ckpt_after_stage1
[router] anchor-router trunk ignores legacy router settings: router_value_anchor_loss_coef
[load] tokenizer from model_path: /root/models/Dynamic_MoE
[load] distributed=True world_size=2 4bit=False 8bit=False
[train] mixed precision: fp16=False bf16=False
[stage2] loading model from /mnt/data/models/fv1_arc_e_o20/ckpt_after_stage1
[load] checkpoint loaded with strict=False: missing=0 unexpected=0 dtype=torch.float32
[stage2] extra trainable new-router params: 125829120
[stage2] cast selected router params to fp32: 0
[stage2] trainable params: 199753728/3687891968 (5.42%)
trainable params: 199,753,728 || all params: 3,687,891,968 || trainable%: 5.4165
[stage2][eval] using OpenCompass-style PPL ranking for arc-e
[stage2][data] train=6751 eval=400 block_size=150
[stage2][opt] param groups: other=2496 router=72
[stage2][opt] lrs: other=5.000e-05 router=5.000e-05
[train] epoch=1/3 step=50/1263 loss=1.5336 ce=1.3873 ce_ema=2.1947 pairwise=0.6541 pairwise_acc=0.6250 aux=1.5532 ewp_gn=1.094e-01 budget=0.0000 top_k=2 lr=4.999e-05 elapsed=1.5m
[train] epoch=1/3 step=100/1263 loss=1.6280 ce=1.4637 ce_ema=1.7613 pairwise=0.7560 pairwise_acc=0.5000 aux=1.3121 ewp_gn=1.308e-01 budget=0.0000 top_k=2 lr=4.971e-05 elapsed=3.0m
[train] epoch=1/3 step=150/1263 loss=1.3814 ce=1.2528 ce_ema=1.5463 pairwise=0.5819 pairwise_acc=0.7500 aux=1.2303 ewp_gn=8.627e-02 budget=0.0000 top_k=2 lr=4.906e-05 elapsed=4.5m
[train] epoch=1/3 step=200/1263 loss=1.5165 ce=1.4069 ce_ema=1.4376 pairwise=0.4866 pairwise_acc=0.8750 aux=1.2214 ewp_gn=1.048e-01 budget=0.0000 top_k=2 lr=4.807e-05 elapsed=6.3m
[eval] step=200 eval_pairwise_acc=0.427500
[train] epoch=1/3 step=250/1263 loss=1.4328 ce=1.3274 ce_ema=1.3808 pairwise=0.4669 pairwise_acc=0.8750 aux=1.1982 ewp_gn=9.010e-02 budget=0.0000 top_k=2 lr=4.673e-05 elapsed=7.7m
[train] epoch=1/3 step=300/1263 loss=1.3414 ce=1.2209 ce_ema=1.3467 pairwise=0.5426 pairwise_acc=0.8750 aux=1.1981 ewp_gn=8.554e-02 budget=0.0000 top_k=2 lr=4.508e-05 elapsed=9.2m
[train] epoch=1/3 step=350/1263 loss=1.4556 ce=1.3539 ce_ema=1.2929 pairwise=0.4506 pairwise_acc=0.8750 aux=1.1533 ewp_gn=8.273e-02 budget=0.0000 top_k=2 lr=4.314e-05 elapsed=10.7m
[train] epoch=1/3 step=400/1263 loss=1.4385 ce=1.3167 ce_ema=1.2642 pairwise=0.5528 pairwise_acc=0.7500 aux=1.1257 ewp_gn=1.062e-01 budget=0.0000 top_k=2 lr=4.095e-05 elapsed=12.5m
[eval] step=400 eval_pairwise_acc=0.445000
[train] epoch=2/3 step=450/1263 loss=1.4660 ce=1.3409 ce_ema=1.2306 pairwise=0.5699 pairwise_acc=0.6250 aux=1.1065 ewp_gn=1.079e-01 budget=0.0000 top_k=2 lr=3.853e-05 elapsed=13.9m
[train] epoch=2/3 step=500/1263 loss=1.1848 ce=1.1359 ce_ema=1.1858 pairwise=0.1896 pairwise_acc=1.0000 aux=1.1024 ewp_gn=7.061e-02 budget=0.0000 top_k=2 lr=3.594e-05 elapsed=15.4m
[train] epoch=2/3 step=550/1263 loss=1.1533 ce=1.0744 ce_ema=1.1623 pairwise=0.3391 pairwise_acc=0.8750 aux=1.1070 ewp_gn=8.868e-02 budget=0.0000 top_k=2 lr=3.320e-05 elapsed=16.9m
[train] epoch=2/3 step=600/1263 loss=1.1484 ce=1.0881 ce_ema=1.1137 pairwise=0.2455 pairwise_acc=1.0000 aux=1.1130 ewp_gn=8.060e-02 budget=0.0000 top_k=2 lr=3.037e-05 elapsed=18.7m
[eval] step=600 eval_pairwise_acc=0.442500
[train] epoch=2/3 step=650/1263 loss=1.1498 ce=1.0818 ce_ema=1.0843 pairwise=0.2854 pairwise_acc=1.0000 aux=1.0985 ewp_gn=9.000e-02 budget=0.0000 top_k=2 lr=2.750e-05 elapsed=20.2m
[train] epoch=2/3 step=700/1263 loss=0.9750 ce=0.9115 ce_ema=1.0600 pairwise=0.2627 pairwise_acc=0.8750 aux=1.0936 ewp_gn=8.829e-02 budget=0.0000 top_k=2 lr=2.463e-05 elapsed=21.6m
[train] epoch=2/3 step=750/1263 loss=1.0675 ce=1.0106 ce_ema=1.0438 pairwise=0.2294 pairwise_acc=1.0000 aux=1.1043 ewp_gn=8.667e-02 budget=0.0000 top_k=2 lr=2.180e-05 elapsed=23.1m
[train] epoch=2/3 step=800/1263 loss=1.0523 ce=0.9901 ce_ema=1.0342 pairwise=0.2558 pairwise_acc=1.0000 aux=1.0986 ewp_gn=9.248e-02 budget=0.0000 top_k=2 lr=1.906e-05 elapsed=24.9m
[eval] step=800 eval_pairwise_acc=0.427500
[train] epoch=3/3 step=850/1263 loss=0.9551 ce=0.8980 ce_ema=1.0039 pairwise=0.2317 pairwise_acc=1.0000 aux=1.0828 ewp_gn=8.373e-02 budget=0.0000 top_k=2 lr=1.647e-05 elapsed=26.4m
[train] epoch=3/3 step=900/1263 loss=0.8774 ce=0.8266 ce_ema=0.9554 pairwise=0.1994 pairwise_acc=1.0000 aux=1.0933 ewp_gn=1.164e-01 budget=0.0000 top_k=2 lr=1.405e-05 elapsed=27.8m
[train] epoch=3/3 step=950/1263 loss=0.8691 ce=0.8171 ce_ema=0.9187 pairwise=0.2042 pairwise_acc=1.0000 aux=1.1109 ewp_gn=9.694e-02 budget=0.0000 top_k=2 lr=1.186e-05 elapsed=29.3m
[train] epoch=3/3 step=1000/1263 loss=1.0427 ce=0.9690 ce_ema=0.9147 pairwise=0.3129 pairwise_acc=0.8750 aux=1.1103 ewp_gn=8.394e-02 budget=0.0000 top_k=2 lr=9.919e-06 elapsed=31.1m
[eval] step=1000 eval_pairwise_acc=0.422500
[train] epoch=3/3 step=1050/1263 loss=1.0332 ce=0.9889 ce_ema=0.8872 pairwise=0.1669 pairwise_acc=1.0000 aux=1.0904 ewp_gn=9.393e-02 budget=0.0000 top_k=2 lr=8.269e-06 elapsed=32.6m
[train] epoch=3/3 step=1100/1263 loss=0.8430 ce=0.7984 ce_ema=0.8647 pairwise=0.1692 pairwise_acc=1.0000 aux=1.0810 ewp_gn=1.046e-01 budget=0.0000 top_k=2 lr=6.934e-06 elapsed=34.0m
[train] epoch=3/3 step=1150/1263 loss=1.0352 ce=0.9898 ce_ema=0.8716 pairwise=0.1716 pairwise_acc=1.0000 aux=1.1068 ewp_gn=1.158e-01 budget=0.0000 top_k=2 lr=5.937e-06 elapsed=35.5m
[train] epoch=3/3 step=1200/1263 loss=0.9380 ce=0.8811 ce_ema=0.8880 pairwise=0.2287 pairwise_acc=1.0000 aux=1.1149 ewp_gn=9.520e-02 budget=0.0000 top_k=2 lr=5.293e-06 elapsed=37.3m
[eval] step=1200 eval_pairwise_acc=0.392500
[train] epoch=3/3 step=1250/1263 loss=0.7447 ce=0.6808 ce_ema=0.8505 pairwise=0.2653 pairwise_acc=1.0000 aux=1.0837 ewp_gn=8.913e-02 budget=0.0000 top_k=2 lr=5.012e-06 elapsed=38.7m
[save] moving merged model to cpu before export
[save] merged + fp32 full model -> /mnt/data/models/fv1_arc_e_o20
[save] final router top_k -> 2
[2026-04-25 14:27:01,303] [INFO] [real_accelerator.py:203:get_accelerator] Setting ds_accelerator to cuda (auto detect)
[93m [WARNING] [0m async_io requires the dev libaio .so object and headers but these were not found.
[93m [WARNING] [0m async_io: please install the libaio-dev package with apt
[93m [WARNING] [0m If libaio is already installed (perhaps from source), try setting the CFLAGS and LDFLAGS environment variables to where it can be found.
[93m [WARNING] [0m Please specify the CUTLASS repo directory as environment variable $CUTLASS_PATH
[93m [WARNING] [0m sparse_attn requires a torch version >= 1.5 and < 2.0 but detected 2.5
[93m [WARNING] [0m using untested triton version (3.1.0), only 1.0.0 is known to be compatible

[launcher] done.
