
[launcher] running:
  /home/vipuser/miniconda3/envs/op/bin/python -m torch.distributed.run --nproc_per_node 2 --master_port 29501 /root/Predict_v2/run_stage1_dynamic_moe.py --model_path /root/models/Dynamic_MoE --output_dir /mnt/data/models/fv1_arc_c_pw20 --dataset arc-c --eval_dataset arc-c --train_split train --eval_split validation --block_size 150 --batch_size 2 --grad_accum 1 --epochs 2 --lr 6e-05 --lora_r 16 --lora_alpha 16 --lora_dropout 0.05 --num_proc 16 --load_in_4bit 0 --load_in_8bit 0 --use_bnb_8bit 0 --load_in_fp16 0 --fp16 0 --bf16 0 --train_extra_params_in_fp32 1 --router_use_entmax 0 --router_top_k 2 --router_entmax_alpha 1.7 --router_value_anchor_loss_coef 0.01 --router_anchor_momentum 0.99 --min_lr_ratio 0.1 --router_lr_mult 1.0 --eval_max_samples 400 --router_use_softmax_temperature 1 --router_softmax_temperature 1.1 --train_new_router_params 1 --router_aux_loss_coef 0.01 --init_new_router_from_legacy 1 --stage1_epochs 1 --stage1_lr 0.0001 --stage1_grad_accum 1 --stage1_data_ratio 0.5 --stage1_distill_temperature 2.0 --stage1_kl_coef 2.0 --stage1_logit_coef 0.25 --stage1_use_logit_loss 1
[router] anchor-router trunk ignores legacy router settings: router_value_anchor_loss_coef
[load] tokenizer from model_path: /root/models/Dynamic_MoE
[load] distributed=True world_size=2 4bit=False 8bit=False
[train] mixed precision: fp16=False bf16=False
[stage1] loading base model for router distillation
[load] checkpoint loaded with strict=False: missing=96 unexpected=24 dtype=torch.float32
[init] layer 0 expert_weight_proj initialized from legacy router.weight
[init] layer 1 expert_weight_proj initialized from legacy router.weight
[init] layer 2 expert_weight_proj initialized from legacy router.weight
[init] layer 3 expert_weight_proj initialized from legacy router.weight
[init] layer 4 expert_weight_proj initialized from legacy router.weight
[init] layer 5 expert_weight_proj initialized from legacy router.weight
[init] layer 6 expert_weight_proj initialized from legacy router.weight
[init] layer 7 expert_weight_proj initialized from legacy router.weight
[init] layer 8 expert_weight_proj initialized from legacy router.weight
[init] layer 9 expert_weight_proj initialized from legacy router.weight
[init] layer 10 expert_weight_proj initialized from legacy router.weight
[init] layer 11 expert_weight_proj initialized from legacy router.weight
[init] layer 12 expert_weight_proj initialized from legacy router.weight
[init] layer 13 expert_weight_proj initialized from legacy router.weight
[init] layer 14 expert_weight_proj initialized from legacy router.weight
[init] layer 15 expert_weight_proj initialized from legacy router.weight
[init] layer 16 expert_weight_proj initialized from legacy router.weight
[init] layer 17 expert_weight_proj initialized from legacy router.weight
[init] layer 18 expert_weight_proj initialized from legacy router.weight
[init] layer 19 expert_weight_proj initialized from legacy router.weight
[init] layer 20 expert_weight_proj initialized from legacy router.weight
[init] layer 21 expert_weight_proj initialized from legacy router.weight
[init] layer 22 expert_weight_proj initialized from legacy router.weight
[init] layer 23 expert_weight_proj initialized from legacy router.weight
[init] layer 0 expert_weight_proj initialized from legacy router.weight
[init] layer 1 expert_weight_proj initialized from legacy router.weight
[init] layer 2 expert_weight_proj initialized from legacy router.weight
[init] layer 3 expert_weight_proj initialized from legacy router.weight
[init] layer 4 expert_weight_proj initialized from legacy router.weight
[init] layer 5 expert_weight_proj initialized from legacy router.weight
[init] layer 6 expert_weight_proj initialized from legacy router.weight
[init] layer 7 expert_weight_proj initialized from legacy router.weight
[init] layer 8 expert_weight_proj initialized from legacy router.weight
[init] layer 9 expert_weight_proj initialized from legacy router.weight
[init] layer 10 expert_weight_proj initialized from legacy router.weight
[init] layer 11 expert_weight_proj initialized from legacy router.weight
[init] layer 12 expert_weight_proj initialized from legacy router.weight
[init] layer 13 expert_weight_proj initialized from legacy router.weight
[init] layer 14 expert_weight_proj initialized from legacy router.weight
[init] layer 15 expert_weight_proj initialized from legacy router.weight
[init] layer 16 expert_weight_proj initialized from legacy router.weight
[init] layer 17 expert_weight_proj initialized from legacy router.weight
[init] layer 18 expert_weight_proj initialized from legacy router.weight
[init] layer 19 expert_weight_proj initialized from legacy router.weight
[init] layer 20 expert_weight_proj initialized from legacy router.weight
[init] layer 21 expert_weight_proj initialized from legacy router.weight
[init] layer 22 expert_weight_proj initialized from legacy router.weight
[init] layer 23 expert_weight_proj initialized from legacy router.weight
[init] initialized new router modules from legacy dense router for 24 layers
[stage1] trainable cross-attention router params: 125829120
[stage1][data] train=559 (ratio=0.500, seed=42)
[stage1] epoch=1/1 step=50 loss=0.658529 kl=0.312973 logit=0.130329 t_ent=1.6388 s_ent=1.8882 top1=0.7024 topk=0.7170 cos=0.8253 elapsed=0.5m
[stage1] epoch=1/1 step=100 loss=0.260509 kl=0.122571 logit=0.061468 t_ent=1.6114 s_ent=1.7094 top1=0.8449 topk=0.8180 cos=0.9017 elapsed=0.9m
[stage1] saving full checkpoint to /mnt/data/models/fv1_arc_c_pw20/ckpt_after_stage1
[2026-04-26 14:05:00,471] [INFO] [real_accelerator.py:203:get_accelerator] Setting ds_accelerator to cuda (auto detect)
[93m [WARNING] [0m async_io requires the dev libaio .so object and headers but these were not found.
[93m [WARNING] [0m async_io: please install the libaio-dev package with apt
[93m [WARNING] [0m If libaio is already installed (perhaps from source), try setting the CFLAGS and LDFLAGS environment variables to where it can be found.
[93m [WARNING] [0m Please specify the CUTLASS repo directory as environment variable $CUTLASS_PATH
[93m [WARNING] [0m sparse_attn requires a torch version >= 1.5 and < 2.0 but detected 2.5
[93m [WARNING] [0m using untested triton version (3.1.0), only 1.0.0 is known to be compatible

[launcher] running:
  /home/vipuser/miniconda3/envs/op/bin/python -m torch.distributed.run --nproc_per_node 2 --master_port 29501 /root/Predict_v2/run_stage2_dynamic_moe.py --model_path /root/models/Dynamic_MoE --output_dir /mnt/data/models/fv1_arc_c_pw20 --dataset arc-c --eval_dataset arc-c --train_split train --eval_split validation --block_size 150 --batch_size 2 --grad_accum 1 --epochs 2 --lr 6e-05 --lora_r 16 --lora_alpha 16 --lora_dropout 0.05 --num_proc 16 --load_in_4bit 0 --load_in_8bit 0 --use_bnb_8bit 0 --load_in_fp16 0 --fp16 0 --bf16 0 --train_extra_params_in_fp32 1 --router_use_entmax 0 --router_top_k 2 --router_entmax_alpha 1.7 --router_value_anchor_loss_coef 0.01 --router_anchor_momentum 0.99 --min_lr_ratio 0.1 --router_lr_mult 1.0 --eval_max_samples 400 --router_use_softmax_temperature 1 --router_softmax_temperature 1.1 --train_new_router_params 1 --router_aux_loss_coef 0.01 --init_new_router_from_legacy 1 --stage2_init_path /mnt/data/models/fv1_arc_c_pw20/ckpt_after_stage1
[router] anchor-router trunk ignores legacy router settings: router_value_anchor_loss_coef
[load] tokenizer from model_path: /root/models/Dynamic_MoE
[load] distributed=True world_size=2 4bit=False 8bit=False
[train] mixed precision: fp16=False bf16=False
[stage2] loading model from /mnt/data/models/fv1_arc_c_pw20/ckpt_after_stage1
[load] checkpoint loaded with strict=False: missing=0 unexpected=0 dtype=torch.float32
[stage2] extra trainable new-router params: 125829120
[stage2] cast selected router params to fp32: 0
[stage2] trainable params: 199753728/3687891968 (5.42%)
trainable params: 199,753,728 || all params: 3,687,891,968 || trainable%: 5.4165
[stage2][eval] using OpenCompass-style PPL ranking for arc-c
[stage2][data] train=3357 eval=295 block_size=150
[stage2][opt] param groups: other=2496 router=72
[stage2][opt] lrs: other=6.000e-05 router=6.000e-05
[train] epoch=1/2 step=50/1678 loss=1.7218 ce=1.6647 ce_ema=2.2835 pairwise=0.8123 pairwise_acc=0.5000 aux=1.6504 ewp_gn=1.628e-01 budget=0.0000 top_k=2 lr=6.000e-05 elapsed=1.0m
[train] epoch=1/2 step=100/1678 loss=1.0814 ce=1.0186 ce_ema=1.7455 pairwise=0.9088 pairwise_acc=0.5000 aux=1.7379 ewp_gn=1.537e-01 budget=0.0000 top_k=2 lr=5.987e-05 elapsed=1.9m
[train] epoch=1/2 step=150/1678 loss=1.8150 ce=1.7587 ce_ema=1.5749 pairwise=0.8642 pairwise_acc=0.0000 aux=1.3049 ewp_gn=1.704e-01 budget=0.0000 top_k=2 lr=5.950e-05 elapsed=2.9m
[train] epoch=1/2 step=200/1678 loss=1.9396 ce=1.8721 ce_ema=1.4748 pairwise=1.0698 pairwise_acc=0.5000 aux=1.3985 ewp_gn=1.524e-01 budget=0.0000 top_k=2 lr=5.888e-05 elapsed=4.5m
[eval] step=200 eval_pairwise_acc=0.260135
[train] epoch=1/2 step=250/1678 loss=1.4306 ce=1.3768 ce_ema=1.4638 pairwise=0.8140 pairwise_acc=0.5000 aux=1.3016 ewp_gn=1.548e-01 budget=0.0000 top_k=2 lr=5.801e-05 elapsed=5.5m
[train] epoch=1/2 step=300/1678 loss=1.6492 ce=1.6092 ce_ema=1.4112 pairwise=0.5450 pairwise_acc=1.0000 aux=1.2755 ewp_gn=1.083e-01 budget=0.0000 top_k=2 lr=5.692e-05 elapsed=6.5m
[train] epoch=1/2 step=350/1678 loss=1.4693 ce=1.4099 ce_ema=1.3965 pairwise=0.9321 pairwise_acc=0.5000 aux=1.2853 ewp_gn=1.387e-01 budget=0.0000 top_k=2 lr=5.560e-05 elapsed=7.5m
