/home/vipuser/miniconda3/envs/op/lib/python3.10/site-packages/torch/cuda/__init__.py:61: FutureWarning: The pynvml package is deprecated. Please install nvidia-ml-py instead. If you did not install pynvml directly, please report this to the maintainers of the package that installed pynvml for you.
  import pynvml  # type: ignore[import]
WARNING:__main__:
*****************************************
Setting OMP_NUM_THREADS environment variable for each process to be 1 in default, to avoid your system being overloaded, please further tune the variable for optimal performance in your application as needed. 
*****************************************
Traceback (most recent call last):
  File "/home/vipuser/miniconda3/envs/op/lib/python3.10/runpy.py", line 196, in _run_module_as_main
    return _run_code(code, main_globals, None,
  File "/home/vipuser/miniconda3/envs/op/lib/python3.10/runpy.py", line 86, in _run_code
    exec(code, run_globals)
  File "/home/vipuser/miniconda3/envs/op/lib/python3.10/site-packages/torch/distributed/run.py", line 923, in <module>
    main()
  File "/home/vipuser/miniconda3/envs/op/lib/python3.10/site-packages/torch/distributed/elastic/multiprocessing/errors/__init__.py", line 355, in wrapper
    return f(*args, **kwargs)
  File "/home/vipuser/miniconda3/envs/op/lib/python3.10/site-packages/torch/distributed/run.py", line 919, in main
    run(args)
  File "/home/vipuser/miniconda3/envs/op/lib/python3.10/site-packages/torch/distributed/run.py", line 910, in run
    elastic_launch(
  File "/home/vipuser/miniconda3/envs/op/lib/python3.10/site-packages/torch/distributed/launcher/api.py", line 138, in __call__
    return launch_agent(self._config, self._entrypoint, list(args))
  File "/home/vipuser/miniconda3/envs/op/lib/python3.10/site-packages/torch/distributed/launcher/api.py", line 260, in launch_agent
    result = agent.run()
  File "/home/vipuser/miniconda3/envs/op/lib/python3.10/site-packages/torch/distributed/elastic/metrics/api.py", line 137, in wrapper
    result = f(*args, **kwargs)
  File "/home/vipuser/miniconda3/envs/op/lib/python3.10/site-packages/torch/distributed/elastic/agent/server/api.py", line 696, in run
    result = self._invoke_run(role)
  File "/home/vipuser/miniconda3/envs/op/lib/python3.10/site-packages/torch/distributed/elastic/agent/server/api.py", line 849, in _invoke_run
    self._initialize_workers(self._worker_group)
  File "/home/vipuser/miniconda3/envs/op/lib/python3.10/site-packages/torch/distributed/elastic/metrics/api.py", line 137, in wrapper
    result = f(*args, **kwargs)
  File "/home/vipuser/miniconda3/envs/op/lib/python3.10/site-packages/torch/distributed/elastic/agent/server/api.py", line 668, in _initialize_workers
    self._rendezvous(worker_group)
  File "/home/vipuser/miniconda3/envs/op/lib/python3.10/site-packages/torch/distributed/elastic/metrics/api.py", line 137, in wrapper
    result = f(*args, **kwargs)
  File "/home/vipuser/miniconda3/envs/op/lib/python3.10/site-packages/torch/distributed/elastic/agent/server/api.py", line 500, in _rendezvous
    rdzv_info = spec.rdzv_handler.next_rendezvous()
  File "/home/vipuser/miniconda3/envs/op/lib/python3.10/site-packages/torch/distributed/elastic/rendezvous/static_tcp_rendezvous.py", line 67, in next_rendezvous
    self._store = TCPStore(  # type: ignore[call-arg]
RuntimeError: The server socket has failed to listen on any local network address. port: 29500, useIpv6: 0, code: -98, name: EADDRINUSE, message: address already in use
Traceback (most recent call last):
  File "/root/Predict_v2/launch_two_stage_torchrun.py", line 166, in <module>
    main()
  File "/root/Predict_v2/launch_two_stage_torchrun.py", line 154, in main
    _run(cmd1, env)
  File "/root/Predict_v2/launch_two_stage_torchrun.py", line 96, in _run
    subprocess.run(cmd, check=True, env=env)
  File "/home/vipuser/miniconda3/envs/op/lib/python3.10/subprocess.py", line 524, in run
    raise CalledProcessError(retcode, process.args,
subprocess.CalledProcessError: Command '['/home/vipuser/miniconda3/envs/op/bin/python', '-m', 'torch.distributed.run', '--nproc_per_node', '2', '/root/Predict_v2/run_stage1_dynamic_moe.py', '--model_path', '/root/models/Dynamic_MoE', '--output_dir', '/mnt/data/models/fv1_openbookqa_pw20', '--dataset', 'openbookqa', '--eval_dataset', 'openbookqa', '--train_split', 'train', '--eval_split', 'validation', '--block_size', '128', '--batch_size', '14', '--grad_accum', '1', '--epochs', '3', '--lr', '8e-05', '--lora_r', '16', '--lora_alpha', '16', '--lora_dropout', '0.05', '--num_proc', '16', '--load_in_4bit', '0', '--load_in_8bit', '0', '--use_bnb_8bit', '0', '--load_in_fp16', '0', '--fp16', '0', '--bf16', '0', '--train_extra_params_in_fp32', '1', '--router_use_entmax', '0', '--router_top_k', '2', '--router_entmax_alpha', '1.7', '--min_lr_ratio', '0.1', '--router_lr_mult', '1.0', '--eval_max_samples', '600', '--router_use_softmax_temperature', '1', '--router_softmax_temperature', '1.0', '--train_new_router_params', '1', '--router_aux_loss_coef', '0.002', '--init_new_router_from_legacy', '1', '--eval_every', '1200', '--stage1_epochs', '1', '--stage1_lr', '0.0001', '--stage1_grad_accum', '1', '--stage1_data_ratio', '0.5', '--stage1_distill_temperature', '2.0', '--stage1_kl_coef', '2.0', '--stage1_logit_coef', '0.25', '--stage1_use_logit_loss', '1']' returned non-zero exit status 1.
