
[launcher] running:
  /home/vipuser/miniconda3/envs/op/bin/python -m torch.distributed.run --nproc_per_node 2 /root/Predict_v2/run_stage1_dynamic_moe.py --model_path /root/models/Dynamic_MoE --output_dir /mnt/data/models/fv1_siqa_10v --dataset siqa --eval_dataset siqa --train_split train --eval_split validation --block_size 150 --batch_size 20 --grad_accum 1 --epochs 3 --lr 8e-05 --lora_r 16 --lora_alpha 16 --lora_dropout 0.05 --num_proc 16 --load_in_4bit 0 --load_in_8bit 0 --use_bnb_8bit 0 --load_in_fp16 0 --fp16 0 --bf16 0 --train_extra_params_in_fp32 1 --router_use_entmax 0 --router_top_k 2 --router_entmax_alpha 1.7 --router_value_anchor_loss_coef 0.01 --router_anchor_momentum 0.99 --min_lr_ratio 0.1 --router_lr_mult 1.0 --eval_max_samples 200 --router_use_softmax_temperature 1 --router_softmax_temperature 0.8 --stage1_epochs 1 --stage1_lr 0.0001 --stage1_grad_accum 1 --stage1_data_ratio 0.5 --stage1_distill_temperature 2.0 --stage1_kl_coef 2.0 --stage1_logit_coef 0.25 --stage1_use_logit_loss 1
[load] tokenizer from model_path: /root/models/Dynamic_MoE
[load] distributed=True world_size=2 4bit=False 8bit=False
[train] mixed precision: fp16=False bf16=False
[stage1] loading base model for router distillation
[load] checkpoint loaded with strict=False: missing=120 unexpected=24 dtype=torch.float32
[init] layer 0 expert_value/value_anchor initialized from legacy router.weight
[init] layer 1 expert_value/value_anchor initialized from legacy router.weight
[init] layer 2 expert_value/value_anchor initialized from legacy router.weight
[init] layer 3 expert_value/value_anchor initialized from legacy router.weight
[init] layer 4 expert_value/value_anchor initialized from legacy router.weight
[init] layer 5 expert_value/value_anchor initialized from legacy router.weight
[init] layer 6 expert_value/value_anchor initialized from legacy router.weight
[init] layer 7 expert_value/value_anchor initialized from legacy router.weight
[init] layer 8 expert_value/value_anchor initialized from legacy router.weight
[init] layer 9 expert_value/value_anchor initialized from legacy router.weight
[init] layer 10 expert_value/value_anchor initialized from legacy router.weight
[init] layer 11 expert_value/value_anchor initialized from legacy router.weight
[init] layer 12 expert_value/value_anchor initialized from legacy router.weight
[init] layer 13 expert_value/value_anchor initialized from legacy router.weight
[init] layer 14 expert_value/value_anchor initialized from legacy router.weight
[init] layer 15 expert_value/value_anchor initialized from legacy router.weight
[init] layer 16 expert_value/value_anchor initialized from legacy router.weight
[init] layer 17 expert_value/value_anchor initialized from legacy router.weight
[init] layer 18 expert_value/value_anchor initialized from legacy router.weight
[init] layer 19 expert_value/value_anchor initialized from legacy router.weight
[init] layer 20 expert_value/value_anchor initialized from legacy router.weight
[init] layer 21 expert_value/value_anchor initialized from legacy router.weight
[init] layer 22 expert_value/value_anchor initialized from legacy router.weight
[init] layer 23 expert_value/value_anchor initialized from legacy router.weight
[init] layer 0 expert_value/value_anchor initialized from legacy router.weight
[init] layer 1 expert_value/value_anchor initialized from legacy router.weight
[init] layer 2 expert_value/value_anchor initialized from legacy router.weight
[init] layer 3 expert_value/value_anchor initialized from legacy router.weight
[init] layer 4 expert_value/value_anchor initialized from legacy router.weight
[init] layer 5 expert_value/value_anchor initialized from legacy router.weight
[init] layer 6 expert_value/value_anchor initialized from legacy router.weight
[init] layer 7 expert_value/value_anchor initialized from legacy router.weight
[init] layer 8 expert_value/value_anchor initialized from legacy router.weight
[init] layer 9 expert_value/value_anchor initialized from legacy router.weight
[init] layer 10 expert_value/value_anchor initialized from legacy router.weight
[init] layer 11 expert_value/value_anchor initialized from legacy router.weight
[init] layer 12 expert_value/value_anchor initialized from legacy router.weight
[init] layer 13 expert_value/value_anchor initialized from legacy router.weight
[init] layer 14 expert_value/value_anchor initialized from legacy router.weight
[init] layer 15 expert_value/value_anchor initialized from legacy router.weight
[init] layer 16 expert_value/value_anchor initialized from legacy router.weight
[init] layer 17 expert_value/value_anchor initialized from legacy router.weight
[init] layer 18 expert_value/value_anchor initialized from legacy router.weight
[init] layer 19 expert_value/value_anchor initialized from legacy router.weight
[init] layer 20 expert_value/value_anchor initialized from legacy router.weight
[init] layer 21 expert_value/value_anchor initialized from legacy router.weight
[init] layer 22 expert_value/value_anchor initialized from legacy router.weight
[init] layer 23 expert_value/value_anchor initialized from legacy router.weight
[init] initialized new router modules from legacy dense router for 24 layers
[stage1] trainable cross-attention router params: 50724864
[stage1][data] train=16705 (ratio=0.500, seed=42)
[stage1] epoch=1/1 step=50 loss=0.151102 kl=0.071284 logit=0.034141 t_ent=1.5782 s_ent=1.6314 top1=0.8959 topk=0.8660 cos=0.9456 elapsed=0.5m
[stage1] epoch=1/1 step=100 loss=0.043303 kl=0.020311 logit=0.010725 t_ent=1.5761 s_ent=1.5903 top1=0.9505 topk=0.9314 cos=0.9706 elapsed=0.9m
[stage1] epoch=1/1 step=150 loss=0.020034 kl=0.009370 logit=0.005176 t_ent=1.5752 s_ent=1.5816 top1=0.9688 topk=0.9526 cos=0.9760 elapsed=1.4m
[stage1] epoch=1/1 step=200 loss=0.010969 kl=0.005120 logit=0.002914 t_ent=1.5769 s_ent=1.5808 top1=0.9782 topk=0.9667 cos=0.9783 elapsed=1.8m
[stage1] epoch=1/1 step=250 loss=0.006387 kl=0.002974 logit=0.001752 t_ent=1.5732 s_ent=1.5756 top1=0.9851 topk=0.9757 cos=0.9795 elapsed=2.2m
[stage1] epoch=1/1 step=300 loss=0.004337 kl=0.002021 logit=0.001179 t_ent=1.5710 s_ent=1.5726 top1=0.9877 topk=0.9808 cos=0.9802 elapsed=2.7m
[stage1] epoch=1/1 step=350 loss=0.002957 kl=0.001378 logit=0.000802 t_ent=1.5751 s_ent=1.5762 top1=0.9905 topk=0.9845 cos=0.9805 elapsed=3.1m
[stage1] epoch=1/1 step=400 loss=0.001914 kl=0.000889 logit=0.000539 t_ent=1.5737 s_ent=1.5741 top1=0.9935 topk=0.9878 cos=0.9808 elapsed=3.6m
[stage1] saving full checkpoint to /mnt/data/models/fv1_siqa_10v/ckpt_after_stage1
[2026-04-24 13:27:54,517] [INFO] [real_accelerator.py:203:get_accelerator] Setting ds_accelerator to cuda (auto detect)
[93m [WARNING] [0m async_io requires the dev libaio .so object and headers but these were not found.
[93m [WARNING] [0m async_io: please install the libaio-dev package with apt
[93m [WARNING] [0m If libaio is already installed (perhaps from source), try setting the CFLAGS and LDFLAGS environment variables to where it can be found.
[93m [WARNING] [0m Please specify the CUTLASS repo directory as environment variable $CUTLASS_PATH
[93m [WARNING] [0m sparse_attn requires a torch version >= 1.5 and < 2.0 but detected 2.5
[93m [WARNING] [0m using untested triton version (3.1.0), only 1.0.0 is known to be compatible

[launcher] running:
  /home/vipuser/miniconda3/envs/op/bin/python -m torch.distributed.run --nproc_per_node 2 /root/Predict_v2/run_stage2_dynamic_moe.py --model_path /root/models/Dynamic_MoE --output_dir /mnt/data/models/fv1_siqa_10v --dataset siqa --eval_dataset siqa --train_split train --eval_split validation --block_size 150 --batch_size 20 --grad_accum 1 --epochs 3 --lr 8e-05 --lora_r 16 --lora_alpha 16 --lora_dropout 0.05 --num_proc 16 --load_in_4bit 0 --load_in_8bit 0 --use_bnb_8bit 0 --load_in_fp16 0 --fp16 0 --bf16 0 --train_extra_params_in_fp32 1 --router_use_entmax 0 --router_top_k 2 --router_entmax_alpha 1.7 --router_value_anchor_loss_coef 0.01 --router_anchor_momentum 0.99 --min_lr_ratio 0.1 --router_lr_mult 1.0 --eval_max_samples 200 --router_use_softmax_temperature 1 --router_softmax_temperature 0.8 --stage2_include_validation_in_train 1 --stage2_validation_train_ratio 0.1 --stage2_init_path /mnt/data/models/fv1_siqa_10v/ckpt_after_stage1
[load] tokenizer from model_path: /root/models/Dynamic_MoE
[load] distributed=True world_size=2 4bit=False 8bit=False
[train] mixed precision: fp16=False bf16=False
[stage2] loading model from /mnt/data/models/fv1_siqa_10v/ckpt_after_stage1
[load] checkpoint loaded with strict=False: missing=0 unexpected=0 dtype=torch.float32
[stage2] extra trainable new-router params: 50724864
[stage2] cast selected router params to fp32: 0
[stage2] trainable params: 124649472/3612787712 (3.45%)
trainable params: 124,649,472 || all params: 3,612,787,712 || trainable%: 3.4502
[stage2][data] siqa: borrowed 195/1954 from validation into train[stage2][data] siqa: borrowed 195/1954 from validation into train

[stage2][eval] using OpenCompass-style PPL ranking for siqa
[stage2][data] train=33605 eval=200 block_size=150
[stage2][opt] param groups: other=2496 router=72
[stage2][opt] lrs: other=8.000e-05 router=8.000e-05
[train] epoch=1/3 step=50/2520 loss=1.7591 ce=1.7591 ce_ema=3.1055 pairwise=0.0000 pairwise_acc=0.0000 v_anchor=0.0007 budget=0.0000 top_k=2 value_anchor_cos=0.9993 lr=5.440e-05 elapsed=1.6m
[train] epoch=1/3 step=100/2520 loss=1.5835 ce=1.5835 ce_ema=2.1207 pairwise=0.0000 pairwise_acc=0.0000 v_anchor=0.0007 budget=0.0000 top_k=2 value_anchor_cos=0.9993 lr=7.998e-05 elapsed=3.2m
[train] epoch=1/3 step=150/2520 loss=1.5773 ce=1.5773 ce_ema=1.6986 pairwise=0.0000 pairwise_acc=0.0000 v_anchor=0.0007 budget=0.0000 top_k=2 value_anchor_cos=0.9993 lr=7.983e-05 elapsed=4.7m
[train] epoch=1/3 step=200/2520 loss=1.3596 ce=1.3596 ce_ema=1.5202 pairwise=0.0000 pairwise_acc=0.0000 v_anchor=0.0007 budget=0.0000 top_k=2 value_anchor_cos=0.9993 lr=7.954e-05 elapsed=6.2m
[train] epoch=1/3 step=250/2520 loss=1.3375 ce=1.3375 ce_ema=1.4428 pairwise=0.0000 pairwise_acc=0.0000 v_anchor=0.0008 budget=0.0000 top_k=2 value_anchor_cos=0.9992 lr=7.909e-05 elapsed=7.7m
[train] epoch=1/3 step=300/2520 loss=1.3499 ce=1.3499 ce_ema=1.4147 pairwise=0.0000 pairwise_acc=0.0000 v_anchor=0.0008 budget=0.0000 top_k=2 value_anchor_cos=0.9992 lr=7.851e-05 elapsed=9.3m
[train] epoch=1/3 step=350/2520 loss=1.5219 ce=1.5219 ce_ema=1.3970 pairwise=0.0000 pairwise_acc=0.0000 v_anchor=0.0008 budget=0.0000 top_k=2 value_anchor_cos=0.9992 lr=7.778e-05 elapsed=10.9m
[train] epoch=1/3 step=400/2520 loss=1.3588 ce=1.3588 ce_ema=1.3843 pairwise=0.0000 pairwise_acc=0.0000 v_anchor=0.0008 budget=0.0000 top_k=2 value_anchor_cos=0.9992 lr=7.691e-05 elapsed=12.5m
[train] epoch=1/3 step=450/2520 loss=1.5089 ce=1.5089 ce_ema=1.3736 pairwise=0.0000 pairwise_acc=0.0000 v_anchor=0.0008 budget=0.0000 top_k=2 value_anchor_cos=0.9992 lr=7.590e-05 elapsed=14.0m
[train] epoch=1/3 step=500/2520 loss=1.3920 ce=1.3920 ce_ema=1.3697 pairwise=0.0000 pairwise_acc=0.0000 v_anchor=0.0008 budget=0.0000 top_k=2 value_anchor_cos=0.9992 lr=7.476e-05 elapsed=15.7m
[eval] step=500 eval_pairwise_acc=0.415000
[train] epoch=1/3 step=550/2520 loss=1.2647 ce=1.2646 ce_ema=1.3778 pairwise=0.0000 pairwise_acc=0.0000 v_anchor=0.0008 budget=0.0000 top_k=2 value_anchor_cos=0.9992 lr=7.350e-05 elapsed=17.2m
[train] epoch=1/3 step=600/2520 loss=1.2398 ce=1.2398 ce_ema=1.3595 pairwise=0.0000 pairwise_acc=0.0000 v_anchor=0.0008 budget=0.0000 top_k=2 value_anchor_cos=0.9992 lr=7.212e-05 elapsed=18.8m
[train] epoch=1/3 step=650/2520 loss=1.3471 ce=1.3471 ce_ema=1.3605 pairwise=0.0000 pairwise_acc=0.0000 v_anchor=0.0008 budget=0.0000 top_k=2 value_anchor_cos=0.9992 lr=7.061e-05 elapsed=20.4m
[train] epoch=1/3 step=700/2520 loss=1.3654 ce=1.3654 ce_ema=1.3530 pairwise=0.0000 pairwise_acc=0.0000 v_anchor=0.0008 budget=0.0000 top_k=2 value_anchor_cos=0.9992 lr=6.900e-05 elapsed=21.9m
[train] epoch=1/3 step=750/2520 loss=1.3967 ce=1.3967 ce_ema=1.3504 pairwise=0.0000 pairwise_acc=0.0000 v_anchor=0.0008 budget=0.0000 top_k=2 value_anchor_cos=0.9992 lr=6.729e-05 elapsed=23.5m
[train] epoch=1/3 step=800/2520 loss=1.4182 ce=1.4182 ce_ema=1.3429 pairwise=0.0000 pairwise_acc=0.0000 v_anchor=0.0008 budget=0.0000 top_k=2 value_anchor_cos=0.9992 lr=6.548e-05 elapsed=25.1m
[train] epoch=2/3 step=850/2520 loss=1.3245 ce=1.3245 ce_ema=1.3328 pairwise=0.0000 pairwise_acc=0.0000 v_anchor=0.0008 budget=0.0000 top_k=2 value_anchor_cos=0.9992 lr=6.358e-05 elapsed=26.6m
[train] epoch=2/3 step=900/2520 loss=1.2310 ce=1.2310 ce_ema=1.3087 pairwise=0.0000 pairwise_acc=0.0000 v_anchor=0.0008 budget=0.0000 top_k=2 value_anchor_cos=0.9992 lr=6.160e-05 elapsed=28.2m
[train] epoch=2/3 step=950/2520 loss=1.3315 ce=1.3315 ce_ema=1.3098 pairwise=0.0000 pairwise_acc=0.0000 v_anchor=0.0008 budget=0.0000 top_k=2 value_anchor_cos=0.9992 lr=5.955e-05 elapsed=29.8m
[train] epoch=2/3 step=1000/2520 loss=1.2591 ce=1.2591 ce_ema=1.3060 pairwise=0.0000 pairwise_acc=0.0000 v_anchor=0.0008 budget=0.0000 top_k=2 value_anchor_cos=0.9992 lr=5.743e-05 elapsed=31.6m
[eval] step=1000 eval_pairwise_acc=0.415000
[train] epoch=2/3 step=1050/2520 loss=1.2783 ce=1.2783 ce_ema=1.2914 pairwise=0.0000 pairwise_acc=0.0000 v_anchor=0.0008 budget=0.0000 top_k=2 value_anchor_cos=0.9992 lr=5.526e-05 elapsed=33.1m
[train] epoch=2/3 step=1100/2520 loss=1.1408 ce=1.1408 ce_ema=1.2862 pairwise=0.0000 pairwise_acc=0.0000 v_anchor=0.0008 budget=0.0000 top_k=2 value_anchor_cos=0.9992 lr=5.304e-05 elapsed=34.7m
[train] epoch=2/3 step=1150/2520 loss=1.3260 ce=1.3260 ce_ema=1.2933 pairwise=0.0000 pairwise_acc=0.0000 v_anchor=0.0008 budget=0.0000 top_k=2 value_anchor_cos=0.9992 lr=5.078e-05 elapsed=36.3m
[train] epoch=2/3 step=1200/2520 loss=1.3781 ce=1.3781 ce_ema=1.2936 pairwise=0.0000 pairwise_acc=0.0000 v_anchor=0.0008 budget=0.0000 top_k=2 value_anchor_cos=0.9992 lr=4.850e-05 elapsed=37.9m
[train] epoch=2/3 step=1250/2520 loss=1.1433 ce=1.1433 ce_ema=1.2849 pairwise=0.0000 pairwise_acc=0.0000 v_anchor=0.0008 budget=0.0000 top_k=2 value_anchor_cos=0.9992 lr=4.620e-05 elapsed=39.4m
[train] epoch=2/3 step=1300/2520 loss=1.2580 ce=1.2579 ce_ema=1.2954 pairwise=0.0000 pairwise_acc=0.0000 v_anchor=0.0008 budget=0.0000 top_k=2 value_anchor_cos=0.9992 lr=4.388e-05 elapsed=41.0m
[train] epoch=2/3 step=1350/2520 loss=1.2198 ce=1.2198 ce_ema=1.2911 pairwise=0.0000 pairwise_acc=0.0000 v_anchor=0.0008 budget=0.0000 top_k=2 value_anchor_cos=0.9992 lr=4.157e-05 elapsed=42.6m
[train] epoch=2/3 step=1400/2520 loss=1.3918 ce=1.3918 ce_ema=1.2978 pairwise=0.0000 pairwise_acc=0.0000 v_anchor=0.0008 budget=0.0000 top_k=2 value_anchor_cos=0.9992 lr=3.927e-05 elapsed=44.2m
[train] epoch=2/3 step=1450/2520 loss=1.2519 ce=1.2519 ce_ema=1.2836 pairwise=0.0000 pairwise_acc=0.0000 v_anchor=0.0008 budget=0.0000 top_k=2 value_anchor_cos=0.9992 lr=3.699e-05 elapsed=45.8m
[train] epoch=2/3 step=1500/2520 loss=1.2064 ce=1.2064 ce_ema=1.2874 pairwise=0.0000 pairwise_acc=0.0000 v_anchor=0.0008 budget=0.0000 top_k=2 value_anchor_cos=0.9992 lr=3.474e-05 elapsed=47.4m
[eval] step=1500 eval_pairwise_acc=0.425000
[train] epoch=2/3 step=1550/2520 loss=1.3806 ce=1.3806 ce_ema=1.2781 pairwise=0.0000 pairwise_acc=0.0000 v_anchor=0.0008 budget=0.0000 top_k=2 value_anchor_cos=0.9992 lr=3.252e-05 elapsed=49.0m
[train] epoch=2/3 step=1600/2520 loss=1.3278 ce=1.3278 ce_ema=1.2766 pairwise=0.0000 pairwise_acc=0.0000 v_anchor=0.0008 budget=0.0000 top_k=2 value_anchor_cos=0.9992 lr=3.036e-05 elapsed=50.7m
[train] epoch=2/3 step=1650/2520 loss=1.3238 ce=1.3238 ce_ema=1.2698 pairwise=0.0000 pairwise_acc=0.0000 v_anchor=0.0008 budget=0.0000 top_k=2 value_anchor_cos=0.9992 lr=2.825e-05 elapsed=52.2m
[train] epoch=3/3 step=1700/2520 loss=1.3182 ce=1.3182 ce_ema=1.2761 pairwise=0.0000 pairwise_acc=0.0000 v_anchor=0.0008 budget=0.0000 top_k=2 value_anchor_cos=0.9992 lr=2.620e-05 elapsed=53.8m
[train] epoch=3/3 step=1750/2520 loss=1.2324 ce=1.2324 ce_ema=1.2418 pairwise=0.0000 pairwise_acc=0.0000 v_anchor=0.0008 budget=0.0000 top_k=2 value_anchor_cos=0.9992 lr=2.423e-05 elapsed=55.5m
[train] epoch=3/3 step=1800/2520 loss=1.1801 ce=1.1801 ce_ema=1.2228 pairwise=0.0000 pairwise_acc=0.0000 v_anchor=0.0008 budget=0.0000 top_k=2 value_anchor_cos=0.9992 lr=2.234e-05 elapsed=57.1m
[train] epoch=3/3 step=1850/2520 loss=1.2228 ce=1.2228 ce_ema=1.2305 pairwise=0.0000 pairwise_acc=0.0000 v_anchor=0.0008 budget=0.0000 top_k=2 value_anchor_cos=0.9992 lr=2.054e-05 elapsed=58.7m
[train] epoch=3/3 step=1900/2520 loss=1.1150 ce=1.1150 ce_ema=1.2205 pairwise=0.0000 pairwise_acc=0.0000 v_anchor=0.0008 budget=0.0000 top_k=2 value_anchor_cos=0.9992 lr=1.883e-05 elapsed=60.2m
[train] epoch=3/3 step=1950/2520 loss=1.2374 ce=1.2374 ce_ema=1.2276 pairwise=0.0000 pairwise_acc=0.0000 v_anchor=0.0008 budget=0.0000 top_k=2 value_anchor_cos=0.9992 lr=1.723e-05 elapsed=61.7m
[train] epoch=3/3 step=2000/2520 loss=1.2136 ce=1.2136 ce_ema=1.2219 pairwise=0.0000 pairwise_acc=0.0000 v_anchor=0.0008 budget=0.0000 top_k=2 value_anchor_cos=0.9992 lr=1.574e-05 elapsed=63.4m
[eval] step=2000 eval_pairwise_acc=0.435000
[train] epoch=3/3 step=2050/2520 loss=1.1676 ce=1.1676 ce_ema=1.2202 pairwise=0.0000 pairwise_acc=0.0000 v_anchor=0.0008 budget=0.0000 top_k=2 value_anchor_cos=0.9992 lr=1.437e-05 elapsed=64.9m
[train] epoch=3/3 step=2100/2520 loss=1.1266 ce=1.1266 ce_ema=1.2225 pairwise=0.0000 pairwise_acc=0.0000 v_anchor=0.0008 budget=0.0000 top_k=2 value_anchor_cos=0.9992 lr=1.312e-05 elapsed=66.4m
[train] epoch=3/3 step=2150/2520 loss=1.2977 ce=1.2977 ce_ema=1.2184 pairwise=0.0000 pairwise_acc=0.0000 v_anchor=0.0008 budget=0.0000 top_k=2 value_anchor_cos=0.9992 lr=1.199e-05 elapsed=67.9m
[train] epoch=3/3 step=2200/2520 loss=1.2668 ce=1.2668 ce_ema=1.2247 pairwise=0.0000 pairwise_acc=0.0000 v_anchor=0.0008 budget=0.0000 top_k=2 value_anchor_cos=0.9992 lr=1.100e-05 elapsed=69.4m
[train] epoch=3/3 step=2250/2520 loss=1.1702 ce=1.1702 ce_ema=1.2254 pairwise=0.0000 pairwise_acc=0.0000 v_anchor=0.0008 budget=0.0000 top_k=2 value_anchor_cos=0.9992 lr=1.014e-05 elapsed=70.9m
[train] epoch=3/3 step=2300/2520 loss=1.2772 ce=1.2772 ce_ema=1.2162 pairwise=0.0000 pairwise_acc=0.0000 v_anchor=0.0008 budget=0.0000 top_k=2 value_anchor_cos=0.9992 lr=9.429e-06 elapsed=72.4m
[train] epoch=3/3 step=2350/2520 loss=1.2102 ce=1.2102 ce_ema=1.2214 pairwise=0.0000 pairwise_acc=0.0000 v_anchor=0.0008 budget=0.0000 top_k=2 value_anchor_cos=0.9992 lr=8.855e-06 elapsed=74.0m
[train] epoch=3/3 step=2400/2520 loss=1.2819 ce=1.2819 ce_ema=1.2245 pairwise=0.0000 pairwise_acc=0.0000 v_anchor=0.0008 budget=0.0000 top_k=2 value_anchor_cos=0.9992 lr=8.427e-06 elapsed=75.5m
[train] epoch=3/3 step=2450/2520 loss=1.2763 ce=1.2763 ce_ema=1.2316 pairwise=0.0000 pairwise_acc=0.0000 v_anchor=0.0008 budget=0.0000 top_k=2 value_anchor_cos=0.9992 lr=8.146e-06 elapsed=77.0m
[train] epoch=3/3 step=2500/2520 loss=1.1348 ce=1.1348 ce_ema=1.2197 pairwise=0.0000 pairwise_acc=0.0000 v_anchor=0.0008 budget=0.0000 top_k=2 value_anchor_cos=0.9992 lr=8.012e-06 elapsed=78.6m
[eval] step=2500 eval_pairwise_acc=0.415000
[save] moving merged model to cpu before export
[save] merged + fp32 full model -> /mnt/data/models/fv1_siqa_10v
[save] final router top_k -> 2
[2026-04-24 14:50:12,459] [INFO] [real_accelerator.py:203:get_accelerator] Setting ds_accelerator to cuda (auto detect)
[93m [WARNING] [0m async_io requires the dev libaio .so object and headers but these were not found.
[93m [WARNING] [0m async_io: please install the libaio-dev package with apt
[93m [WARNING] [0m If libaio is already installed (perhaps from source), try setting the CFLAGS and LDFLAGS environment variables to where it can be found.
[93m [WARNING] [0m Please specify the CUTLASS repo directory as environment variable $CUTLASS_PATH
[93m [WARNING] [0m sparse_attn requires a torch version >= 1.5 and < 2.0 but detected 2.5
[93m [WARNING] [0m using untested triton version (3.1.0), only 1.0.0 is known to be compatible

[launcher] done.
