[W415 05:04:21.785720034 CUDAAllocatorConfig.h:28] Warning: expandable_segments not supported on this platform (function operator())
Could not extract SentencePiece model from /root/models/Dynamic_MoE/tokenizer.model using sentencepiece library due to 
SentencePieceExtractor requires the SentencePiece library but it was not found in your environment. Check out the instructions on the
installation page of its repo: https://github.com/google/sentencepiece#installation and follow the ones
that match your environment. Please note that you may need to restart your runtime after installation.
. Falling back to TikToken extractor.
[rank0]: Traceback (most recent call last):
[rank0]:   File "/home/vipuser/miniconda3/envs/op/lib/python3.10/site-packages/transformers/tokenization_utils_tokenizers.py", line 217, in convert_to_native_format
[rank0]:     extractor = SentencePieceExtractor(vocab_file)
[rank0]:   File "/home/vipuser/miniconda3/envs/op/lib/python3.10/site-packages/transformers/convert_slow_tokenizer.py", line 152, in __init__
[rank0]:     requires_backends(self, "sentencepiece")
[rank0]:   File "/home/vipuser/miniconda3/envs/op/lib/python3.10/site-packages/transformers/utils/import_utils.py", line 2021, in requires_backends
[rank0]:     raise ImportError("".join(failed))
[rank0]: ImportError: 
[rank0]: SentencePieceExtractor requires the SentencePiece library but it was not found in your environment. Check out the instructions on the
[rank0]: installation page of its repo: https://github.com/google/sentencepiece#installation and follow the ones
[rank0]: that match your environment. Please note that you may need to restart your runtime after installation.


[rank0]: During handling of the above exception, another exception occurred:

[rank0]: Traceback (most recent call last):
[rank0]:   File "/home/vipuser/miniconda3/envs/op/lib/python3.10/site-packages/tiktoken/load.py", line 168, in load_tiktoken_bpe
[rank0]:     token, rank = line.split()
[rank0]: ValueError: not enough values to unpack (expected 2, got 1)

[rank0]: The above exception was the direct cause of the following exception:

[rank0]: Traceback (most recent call last):
[rank0]:   File "/root/Predict_v2/run_stage1_dynamic_moe.py", line 29, in <module>
[rank0]:     main()
[rank0]:   File "/root/Predict_v2/run_stage1_dynamic_moe.py", line 25, in main
[rank0]:     finetune_dynamic_moe.main()
[rank0]:   File "/root/Predict_v2/finetune_dynamic_moe.py", line 2217, in main
[rank0]:     tokenizer = AutoTokenizer.from_pretrained(args.model_path, use_fast=True)
[rank0]:   File "/home/vipuser/miniconda3/envs/op/lib/python3.10/site-packages/transformers/models/auto/tokenization_auto.py", line 792, in from_pretrained
[rank0]:     return tokenizer_class.from_pretrained(pretrained_model_name_or_path, *inputs, **kwargs)
[rank0]:   File "/home/vipuser/miniconda3/envs/op/lib/python3.10/site-packages/transformers/tokenization_utils_base.py", line 1729, in from_pretrained
[rank0]:     return cls._from_pretrained(
[rank0]:   File "/home/vipuser/miniconda3/envs/op/lib/python3.10/site-packages/transformers/tokenization_utils_base.py", line 1915, in _from_pretrained
[rank0]:     init_kwargs = cls.convert_to_native_format(**init_kwargs)
[rank0]:   File "/home/vipuser/miniconda3/envs/op/lib/python3.10/site-packages/transformers/tokenization_utils_tokenizers.py", line 283, in convert_to_native_format
[rank0]:     local_kwargs["tokenizer_object"] = converter.converted()
[rank0]:   File "/home/vipuser/miniconda3/envs/op/lib/python3.10/site-packages/transformers/convert_slow_tokenizer.py", line 1957, in converted
[rank0]:     tokenizer = self.tokenizer()
[rank0]:   File "/home/vipuser/miniconda3/envs/op/lib/python3.10/site-packages/transformers/convert_slow_tokenizer.py", line 1950, in tokenizer
[rank0]:     vocab_scores, merges = self.extract_vocab_merges_from_model(self.vocab_file)
[rank0]:   File "/home/vipuser/miniconda3/envs/op/lib/python3.10/site-packages/transformers/convert_slow_tokenizer.py", line 1926, in extract_vocab_merges_from_model
[rank0]:     bpe_ranks = load_tiktoken_bpe(tiktoken_url)
[rank0]:   File "/home/vipuser/miniconda3/envs/op/lib/python3.10/site-packages/tiktoken/load.py", line 171, in load_tiktoken_bpe
[rank0]:     raise ValueError(f"Error parsing line {line!r} in {tiktoken_bpe_file}") from e
[rank0]: ValueError: Error parsing line b'\x0e' in /root/models/Dynamic_MoE/tokenizer.model
[rank0]:[W415 05:04:22.697203650 ProcessGroupNCCL.cpp:1250] Warning: WARNING: process group has NOT been destroyed before we destruct ProcessGroupNCCL. On normal program exit, the application should call destroy_process_group to ensure that any pending NCCL operations have finished in this process. In rare cases this process can exit before this point and block the progress of another member of the process group. This constraint has always been present,  but this warning has only been added since PyTorch 2.4 (function operator())
E0415 05:04:23.775516 6139 site-packages/torch/distributed/elastic/multiprocessing/api.py:869] failed (exitcode: 1) local_rank: 0 (pid: 6170) of binary: /home/vipuser/miniconda3/envs/op/bin/python
Traceback (most recent call last):
  File "/home/vipuser/miniconda3/envs/op/lib/python3.10/runpy.py", line 196, in _run_module_as_main
    return _run_code(code, main_globals, None,
  File "/home/vipuser/miniconda3/envs/op/lib/python3.10/runpy.py", line 86, in _run_code
    exec(code, run_globals)
  File "/home/vipuser/miniconda3/envs/op/lib/python3.10/site-packages/torch/distributed/run.py", line 923, in <module>
    main()
  File "/home/vipuser/miniconda3/envs/op/lib/python3.10/site-packages/torch/distributed/elastic/multiprocessing/errors/__init__.py", line 355, in wrapper
    return f(*args, **kwargs)
  File "/home/vipuser/miniconda3/envs/op/lib/python3.10/site-packages/torch/distributed/run.py", line 919, in main
    run(args)
  File "/home/vipuser/miniconda3/envs/op/lib/python3.10/site-packages/torch/distributed/run.py", line 910, in run
    elastic_launch(
  File "/home/vipuser/miniconda3/envs/op/lib/python3.10/site-packages/torch/distributed/launcher/api.py", line 138, in __call__
    return launch_agent(self._config, self._entrypoint, list(args))
  File "/home/vipuser/miniconda3/envs/op/lib/python3.10/site-packages/torch/distributed/launcher/api.py", line 269, in launch_agent
    raise ChildFailedError(
torch.distributed.elastic.multiprocessing.errors.ChildFailedError: 
============================================================
/root/Predict_v2/run_stage1_dynamic_moe.py FAILED
------------------------------------------------------------
Failures:
  <NO_OTHER_FAILURES>
------------------------------------------------------------
Root Cause (first observed failure):
[0]:
  time      : 2026-04-15_05:04:23
  host      : ubuntu22.04
  rank      : 0 (local_rank: 0)
  exitcode  : 1 (pid: 6170)
  error_file: <N/A>
  traceback : To enable traceback see: https://pytorch.org/docs/stable/elastic/errors.html
============================================================
Traceback (most recent call last):
  File "/root/Predict_v2/launch_two_stage_torchrun.py", line 154, in <module>
    main()
  File "/root/Predict_v2/launch_two_stage_torchrun.py", line 142, in main
    _run(cmd1, env)
  File "/root/Predict_v2/launch_two_stage_torchrun.py", line 86, in _run
    subprocess.run(cmd, check=True, env=env)
  File "/home/vipuser/miniconda3/envs/op/lib/python3.10/subprocess.py", line 524, in run
    raise CalledProcessError(retcode, process.args,
subprocess.CalledProcessError: Command '['/home/vipuser/miniconda3/envs/op/bin/python', '-m', 'torch.distributed.run', '--nproc_per_node', '1', '/root/Predict_v2/run_stage1_dynamic_moe.py', '--model_path', '/root/models/Dynamic_MoE', '--output_dir', '/root/models/out_dm_cb_za02_r175_tp032_b22_late_a2_tpf0290_t200_c0012_lrm115', '--dataset', 'piqa', '--eval_dataset', 'piqa', '--train_split', 'train', '--eval_split', 'validation', '--block_size', '128', '--batch_size', '16', '--grad_accum', '1', '--epochs', '3', '--lr', '0.0002', '--lora_r', '16', '--lora_alpha', '16', '--lora_dropout', '0.05', '--num_proc', '16', '--load_in_8bit', '0', '--load_in_fp16', '1', '--fp16', '1', '--bf16', '0', '--train_extra_params_in_fp32', '1', '--router_use_entmax', '0', '--share_router_expert_embedding', '0', '--router_entmax_alpha', '1.7', '--router_aux_loss_coef', '0.01', '--router_z_loss_coef', '0.01', '--router_pull_loss_coef', '0.0', '--router_use_ema_update', '1', '--router_ema_momentum', '0.99', '--router_pull_loss_type', 'hard_ce', '--min_lr_ratio', '0.25', '--router_lr_mult', '1.15', '--eval_max_samples', '200', '--stage1_epochs', '2', '--stage1_lr', '0.0002', '--stage1_grad_accum', '1', '--stage1_data_ratio', '0.5', '--stage1_distill_temperature', '2.0', '--stage1_kl_coef', '2.0', '--stage1_logit_coef', '0.25', '--stage1_use_logit_loss', '1']' returned non-zero exit status 1.
