
[launcher] running:
  /home/vipuser/miniconda3/envs/op/bin/python -m torch.distributed.run --nproc_per_node 1 /root/Predict_v2/run_stage1_dynamic_moe.py --model_path /root/models/Dynamic_MoE --output_dir /mnt/data/models/fv1_winogrande_s44 --dataset winogrande --eval_dataset winogrande --train_split train --eval_split validation --winogrande_config winogrande_xl --block_size 150 --batch_size 22 --grad_accum 1 --epochs 3 --lr 8e-05 --lora_r 16 --lora_alpha 16 --lora_dropout 0.05 --num_proc 16 --load_in_4bit 0 --load_in_8bit 0 --use_bnb_8bit 0 --load_in_fp16 0 --fp16 0 --bf16 0 --train_extra_params_in_fp32 1 --router_use_entmax 0 --router_top_k 2 --router_entmax_alpha 1.7 --router_value_anchor_loss_coef 0.01 --router_anchor_momentum 0.99 --min_lr_ratio 0.1 --router_lr_mult 1.0 --eval_max_samples 400 --router_use_softmax_temperature 1 --router_softmax_temperature 1.1 --train_new_router_params 1 --router_aux_loss_coef 0.01 --init_new_router_from_legacy 1 --eval_every 3000 --seed 44 --stage_split_seed 44 --stage1_epochs 1 --stage1_lr 0.0001 --stage1_grad_accum 1 --stage1_data_ratio 0.5 --stage1_distill_temperature 2.0 --stage1_kl_coef 2.0 --stage1_logit_coef 0.25 --stage1_use_logit_loss 1
[router] anchor-router trunk ignores legacy router settings: router_value_anchor_loss_coef
[load] tokenizer from model_path: /root/models/Dynamic_MoE
[load] distributed=True world_size=1 4bit=False 8bit=False
[train] mixed precision: fp16=False bf16=False
[stage1] loading base model for router distillation
[load] checkpoint loaded with strict=False: missing=96 unexpected=24 dtype=torch.float32
[init] layer 0 expert_weight_proj initialized from legacy router.weight
[init] layer 1 expert_weight_proj initialized from legacy router.weight
[init] layer 2 expert_weight_proj initialized from legacy router.weight
[init] layer 3 expert_weight_proj initialized from legacy router.weight
[init] layer 4 expert_weight_proj initialized from legacy router.weight
[init] layer 5 expert_weight_proj initialized from legacy router.weight
[init] layer 6 expert_weight_proj initialized from legacy router.weight
[init] layer 7 expert_weight_proj initialized from legacy router.weight
[init] layer 8 expert_weight_proj initialized from legacy router.weight
[init] layer 9 expert_weight_proj initialized from legacy router.weight
[init] layer 10 expert_weight_proj initialized from legacy router.weight
[init] layer 11 expert_weight_proj initialized from legacy router.weight
[init] layer 12 expert_weight_proj initialized from legacy router.weight
[init] layer 13 expert_weight_proj initialized from legacy router.weight
[init] layer 14 expert_weight_proj initialized from legacy router.weight
[init] layer 15 expert_weight_proj initialized from legacy router.weight
[init] layer 16 expert_weight_proj initialized from legacy router.weight
[init] layer 17 expert_weight_proj initialized from legacy router.weight
[init] layer 18 expert_weight_proj initialized from legacy router.weight
[init] layer 19 expert_weight_proj initialized from legacy router.weight
[init] layer 20 expert_weight_proj initialized from legacy router.weight
[init] layer 21 expert_weight_proj initialized from legacy router.weight
[init] layer 22 expert_weight_proj initialized from legacy router.weight
[init] layer 23 expert_weight_proj initialized from legacy router.weight
[init] initialized new router modules from legacy dense router for 24 layers
[stage1] trainable cross-attention router params: 125829120
[stage1][data] train=20199 (ratio=0.500, seed=44)
[stage1] epoch=1/1 step=50 loss=0.534862 kl=0.253316 logit=0.112922 t_ent=1.6189 s_ent=1.8429 top1=0.7677 topk=0.7568 cos=0.8449 elapsed=0.6m
[stage1] epoch=1/1 step=100 loss=0.164150 kl=0.077182 logit=0.039144 t_ent=1.5912 s_ent=1.6554 top1=0.8944 topk=0.8632 cos=0.9254 elapsed=1.1m
[stage1] epoch=1/1 step=150 loss=0.054830 kl=0.025382 logit=0.016269 t_ent=1.5809 s_ent=1.6004 top1=0.9412 topk=0.9207 cos=0.9501 elapsed=1.7m
[stage1] epoch=1/1 step=200 loss=0.025754 kl=0.011893 logit=0.007869 t_ent=1.5882 s_ent=1.5952 top1=0.9639 topk=0.9474 cos=0.9585 elapsed=2.3m
[stage1] epoch=1/1 step=250 loss=0.014614 kl=0.006742 logit=0.004522 t_ent=1.5798 s_ent=1.5842 top1=0.9718 topk=0.9610 cos=0.9626 elapsed=2.9m
[stage1] epoch=1/1 step=300 loss=0.009103 kl=0.004222 logit=0.002640 t_ent=1.5853 s_ent=1.5890 top1=0.9786 topk=0.9715 cos=0.9641 elapsed=3.4m
[stage1] epoch=1/1 step=350 loss=0.005538 kl=0.002563 logit=0.001648 t_ent=1.5870 s_ent=1.5886 top1=0.9866 topk=0.9771 cos=0.9652 elapsed=4.0m
[stage1] epoch=1/1 step=400 loss=0.003314 kl=0.001527 logit=0.001036 t_ent=1.5841 s_ent=1.5850 top1=0.9870 topk=0.9823 cos=0.9657 elapsed=4.6m
[stage1] epoch=1/1 step=450 loss=0.002301 kl=0.001064 logit=0.000688 t_ent=1.5866 s_ent=1.5871 top1=0.9904 topk=0.9855 cos=0.9661 elapsed=5.1m
[stage1] epoch=1/1 step=500 loss=0.001472 kl=0.000676 logit=0.000481 t_ent=1.5902 s_ent=1.5906 top1=0.9921 topk=0.9893 cos=0.9664 elapsed=5.7m
[stage1] epoch=1/1 step=550 loss=0.001083 kl=0.000500 logit=0.000328 t_ent=1.5856 s_ent=1.5861 top1=0.9940 topk=0.9909 cos=0.9667 elapsed=6.3m
[stage1] epoch=1/1 step=600 loss=0.000838 kl=0.000388 logit=0.000251 t_ent=1.5822 s_ent=1.5825 top1=0.9946 topk=0.9918 cos=0.9669 elapsed=6.8m
[stage1] epoch=1/1 step=650 loss=0.000620 kl=0.000286 logit=0.000192 t_ent=1.5889 s_ent=1.5891 top1=0.9948 topk=0.9937 cos=0.9664 elapsed=7.4m
[stage1] epoch=1/1 step=700 loss=0.000427 kl=0.000197 logit=0.000135 t_ent=1.5831 s_ent=1.5831 top1=0.9962 topk=0.9940 cos=0.9669 elapsed=8.0m
[stage1] epoch=1/1 step=750 loss=0.000315 kl=0.000145 logit=0.000101 t_ent=1.5815 s_ent=1.5815 top1=0.9967 topk=0.9954 cos=0.9667 elapsed=8.5m
[stage1] epoch=1/1 step=800 loss=0.000263 kl=0.000122 logit=0.000078 t_ent=1.5909 s_ent=1.5910 top1=0.9976 topk=0.9964 cos=0.9665 elapsed=9.1m
[stage1] epoch=1/1 step=850 loss=0.000221 kl=0.000102 logit=0.000066 t_ent=1.5822 s_ent=1.5821 top1=0.9980 topk=0.9962 cos=0.9664 elapsed=9.7m
[stage1] epoch=1/1 step=900 loss=0.000195 kl=0.000091 logit=0.000057 t_ent=1.5848 s_ent=1.5848 top1=0.9977 topk=0.9971 cos=0.9671 elapsed=10.3m
[stage1] saving full checkpoint to /mnt/data/models/fv1_winogrande_s44/ckpt_after_stage1
[2026-05-20 23:24:28,913] [INFO] [real_accelerator.py:203:get_accelerator] Setting ds_accelerator to cuda (auto detect)
[93m [WARNING] [0m async_io requires the dev libaio .so object and headers but these were not found.
[93m [WARNING] [0m async_io: please install the libaio-dev package with apt
[93m [WARNING] [0m If libaio is already installed (perhaps from source), try setting the CFLAGS and LDFLAGS environment variables to where it can be found.
[93m [WARNING] [0m Please specify the CUTLASS repo directory as environment variable $CUTLASS_PATH
[93m [WARNING] [0m sparse_attn requires a torch version >= 1.5 and < 2.0 but detected 2.5
[93m [WARNING] [0m using untested triton version (3.1.0), only 1.0.0 is known to be compatible

[launcher] running:
  /home/vipuser/miniconda3/envs/op/bin/python -m torch.distributed.run --nproc_per_node 1 /root/Predict_v2/run_stage2_dynamic_moe.py --model_path /root/models/Dynamic_MoE --output_dir /mnt/data/models/fv1_winogrande_s44 --dataset winogrande --eval_dataset winogrande --train_split train --eval_split validation --winogrande_config winogrande_xl --block_size 150 --batch_size 22 --grad_accum 1 --epochs 3 --lr 8e-05 --lora_r 16 --lora_alpha 16 --lora_dropout 0.05 --num_proc 16 --load_in_4bit 0 --load_in_8bit 0 --use_bnb_8bit 0 --load_in_fp16 0 --fp16 0 --bf16 0 --train_extra_params_in_fp32 1 --router_use_entmax 0 --router_top_k 2 --router_entmax_alpha 1.7 --router_value_anchor_loss_coef 0.01 --router_anchor_momentum 0.99 --min_lr_ratio 0.1 --router_lr_mult 1.0 --eval_max_samples 400 --router_use_softmax_temperature 1 --router_softmax_temperature 1.1 --train_new_router_params 1 --router_aux_loss_coef 0.01 --init_new_router_from_legacy 1 --eval_every 3000 --seed 44 --stage_split_seed 44 --stage2_include_validation_in_train 0 --stage2_validation_train_ratio 0.05 --stage2_init_path /mnt/data/models/fv1_winogrande_s44/ckpt_after_stage1
[router] anchor-router trunk ignores legacy router settings: router_value_anchor_loss_coef
[load] tokenizer from model_path: /root/models/Dynamic_MoE
[load] distributed=True world_size=1 4bit=False 8bit=False
[train] mixed precision: fp16=False bf16=False
[stage2] loading model from /mnt/data/models/fv1_winogrande_s44/ckpt_after_stage1
[load] checkpoint loaded with strict=False: missing=0 unexpected=0 dtype=torch.float32
[stage2] extra trainable new-router params: 125829120
[stage2] cast selected router params to fp32: 0
[stage2] trainable params: 199753728/3687891968 (5.42%)
trainable params: 199,753,728 || all params: 3,687,891,968 || trainable%: 5.4165
---[stage2][data] no validation data will be included in train---
[stage2][eval] using OpenCompass-style PPL ranking for winogrande
[stage2][data] train=40398 eval=400 block_size=150
[stage2][opt] param groups: other=2496 router=72
[stage2][opt] lrs: other=8.000e-05 router=8.000e-05
[train] epoch=1/3 step=50/5508 loss=2.2058 ce=2.1564 ce_ema=3.4547 pairwise=0.6198 pairwise_acc=0.6364 aux=1.8443 ewp_gn=1.237e-01 budget=0.0000 top_k=2 lr=2.473e-05 elapsed=1.8m
[train] epoch=1/3 step=100/5508 loss=1.6302 ce=1.5788 ce_ema=2.3344 pairwise=0.7401 pairwise_acc=0.5000 aux=1.4349 ewp_gn=6.839e-02 budget=0.0000 top_k=2 lr=4.897e-05 elapsed=3.5m
[train] epoch=1/3 step=150/5508 loss=1.5633 ce=1.5059 ce_ema=1.7872 pairwise=0.8921 pairwise_acc=0.3636 aux=1.2831 ewp_gn=6.555e-02 budget=0.0000 top_k=2 lr=7.321e-05 elapsed=5.3m
[train] epoch=1/3 step=200/5508 loss=1.4260 ce=1.3804 ce_ema=1.5532 pairwise=0.6684 pairwise_acc=0.5000 aux=1.2188 ewp_gn=5.028e-02 budget=0.0000 top_k=2 lr=7.999e-05 elapsed=7.0m
[train] epoch=1/3 step=250/5508 loss=1.3218 ce=1.2770 ce_ema=1.4433 pairwise=0.6654 pairwise_acc=0.5455 aux=1.1532 ewp_gn=4.563e-02 budget=0.0000 top_k=2 lr=7.996e-05 elapsed=8.8m
[train] epoch=1/3 step=300/5508 loss=1.5725 ce=1.5221 ce_ema=1.3870 pairwise=0.7853 pairwise_acc=0.5000 aux=1.1191 ewp_gn=6.811e-02 budget=0.0000 top_k=2 lr=7.989e-05 elapsed=10.5m
[train] epoch=1/3 step=350/5508 loss=1.3489 ce=1.2983 ce_ema=1.3593 pairwise=0.7935 pairwise_acc=0.3182 aux=1.0950 ewp_gn=4.167e-02 budget=0.0000 top_k=2 lr=7.979e-05 elapsed=12.3m
[train] epoch=1/3 step=400/5508 loss=1.3795 ce=1.3330 ce_ema=1.3345 pairwise=0.7147 pairwise_acc=0.4545 aux=1.0783 ewp_gn=5.045e-02 budget=0.0000 top_k=2 lr=7.966e-05 elapsed=14.0m
[train] epoch=1/3 step=450/5508 loss=1.2921 ce=1.2455 ce_ema=1.3161 pairwise=0.7153 pairwise_acc=0.5000 aux=1.0829 ewp_gn=3.711e-02 budget=0.0000 top_k=2 lr=7.950e-05 elapsed=15.7m
[train] epoch=1/3 step=500/5508 loss=1.3005 ce=1.2531 ce_ema=1.3029 pairwise=0.7364 pairwise_acc=0.5909 aux=1.0624 ewp_gn=4.077e-02 budget=0.0000 top_k=2 lr=7.930e-05 elapsed=17.4m
[train] epoch=1/3 step=550/5508 loss=1.3489 ce=1.3009 ce_ema=1.2954 pairwise=0.7459 pairwise_acc=0.3636 aux=1.0745 ewp_gn=4.142e-02 budget=0.0000 top_k=2 lr=7.908e-05 elapsed=19.2m
[train] epoch=1/3 step=600/5508 loss=1.2994 ce=1.2521 ce_ema=1.2932 pairwise=0.7326 pairwise_acc=0.5455 aux=1.0664 ewp_gn=4.469e-02 budget=0.0000 top_k=2 lr=7.883e-05 elapsed=20.9m
[train] epoch=1/3 step=650/5508 loss=1.3686 ce=1.3228 ce_ema=1.2806 pairwise=0.7053 pairwise_acc=0.3636 aux=1.0509 ewp_gn=4.303e-02 budget=0.0000 top_k=2 lr=7.855e-05 elapsed=22.6m
[train] epoch=1/3 step=700/5508 loss=1.4334 ce=1.3854 ce_ema=1.2748 pairwise=0.7469 pairwise_acc=0.5455 aux=1.0603 ewp_gn=4.799e-02 budget=0.0000 top_k=2 lr=7.823e-05 elapsed=24.3m
[train] epoch=1/3 step=750/5508 loss=1.3213 ce=1.2716 ce_ema=1.2690 pairwise=0.7845 pairwise_acc=0.5000 aux=1.0471 ewp_gn=4.178e-02 budget=0.0000 top_k=2 lr=7.789e-05 elapsed=26.1m
[train] epoch=1/3 step=800/5508 loss=1.3909 ce=1.3435 ce_ema=1.2714 pairwise=0.7385 pairwise_acc=0.4545 aux=1.0487 ewp_gn=4.675e-02 budget=0.0000 top_k=2 lr=7.752e-05 elapsed=27.8m
[train] epoch=1/3 step=850/5508 loss=1.3896 ce=1.3457 ce_ema=1.2672 pairwise=0.6694 pairwise_acc=0.5455 aux=1.0431 ewp_gn=4.558e-02 budget=0.0000 top_k=2 lr=7.712e-05 elapsed=29.5m
[train] epoch=1/3 step=900/5508 loss=1.3091 ce=1.2627 ce_ema=1.2602 pairwise=0.7173 pairwise_acc=0.4091 aux=1.0483 ewp_gn=4.070e-02 budget=0.0000 top_k=2 lr=7.669e-05 elapsed=31.2m
[train] epoch=1/3 step=950/5508 loss=1.4130 ce=1.3631 ce_ema=1.2670 pairwise=0.7875 pairwise_acc=0.4545 aux=1.0457 ewp_gn=4.637e-02 budget=0.0000 top_k=2 lr=7.623e-05 elapsed=32.9m
[train] epoch=1/3 step=1000/5508 loss=1.2677 ce=1.2224 ce_ema=1.2536 pairwise=0.6986 pairwise_acc=0.4545 aux=1.0331 ewp_gn=4.210e-02 budget=0.0000 top_k=2 lr=7.575e-05 elapsed=34.6m
[train] epoch=1/3 step=1050/5508 loss=1.2389 ce=1.1958 ce_ema=1.2467 pairwise=0.6521 pairwise_acc=0.4545 aux=1.0560 ewp_gn=4.557e-02 budget=0.0000 top_k=2 lr=7.523e-05 elapsed=36.4m
[train] epoch=1/3 step=1100/5508 loss=1.2512 ce=1.2077 ce_ema=1.2467 pairwise=0.6622 pairwise_acc=0.5909 aux=1.0376 ewp_gn=4.227e-02 budget=0.0000 top_k=2 lr=7.470e-05 elapsed=38.1m
[train] epoch=1/3 step=1150/5508 loss=1.3026 ce=1.2547 ce_ema=1.2444 pairwise=0.7485 pairwise_acc=0.4091 aux=1.0384 ewp_gn=3.961e-02 budget=0.0000 top_k=2 lr=7.413e-05 elapsed=39.8m
[train] epoch=1/3 step=1200/5508 loss=1.2481 ce=1.2033 ce_ema=1.2445 pairwise=0.6851 pairwise_acc=0.4091 aux=1.0480 ewp_gn=4.113e-02 budget=0.0000 top_k=2 lr=7.354e-05 elapsed=41.5m
[train] epoch=1/3 step=1250/5508 loss=1.3021 ce=1.2552 ce_ema=1.2453 pairwise=0.7313 pairwise_acc=0.5909 aux=1.0321 ewp_gn=3.727e-02 budget=0.0000 top_k=2 lr=7.292e-05 elapsed=43.2m
[train] epoch=1/3 step=1300/5508 loss=1.3139 ce=1.2655 ce_ema=1.2537 pairwise=0.7578 pairwise_acc=0.4091 aux=1.0460 ewp_gn=3.691e-02 budget=0.0000 top_k=2 lr=7.228e-05 elapsed=44.9m
[train] epoch=1/3 step=1350/5508 loss=1.2275 ce=1.1787 ce_ema=1.2517 pairwise=0.7663 pairwise_acc=0.3636 aux=1.0503 ewp_gn=4.926e-02 budget=0.0000 top_k=2 lr=7.161e-05 elapsed=46.7m
[train] epoch=1/3 step=1400/5508 loss=1.1749 ce=1.1303 ce_ema=1.2323 pairwise=0.6846 pairwise_acc=0.5455 aux=1.0349 ewp_gn=3.618e-02 budget=0.0000 top_k=2 lr=7.092e-05 elapsed=48.4m
[train] epoch=1/3 step=1450/5508 loss=1.1886 ce=1.1420 ce_ema=1.2338 pairwise=0.7232 pairwise_acc=0.4091 aux=1.0452 ewp_gn=3.792e-02 budget=0.0000 top_k=2 lr=7.020e-05 elapsed=50.1m
[train] epoch=1/3 step=1500/5508 loss=1.3521 ce=1.3062 ce_ema=1.2249 pairwise=0.7091 pairwise_acc=0.4091 aux=1.0458 ewp_gn=4.350e-02 budget=0.0000 top_k=2 lr=6.947e-05 elapsed=51.8m
[train] epoch=1/3 step=1550/5508 loss=1.2995 ce=1.2504 ce_ema=1.2213 pairwise=0.7754 pairwise_acc=0.3182 aux=1.0358 ewp_gn=4.545e-02 budget=0.0000 top_k=2 lr=6.871e-05 elapsed=53.5m
[train] epoch=1/3 step=1600/5508 loss=1.2315 ce=1.1828 ce_ema=1.2187 pairwise=0.7690 pairwise_acc=0.3636 aux=1.0272 ewp_gn=3.973e-02 budget=0.0000 top_k=2 lr=6.793e-05 elapsed=55.2m
[train] epoch=1/3 step=1650/5508 loss=1.2472 ce=1.1994 ce_ema=1.2139 pairwise=0.7502 pairwise_acc=0.3636 aux=1.0363 ewp_gn=3.919e-02 budget=0.0000 top_k=2 lr=6.713e-05 elapsed=57.0m
[train] epoch=1/3 step=1700/5508 loss=1.1973 ce=1.1510 ce_ema=1.2175 pairwise=0.7197 pairwise_acc=0.5000 aux=1.0306 ewp_gn=3.751e-02 budget=0.0000 top_k=2 lr=6.631e-05 elapsed=58.7m
[train] epoch=1/3 step=1750/5508 loss=1.2066 ce=1.1575 ce_ema=1.2069 pairwise=0.7747 pairwise_acc=0.2727 aux=1.0426 ewp_gn=3.697e-02 budget=0.0000 top_k=2 lr=6.547e-05 elapsed=60.4m
[train] epoch=1/3 step=1800/5508 loss=1.2298 ce=1.1825 ce_ema=1.2107 pairwise=0.7369 pairwise_acc=0.3182 aux=1.0388 ewp_gn=4.083e-02 budget=0.0000 top_k=2 lr=6.461e-05 elapsed=62.1m
[train] epoch=2/3 step=1850/5508 loss=1.1976 ce=1.1510 ce_ema=1.1926 pairwise=0.7187 pairwise_acc=0.4091 aux=1.0652 ewp_gn=4.612e-02 budget=0.0000 top_k=2 lr=6.373e-05 elapsed=63.8m
[train] epoch=2/3 step=1900/5508 loss=1.2482 ce=1.2043 ce_ema=1.1606 pairwise=0.6730 pairwise_acc=0.4545 aux=1.0248 ewp_gn=4.875e-02 budget=0.0000 top_k=2 lr=6.284e-05 elapsed=65.6m
[train] epoch=2/3 step=1950/5508 loss=1.1368 ce=1.0911 ce_ema=1.1527 pairwise=0.7096 pairwise_acc=0.5000 aux=1.0293 ewp_gn=3.671e-02 budget=0.0000 top_k=2 lr=6.193e-05 elapsed=67.3m
[train] epoch=2/3 step=2000/5508 loss=1.1771 ce=1.1315 ce_ema=1.1384 pairwise=0.7057 pairwise_acc=0.5455 aux=1.0328 ewp_gn=4.149e-02 budget=0.0000 top_k=2 lr=6.100e-05 elapsed=69.0m
[train] epoch=2/3 step=2050/5508 loss=1.1844 ce=1.1400 ce_ema=1.1406 pairwise=0.6826 pairwise_acc=0.5455 aux=1.0301 ewp_gn=4.642e-02 budget=0.0000 top_k=2 lr=6.006e-05 elapsed=70.7m
[train] epoch=2/3 step=2100/5508 loss=1.2060 ce=1.1630 ce_ema=1.1452 pairwise=0.6534 pairwise_acc=0.5909 aux=1.0346 ewp_gn=4.800e-02 budget=0.0000 top_k=2 lr=5.911e-05 elapsed=72.4m
[train] epoch=2/3 step=2150/5508 loss=1.1426 ce=1.0979 ce_ema=1.1367 pairwise=0.6860 pairwise_acc=0.5000 aux=1.0361 ewp_gn=6.551e-02 budget=0.0000 top_k=2 lr=5.814e-05 elapsed=74.1m
[train] epoch=2/3 step=2200/5508 loss=1.1958 ce=1.1493 ce_ema=1.1412 pairwise=0.7220 pairwise_acc=0.5455 aux=1.0348 ewp_gn=4.798e-02 budget=0.0000 top_k=2 lr=5.716e-05 elapsed=75.9m
[train] epoch=2/3 step=2250/5508 loss=1.1465 ce=1.1044 ce_ema=1.1326 pairwise=0.6356 pairwise_acc=0.7273 aux=1.0295 ewp_gn=4.302e-02 budget=0.0000 top_k=2 lr=5.617e-05 elapsed=77.6m
[train] epoch=2/3 step=2300/5508 loss=1.2046 ce=1.1627 ce_ema=1.1373 pairwise=0.6318 pairwise_acc=0.7273 aux=1.0345 ewp_gn=4.165e-02 budget=0.0000 top_k=2 lr=5.517e-05 elapsed=79.3m
[train] epoch=2/3 step=2350/5508 loss=1.1977 ce=1.1532 ce_ema=1.1360 pairwise=0.6843 pairwise_acc=0.5000 aux=1.0278 ewp_gn=4.660e-02 budget=0.0000 top_k=2 lr=5.416e-05 elapsed=81.0m
[train] epoch=2/3 step=2400/5508 loss=1.2184 ce=1.1709 ce_ema=1.1381 pairwise=0.7404 pairwise_acc=0.4091 aux=1.0488 ewp_gn=4.860e-02 budget=0.0000 top_k=2 lr=5.314e-05 elapsed=82.7m
[train] epoch=2/3 step=2450/5508 loss=1.2600 ce=1.2128 ce_ema=1.1249 pairwise=0.7382 pairwise_acc=0.5000 aux=1.0337 ewp_gn=5.516e-02 budget=0.0000 top_k=2 lr=5.211e-05 elapsed=84.4m
[train] epoch=2/3 step=2500/5508 loss=1.1935 ce=1.1461 ce_ema=1.1274 pairwise=0.7423 pairwise_acc=0.3182 aux=1.0324 ewp_gn=5.209e-02 budget=0.0000 top_k=2 lr=5.108e-05 elapsed=86.2m
[train] epoch=2/3 step=2550/5508 loss=1.1794 ce=1.1347 ce_ema=1.1341 pairwise=0.6887 pairwise_acc=0.5000 aux=1.0340 ewp_gn=4.185e-02 budget=0.0000 top_k=2 lr=5.004e-05 elapsed=87.9m
[train] epoch=2/3 step=2600/5508 loss=1.1386 ce=1.0938 ce_ema=1.1280 pairwise=0.6921 pairwise_acc=0.6364 aux=1.0210 ewp_gn=5.000e-02 budget=0.0000 top_k=2 lr=4.899e-05 elapsed=89.6m
[train] epoch=2/3 step=2650/5508 loss=1.1189 ce=1.0732 ce_ema=1.1184 pairwise=0.7100 pairwise_acc=0.5000 aux=1.0229 ewp_gn=4.697e-02 budget=0.0000 top_k=2 lr=4.794e-05 elapsed=91.3m
[train] epoch=2/3 step=2700/5508 loss=1.1216 ce=1.0747 ce_ema=1.1164 pairwise=0.7313 pairwise_acc=0.5000 aux=1.0257 ewp_gn=5.026e-02 budget=0.0000 top_k=2 lr=4.689e-05 elapsed=93.0m
[train] epoch=2/3 step=2750/5508 loss=1.1428 ce=1.0979 ce_ema=1.1241 pairwise=0.6929 pairwise_acc=0.6364 aux=1.0234 ewp_gn=4.623e-02 budget=0.0000 top_k=2 lr=4.583e-05 elapsed=94.7m
[train] epoch=2/3 step=2800/5508 loss=1.1913 ce=1.1422 ce_ema=1.1192 pairwise=0.7785 pairwise_acc=0.3636 aux=1.0234 ewp_gn=4.371e-02 budget=0.0000 top_k=2 lr=4.477e-05 elapsed=96.5m
[train] epoch=2/3 step=2850/5508 loss=1.1682 ce=1.1249 ce_ema=1.1140 pairwise=0.6613 pairwise_acc=0.6364 aux=1.0169 ewp_gn=4.793e-02 budget=0.0000 top_k=2 lr=4.371e-05 elapsed=98.2m
[train] epoch=2/3 step=2900/5508 loss=1.1528 ce=1.1082 ce_ema=1.1086 pairwise=0.6883 pairwise_acc=0.5000 aux=1.0241 ewp_gn=4.660e-02 budget=0.0000 top_k=2 lr=4.266e-05 elapsed=99.9m
[train] epoch=2/3 step=2950/5508 loss=1.1669 ce=1.1229 ce_ema=1.1078 pairwise=0.6750 pairwise_acc=0.5455 aux=1.0302 ewp_gn=4.652e-02 budget=0.0000 top_k=2 lr=4.160e-05 elapsed=101.6m
[train] epoch=2/3 step=3000/5508 loss=1.0457 ce=1.0016 ce_ema=1.1051 pairwise=0.6793 pairwise_acc=0.6818 aux=1.0201 ewp_gn=4.391e-02 budget=0.0000 top_k=2 lr=4.054e-05 elapsed=103.6m
[eval] step=3000 eval_pairwise_acc=0.517500
[train] epoch=2/3 step=3050/5508 loss=1.1108 ce=1.0639 ce_ema=1.1135 pairwise=0.7328 pairwise_acc=0.3636 aux=1.0243 ewp_gn=5.219e-02 budget=0.0000 top_k=2 lr=3.949e-05 elapsed=105.3m
[train] epoch=2/3 step=3100/5508 loss=1.1938 ce=1.1469 ce_ema=1.1077 pairwise=0.7343 pairwise_acc=0.3636 aux=1.0233 ewp_gn=4.443e-02 budget=0.0000 top_k=2 lr=3.844e-05 elapsed=107.0m
[train] epoch=2/3 step=3150/5508 loss=1.2265 ce=1.1803 ce_ema=1.1087 pairwise=0.7173 pairwise_acc=0.5000 aux=1.0262 ewp_gn=5.146e-02 budget=0.0000 top_k=2 lr=3.740e-05 elapsed=108.7m
[train] epoch=2/3 step=3200/5508 loss=1.1573 ce=1.1103 ce_ema=1.1069 pairwise=0.7335 pairwise_acc=0.3636 aux=1.0317 ewp_gn=4.500e-02 budget=0.0000 top_k=2 lr=3.636e-05 elapsed=110.5m
[train] epoch=2/3 step=3250/5508 loss=1.2421 ce=1.1971 ce_ema=1.0984 pairwise=0.6950 pairwise_acc=0.4545 aux=1.0270 ewp_gn=4.971e-02 budget=0.0000 top_k=2 lr=3.533e-05 elapsed=112.2m
[train] epoch=2/3 step=3300/5508 loss=1.0907 ce=1.0474 ce_ema=1.0984 pairwise=0.6616 pairwise_acc=0.5909 aux=1.0212 ewp_gn=4.513e-02 budget=0.0000 top_k=2 lr=3.431e-05 elapsed=113.9m
[train] epoch=2/3 step=3350/5508 loss=1.0883 ce=1.0433 ce_ema=1.0935 pairwise=0.6963 pairwise_acc=0.5000 aux=1.0157 ewp_gn=5.110e-02 budget=0.0000 top_k=2 lr=3.329e-05 elapsed=115.6m
[train] epoch=2/3 step=3400/5508 loss=1.1601 ce=1.1135 ce_ema=1.0961 pairwise=0.7282 pairwise_acc=0.5000 aux=1.0195 ewp_gn=5.234e-02 budget=0.0000 top_k=2 lr=3.229e-05 elapsed=117.3m
[train] epoch=2/3 step=3450/5508 loss=1.1732 ce=1.1257 ce_ema=1.0938 pairwise=0.7452 pairwise_acc=0.3636 aux=1.0227 ewp_gn=4.630e-02 budget=0.0000 top_k=2 lr=3.129e-05 elapsed=119.0m
[train] epoch=2/3 step=3500/5508 loss=1.1958 ce=1.1520 ce_ema=1.0839 pairwise=0.6743 pairwise_acc=0.7273 aux=1.0172 ewp_gn=4.665e-02 budget=0.0000 top_k=2 lr=3.031e-05 elapsed=120.8m
[train] epoch=2/3 step=3550/5508 loss=1.1785 ce=1.1293 ce_ema=1.0880 pairwise=0.7791 pairwise_acc=0.3182 aux=1.0197 ewp_gn=5.226e-02 budget=0.0000 top_k=2 lr=2.934e-05 elapsed=122.5m
[train] epoch=2/3 step=3600/5508 loss=1.1272 ce=1.0841 ce_ema=1.0894 pairwise=0.6590 pairwise_acc=0.4545 aux=1.0176 ewp_gn=4.973e-02 budget=0.0000 top_k=2 lr=2.838e-05 elapsed=124.2m
[train] epoch=2/3 step=3650/5508 loss=1.0825 ce=1.0325 ce_ema=1.0896 pairwise=0.7973 pairwise_acc=0.4091 aux=1.0115 ewp_gn=5.159e-02 budget=0.0000 top_k=2 lr=2.743e-05 elapsed=125.9m
[train] epoch=3/3 step=3700/5508 loss=1.0691 ce=1.0265 ce_ema=1.0495 pairwise=0.6497 pairwise_acc=0.5455 aux=1.0107 ewp_gn=5.140e-02 budget=0.0000 top_k=2 lr=2.650e-05 elapsed=127.6m
[train] epoch=3/3 step=3750/5508 loss=1.0524 ce=1.0079 ce_ema=1.0237 pairwise=0.6887 pairwise_acc=0.6364 aux=1.0152 ewp_gn=5.374e-02 budget=0.0000 top_k=2 lr=2.558e-05 elapsed=129.4m
[train] epoch=3/3 step=3800/5508 loss=1.1089 ce=1.0599 ce_ema=0.9993 pairwise=0.7761 pairwise_acc=0.3182 aux=1.0127 ewp_gn=5.710e-02 budget=0.0000 top_k=2 lr=2.468e-05 elapsed=131.1m
[train] epoch=3/3 step=3850/5508 loss=1.0239 ce=0.9819 ce_ema=0.9992 pairwise=0.6391 pairwise_acc=0.4545 aux=1.0125 ewp_gn=6.689e-02 budget=0.0000 top_k=2 lr=2.379e-05 elapsed=132.8m
[train] epoch=3/3 step=3900/5508 loss=1.0309 ce=0.9888 ce_ema=0.9939 pairwise=0.6387 pairwise_acc=0.6818 aux=1.0162 ewp_gn=4.876e-02 budget=0.0000 top_k=2 lr=2.293e-05 elapsed=134.5m
[train] epoch=3/3 step=3950/5508 loss=1.0092 ce=0.9663 ce_ema=0.9965 pairwise=0.6549 pairwise_acc=0.5909 aux=1.0166 ewp_gn=5.397e-02 budget=0.0000 top_k=2 lr=2.208e-05 elapsed=136.3m
[train] epoch=3/3 step=4000/5508 loss=1.0805 ce=1.0364 ce_ema=1.0087 pairwise=0.6806 pairwise_acc=0.5000 aux=1.0125 ewp_gn=5.413e-02 budget=0.0000 top_k=2 lr=2.125e-05 elapsed=138.0m
[train] epoch=3/3 step=4050/5508 loss=1.0250 ce=0.9845 ce_ema=1.0058 pairwise=0.6073 pairwise_acc=0.6364 aux=1.0145 ewp_gn=5.033e-02 budget=0.0000 top_k=2 lr=2.044e-05 elapsed=139.7m
[train] epoch=3/3 step=4100/5508 loss=1.0146 ce=0.9730 ce_ema=1.0013 pairwise=0.6293 pairwise_acc=0.5455 aux=1.0134 ewp_gn=5.248e-02 budget=0.0000 top_k=2 lr=1.965e-05 elapsed=141.4m
[train] epoch=3/3 step=4150/5508 loss=0.9952 ce=0.9530 ce_ema=0.9957 pairwise=0.6404 pairwise_acc=0.6364 aux=1.0154 ewp_gn=5.239e-02 budget=0.0000 top_k=2 lr=1.888e-05 elapsed=143.1m
[train] epoch=3/3 step=4200/5508 loss=1.0452 ce=1.0016 ce_ema=0.9955 pairwise=0.6706 pairwise_acc=0.5000 aux=1.0138 ewp_gn=5.403e-02 budget=0.0000 top_k=2 lr=1.813e-05 elapsed=144.9m
[train] epoch=3/3 step=4250/5508 loss=1.0385 ce=0.9933 ce_ema=0.9971 pairwise=0.7023 pairwise_acc=0.5000 aux=1.0118 ewp_gn=5.764e-02 budget=0.0000 top_k=2 lr=1.741e-05 elapsed=146.6m
[train] epoch=3/3 step=4300/5508 loss=1.0094 ce=0.9652 ce_ema=0.9811 pairwise=0.6815 pairwise_acc=0.5455 aux=1.0114 ewp_gn=5.459e-02 budget=0.0000 top_k=2 lr=1.671e-05 elapsed=148.3m
[train] epoch=3/3 step=4350/5508 loss=1.1770 ce=1.1306 ce_ema=0.9902 pairwise=0.7258 pairwise_acc=0.4545 aux=1.0102 ewp_gn=6.553e-02 budget=0.0000 top_k=2 lr=1.603e-05 elapsed=150.1m
[train] epoch=3/3 step=4400/5508 loss=1.0033 ce=0.9623 ce_ema=0.9871 pairwise=0.6172 pairwise_acc=0.6364 aux=1.0115 ewp_gn=5.432e-02 budget=0.0000 top_k=2 lr=1.537e-05 elapsed=151.8m
[train] epoch=3/3 step=4450/5508 loss=1.0491 ce=1.0058 ce_ema=0.9859 pairwise=0.6623 pairwise_acc=0.5455 aux=1.0109 ewp_gn=5.792e-02 budget=0.0000 top_k=2 lr=1.474e-05 elapsed=153.5m
[train] epoch=3/3 step=4500/5508 loss=0.9634 ce=0.9236 ce_ema=0.9915 pairwise=0.5921 pairwise_acc=0.6818 aux=1.0105 ewp_gn=5.350e-02 budget=0.0000 top_k=2 lr=1.414e-05 elapsed=155.2m
[train] epoch=3/3 step=4550/5508 loss=0.9917 ce=0.9443 ce_ema=0.9942 pairwise=0.7468 pairwise_acc=0.3182 aux=1.0090 ewp_gn=4.610e-02 budget=0.0000 top_k=2 lr=1.356e-05 elapsed=157.0m
[train] epoch=3/3 step=4600/5508 loss=1.0429 ce=1.0037 ce_ema=0.9871 pairwise=0.5818 pairwise_acc=0.7273 aux=1.0120 ewp_gn=5.530e-02 budget=0.0000 top_k=2 lr=1.301e-05 elapsed=158.7m
[train] epoch=3/3 step=4650/5508 loss=0.9642 ce=0.9217 ce_ema=0.9859 pairwise=0.6469 pairwise_acc=0.5000 aux=1.0130 ewp_gn=5.662e-02 budget=0.0000 top_k=2 lr=1.248e-05 elapsed=160.4m
[train] epoch=3/3 step=4700/5508 loss=0.9874 ce=0.9483 ce_ema=0.9828 pairwise=0.5792 pairwise_acc=0.7727 aux=1.0099 ewp_gn=5.289e-02 budget=0.0000 top_k=2 lr=1.199e-05 elapsed=162.1m
[train] epoch=3/3 step=4750/5508 loss=0.9968 ce=0.9530 ce_ema=0.9800 pairwise=0.6751 pairwise_acc=0.5455 aux=1.0074 ewp_gn=5.760e-02 budget=0.0000 top_k=2 lr=1.152e-05 elapsed=163.9m
[train] epoch=3/3 step=4800/5508 loss=0.9363 ce=0.8923 ce_ema=0.9770 pairwise=0.6777 pairwise_acc=0.5455 aux=1.0085 ewp_gn=5.290e-02 budget=0.0000 top_k=2 lr=1.107e-05 elapsed=165.6m
[train] epoch=3/3 step=4850/5508 loss=1.0453 ce=1.0025 ce_ema=0.9809 pairwise=0.6534 pairwise_acc=0.6818 aux=1.0095 ewp_gn=5.741e-02 budget=0.0000 top_k=2 lr=1.066e-05 elapsed=167.3m
[train] epoch=3/3 step=4900/5508 loss=1.0708 ce=1.0291 ce_ema=0.9866 pairwise=0.6320 pairwise_acc=0.5000 aux=1.0065 ewp_gn=5.891e-02 budget=0.0000 top_k=2 lr=1.028e-05 elapsed=169.1m
[train] epoch=3/3 step=4950/5508 loss=1.0253 ce=0.9825 ce_ema=0.9900 pairwise=0.6541 pairwise_acc=0.5455 aux=1.0117 ewp_gn=5.550e-02 budget=0.0000 top_k=2 lr=9.920e-06 elapsed=170.8m
[train] epoch=3/3 step=5000/5508 loss=1.1016 ce=1.0551 ce_ema=0.9871 pairwise=0.7273 pairwise_acc=0.4545 aux=1.0142 ewp_gn=6.869e-02 budget=0.0000 top_k=2 lr=9.594e-06 elapsed=172.5m
[train] epoch=3/3 step=5050/5508 loss=1.0062 ce=0.9622 ce_ema=0.9794 pairwise=0.6774 pairwise_acc=0.4545 aux=1.0085 ewp_gn=5.323e-02 budget=0.0000 top_k=2 lr=9.297e-06 elapsed=174.2m
[train] epoch=3/3 step=5100/5508 loss=1.0125 ce=0.9680 ce_ema=0.9838 pairwise=0.6862 pairwise_acc=0.5000 aux=1.0143 ewp_gn=5.674e-02 budget=0.0000 top_k=2 lr=9.031e-06 elapsed=176.0m
[train] epoch=3/3 step=5150/5508 loss=1.0151 ce=0.9739 ce_ema=0.9803 pairwise=0.6215 pairwise_acc=0.5455 aux=1.0107 ewp_gn=5.857e-02 budget=0.0000 top_k=2 lr=8.795e-06 elapsed=177.7m
[train] epoch=3/3 step=5200/5508 loss=0.9735 ce=0.9316 ce_ema=0.9784 pairwise=0.6375 pairwise_acc=0.4545 aux=1.0098 ewp_gn=6.025e-02 budget=0.0000 top_k=2 lr=8.589e-06 elapsed=179.4m
[train] epoch=3/3 step=5250/5508 loss=1.0350 ce=0.9903 ce_ema=0.9774 pairwise=0.6922 pairwise_acc=0.5000 aux=1.0080 ewp_gn=5.517e-02 budget=0.0000 top_k=2 lr=8.413e-06 elapsed=181.2m
[train] epoch=3/3 step=5300/5508 loss=1.0898 ce=1.0472 ce_ema=0.9707 pairwise=0.6507 pairwise_acc=0.5455 aux=1.0072 ewp_gn=5.911e-02 budget=0.0000 top_k=2 lr=8.269e-06 elapsed=182.9m
[train] epoch=3/3 step=5350/5508 loss=1.0557 ce=1.0132 ce_ema=0.9763 pairwise=0.6475 pairwise_acc=0.5909 aux=1.0100 ewp_gn=6.248e-02 budget=0.0000 top_k=2 lr=8.155e-06 elapsed=184.6m
[train] epoch=3/3 step=5400/5508 loss=0.9330 ce=0.8930 ce_ema=0.9729 pairwise=0.5985 pairwise_acc=0.7727 aux=1.0064 ewp_gn=5.617e-02 budget=0.0000 top_k=2 lr=8.073e-06 elapsed=186.3m
[train] epoch=3/3 step=5450/5508 loss=1.0068 ce=0.9633 ce_ema=0.9809 pairwise=0.6691 pairwise_acc=0.5909 aux=1.0064 ewp_gn=6.577e-02 budget=0.0000 top_k=2 lr=8.021e-06 elapsed=188.0m
[train] epoch=3/3 step=5500/5508 loss=1.0633 ce=1.0189 ce_ema=0.9772 pairwise=0.6869 pairwise_acc=0.5000 aux=1.0060 ewp_gn=6.593e-02 budget=0.0000 top_k=2 lr=8.000e-06 elapsed=189.8m
[save] moving merged model to cpu before export
[save] merged + fp32 full model -> /mnt/data/models/fv1_winogrande_s44
[save] final router top_k -> 2
[2026-05-21 02:36:00,779] [INFO] [real_accelerator.py:203:get_accelerator] Setting ds_accelerator to cuda (auto detect)
[93m [WARNING] [0m async_io requires the dev libaio .so object and headers but these were not found.
[93m [WARNING] [0m async_io: please install the libaio-dev package with apt
[93m [WARNING] [0m If libaio is already installed (perhaps from source), try setting the CFLAGS and LDFLAGS environment variables to where it can be found.
[93m [WARNING] [0m Please specify the CUTLASS repo directory as environment variable $CUTLASS_PATH
[93m [WARNING] [0m sparse_attn requires a torch version >= 1.5 and < 2.0 but detected 2.5
[93m [WARNING] [0m using untested triton version (3.1.0), only 1.0.0 is known to be compatible

[launcher] done.
