
[launcher] running:
  /home/vipuser/miniconda3/envs/op/bin/python -m torch.distributed.run --nproc_per_node 1 /root/Predict_v2/run_stage1_dynamic_moe.py --model_path /root/models/Dynamic_MoE --output_dir /mnt/data/models/fv1_winogrande_s43 --dataset winogrande --eval_dataset winogrande --train_split train --eval_split validation --winogrande_config winogrande_xl --block_size 150 --batch_size 22 --grad_accum 1 --epochs 3 --lr 8e-05 --lora_r 16 --lora_alpha 16 --lora_dropout 0.05 --num_proc 16 --load_in_4bit 0 --load_in_8bit 0 --use_bnb_8bit 0 --load_in_fp16 0 --fp16 0 --bf16 0 --train_extra_params_in_fp32 1 --router_use_entmax 0 --router_top_k 2 --router_entmax_alpha 1.7 --router_value_anchor_loss_coef 0.01 --router_anchor_momentum 0.99 --min_lr_ratio 0.1 --router_lr_mult 1.0 --eval_max_samples 400 --router_use_softmax_temperature 1 --router_softmax_temperature 1.1 --train_new_router_params 1 --router_aux_loss_coef 0.01 --init_new_router_from_legacy 1 --eval_every 3000 --seed 43 --stage_split_seed 43 --stage1_epochs 1 --stage1_lr 0.0001 --stage1_grad_accum 1 --stage1_data_ratio 0.5 --stage1_distill_temperature 2.0 --stage1_kl_coef 2.0 --stage1_logit_coef 0.25 --stage1_use_logit_loss 1
[router] anchor-router trunk ignores legacy router settings: router_value_anchor_loss_coef
[load] tokenizer from model_path: /root/models/Dynamic_MoE
[load] distributed=True world_size=1 4bit=False 8bit=False
[train] mixed precision: fp16=False bf16=False
[stage1] loading base model for router distillation
[load] checkpoint loaded with strict=False: missing=96 unexpected=24 dtype=torch.float32
[init] layer 0 expert_weight_proj initialized from legacy router.weight
[init] layer 1 expert_weight_proj initialized from legacy router.weight
[init] layer 2 expert_weight_proj initialized from legacy router.weight
[init] layer 3 expert_weight_proj initialized from legacy router.weight
[init] layer 4 expert_weight_proj initialized from legacy router.weight
[init] layer 5 expert_weight_proj initialized from legacy router.weight
[init] layer 6 expert_weight_proj initialized from legacy router.weight
[init] layer 7 expert_weight_proj initialized from legacy router.weight
[init] layer 8 expert_weight_proj initialized from legacy router.weight
[init] layer 9 expert_weight_proj initialized from legacy router.weight
[init] layer 10 expert_weight_proj initialized from legacy router.weight
[init] layer 11 expert_weight_proj initialized from legacy router.weight
[init] layer 12 expert_weight_proj initialized from legacy router.weight
[init] layer 13 expert_weight_proj initialized from legacy router.weight
[init] layer 14 expert_weight_proj initialized from legacy router.weight
[init] layer 15 expert_weight_proj initialized from legacy router.weight
[init] layer 16 expert_weight_proj initialized from legacy router.weight
[init] layer 17 expert_weight_proj initialized from legacy router.weight
[init] layer 18 expert_weight_proj initialized from legacy router.weight
[init] layer 19 expert_weight_proj initialized from legacy router.weight
[init] layer 20 expert_weight_proj initialized from legacy router.weight
[init] layer 21 expert_weight_proj initialized from legacy router.weight
[init] layer 22 expert_weight_proj initialized from legacy router.weight
[init] layer 23 expert_weight_proj initialized from legacy router.weight
[init] initialized new router modules from legacy dense router for 24 layers
[stage1] trainable cross-attention router params: 125829120
[stage1][data] train=20199 (ratio=0.500, seed=43)
[stage1] epoch=1/1 step=50 loss=0.525510 kl=0.248762 logit=0.111941 t_ent=1.6205 s_ent=1.8294 top1=0.7598 topk=0.7568 cos=0.8458 elapsed=0.6m
[stage1] epoch=1/1 step=100 loss=0.153800 kl=0.072101 logit=0.038390 t_ent=1.5930 s_ent=1.6532 top1=0.8965 topk=0.8656 cos=0.9263 elapsed=1.2m
[stage1] epoch=1/1 step=150 loss=0.059571 kl=0.027627 logit=0.017265 t_ent=1.5831 s_ent=1.6041 top1=0.9386 topk=0.9168 cos=0.9488 elapsed=1.7m
[stage1] epoch=1/1 step=200 loss=0.029105 kl=0.013495 logit=0.008459 t_ent=1.5839 s_ent=1.5938 top1=0.9600 topk=0.9439 cos=0.9576 elapsed=2.3m
[stage1] epoch=1/1 step=250 loss=0.013412 kl=0.006172 logit=0.004271 t_ent=1.5859 s_ent=1.5885 top1=0.9732 topk=0.9609 cos=0.9621 elapsed=2.9m
[stage1] epoch=1/1 step=300 loss=0.008531 kl=0.003943 logit=0.002582 t_ent=1.5868 s_ent=1.5887 top1=0.9804 topk=0.9693 cos=0.9650 elapsed=3.5m
[stage1] epoch=1/1 step=350 loss=0.004982 kl=0.002298 logit=0.001549 t_ent=1.5872 s_ent=1.5882 top1=0.9825 topk=0.9775 cos=0.9652 elapsed=4.0m
[stage1] epoch=1/1 step=400 loss=0.002947 kl=0.001357 logit=0.000930 t_ent=1.5862 s_ent=1.5865 top1=0.9894 topk=0.9838 cos=0.9660 elapsed=4.6m
[stage1] epoch=1/1 step=450 loss=0.002309 kl=0.001066 logit=0.000705 t_ent=1.5823 s_ent=1.5832 top1=0.9901 topk=0.9871 cos=0.9659 elapsed=5.2m
[stage1] epoch=1/1 step=500 loss=0.001510 kl=0.000699 logit=0.000444 t_ent=1.5890 s_ent=1.5892 top1=0.9932 topk=0.9893 cos=0.9660 elapsed=5.8m
[stage1] epoch=1/1 step=550 loss=0.001083 kl=0.000501 logit=0.000326 t_ent=1.5815 s_ent=1.5821 top1=0.9938 topk=0.9911 cos=0.9669 elapsed=6.3m
[stage1] epoch=1/1 step=600 loss=0.000848 kl=0.000393 logit=0.000246 t_ent=1.5847 s_ent=1.5853 top1=0.9954 topk=0.9919 cos=0.9663 elapsed=6.9m
[stage1] epoch=1/1 step=650 loss=0.000530 kl=0.000244 logit=0.000170 t_ent=1.5876 s_ent=1.5875 top1=0.9957 topk=0.9937 cos=0.9665 elapsed=7.5m
[stage1] epoch=1/1 step=700 loss=0.000416 kl=0.000192 logit=0.000132 t_ent=1.5829 s_ent=1.5831 top1=0.9963 topk=0.9942 cos=0.9666 elapsed=8.0m
[stage1] epoch=1/1 step=750 loss=0.000350 kl=0.000162 logit=0.000101 t_ent=1.5851 s_ent=1.5852 top1=0.9964 topk=0.9956 cos=0.9662 elapsed=8.6m
[stage1] epoch=1/1 step=800 loss=0.000279 kl=0.000129 logit=0.000085 t_ent=1.5870 s_ent=1.5871 top1=0.9962 topk=0.9957 cos=0.9669 elapsed=9.2m
[stage1] epoch=1/1 step=850 loss=0.000216 kl=0.000100 logit=0.000065 t_ent=1.5891 s_ent=1.5892 top1=0.9976 topk=0.9967 cos=0.9670 elapsed=9.7m
[stage1] epoch=1/1 step=900 loss=0.000159 kl=0.000073 logit=0.000051 t_ent=1.5865 s_ent=1.5866 top1=0.9968 topk=0.9969 cos=0.9670 elapsed=10.3m
[stage1] saving full checkpoint to /mnt/data/models/fv1_winogrande_s43/ckpt_after_stage1
[2026-05-20 20:01:25,878] [INFO] [real_accelerator.py:203:get_accelerator] Setting ds_accelerator to cuda (auto detect)
[93m [WARNING] [0m async_io requires the dev libaio .so object and headers but these were not found.
[93m [WARNING] [0m async_io: please install the libaio-dev package with apt
[93m [WARNING] [0m If libaio is already installed (perhaps from source), try setting the CFLAGS and LDFLAGS environment variables to where it can be found.
[93m [WARNING] [0m Please specify the CUTLASS repo directory as environment variable $CUTLASS_PATH
[93m [WARNING] [0m sparse_attn requires a torch version >= 1.5 and < 2.0 but detected 2.5
[93m [WARNING] [0m using untested triton version (3.1.0), only 1.0.0 is known to be compatible

[launcher] running:
  /home/vipuser/miniconda3/envs/op/bin/python -m torch.distributed.run --nproc_per_node 1 /root/Predict_v2/run_stage2_dynamic_moe.py --model_path /root/models/Dynamic_MoE --output_dir /mnt/data/models/fv1_winogrande_s43 --dataset winogrande --eval_dataset winogrande --train_split train --eval_split validation --winogrande_config winogrande_xl --block_size 150 --batch_size 22 --grad_accum 1 --epochs 3 --lr 8e-05 --lora_r 16 --lora_alpha 16 --lora_dropout 0.05 --num_proc 16 --load_in_4bit 0 --load_in_8bit 0 --use_bnb_8bit 0 --load_in_fp16 0 --fp16 0 --bf16 0 --train_extra_params_in_fp32 1 --router_use_entmax 0 --router_top_k 2 --router_entmax_alpha 1.7 --router_value_anchor_loss_coef 0.01 --router_anchor_momentum 0.99 --min_lr_ratio 0.1 --router_lr_mult 1.0 --eval_max_samples 400 --router_use_softmax_temperature 1 --router_softmax_temperature 1.1 --train_new_router_params 1 --router_aux_loss_coef 0.01 --init_new_router_from_legacy 1 --eval_every 3000 --seed 43 --stage_split_seed 43 --stage2_include_validation_in_train 0 --stage2_validation_train_ratio 0.05 --stage2_init_path /mnt/data/models/fv1_winogrande_s43/ckpt_after_stage1
[router] anchor-router trunk ignores legacy router settings: router_value_anchor_loss_coef
[load] tokenizer from model_path: /root/models/Dynamic_MoE
[load] distributed=True world_size=1 4bit=False 8bit=False
[train] mixed precision: fp16=False bf16=False
[stage2] loading model from /mnt/data/models/fv1_winogrande_s43/ckpt_after_stage1
[load] checkpoint loaded with strict=False: missing=0 unexpected=0 dtype=torch.float32
[stage2] extra trainable new-router params: 125829120
[stage2] cast selected router params to fp32: 0
[stage2] trainable params: 199753728/3687891968 (5.42%)
trainable params: 199,753,728 || all params: 3,687,891,968 || trainable%: 5.4165
---[stage2][data] no validation data will be included in train---
[stage2][eval] using OpenCompass-style PPL ranking for winogrande
[stage2][data] train=40398 eval=400 block_size=150
[stage2][opt] param groups: other=2496 router=72
[stage2][opt] lrs: other=8.000e-05 router=8.000e-05
[train] epoch=1/3 step=50/5508 loss=2.1911 ce=2.1422 ce_ema=3.4495 pairwise=0.6092 pairwise_acc=0.5909 aux=1.8397 ewp_gn=1.433e-01 budget=0.0000 top_k=2 lr=2.473e-05 elapsed=1.8m
[train] epoch=1/3 step=100/5508 loss=1.6153 ce=1.5641 ce_ema=2.3374 pairwise=0.7349 pairwise_acc=0.4091 aux=1.4413 ewp_gn=7.120e-02 budget=0.0000 top_k=2 lr=4.897e-05 elapsed=3.5m
[train] epoch=1/3 step=150/5508 loss=1.5634 ce=1.5058 ce_ema=1.7885 pairwise=0.8928 pairwise_acc=0.2273 aux=1.2985 ewp_gn=6.740e-02 budget=0.0000 top_k=2 lr=7.321e-05 elapsed=5.3m
[train] epoch=1/3 step=200/5508 loss=1.4145 ce=1.3713 ce_ema=1.5542 pairwise=0.6149 pairwise_acc=0.6818 aux=1.2413 ewp_gn=4.610e-02 budget=0.0000 top_k=2 lr=7.999e-05 elapsed=7.0m
[train] epoch=1/3 step=250/5508 loss=1.3296 ce=1.2846 ce_ema=1.4416 pairwise=0.6690 pairwise_acc=0.5000 aux=1.1580 ewp_gn=4.631e-02 budget=0.0000 top_k=2 lr=7.996e-05 elapsed=8.8m
[train] epoch=1/3 step=300/5508 loss=1.5685 ce=1.5162 ce_ema=1.3865 pairwise=0.8140 pairwise_acc=0.4545 aux=1.1576 ewp_gn=7.737e-02 budget=0.0000 top_k=2 lr=7.989e-05 elapsed=10.5m
[train] epoch=1/3 step=350/5508 loss=1.3422 ce=1.2957 ce_ema=1.3609 pairwise=0.7059 pairwise_acc=0.5909 aux=1.1196 ewp_gn=4.148e-02 budget=0.0000 top_k=2 lr=7.979e-05 elapsed=12.2m
[train] epoch=1/3 step=400/5508 loss=1.3718 ce=1.3263 ce_ema=1.3371 pairwise=0.6888 pairwise_acc=0.5455 aux=1.0979 ewp_gn=4.420e-02 budget=0.0000 top_k=2 lr=7.966e-05 elapsed=14.0m
[train] epoch=1/3 step=450/5508 loss=1.3011 ce=1.2544 ce_ema=1.3177 pairwise=0.7178 pairwise_acc=0.5455 aux=1.0794 ewp_gn=4.239e-02 budget=0.0000 top_k=2 lr=7.950e-05 elapsed=15.7m
[train] epoch=1/3 step=500/5508 loss=1.3018 ce=1.2561 ce_ema=1.3035 pairwise=0.6960 pairwise_acc=0.5909 aux=1.0903 ewp_gn=4.293e-02 budget=0.0000 top_k=2 lr=7.930e-05 elapsed=17.4m
[train] epoch=1/3 step=550/5508 loss=1.3522 ce=1.3039 ce_ema=1.2966 pairwise=0.7525 pairwise_acc=0.4545 aux=1.0706 ewp_gn=4.078e-02 budget=0.0000 top_k=2 lr=7.908e-05 elapsed=19.1m
[train] epoch=1/3 step=600/5508 loss=1.3161 ce=1.2667 ce_ema=1.2944 pairwise=0.7749 pairwise_acc=0.4545 aux=1.0593 ewp_gn=4.286e-02 budget=0.0000 top_k=2 lr=7.883e-05 elapsed=20.8m
[train] epoch=1/3 step=650/5508 loss=1.3656 ce=1.3197 ce_ema=1.2794 pairwise=0.7057 pairwise_acc=0.4091 aux=1.0611 ewp_gn=4.181e-02 budget=0.0000 top_k=2 lr=7.855e-05 elapsed=22.6m
[train] epoch=1/3 step=700/5508 loss=1.4341 ce=1.3873 ce_ema=1.2740 pairwise=0.7263 pairwise_acc=0.5455 aux=1.0548 ewp_gn=4.699e-02 budget=0.0000 top_k=2 lr=7.823e-05 elapsed=24.3m
[train] epoch=1/3 step=750/5508 loss=1.3161 ce=1.2660 ce_ema=1.2678 pairwise=0.7918 pairwise_acc=0.3182 aux=1.0553 ewp_gn=3.905e-02 budget=0.0000 top_k=2 lr=7.789e-05 elapsed=26.0m
[train] epoch=1/3 step=800/5508 loss=1.3985 ce=1.3501 ce_ema=1.2722 pairwise=0.7579 pairwise_acc=0.5000 aux=1.0475 ewp_gn=4.673e-02 budget=0.0000 top_k=2 lr=7.752e-05 elapsed=27.7m
[train] epoch=1/3 step=850/5508 loss=1.3851 ce=1.3419 ce_ema=1.2683 pairwise=0.6533 pairwise_acc=0.5455 aux=1.0464 ewp_gn=4.404e-02 budget=0.0000 top_k=2 lr=7.712e-05 elapsed=29.4m
[train] epoch=1/3 step=900/5508 loss=1.3066 ce=1.2608 ce_ema=1.2616 pairwise=0.7095 pairwise_acc=0.4545 aux=1.0422 ewp_gn=3.884e-02 budget=0.0000 top_k=2 lr=7.669e-05 elapsed=31.1m
[train] epoch=1/3 step=950/5508 loss=1.4142 ce=1.3665 ce_ema=1.2670 pairwise=0.7450 pairwise_acc=0.5000 aux=1.0449 ewp_gn=4.704e-02 budget=0.0000 top_k=2 lr=7.623e-05 elapsed=32.8m
[train] epoch=1/3 step=1000/5508 loss=1.2636 ce=1.2184 ce_ema=1.2544 pairwise=0.6938 pairwise_acc=0.5909 aux=1.0481 ewp_gn=3.982e-02 budget=0.0000 top_k=2 lr=7.575e-05 elapsed=34.5m
[train] epoch=1/3 step=1050/5508 loss=1.2330 ce=1.1905 ce_ema=1.2469 pairwise=0.6437 pairwise_acc=0.5909 aux=1.0404 ewp_gn=4.462e-02 budget=0.0000 top_k=2 lr=7.523e-05 elapsed=36.2m
[train] epoch=1/3 step=1100/5508 loss=1.2542 ce=1.2107 ce_ema=1.2474 pairwise=0.6637 pairwise_acc=0.6364 aux=1.0401 ewp_gn=3.896e-02 budget=0.0000 top_k=2 lr=7.470e-05 elapsed=37.9m
[train] epoch=1/3 step=1150/5508 loss=1.3011 ce=1.2538 ce_ema=1.2455 pairwise=0.7379 pairwise_acc=0.4545 aux=1.0382 ewp_gn=4.544e-02 budget=0.0000 top_k=2 lr=7.413e-05 elapsed=39.7m
[train] epoch=1/3 step=1200/5508 loss=1.2433 ce=1.1981 ce_ema=1.2465 pairwise=0.6929 pairwise_acc=0.6364 aux=1.0498 ewp_gn=3.877e-02 budget=0.0000 top_k=2 lr=7.354e-05 elapsed=41.4m
[train] epoch=1/3 step=1250/5508 loss=1.3190 ce=1.2706 ce_ema=1.2449 pairwise=0.7589 pairwise_acc=0.3182 aux=1.0371 ewp_gn=3.985e-02 budget=0.0000 top_k=2 lr=7.292e-05 elapsed=43.1m
[train] epoch=1/3 step=1300/5508 loss=1.3236 ce=1.2761 ce_ema=1.2534 pairwise=0.7406 pairwise_acc=0.5000 aux=1.0417 ewp_gn=4.531e-02 budget=0.0000 top_k=2 lr=7.228e-05 elapsed=44.8m
[train] epoch=1/3 step=1350/5508 loss=1.2337 ce=1.1846 ce_ema=1.2524 pairwise=0.7762 pairwise_acc=0.5000 aux=1.0298 ewp_gn=3.629e-02 budget=0.0000 top_k=2 lr=7.161e-05 elapsed=46.5m
[train] epoch=1/3 step=1400/5508 loss=1.1722 ce=1.1277 ce_ema=1.2323 pairwise=0.6815 pairwise_acc=0.5455 aux=1.0381 ewp_gn=3.341e-02 budget=0.0000 top_k=2 lr=7.092e-05 elapsed=48.2m
[train] epoch=1/3 step=1450/5508 loss=1.1935 ce=1.1472 ce_ema=1.2354 pairwise=0.7134 pairwise_acc=0.5455 aux=1.0582 ewp_gn=3.527e-02 budget=0.0000 top_k=2 lr=7.020e-05 elapsed=49.9m
[train] epoch=1/3 step=1500/5508 loss=1.3495 ce=1.3036 ce_ema=1.2267 pairwise=0.7111 pairwise_acc=0.4091 aux=1.0365 ewp_gn=4.205e-02 budget=0.0000 top_k=2 lr=6.947e-05 elapsed=51.6m
[train] epoch=1/3 step=1550/5508 loss=1.3050 ce=1.2544 ce_ema=1.2226 pairwise=0.8048 pairwise_acc=0.3636 aux=1.0434 ewp_gn=4.319e-02 budget=0.0000 top_k=2 lr=6.871e-05 elapsed=53.4m
[train] epoch=1/3 step=1600/5508 loss=1.2247 ce=1.1756 ce_ema=1.2193 pairwise=0.7742 pairwise_acc=0.2273 aux=1.0340 ewp_gn=4.359e-02 budget=0.0000 top_k=2 lr=6.793e-05 elapsed=55.1m
[train] epoch=1/3 step=1650/5508 loss=1.2595 ce=1.2128 ce_ema=1.2146 pairwise=0.7274 pairwise_acc=0.4091 aux=1.0390 ewp_gn=4.451e-02 budget=0.0000 top_k=2 lr=6.713e-05 elapsed=56.8m
[train] epoch=1/3 step=1700/5508 loss=1.2039 ce=1.1569 ce_ema=1.2189 pairwise=0.7327 pairwise_acc=0.5455 aux=1.0402 ewp_gn=3.912e-02 budget=0.0000 top_k=2 lr=6.631e-05 elapsed=58.5m
[train] epoch=1/3 step=1750/5508 loss=1.2180 ce=1.1691 ce_ema=1.2070 pairwise=0.7711 pairwise_acc=0.2727 aux=1.0321 ewp_gn=3.925e-02 budget=0.0000 top_k=2 lr=6.547e-05 elapsed=60.2m
[train] epoch=1/3 step=1800/5508 loss=1.2445 ce=1.1961 ce_ema=1.2104 pairwise=0.7602 pairwise_acc=0.3636 aux=1.0401 ewp_gn=4.574e-02 budget=0.0000 top_k=2 lr=6.461e-05 elapsed=61.9m
[train] epoch=2/3 step=1850/5508 loss=1.2062 ce=1.1590 ce_ema=1.1924 pairwise=0.7382 pairwise_acc=0.5000 aux=1.0361 ewp_gn=4.952e-02 budget=0.0000 top_k=2 lr=6.373e-05 elapsed=63.6m
[train] epoch=2/3 step=1900/5508 loss=1.2547 ce=1.2096 ce_ema=1.1616 pairwise=0.6964 pairwise_acc=0.5455 aux=1.0308 ewp_gn=4.796e-02 budget=0.0000 top_k=2 lr=6.284e-05 elapsed=65.3m
[train] epoch=2/3 step=1950/5508 loss=1.1380 ce=1.0919 ce_ema=1.1513 pairwise=0.7153 pairwise_acc=0.5000 aux=1.0328 ewp_gn=3.875e-02 budget=0.0000 top_k=2 lr=6.193e-05 elapsed=67.1m
[train] epoch=2/3 step=2000/5508 loss=1.1866 ce=1.1392 ce_ema=1.1399 pairwise=0.7425 pairwise_acc=0.4091 aux=1.0246 ewp_gn=4.277e-02 budget=0.0000 top_k=2 lr=6.100e-05 elapsed=68.8m
[train] epoch=2/3 step=2050/5508 loss=1.1833 ce=1.1367 ce_ema=1.1403 pairwise=0.7251 pairwise_acc=0.4545 aux=1.0350 ewp_gn=4.190e-02 budget=0.0000 top_k=2 lr=6.006e-05 elapsed=70.5m
[train] epoch=2/3 step=2100/5508 loss=1.2096 ce=1.1662 ce_ema=1.1445 pairwise=0.6619 pairwise_acc=0.5455 aux=1.0315 ewp_gn=4.726e-02 budget=0.0000 top_k=2 lr=5.911e-05 elapsed=72.2m
[train] epoch=2/3 step=2150/5508 loss=1.1254 ce=1.0792 ce_ema=1.1360 pairwise=0.7173 pairwise_acc=0.5000 aux=1.0364 ewp_gn=4.417e-02 budget=0.0000 top_k=2 lr=5.814e-05 elapsed=73.9m
[train] epoch=2/3 step=2200/5508 loss=1.1968 ce=1.1492 ce_ema=1.1423 pairwise=0.7463 pairwise_acc=0.3636 aux=1.0303 ewp_gn=4.170e-02 budget=0.0000 top_k=2 lr=5.716e-05 elapsed=75.6m
[train] epoch=2/3 step=2250/5508 loss=1.1592 ce=1.1161 ce_ema=1.1332 pairwise=0.6570 pairwise_acc=0.6818 aux=1.0261 ewp_gn=4.117e-02 budget=0.0000 top_k=2 lr=5.617e-05 elapsed=77.4m
[train] epoch=2/3 step=2300/5508 loss=1.2006 ce=1.1571 ce_ema=1.1364 pairwise=0.6640 pairwise_acc=0.6364 aux=1.0273 ewp_gn=4.102e-02 budget=0.0000 top_k=2 lr=5.517e-05 elapsed=79.1m
[train] epoch=2/3 step=2350/5508 loss=1.2106 ce=1.1667 ce_ema=1.1346 pairwise=0.6707 pairwise_acc=0.5000 aux=1.0401 ewp_gn=4.767e-02 budget=0.0000 top_k=2 lr=5.416e-05 elapsed=80.8m
[train] epoch=2/3 step=2400/5508 loss=1.2102 ce=1.1632 ce_ema=1.1359 pairwise=0.7354 pairwise_acc=0.3636 aux=1.0259 ewp_gn=4.742e-02 budget=0.0000 top_k=2 lr=5.314e-05 elapsed=82.5m
[train] epoch=2/3 step=2450/5508 loss=1.2576 ce=1.2107 ce_ema=1.1241 pairwise=0.7300 pairwise_acc=0.4545 aux=1.0415 ewp_gn=5.896e-02 budget=0.0000 top_k=2 lr=5.211e-05 elapsed=84.2m
[train] epoch=2/3 step=2500/5508 loss=1.1691 ce=1.1236 ce_ema=1.1265 pairwise=0.7031 pairwise_acc=0.4091 aux=1.0277 ewp_gn=4.905e-02 budget=0.0000 top_k=2 lr=5.108e-05 elapsed=85.9m
[train] epoch=2/3 step=2550/5508 loss=1.1854 ce=1.1400 ce_ema=1.1331 pairwise=0.7028 pairwise_acc=0.5000 aux=1.0227 ewp_gn=4.010e-02 budget=0.0000 top_k=2 lr=5.004e-05 elapsed=87.6m
[train] epoch=2/3 step=2600/5508 loss=1.1526 ce=1.1077 ce_ema=1.1273 pairwise=0.6934 pairwise_acc=0.5455 aux=1.0200 ewp_gn=4.123e-02 budget=0.0000 top_k=2 lr=4.899e-05 elapsed=89.3m
[train] epoch=2/3 step=2650/5508 loss=1.1175 ce=1.0731 ce_ema=1.1180 pairwise=0.6848 pairwise_acc=0.4545 aux=1.0179 ewp_gn=4.534e-02 budget=0.0000 top_k=2 lr=4.794e-05 elapsed=91.1m
[train] epoch=2/3 step=2700/5508 loss=1.1137 ce=1.0676 ce_ema=1.1157 pairwise=0.7167 pairwise_acc=0.5909 aux=1.0252 ewp_gn=4.252e-02 budget=0.0000 top_k=2 lr=4.689e-05 elapsed=92.8m
[train] epoch=2/3 step=2750/5508 loss=1.1520 ce=1.1030 ce_ema=1.1224 pairwise=0.7760 pairwise_acc=0.5455 aux=1.0216 ewp_gn=4.928e-02 budget=0.0000 top_k=2 lr=4.583e-05 elapsed=94.5m
[train] epoch=2/3 step=2800/5508 loss=1.1753 ce=1.1269 ce_ema=1.1191 pairwise=0.7635 pairwise_acc=0.5000 aux=1.0241 ewp_gn=4.121e-02 budget=0.0000 top_k=2 lr=4.477e-05 elapsed=96.2m
[train] epoch=2/3 step=2850/5508 loss=1.1689 ce=1.1235 ce_ema=1.1127 pairwise=0.7065 pairwise_acc=0.5000 aux=1.0152 ewp_gn=4.842e-02 budget=0.0000 top_k=2 lr=4.371e-05 elapsed=97.9m
[train] epoch=2/3 step=2900/5508 loss=1.1555 ce=1.1102 ce_ema=1.1083 pairwise=0.7014 pairwise_acc=0.5000 aux=1.0223 ewp_gn=4.587e-02 budget=0.0000 top_k=2 lr=4.266e-05 elapsed=99.6m
[train] epoch=2/3 step=2950/5508 loss=1.1459 ce=1.1036 ce_ema=1.1068 pairwise=0.6443 pairwise_acc=0.5455 aux=1.0175 ewp_gn=4.512e-02 budget=0.0000 top_k=2 lr=4.160e-05 elapsed=101.3m
[train] epoch=2/3 step=3000/5508 loss=1.0559 ce=1.0072 ce_ema=1.1047 pairwise=0.7691 pairwise_acc=0.5000 aux=1.0218 ewp_gn=4.376e-02 budget=0.0000 top_k=2 lr=4.054e-05 elapsed=103.3m
[eval] step=3000 eval_pairwise_acc=0.517500
[train] epoch=2/3 step=3050/5508 loss=1.1045 ce=1.0574 ce_ema=1.1141 pairwise=0.7384 pairwise_acc=0.3636 aux=1.0209 ewp_gn=4.225e-02 budget=0.0000 top_k=2 lr=3.949e-05 elapsed=105.0m
[train] epoch=2/3 step=3100/5508 loss=1.2084 ce=1.1596 ce_ema=1.1100 pairwise=0.7731 pairwise_acc=0.2727 aux=1.0202 ewp_gn=4.687e-02 budget=0.0000 top_k=2 lr=3.844e-05 elapsed=106.7m
[train] epoch=2/3 step=3150/5508 loss=1.2328 ce=1.1848 ce_ema=1.1092 pairwise=0.7544 pairwise_acc=0.4091 aux=1.0206 ewp_gn=8.567e-02 budget=0.0000 top_k=2 lr=3.740e-05 elapsed=108.5m
[train] epoch=2/3 step=3200/5508 loss=1.1553 ce=1.1078 ce_ema=1.1068 pairwise=0.7465 pairwise_acc=0.4091 aux=1.0250 ewp_gn=5.304e-02 budget=0.0000 top_k=2 lr=3.636e-05 elapsed=110.2m
[train] epoch=2/3 step=3250/5508 loss=1.2294 ce=1.1838 ce_ema=1.0977 pairwise=0.7075 pairwise_acc=0.4091 aux=1.0234 ewp_gn=4.973e-02 budget=0.0000 top_k=2 lr=3.533e-05 elapsed=111.9m
[train] epoch=2/3 step=3300/5508 loss=1.1000 ce=1.0541 ce_ema=1.0969 pairwise=0.7164 pairwise_acc=0.5000 aux=1.0154 ewp_gn=4.969e-02 budget=0.0000 top_k=2 lr=3.431e-05 elapsed=113.6m
[train] epoch=2/3 step=3350/5508 loss=1.0972 ce=1.0515 ce_ema=1.0932 pairwise=0.7108 pairwise_acc=0.4091 aux=1.0199 ewp_gn=4.698e-02 budget=0.0000 top_k=2 lr=3.329e-05 elapsed=115.3m
[train] epoch=2/3 step=3400/5508 loss=1.1573 ce=1.1104 ce_ema=1.0952 pairwise=0.7343 pairwise_acc=0.4091 aux=1.0213 ewp_gn=4.801e-02 budget=0.0000 top_k=2 lr=3.229e-05 elapsed=117.0m
[train] epoch=2/3 step=3450/5508 loss=1.1699 ce=1.1218 ce_ema=1.0932 pairwise=0.7602 pairwise_acc=0.3182 aux=1.0140 ewp_gn=4.268e-02 budget=0.0000 top_k=2 lr=3.129e-05 elapsed=118.8m
[train] epoch=2/3 step=3500/5508 loss=1.2104 ce=1.1661 ce_ema=1.0846 pairwise=0.6839 pairwise_acc=0.6364 aux=1.0137 ewp_gn=4.581e-02 budget=0.0000 top_k=2 lr=3.031e-05 elapsed=120.5m
[train] epoch=2/3 step=3550/5508 loss=1.1783 ce=1.1303 ce_ema=1.0876 pairwise=0.7562 pairwise_acc=0.5000 aux=1.0180 ewp_gn=5.410e-02 budget=0.0000 top_k=2 lr=2.934e-05 elapsed=122.2m
[train] epoch=2/3 step=3600/5508 loss=1.1505 ce=1.1054 ce_ema=1.0882 pairwise=0.6992 pairwise_acc=0.3182 aux=1.0145 ewp_gn=4.837e-02 budget=0.0000 top_k=2 lr=2.838e-05 elapsed=123.9m
[train] epoch=2/3 step=3650/5508 loss=1.0762 ce=1.0284 ce_ema=1.0879 pairwise=0.7536 pairwise_acc=0.3636 aux=1.0147 ewp_gn=4.253e-02 budget=0.0000 top_k=2 lr=2.743e-05 elapsed=125.6m
[train] epoch=3/3 step=3700/5508 loss=1.0366 ce=0.9921 ce_ema=1.0495 pairwise=0.6880 pairwise_acc=0.4545 aux=1.0111 ewp_gn=5.286e-02 budget=0.0000 top_k=2 lr=2.650e-05 elapsed=127.4m
[train] epoch=3/3 step=3750/5508 loss=1.0745 ce=1.0299 ce_ema=1.0234 pairwise=0.6887 pairwise_acc=0.5909 aux=1.0182 ewp_gn=4.769e-02 budget=0.0000 top_k=2 lr=2.558e-05 elapsed=129.1m
[train] epoch=3/3 step=3800/5508 loss=1.1104 ce=1.0615 ce_ema=0.9961 pairwise=0.7738 pairwise_acc=0.3182 aux=1.0160 ewp_gn=5.701e-02 budget=0.0000 top_k=2 lr=2.468e-05 elapsed=130.8m
[train] epoch=3/3 step=3850/5508 loss=1.0294 ce=0.9859 ce_ema=0.9972 pairwise=0.6676 pairwise_acc=0.5455 aux=1.0143 ewp_gn=4.776e-02 budget=0.0000 top_k=2 lr=2.379e-05 elapsed=132.5m
[train] epoch=3/3 step=3900/5508 loss=1.0250 ce=0.9816 ce_ema=0.9897 pairwise=0.6656 pairwise_acc=0.4545 aux=1.0122 ewp_gn=5.181e-02 budget=0.0000 top_k=2 lr=2.293e-05 elapsed=134.3m
[train] epoch=3/3 step=3950/5508 loss=1.0156 ce=0.9735 ce_ema=0.9947 pairwise=0.6392 pairwise_acc=0.6364 aux=1.0140 ewp_gn=5.809e-02 budget=0.0000 top_k=2 lr=2.208e-05 elapsed=136.0m
[train] epoch=3/3 step=4000/5508 loss=1.0698 ce=1.0268 ce_ema=1.0085 pairwise=0.6571 pairwise_acc=0.7273 aux=1.0155 ewp_gn=5.794e-02 budget=0.0000 top_k=2 lr=2.125e-05 elapsed=137.7m
[train] epoch=3/3 step=4050/5508 loss=1.0069 ce=0.9650 ce_ema=1.0044 pairwise=0.6356 pairwise_acc=0.6818 aux=1.0129 ewp_gn=5.139e-02 budget=0.0000 top_k=2 lr=2.044e-05 elapsed=139.5m
[train] epoch=3/3 step=4100/5508 loss=1.0130 ce=0.9709 ce_ema=1.0006 pairwise=0.6387 pairwise_acc=0.6364 aux=1.0138 ewp_gn=5.465e-02 budget=0.0000 top_k=2 lr=1.965e-05 elapsed=141.2m
[train] epoch=3/3 step=4150/5508 loss=0.9996 ce=0.9579 ce_ema=0.9952 pairwise=0.6302 pairwise_acc=0.7273 aux=1.0168 ewp_gn=5.423e-02 budget=0.0000 top_k=2 lr=1.888e-05 elapsed=142.9m
[train] epoch=3/3 step=4200/5508 loss=1.0563 ce=1.0100 ce_ema=0.9955 pairwise=0.7236 pairwise_acc=0.4091 aux=1.0155 ewp_gn=6.263e-02 budget=0.0000 top_k=2 lr=1.813e-05 elapsed=144.6m
[train] epoch=3/3 step=4250/5508 loss=1.0509 ce=1.0055 ce_ema=0.9971 pairwise=0.7053 pairwise_acc=0.4091 aux=1.0154 ewp_gn=5.273e-02 budget=0.0000 top_k=2 lr=1.741e-05 elapsed=146.4m
[train] epoch=3/3 step=4300/5508 loss=1.0261 ce=0.9795 ce_ema=0.9829 pairwise=0.7296 pairwise_acc=0.3636 aux=1.0128 ewp_gn=5.151e-02 budget=0.0000 top_k=2 lr=1.671e-05 elapsed=148.1m
[train] epoch=3/3 step=4350/5508 loss=1.1727 ce=1.1250 ce_ema=0.9894 pairwise=0.7540 pairwise_acc=0.3182 aux=1.0063 ewp_gn=5.763e-02 budget=0.0000 top_k=2 lr=1.603e-05 elapsed=149.8m
[train] epoch=3/3 step=4400/5508 loss=1.0077 ce=0.9637 ce_ema=0.9871 pairwise=0.6772 pairwise_acc=0.5000 aux=1.0105 ewp_gn=5.191e-02 budget=0.0000 top_k=2 lr=1.537e-05 elapsed=151.5m
[train] epoch=3/3 step=4450/5508 loss=1.0562 ce=1.0142 ce_ema=0.9854 pairwise=0.6361 pairwise_acc=0.5455 aux=1.0116 ewp_gn=5.660e-02 budget=0.0000 top_k=2 lr=1.474e-05 elapsed=153.2m
[train] epoch=3/3 step=4500/5508 loss=0.9512 ce=0.9093 ce_ema=0.9909 pairwise=0.6365 pairwise_acc=0.6364 aux=1.0108 ewp_gn=5.294e-02 budget=0.0000 top_k=2 lr=1.414e-05 elapsed=155.0m
[train] epoch=3/3 step=4550/5508 loss=0.9989 ce=0.9524 ce_ema=0.9935 pairwise=0.7282 pairwise_acc=0.3182 aux=1.0100 ewp_gn=5.269e-02 budget=0.0000 top_k=2 lr=1.356e-05 elapsed=156.7m
[train] epoch=3/3 step=4600/5508 loss=1.0484 ce=1.0070 ce_ema=0.9863 pairwise=0.6260 pairwise_acc=0.5455 aux=1.0101 ewp_gn=5.643e-02 budget=0.0000 top_k=2 lr=1.301e-05 elapsed=158.4m
[train] epoch=3/3 step=4650/5508 loss=0.9455 ce=0.9037 ce_ema=0.9850 pairwise=0.6333 pairwise_acc=0.4545 aux=1.0120 ewp_gn=5.480e-02 budget=0.0000 top_k=2 lr=1.248e-05 elapsed=160.2m
[train] epoch=3/3 step=4700/5508 loss=0.9878 ce=0.9461 ce_ema=0.9832 pairwise=0.6319 pairwise_acc=0.5909 aux=1.0099 ewp_gn=5.181e-02 budget=0.0000 top_k=2 lr=1.199e-05 elapsed=161.9m
[train] epoch=3/3 step=4750/5508 loss=0.9833 ce=0.9392 ce_ema=0.9802 pairwise=0.6813 pairwise_acc=0.5455 aux=1.0076 ewp_gn=5.403e-02 budget=0.0000 top_k=2 lr=1.152e-05 elapsed=163.6m
[train] epoch=3/3 step=4800/5508 loss=0.9424 ce=0.8999 ce_ema=0.9759 pairwise=0.6491 pairwise_acc=0.6818 aux=1.0083 ewp_gn=5.520e-02 budget=0.0000 top_k=2 lr=1.107e-05 elapsed=165.3m
[train] epoch=3/3 step=4850/5508 loss=1.0533 ce=1.0085 ce_ema=0.9794 pairwise=0.6952 pairwise_acc=0.6364 aux=1.0075 ewp_gn=6.121e-02 budget=0.0000 top_k=2 lr=1.066e-05 elapsed=167.1m
[train] epoch=3/3 step=4900/5508 loss=1.0543 ce=1.0132 ce_ema=0.9844 pairwise=0.6218 pairwise_acc=0.5455 aux=1.0063 ewp_gn=5.281e-02 budget=0.0000 top_k=2 lr=1.028e-05 elapsed=168.8m
[train] epoch=3/3 step=4950/5508 loss=1.0072 ce=0.9661 ce_ema=0.9882 pairwise=0.6184 pairwise_acc=0.6364 aux=1.0128 ewp_gn=5.534e-02 budget=0.0000 top_k=2 lr=9.920e-06 elapsed=170.5m
[train] epoch=3/3 step=5000/5508 loss=1.0885 ce=1.0431 ce_ema=0.9855 pairwise=0.7078 pairwise_acc=0.4091 aux=1.0084 ewp_gn=6.070e-02 budget=0.0000 top_k=2 lr=9.594e-06 elapsed=172.2m
[train] epoch=3/3 step=5050/5508 loss=0.9957 ce=0.9521 ce_ema=0.9772 pairwise=0.6703 pairwise_acc=0.5000 aux=1.0093 ewp_gn=5.006e-02 budget=0.0000 top_k=2 lr=9.297e-06 elapsed=174.0m
[train] epoch=3/3 step=5100/5508 loss=1.0275 ce=0.9826 ce_ema=0.9827 pairwise=0.6977 pairwise_acc=0.4545 aux=1.0100 ewp_gn=5.748e-02 budget=0.0000 top_k=2 lr=9.031e-06 elapsed=175.7m
[train] epoch=3/3 step=5150/5508 loss=1.0268 ce=0.9852 ce_ema=0.9797 pairwise=0.6302 pairwise_acc=0.5000 aux=1.0110 ewp_gn=6.024e-02 budget=0.0000 top_k=2 lr=8.795e-06 elapsed=177.4m
[train] epoch=3/3 step=5200/5508 loss=0.9775 ce=0.9360 ce_ema=0.9763 pairwise=0.6262 pairwise_acc=0.5909 aux=1.0159 ewp_gn=5.910e-02 budget=0.0000 top_k=2 lr=8.589e-06 elapsed=179.1m
[train] epoch=3/3 step=5250/5508 loss=1.0394 ce=0.9940 ce_ema=0.9774 pairwise=0.7066 pairwise_acc=0.4091 aux=1.0066 ewp_gn=5.369e-02 budget=0.0000 top_k=2 lr=8.413e-06 elapsed=180.8m
[train] epoch=3/3 step=5300/5508 loss=1.1195 ce=1.0765 ce_ema=0.9717 pairwise=0.6580 pairwise_acc=0.5455 aux=1.0106 ewp_gn=5.898e-02 budget=0.0000 top_k=2 lr=8.269e-06 elapsed=182.6m
[train] epoch=3/3 step=5350/5508 loss=1.0505 ce=1.0084 ce_ema=0.9747 pairwise=0.6398 pairwise_acc=0.6818 aux=1.0132 ewp_gn=6.279e-02 budget=0.0000 top_k=2 lr=8.155e-06 elapsed=184.3m
[train] epoch=3/3 step=5400/5508 loss=0.9442 ce=0.9041 ce_ema=0.9721 pairwise=0.5993 pairwise_acc=0.5909 aux=1.0085 ewp_gn=5.487e-02 budget=0.0000 top_k=2 lr=8.073e-06 elapsed=186.0m
[train] epoch=3/3 step=5450/5508 loss=1.0087 ce=0.9628 ce_ema=0.9803 pairwise=0.7174 pairwise_acc=0.5909 aux=1.0072 ewp_gn=6.719e-02 budget=0.0000 top_k=2 lr=8.021e-06 elapsed=187.7m
[train] epoch=3/3 step=5500/5508 loss=1.0388 ce=0.9944 ce_ema=0.9763 pairwise=0.6861 pairwise_acc=0.6364 aux=1.0119 ewp_gn=5.849e-02 budget=0.0000 top_k=2 lr=8.000e-06 elapsed=189.5m
[save] moving merged model to cpu before export
[save] merged + fp32 full model -> /mnt/data/models/fv1_winogrande_s43
[save] final router top_k -> 2
[2026-05-20 23:12:39,149] [INFO] [real_accelerator.py:203:get_accelerator] Setting ds_accelerator to cuda (auto detect)
[93m [WARNING] [0m async_io requires the dev libaio .so object and headers but these were not found.
[93m [WARNING] [0m async_io: please install the libaio-dev package with apt
[93m [WARNING] [0m If libaio is already installed (perhaps from source), try setting the CFLAGS and LDFLAGS environment variables to where it can be found.
[93m [WARNING] [0m Please specify the CUTLASS repo directory as environment variable $CUTLASS_PATH
[93m [WARNING] [0m sparse_attn requires a torch version >= 1.5 and < 2.0 but detected 2.5
[93m [WARNING] [0m using untested triton version (3.1.0), only 1.0.0 is known to be compatible

[launcher] done.
