
[launcher] running:
  /home/vipuser/miniconda3/envs/op/bin/python -m torch.distributed.run --nproc_per_node 1 /root/Predict_v2/run_stage1_dynamic_moe.py --model_path /root/models/Dynamic_MoE --output_dir /root/models/fv1 --dataset piqa --eval_dataset piqa --train_split train --eval_split validation --block_size 150 --batch_size 10 --grad_accum 1 --epochs 3 --lr 8e-05 --lora_r 16 --lora_alpha 16 --lora_dropout 0.05 --num_proc 16 --load_in_4bit 0 --load_in_8bit 0 --use_bnb_8bit 0 --load_in_fp16 0 --fp16 0 --bf16 0 --train_extra_params_in_fp32 1 --router_use_entmax 0 --router_top_k 2 --router_entmax_alpha 1.7 --router_anchor_loss_coef 0.01 --router_anchor_momentum 0.99 --min_lr_ratio 0.1 --router_lr_mult 1.0 --eval_max_samples 200 --router_use_softmax_temperature 1 --router_softmax_temperature 0.8 --stage1_epochs 1 --stage1_lr 0.0001 --stage1_grad_accum 1 --stage1_data_ratio 0.5 --stage1_distill_temperature 2.0 --stage1_kl_coef 2.0 --stage1_logit_coef 0.25 --stage1_use_logit_loss 1
[load] tokenizer from model_path: /root/models/Dynamic_MoE
[load] distributed=True world_size=1 4bit=False 8bit=False
[train] mixed precision: fp16=False bf16=False
[stage1] loading base model for router distillation
[load] checkpoint loaded with strict=False: missing=96 unexpected=24 dtype=torch.float32
[init] layer 0 expert_key/expert_anchor initialized from legacy router.weight
[init] layer 1 expert_key/expert_anchor initialized from legacy router.weight
[init] layer 2 expert_key/expert_anchor initialized from legacy router.weight
[init] layer 3 expert_key/expert_anchor initialized from legacy router.weight
[init] layer 4 expert_key/expert_anchor initialized from legacy router.weight
[init] layer 5 expert_key/expert_anchor initialized from legacy router.weight
[init] layer 6 expert_key/expert_anchor initialized from legacy router.weight
[init] layer 7 expert_key/expert_anchor initialized from legacy router.weight
[init] layer 8 expert_key/expert_anchor initialized from legacy router.weight
[init] layer 9 expert_key/expert_anchor initialized from legacy router.weight
[init] layer 10 expert_key/expert_anchor initialized from legacy router.weight
[init] layer 11 expert_key/expert_anchor initialized from legacy router.weight
[init] layer 12 expert_key/expert_anchor initialized from legacy router.weight
[init] layer 13 expert_key/expert_anchor initialized from legacy router.weight
[init] layer 14 expert_key/expert_anchor initialized from legacy router.weight
[init] layer 15 expert_key/expert_anchor initialized from legacy router.weight
[init] layer 16 expert_key/expert_anchor initialized from legacy router.weight
[init] layer 17 expert_key/expert_anchor initialized from legacy router.weight
[init] layer 18 expert_key/expert_anchor initialized from legacy router.weight
[init] layer 19 expert_key/expert_anchor initialized from legacy router.weight
[init] layer 20 expert_key/expert_anchor initialized from legacy router.weight
[init] layer 21 expert_key/expert_anchor initialized from legacy router.weight
[init] layer 22 expert_key/expert_anchor initialized from legacy router.weight
[init] layer 23 expert_key/expert_anchor initialized from legacy router.weight
[init] initialized new router modules from legacy dense router for 24 layers
[stage1] trainable cross-attention router params: 25559040
[stage1][data] train=8056 (ratio=0.500, seed=42)
[stage1] epoch=1/1 step=50 loss=0.422895 kl=0.202054 logit=0.075143 t_ent=1.5776 s_ent=1.7623 top1=0.8168 topk=0.7941 cos=0.9024 elapsed=0.4m
[stage1] epoch=1/1 step=100 loss=0.126107 kl=0.059619 logit=0.027478 t_ent=1.5666 s_ent=1.6176 top1=0.9088 topk=0.8844 cos=0.9537 elapsed=0.7m
[stage1] epoch=1/1 step=150 loss=0.072529 kl=0.034184 logit=0.016644 t_ent=1.5602 s_ent=1.5848 top1=0.9400 topk=0.9138 cos=0.9646 elapsed=1.1m
[stage1] epoch=1/1 step=200 loss=0.039870 kl=0.018662 logit=0.010184 t_ent=1.5597 s_ent=1.5737 top1=0.9537 topk=0.9343 cos=0.9706 elapsed=1.4m
[stage1] epoch=1/1 step=250 loss=0.029612 kl=0.013966 logit=0.006722 t_ent=1.5564 s_ent=1.5724 top1=0.9664 topk=0.9448 cos=0.9746 elapsed=1.7m
[stage1] epoch=1/1 step=300 loss=0.019987 kl=0.009397 logit=0.004772 t_ent=1.5662 s_ent=1.5721 top1=0.9730 topk=0.9568 cos=0.9769 elapsed=2.1m
[stage1] epoch=1/1 step=350 loss=0.015240 kl=0.007187 logit=0.003466 t_ent=1.5641 s_ent=1.5705 top1=0.9778 topk=0.9632 cos=0.9780 elapsed=2.4m
[stage1] epoch=1/1 step=400 loss=0.009979 kl=0.004682 logit=0.002463 t_ent=1.5684 s_ent=1.5718 top1=0.9811 topk=0.9696 cos=0.9800 elapsed=2.8m
[stage1] epoch=1/1 step=450 loss=0.006600 kl=0.003093 logit=0.001655 t_ent=1.5734 s_ent=1.5746 top1=0.9868 topk=0.9781 cos=0.9792 elapsed=3.1m
[stage1] epoch=1/1 step=500 loss=0.006244 kl=0.002931 logit=0.001531 t_ent=1.5629 s_ent=1.5655 top1=0.9872 topk=0.9774 cos=0.9804 elapsed=3.4m
[stage1] epoch=1/1 step=550 loss=0.005078 kl=0.002386 logit=0.001221 t_ent=1.5649 s_ent=1.5679 top1=0.9893 topk=0.9811 cos=0.9799 elapsed=3.8m
[stage1] epoch=1/1 step=600 loss=0.004063 kl=0.001909 logit=0.000979 t_ent=1.5728 s_ent=1.5734 top1=0.9908 topk=0.9844 cos=0.9809 elapsed=4.1m
[stage1] epoch=1/1 step=650 loss=0.002122 kl=0.000975 logit=0.000690 t_ent=1.5575 s_ent=1.5583 top1=0.9924 topk=0.9875 cos=0.9813 elapsed=4.5m
[stage1] epoch=1/1 step=700 loss=0.002845 kl=0.001332 logit=0.000722 t_ent=1.5616 s_ent=1.5630 top1=0.9932 topk=0.9865 cos=0.9810 elapsed=4.8m
[stage1] epoch=1/1 step=750 loss=0.001585 kl=0.000730 logit=0.000498 t_ent=1.5581 s_ent=1.5583 top1=0.9940 topk=0.9906 cos=0.9807 elapsed=5.1m
[stage1] epoch=1/1 step=800 loss=0.001342 kl=0.000624 logit=0.000376 t_ent=1.5638 s_ent=1.5640 top1=0.9957 topk=0.9923 cos=0.9804 elapsed=5.5m
[stage1] saving full checkpoint to /root/models/fv1/ckpt_after_stage1
[2026-04-22 17:24:10,180] [INFO] [real_accelerator.py:203:get_accelerator] Setting ds_accelerator to cuda (auto detect)
[93m [WARNING] [0m async_io requires the dev libaio .so object and headers but these were not found.
[93m [WARNING] [0m async_io: please install the libaio-dev package with apt
[93m [WARNING] [0m If libaio is already installed (perhaps from source), try setting the CFLAGS and LDFLAGS environment variables to where it can be found.
[93m [WARNING] [0m Please specify the CUTLASS repo directory as environment variable $CUTLASS_PATH
[93m [WARNING] [0m sparse_attn requires a torch version >= 1.5 and < 2.0 but detected 2.5
[93m [WARNING] [0m using untested triton version (3.1.0), only 1.0.0 is known to be compatible

[launcher] running:
  /home/vipuser/miniconda3/envs/op/bin/python -m torch.distributed.run --nproc_per_node 1 /root/Predict_v2/run_stage2_dynamic_moe.py --model_path /root/models/Dynamic_MoE --output_dir /root/models/fv1 --dataset piqa --eval_dataset piqa --train_split train --eval_split validation --block_size 150 --batch_size 10 --grad_accum 1 --epochs 3 --lr 8e-05 --lora_r 16 --lora_alpha 16 --lora_dropout 0.05 --num_proc 16 --load_in_4bit 0 --load_in_8bit 0 --use_bnb_8bit 0 --load_in_fp16 0 --fp16 0 --bf16 0 --train_extra_params_in_fp32 1 --router_use_entmax 0 --router_top_k 2 --router_entmax_alpha 1.7 --router_anchor_loss_coef 0.01 --router_anchor_momentum 0.99 --min_lr_ratio 0.1 --router_lr_mult 1.0 --eval_max_samples 200 --router_use_softmax_temperature 1 --router_softmax_temperature 0.8 --stage2_include_validation_in_train 1 --stage2_validation_train_ratio 0.1 --stage2_validation_train_split validation --stage2_init_path /root/models/fv1/ckpt_after_stage1
[load] tokenizer from model_path: /root/models/Dynamic_MoE
[load] distributed=True world_size=1 4bit=False 8bit=False
[train] mixed precision: fp16=False bf16=False
[stage2] loading model from /root/models/fv1/ckpt_after_stage1
[load] checkpoint loaded with strict=False: missing=0 unexpected=0 dtype=torch.float32
[stage2] extra trainable new-router params: 25559040
[stage2] cast selected router params to fp32: 0
[stage2] trainable params: 99483648/3587621888 (2.77%)
trainable params: 99,483,648 || all params: 3,587,621,888 || trainable%: 2.7730
[stage2][data] piqa: borrowed 184/1838 from validation into train
[stage2][data] train=16297 eval=200 block_size=150
[stage2][opt] param groups: other=2496 router=48
[stage2][opt] lrs: other=8.000e-05 router=8.000e-05
