
[launcher] running:
  /home/vipuser/miniconda3/envs/op/bin/python -m torch.distributed.run --nproc_per_node 2 /root/Predict_v2/run_stage1_dynamic_moe.py --model_path /root/models/Dynamic_MoE --output_dir /mnt/data/models/CB_piqa_pw005 --dataset piqa --eval_dataset piqa --train_split train --eval_split validation --block_size 108 --batch_size 20 --grad_accum 1 --epochs 3 --lr 8e-05 --lora_r 16 --lora_alpha 16 --lora_dropout 0.05 --num_proc 16 --load_in_4bit 0 --load_in_8bit 0 --use_bnb_8bit 0 --load_in_fp16 0 --fp16 0 --bf16 0 --train_extra_params_in_fp32 1 --router_use_entmax 0 --router_top_k 2 --router_entmax_alpha 1.7 --router_value_anchor_loss_coef 0.01 --router_anchor_momentum 0.99 --min_lr_ratio 0.1 --router_lr_mult 1.0 --eval_max_samples 400 --router_use_softmax_temperature 1 --router_softmax_temperature 1.1 --train_new_router_params 1 --router_aux_loss_coef 0.01 --init_new_router_from_legacy 1 --eval_every 1200 --stage1_epochs 1 --stage1_lr 0.0001 --stage1_grad_accum 1 --stage1_data_ratio 0.5 --stage1_distill_temperature 2.0 --stage1_kl_coef 2.0 --stage1_logit_coef 0.25 --stage1_use_logit_loss 1
[router] anchor-router trunk ignores legacy router settings: router_value_anchor_loss_coef
[load] tokenizer from model_path: /root/models/Dynamic_MoE
[load] distributed=True world_size=2 4bit=False 8bit=False
[train] mixed precision: fp16=False bf16=False
[stage1] loading base model for router distillation
[load] checkpoint loaded with strict=False: missing=96 unexpected=24 dtype=torch.float32
[init] layer 0 expert_weight_proj initialized from legacy router.weight
[init] layer 1 expert_weight_proj initialized from legacy router.weight
[init] layer 2 expert_weight_proj initialized from legacy router.weight
[init] layer 3 expert_weight_proj initialized from legacy router.weight
[init] layer 4 expert_weight_proj initialized from legacy router.weight
[init] layer 5 expert_weight_proj initialized from legacy router.weight
[init] layer 6 expert_weight_proj initialized from legacy router.weight
[init] layer 7 expert_weight_proj initialized from legacy router.weight
[init] layer 8 expert_weight_proj initialized from legacy router.weight
[init] layer 9 expert_weight_proj initialized from legacy router.weight
[init] layer 10 expert_weight_proj initialized from legacy router.weight
[init] layer 11 expert_weight_proj initialized from legacy router.weight
[init] layer 12 expert_weight_proj initialized from legacy router.weight
[init] layer 13 expert_weight_proj initialized from legacy router.weight
[init] layer 14 expert_weight_proj initialized from legacy router.weight
[init] layer 15 expert_weight_proj initialized from legacy router.weight
[init] layer 16 expert_weight_proj initialized from legacy router.weight
[init] layer 17 expert_weight_proj initialized from legacy router.weight
[init] layer 18 expert_weight_proj initialized from legacy router.weight
[init] layer 19 expert_weight_proj initialized from legacy router.weight
[init] layer 20 expert_weight_proj initialized from legacy router.weight
[init] layer 21 expert_weight_proj initialized from legacy router.weight
[init] layer 22 expert_weight_proj initialized from legacy router.weight
[init] layer 23 expert_weight_proj initialized from legacy router.weight
[init] initialized new router modules from legacy dense router for 24 layers
[init] layer 0 expert_weight_proj initialized from legacy router.weight
[init] layer 1 expert_weight_proj initialized from legacy router.weight
[init] layer 2 expert_weight_proj initialized from legacy router.weight
[init] layer 3 expert_weight_proj initialized from legacy router.weight
[init] layer 4 expert_weight_proj initialized from legacy router.weight
[init] layer 5 expert_weight_proj initialized from legacy router.weight
[init] layer 6 expert_weight_proj initialized from legacy router.weight
[init] layer 7 expert_weight_proj initialized from legacy router.weight
[init] layer 8 expert_weight_proj initialized from legacy router.weight
[init] layer 9 expert_weight_proj initialized from legacy router.weight
[init] layer 10 expert_weight_proj initialized from legacy router.weight
[init] layer 11 expert_weight_proj initialized from legacy router.weight
[init] layer 12 expert_weight_proj initialized from legacy router.weight
[init] layer 13 expert_weight_proj initialized from legacy router.weight
[init] layer 14 expert_weight_proj initialized from legacy router.weight
[init] layer 15 expert_weight_proj initialized from legacy router.weight
[init] layer 16 expert_weight_proj initialized from legacy router.weight
[init] layer 17 expert_weight_proj initialized from legacy router.weight
[init] layer 18 expert_weight_proj initialized from legacy router.weight
[init] layer 19 expert_weight_proj initialized from legacy router.weight
[init] layer 20 expert_weight_proj initialized from legacy router.weight
[init] layer 21 expert_weight_proj initialized from legacy router.weight
[init] layer 22 expert_weight_proj initialized from legacy router.weight
[init] layer 23 expert_weight_proj initialized from legacy router.weight
[stage1] trainable cross-attention router params: 125829120
[stage1][data] train=8056 (ratio=0.500, seed=42)
[stage1] epoch=1/1 step=50 loss=0.572815 kl=0.271531 logit=0.119014 t_ent=1.5987 s_ent=1.8179 top1=0.7608 topk=0.7400 cos=0.8415 elapsed=0.6m
[stage1] epoch=1/1 step=100 loss=0.166924 kl=0.078115 logit=0.042781 t_ent=1.5654 s_ent=1.6238 top1=0.8980 topk=0.8563 cos=0.9234 elapsed=1.2m
[stage1] epoch=1/1 step=150 loss=0.061019 kl=0.028274 logit=0.017887 t_ent=1.5651 s_ent=1.5836 top1=0.9432 topk=0.9177 cos=0.9490 elapsed=1.7m
[stage1] epoch=1/1 step=200 loss=0.026844 kl=0.012373 logit=0.008397 t_ent=1.5606 s_ent=1.5679 top1=0.9666 topk=0.9466 cos=0.9588 elapsed=2.2m
[stage1] saving full checkpoint to /mnt/data/models/CB_piqa_pw005/ckpt_after_stage1
[2026-04-27 00:40:32,372] [INFO] [real_accelerator.py:203:get_accelerator] Setting ds_accelerator to cuda (auto detect)
[93m [WARNING] [0m async_io requires the dev libaio .so object and headers but these were not found.
[93m [WARNING] [0m async_io: please install the libaio-dev package with apt
[93m [WARNING] [0m If libaio is already installed (perhaps from source), try setting the CFLAGS and LDFLAGS environment variables to where it can be found.
[93m [WARNING] [0m Please specify the CUTLASS repo directory as environment variable $CUTLASS_PATH
[93m [WARNING] [0m sparse_attn requires a torch version >= 1.5 and < 2.0 but detected 2.5
[93m [WARNING] [0m using untested triton version (3.1.0), only 1.0.0 is known to be compatible

[launcher] running:
  /home/vipuser/miniconda3/envs/op/bin/python -m torch.distributed.run --nproc_per_node 2 /root/Predict_v2/run_stage2_dynamic_moe.py --model_path /root/models/Dynamic_MoE --output_dir /mnt/data/models/CB_piqa_pw005 --dataset piqa --eval_dataset piqa --train_split train --eval_split validation --block_size 108 --batch_size 20 --grad_accum 1 --epochs 3 --lr 8e-05 --lora_r 16 --lora_alpha 16 --lora_dropout 0.05 --num_proc 16 --load_in_4bit 0 --load_in_8bit 0 --use_bnb_8bit 0 --load_in_fp16 0 --fp16 0 --bf16 0 --train_extra_params_in_fp32 1 --router_use_entmax 0 --router_top_k 2 --router_entmax_alpha 1.7 --router_value_anchor_loss_coef 0.01 --router_anchor_momentum 0.99 --min_lr_ratio 0.1 --router_lr_mult 1.0 --eval_max_samples 400 --router_use_softmax_temperature 1 --router_softmax_temperature 1.1 --train_new_router_params 1 --router_aux_loss_coef 0.01 --init_new_router_from_legacy 1 --eval_every 1200 --stage2_init_path /mnt/data/models/CB_piqa_pw005/ckpt_after_stage1
[router] anchor-router trunk ignores legacy router settings: router_value_anchor_loss_coef
[load] tokenizer from model_path: /root/models/Dynamic_MoE
[load] distributed=True world_size=2 4bit=False 8bit=False
[train] mixed precision: fp16=False bf16=False
[stage2] loading model from /mnt/data/models/CB_piqa_pw005/ckpt_after_stage1
[load] checkpoint loaded with strict=False: missing=0 unexpected=0 dtype=torch.float32
[stage2] extra trainable new-router params: 125829120
[stage2] cast selected router params to fp32: 0
[stage2] trainable params: 199753728/3687891968 (5.42%)
trainable params: 199,753,728 || all params: 3,687,891,968 || trainable%: 5.4165
[stage2][eval] using OpenCompass-style PPL ranking for piqa
[stage2][data] train=16113 eval=400 block_size=108
[stage2][opt] param groups: other=2496 router=72
[stage2][opt] lrs: other=8.000e-05 router=8.000e-05
[train] epoch=1/3 step=50/1206 loss=2.1663 ce=2.1196 ce_ema=2.8404 pairwise=0.6244 pairwise_acc=0.7000 aux=1.5497 ewp_gn=6.053e-02 budget=0.0000 top_k=2 lr=7.997e-05 elapsed=1.8m
[train] epoch=1/3 step=100/1206 loss=2.0359 ce=1.9836 ce_ema=2.2833 pairwise=0.7818 pairwise_acc=0.6500 aux=1.3155 ewp_gn=5.480e-02 budget=0.0000 top_k=2 lr=7.947e-05 elapsed=3.5m
[train] epoch=1/3 step=150/1206 loss=1.7835 ce=1.7428 ce_ema=2.0412 pairwise=0.5727 pairwise_acc=0.8000 aux=1.2068 ewp_gn=6.231e-02 budget=0.0000 top_k=2 lr=7.833e-05 elapsed=5.3m
[train] epoch=1/3 step=200/1206 loss=2.0112 ce=1.9619 ce_ema=1.9272 pairwise=0.7479 pairwise_acc=0.6000 aux=1.1898 ewp_gn=4.978e-02 budget=0.0000 top_k=2 lr=7.657e-05 elapsed=7.0m
[train] epoch=1/3 step=250/1206 loss=1.7948 ce=1.7520 ce_ema=1.8891 pairwise=0.6225 pairwise_acc=0.8500 aux=1.1709 ewp_gn=4.682e-02 budget=0.0000 top_k=2 lr=7.422e-05 elapsed=8.8m
[train] epoch=1/3 step=300/1206 loss=1.9746 ce=1.9313 ce_ema=1.8643 pairwise=0.6427 pairwise_acc=0.6500 aux=1.1185 ewp_gn=4.934e-02 budget=0.0000 top_k=2 lr=7.133e-05 elapsed=10.5m
[train] epoch=1/3 step=350/1206 loss=1.7850 ce=1.7451 ce_ema=1.8494 pairwise=0.5739 pairwise_acc=0.8500 aux=1.1191 ewp_gn=4.221e-02 budget=0.0000 top_k=2 lr=6.794e-05 elapsed=12.2m
[train] epoch=1/3 step=400/1206 loss=1.9389 ce=1.8958 ce_ema=1.8397 pairwise=0.6449 pairwise_acc=0.6500 aux=1.0891 ewp_gn=4.178e-02 budget=0.0000 top_k=2 lr=6.413e-05 elapsed=14.0m
[train] epoch=2/3 step=450/1206 loss=1.8480 ce=1.8013 ce_ema=1.8068 pairwise=0.7189 pairwise_acc=0.5500 aux=1.0734 ewp_gn=5.051e-02 budget=0.0000 top_k=2 lr=5.995e-05 elapsed=15.9m
[train] epoch=2/3 step=500/1206 loss=1.8203 ce=1.7791 ce_ema=1.7708 pairwise=0.6064 pairwise_acc=0.7000 aux=1.0956 ewp_gn=4.754e-02 budget=0.0000 top_k=2 lr=5.549e-05 elapsed=17.7m
[train] epoch=2/3 step=550/1206 loss=1.8396 ce=1.7959 ce_ema=1.7867 pairwise=0.6590 pairwise_acc=0.7000 aux=1.0673 ewp_gn=4.677e-02 budget=0.0000 top_k=2 lr=5.082e-05 elapsed=19.5m
[train] epoch=2/3 step=600/1206 loss=1.6601 ce=1.6199 ce_ema=1.7680 pairwise=0.5942 pairwise_acc=0.7500 aux=1.0505 ewp_gn=4.767e-02 budget=0.0000 top_k=2 lr=4.603e-05 elapsed=21.3m
[train] epoch=2/3 step=650/1206 loss=1.7340 ce=1.6878 ce_ema=1.7565 pairwise=0.7125 pairwise_acc=0.5500 aux=1.0558 ewp_gn=4.824e-02 budget=0.0000 top_k=2 lr=4.120e-05 elapsed=23.1m
[train] epoch=2/3 step=700/1206 loss=1.6545 ce=1.6128 ce_ema=1.7294 pairwise=0.6214 pairwise_acc=0.8500 aux=1.0609 ewp_gn=4.303e-02 budget=0.0000 top_k=2 lr=3.642e-05 elapsed=24.9m
[train] epoch=2/3 step=750/1206 loss=1.9593 ce=1.9167 ce_ema=1.7402 pairwise=0.6416 pairwise_acc=0.6500 aux=1.0538 ewp_gn=4.767e-02 budget=0.0000 top_k=2 lr=3.178e-05 elapsed=26.7m
[train] epoch=2/3 step=800/1206 loss=1.6853 ce=1.6458 ce_ema=1.7487 pairwise=0.5803 pairwise_acc=0.8500 aux=1.0433 ewp_gn=4.392e-02 budget=0.0000 top_k=2 lr=2.736e-05 elapsed=28.5m
[train] epoch=3/3 step=850/1206 loss=1.6394 ce=1.6006 ce_ema=1.6901 pairwise=0.5657 pairwise_acc=0.9500 aux=1.0420 ewp_gn=4.349e-02 budget=0.0000 top_k=2 lr=2.323e-05 elapsed=30.3m
[train] epoch=3/3 step=900/1206 loss=1.5469 ce=1.5143 ce_ema=1.6861 pairwise=0.4393 pairwise_acc=0.9500 aux=1.0549 ewp_gn=4.518e-02 budget=0.0000 top_k=2 lr=1.948e-05 elapsed=32.2m
[train] epoch=3/3 step=950/1206 loss=1.6333 ce=1.5947 ce_ema=1.6591 pairwise=0.5618 pairwise_acc=0.9500 aux=1.0546 ewp_gn=4.127e-02 budget=0.0000 top_k=2 lr=1.618e-05 elapsed=34.0m
[train] epoch=3/3 step=1000/1206 loss=1.6689 ce=1.6285 ce_ema=1.6556 pairwise=0.5998 pairwise_acc=0.8500 aux=1.0388 ewp_gn=4.861e-02 budget=0.0000 top_k=2 lr=1.337e-05 elapsed=35.8m
[train] epoch=3/3 step=1050/1206 loss=1.6122 ce=1.5711 ce_ema=1.6522 pairwise=0.6135 pairwise_acc=0.9000 aux=1.0392 ewp_gn=4.684e-02 budget=0.0000 top_k=2 lr=1.111e-05 elapsed=37.5m
[train] epoch=3/3 step=1100/1206 loss=1.6050 ce=1.5707 ce_ema=1.6524 pairwise=0.4799 pairwise_acc=0.9000 aux=1.0322 ewp_gn=5.167e-02 budget=0.0000 top_k=2 lr=9.448e-06 elapsed=39.3m
[train] epoch=3/3 step=1150/1206 loss=1.8008 ce=1.7584 ce_ema=1.6572 pairwise=0.6418 pairwise_acc=0.6000 aux=1.0296 ewp_gn=4.874e-02 budget=0.0000 top_k=2 lr=8.406e-06 elapsed=41.2m
[train] epoch=3/3 step=1200/1206 loss=1.6920 ce=1.6524 ce_ema=1.6747 pairwise=0.5865 pairwise_acc=0.8500 aux=1.0302 ewp_gn=5.329e-02 budget=0.0000 top_k=2 lr=8.005e-06 elapsed=43.1m
[eval] step=1200 eval_pairwise_acc=0.705000
[save] moving merged model to cpu before export
[save] merged + fp32 full model -> /mnt/data/models/CB_piqa_pw005
[save] final router top_k -> 2
[2026-04-27 01:26:35,006] [INFO] [real_accelerator.py:203:get_accelerator] Setting ds_accelerator to cuda (auto detect)
[93m [WARNING] [0m async_io requires the dev libaio .so object and headers but these were not found.
[93m [WARNING] [0m async_io: please install the libaio-dev package with apt
[93m [WARNING] [0m If libaio is already installed (perhaps from source), try setting the CFLAGS and LDFLAGS environment variables to where it can be found.
[93m [WARNING] [0m Please specify the CUTLASS repo directory as environment variable $CUTLASS_PATH
[93m [WARNING] [0m sparse_attn requires a torch version >= 1.5 and < 2.0 but detected 2.5
[93m [WARNING] [0m using untested triton version (3.1.0), only 1.0.0 is known to be compatible

[launcher] done.
