
[launcher] running:
  /home/vipuser/miniconda3/envs/op/bin/python -m torch.distributed.run --nproc_per_node 2 /root/Predict_v2/run_stage1_dynamic_moe.py --model_path /root/models/Dynamic_MoE --output_dir /root/models/fv1 --dataset piqa --eval_dataset piqa --train_split train --eval_split validation --block_size 150 --batch_size 12 --grad_accum 1 --epochs 3 --lr 8e-05 --lora_r 16 --lora_alpha 16 --lora_dropout 0.05 --num_proc 16 --load_in_4bit 0 --load_in_8bit 0 --use_bnb_8bit 0 --load_in_fp16 0 --fp16 0 --bf16 0 --train_extra_params_in_fp32 1 --router_use_entmax 0 --router_top_k 2 --router_entmax_alpha 1.7 --router_anchor_loss_coef 0.01 --router_anchor_momentum 0.99 --min_lr_ratio 0.1 --router_lr_mult 1.0 --eval_max_samples 200 --router_use_softmax_temperature 1 --router_softmax_temperature 0.8 --stage1_epochs 1 --stage1_lr 0.0001 --stage1_grad_accum 1 --stage1_data_ratio 0.5 --stage1_distill_temperature 2.0 --stage1_kl_coef 2.0 --stage1_logit_coef 0.25 --stage1_use_logit_loss 1
[load] tokenizer from model_path: /root/models/Dynamic_MoE
[load] distributed=True world_size=2 4bit=False 8bit=False
[train] mixed precision: fp16=False bf16=False
[stage1] loading base model for router distillation
[init] layer 0 expert_key/expert_anchor initialized from legacy router.weight
[init] layer 1 expert_key/expert_anchor initialized from legacy router.weight
[init] layer 2 expert_key/expert_anchor initialized from legacy router.weight
[init] layer 3 expert_key/expert_anchor initialized from legacy router.weight
[init] layer 4 expert_key/expert_anchor initialized from legacy router.weight
[init] layer 5 expert_key/expert_anchor initialized from legacy router.weight
[init] layer 6 expert_key/expert_anchor initialized from legacy router.weight
[init] layer 7 expert_key/expert_anchor initialized from legacy router.weight
[init] layer 8 expert_key/expert_anchor initialized from legacy router.weight
[init] layer 9 expert_key/expert_anchor initialized from legacy router.weight
[init] layer 10 expert_key/expert_anchor initialized from legacy router.weight
[init] layer 11 expert_key/expert_anchor initialized from legacy router.weight
[init] layer 12 expert_key/expert_anchor initialized from legacy router.weight
[init] layer 13 expert_key/expert_anchor initialized from legacy router.weight
[init] layer 14 expert_key/expert_anchor initialized from legacy router.weight
[init] layer 15 expert_key/expert_anchor initialized from legacy router.weight
[init] layer 16 expert_key/expert_anchor initialized from legacy router.weight
[init] layer 17 expert_key/expert_anchor initialized from legacy router.weight
[init] layer 18 expert_key/expert_anchor initialized from legacy router.weight
[init] layer 19 expert_key/expert_anchor initialized from legacy router.weight
[init] layer 20 expert_key/expert_anchor initialized from legacy router.weight
[init] layer 21 expert_key/expert_anchor initialized from legacy router.weight
[init] layer 22 expert_key/expert_anchor initialized from legacy router.weight
[init] layer 23 expert_key/expert_anchor initialized from legacy router.weight
[load] checkpoint loaded with strict=False: missing=96 unexpected=24 dtype=torch.float32
[init] layer 0 expert_key/expert_anchor initialized from legacy router.weight
[init] layer 1 expert_key/expert_anchor initialized from legacy router.weight
[init] layer 2 expert_key/expert_anchor initialized from legacy router.weight
[init] layer 3 expert_key/expert_anchor initialized from legacy router.weight
[init] layer 4 expert_key/expert_anchor initialized from legacy router.weight
[init] layer 5 expert_key/expert_anchor initialized from legacy router.weight
[init] layer 6 expert_key/expert_anchor initialized from legacy router.weight
[init] layer 7 expert_key/expert_anchor initialized from legacy router.weight
[init] layer 8 expert_key/expert_anchor initialized from legacy router.weight
[init] layer 9 expert_key/expert_anchor initialized from legacy router.weight
[init] layer 10 expert_key/expert_anchor initialized from legacy router.weight
[init] layer 11 expert_key/expert_anchor initialized from legacy router.weight
[init] layer 12 expert_key/expert_anchor initialized from legacy router.weight
[init] layer 13 expert_key/expert_anchor initialized from legacy router.weight
[init] layer 14 expert_key/expert_anchor initialized from legacy router.weight
[init] layer 15 expert_key/expert_anchor initialized from legacy router.weight
[init] layer 16 expert_key/expert_anchor initialized from legacy router.weight
[init] layer 17 expert_key/expert_anchor initialized from legacy router.weight
[init] layer 18 expert_key/expert_anchor initialized from legacy router.weight
[init] layer 19 expert_key/expert_anchor initialized from legacy router.weight
[init] layer 20 expert_key/expert_anchor initialized from legacy router.weight
[init] layer 21 expert_key/expert_anchor initialized from legacy router.weight
[init] layer 22 expert_key/expert_anchor initialized from legacy router.weight
[init] layer 23 expert_key/expert_anchor initialized from legacy router.weight
[init] initialized new router modules from legacy dense router for 24 layers
[stage1] trainable cross-attention router params: 25559040
[stage1][data] train=8056 (ratio=0.500, seed=42)
[stage1] epoch=1/1 step=50 loss=0.352725 kl=0.167910 logit=0.067625 t_ent=1.5827 s_ent=1.7124 top1=0.8370 topk=0.8077 cos=0.9099 elapsed=0.3m
[stage1] epoch=1/1 step=100 loss=0.132778 kl=0.062827 logit=0.028492 t_ent=1.5586 s_ent=1.6153 top1=0.9145 topk=0.8826 cos=0.9521 elapsed=0.6m
[stage1] epoch=1/1 step=150 loss=0.061831 kl=0.029087 logit=0.014624 t_ent=1.5624 s_ent=1.5821 top1=0.9451 topk=0.9191 cos=0.9670 elapsed=0.9m
[stage1] epoch=1/1 step=200 loss=0.035231 kl=0.016516 logit=0.008793 t_ent=1.5614 s_ent=1.5739 top1=0.9580 topk=0.9411 cos=0.9717 elapsed=1.2m
[stage1] epoch=1/1 step=250 loss=0.026097 kl=0.012253 logit=0.006364 t_ent=1.5692 s_ent=1.5788 top1=0.9684 topk=0.9505 cos=0.9751 elapsed=1.5m
[stage1] epoch=1/1 step=300 loss=0.018033 kl=0.008451 logit=0.004526 t_ent=1.5589 s_ent=1.5651 top1=0.9735 topk=0.9589 cos=0.9775 elapsed=1.8m
[stage1] saving full checkpoint to /root/models/fv1/ckpt_after_stage1
[2026-04-22 17:58:41,201] [INFO] [real_accelerator.py:203:get_accelerator] Setting ds_accelerator to cuda (auto detect)
[93m [WARNING] [0m async_io requires the dev libaio .so object and headers but these were not found.
[93m [WARNING] [0m async_io: please install the libaio-dev package with apt
[93m [WARNING] [0m If libaio is already installed (perhaps from source), try setting the CFLAGS and LDFLAGS environment variables to where it can be found.
[93m [WARNING] [0m Please specify the CUTLASS repo directory as environment variable $CUTLASS_PATH
[93m [WARNING] [0m sparse_attn requires a torch version >= 1.5 and < 2.0 but detected 2.5
[93m [WARNING] [0m using untested triton version (3.1.0), only 1.0.0 is known to be compatible

[launcher] running:
  /home/vipuser/miniconda3/envs/op/bin/python -m torch.distributed.run --nproc_per_node 2 /root/Predict_v2/run_stage2_dynamic_moe.py --model_path /root/models/Dynamic_MoE --output_dir /root/models/fv1 --dataset piqa --eval_dataset piqa --train_split train --eval_split validation --block_size 150 --batch_size 12 --grad_accum 1 --epochs 3 --lr 8e-05 --lora_r 16 --lora_alpha 16 --lora_dropout 0.05 --num_proc 16 --load_in_4bit 0 --load_in_8bit 0 --use_bnb_8bit 0 --load_in_fp16 0 --fp16 0 --bf16 0 --train_extra_params_in_fp32 1 --router_use_entmax 0 --router_top_k 2 --router_entmax_alpha 1.7 --router_anchor_loss_coef 0.01 --router_anchor_momentum 0.99 --min_lr_ratio 0.1 --router_lr_mult 1.0 --eval_max_samples 200 --router_use_softmax_temperature 1 --router_softmax_temperature 0.8 --stage2_include_validation_in_train 1 --stage2_validation_train_ratio 0.1 --stage2_validation_train_split validation --stage2_init_path /root/models/fv1/ckpt_after_stage1
[load] tokenizer from model_path: /root/models/Dynamic_MoE
[load] distributed=True world_size=2 4bit=False 8bit=False
[train] mixed precision: fp16=False bf16=False
[stage2] loading model from /root/models/fv1/ckpt_after_stage1
[load] checkpoint loaded with strict=False: missing=0 unexpected=0 dtype=torch.float32
[stage2] extra trainable new-router params: 25559040
[stage2] cast selected router params to fp32: 0
[stage2] trainable params: 99483648/3587621888 (2.77%)
trainable params: 99,483,648 || all params: 3,587,621,888 || trainable%: 2.7730
[stage2][data] piqa: borrowed 184/1838 from validation into train
[stage2][data] piqa: borrowed 184/1838 from validation into train
[stage2][data] train=16297 eval=200 block_size=150
[stage2][opt] param groups: other=2496 router=48
[stage2][opt] lrs: other=8.000e-05 router=8.000e-05
[train] epoch=1/3 step=50/2037 loss=2.5854 ce=2.0244 ce_ema=2.8124 pairwise=0.7012 pairwise_acc=0.5833 anchor=0.0022 budget=0.0000 top_k=2 anchor_key_cos=0.9978 lr=6.689e-05 elapsed=1.3m
[train] epoch=1/3 step=100/2037 loss=2.4667 ce=1.9096 ce_ema=2.2813 pairwise=0.6963 pairwise_acc=0.5000 anchor=0.0023 budget=0.0000 top_k=2 anchor_key_cos=0.9977 lr=7.993e-05 elapsed=2.6m
[train] epoch=1/3 step=150/2037 loss=2.3957 ce=1.8414 ce_ema=2.0589 pairwise=0.6928 pairwise_acc=0.5000 anchor=0.0023 budget=0.0000 top_k=2 anchor_key_cos=0.9977 lr=7.964e-05 elapsed=3.9m
[train] epoch=1/3 step=200/2037 loss=2.5894 ce=1.9808 ce_ema=1.9680 pairwise=0.7607 pairwise_acc=0.5833 anchor=0.0023 budget=0.0000 top_k=2 anchor_key_cos=0.9977 lr=7.912e-05 elapsed=5.3m
[eval] step=200 loss=2.4702 ce=1.9404 pairwise=0.6622 pairwise_acc=0.6700 ppl=6.96
[train] epoch=1/3 step=250/2037 loss=2.6839 ce=2.0081 ce_ema=1.9230 pairwise=0.8447 pairwise_acc=0.3333 anchor=0.0023 budget=0.0000 top_k=2 anchor_key_cos=0.9977 lr=7.839e-05 elapsed=6.7m
[train] epoch=1/3 step=300/2037 loss=2.4512 ce=1.9526 ce_ema=1.9039 pairwise=0.6232 pairwise_acc=0.7500 anchor=0.0024 budget=0.0000 top_k=2 anchor_key_cos=0.9976 lr=7.743e-05 elapsed=8.0m
[train] epoch=1/3 step=350/2037 loss=2.4051 ce=1.7848 ce_ema=1.9250 pairwise=0.7754 pairwise_acc=0.5833 anchor=0.0024 budget=0.0000 top_k=2 anchor_key_cos=0.9976 lr=7.627e-05 elapsed=9.4m
[train] epoch=1/3 step=400/2037 loss=2.5138 ce=2.0219 ce_ema=1.9049 pairwise=0.6148 pairwise_acc=0.6667 anchor=0.0024 budget=0.0000 top_k=2 anchor_key_cos=0.9976 lr=7.490e-05 elapsed=10.8m
[eval] step=400 loss=2.4248 ce=1.9050 pairwise=0.6497 pairwise_acc=0.7000 ppl=6.72
[train] epoch=1/3 step=450/2037 loss=2.7123 ce=2.1374 ce_ema=1.8857 pairwise=0.7186 pairwise_acc=0.7500 anchor=0.0024 budget=0.0000 top_k=2 anchor_key_cos=0.9976 lr=7.333e-05 elapsed=12.1m
[train] epoch=1/3 step=500/2037 loss=2.0786 ce=1.5538 ce_ema=1.8637 pairwise=0.6560 pairwise_acc=0.7500 anchor=0.0024 budget=0.0000 top_k=2 anchor_key_cos=0.9976 lr=7.158e-05 elapsed=13.4m
[train] epoch=1/3 step=550/2037 loss=2.4029 ce=1.8899 ce_ema=1.8625 pairwise=0.6413 pairwise_acc=0.5833 anchor=0.0024 budget=0.0000 top_k=2 anchor_key_cos=0.9976 lr=6.966e-05 elapsed=14.7m
[train] epoch=1/3 step=600/2037 loss=2.5659 ce=1.9587 ce_ema=1.8606 pairwise=0.7590 pairwise_acc=0.4167 anchor=0.0024 budget=0.0000 top_k=2 anchor_key_cos=0.9976 lr=6.757e-05 elapsed=16.1m
[eval] step=600 loss=2.4061 ce=1.8878 pairwise=0.6478 pairwise_acc=0.7200 ppl=6.60
[train] epoch=1/3 step=650/2037 loss=2.3136 ce=1.8248 ce_ema=1.8310 pairwise=0.6110 pairwise_acc=0.7500 anchor=0.0024 budget=0.0000 top_k=2 anchor_key_cos=0.9976 lr=6.534e-05 elapsed=17.4m
[train] epoch=2/3 step=700/2037 loss=2.3691 ce=1.9318 ce_ema=1.8316 pairwise=0.5466 pairwise_acc=0.8333 anchor=0.0025 budget=0.0000 top_k=2 anchor_key_cos=0.9975 lr=6.297e-05 elapsed=18.8m
[train] epoch=2/3 step=750/2037 loss=2.4074 ce=1.9550 ce_ema=1.8114 pairwise=0.5655 pairwise_acc=0.7500 anchor=0.0025 budget=0.0000 top_k=2 anchor_key_cos=0.9975 lr=6.048e-05 elapsed=20.1m
[train] epoch=2/3 step=800/2037 loss=2.1626 ce=1.6480 ce_ema=1.8033 pairwise=0.6432 pairwise_acc=0.7500 anchor=0.0025 budget=0.0000 top_k=2 anchor_key_cos=0.9975 lr=5.788e-05 elapsed=21.5m
[eval] step=800 loss=2.3976 ce=1.8836 pairwise=0.6425 pairwise_acc=0.7300 ppl=6.58
[train] epoch=2/3 step=850/2037 loss=1.8379 ce=1.5646 ce_ema=1.7943 pairwise=0.3416 pairwise_acc=1.0000 anchor=0.0025 budget=0.0000 top_k=2 anchor_key_cos=0.9975 lr=5.520e-05 elapsed=22.8m
[train] epoch=2/3 step=900/2037 loss=2.5251 ce=2.0221 ce_ema=1.7750 pairwise=0.6287 pairwise_acc=0.6667 anchor=0.0025 budget=0.0000 top_k=2 anchor_key_cos=0.9975 lr=5.245e-05 elapsed=24.1m
[train] epoch=2/3 step=950/2037 loss=2.3003 ce=1.8521 ce_ema=1.7555 pairwise=0.5602 pairwise_acc=0.8333 anchor=0.0025 budget=0.0000 top_k=2 anchor_key_cos=0.9975 lr=4.964e-05 elapsed=25.4m
[train] epoch=2/3 step=1000/2037 loss=2.1179 ce=1.6702 ce_ema=1.7876 pairwise=0.5596 pairwise_acc=0.7500 anchor=0.0025 budget=0.0000 top_k=2 anchor_key_cos=0.9975 lr=4.680e-05 elapsed=26.9m
[eval] step=1000 loss=2.3813 ce=1.8726 pairwise=0.6359 pairwise_acc=0.7150 ppl=6.51
[train] epoch=2/3 step=1050/2037 loss=2.1497 ce=1.6645 ce_ema=1.7813 pairwise=0.6065 pairwise_acc=0.9167 anchor=0.0025 budget=0.0000 top_k=2 anchor_key_cos=0.9975 lr=4.394e-05 elapsed=28.2m
[train] epoch=2/3 step=1100/2037 loss=2.3114 ce=1.8203 ce_ema=1.7729 pairwise=0.6138 pairwise_acc=0.6667 anchor=0.0025 budget=0.0000 top_k=2 anchor_key_cos=0.9975 lr=4.108e-05 elapsed=29.5m
[train] epoch=2/3 step=1150/2037 loss=2.3181 ce=1.9058 ce_ema=1.7803 pairwise=0.5153 pairwise_acc=1.0000 anchor=0.0025 budget=0.0000 top_k=2 anchor_key_cos=0.9975 lr=3.824e-05 elapsed=30.9m
[train] epoch=2/3 step=1200/2037 loss=2.0005 ce=1.5380 ce_ema=1.7743 pairwise=0.5781 pairwise_acc=0.7500 anchor=0.0025 budget=0.0000 top_k=2 anchor_key_cos=0.9975 lr=3.544e-05 elapsed=32.3m
[eval] step=1200 loss=2.3636 ce=1.8618 pairwise=0.6272 pairwise_acc=0.7350 ppl=6.44
[train] epoch=2/3 step=1250/2037 loss=2.4641 ce=1.9609 ce_ema=1.7907 pairwise=0.6290 pairwise_acc=0.5833 anchor=0.0025 budget=0.0000 top_k=2 anchor_key_cos=0.9975 lr=3.269e-05 elapsed=33.6m
[train] epoch=2/3 step=1300/2037 loss=2.3880 ce=1.9169 ce_ema=1.7668 pairwise=0.5888 pairwise_acc=0.7500 anchor=0.0025 budget=0.0000 top_k=2 anchor_key_cos=0.9975 lr=3.001e-05 elapsed=34.9m
[train] epoch=2/3 step=1350/2037 loss=1.9462 ce=1.5533 ce_ema=1.7641 pairwise=0.4911 pairwise_acc=1.0000 anchor=0.0025 budget=0.0000 top_k=2 anchor_key_cos=0.9975 lr=2.742e-05 elapsed=36.2m
[train] epoch=3/3 step=1400/2037 loss=2.0066 ce=1.6358 ce_ema=1.7051 pairwise=0.4635 pairwise_acc=1.0000 anchor=0.0025 budget=0.0000 top_k=2 anchor_key_cos=0.9975 lr=2.494e-05 elapsed=37.7m
[eval] step=1400 loss=2.3675 ce=1.8729 pairwise=0.6183 pairwise_acc=0.7450 ppl=6.51
[train] epoch=3/3 step=1450/2037 loss=2.1346 ce=1.7521 ce_ema=1.6798 pairwise=0.4781 pairwise_acc=0.8333 anchor=0.0025 budget=0.0000 top_k=2 anchor_key_cos=0.9975 lr=2.257e-05 elapsed=39.1m
[train] epoch=3/3 step=1500/2037 loss=1.7349 ce=1.4482 ce_ema=1.6921 pairwise=0.3583 pairwise_acc=0.9167 anchor=0.0025 budget=0.0000 top_k=2 anchor_key_cos=0.9975 lr=2.034e-05 elapsed=40.4m
[train] epoch=3/3 step=1550/2037 loss=2.3027 ce=1.9199 ce_ema=1.6962 pairwise=0.4785 pairwise_acc=0.7500 anchor=0.0025 budget=0.0000 top_k=2 anchor_key_cos=0.9975 lr=1.826e-05 elapsed=41.7m
[train] epoch=3/3 step=1600/2037 loss=2.0110 ce=1.5925 ce_ema=1.6811 pairwise=0.5231 pairwise_acc=0.7500 anchor=0.0025 budget=0.0000 top_k=2 anchor_key_cos=0.9975 lr=1.634e-05 elapsed=43.1m
[eval] step=1600 loss=2.3805 ce=1.8817 pairwise=0.6234 pairwise_acc=0.7300 ppl=6.56
[train] epoch=3/3 step=1650/2037 loss=1.8814 ce=1.5019 ce_ema=1.6709 pairwise=0.4743 pairwise_acc=0.8333 anchor=0.0025 budget=0.0000 top_k=2 anchor_key_cos=0.9975 lr=1.460e-05 elapsed=44.5m
[train] epoch=3/3 step=1700/2037 loss=2.1287 ce=1.6961 ce_ema=1.6662 pairwise=0.5407 pairwise_acc=0.8333 anchor=0.0025 budget=0.0000 top_k=2 anchor_key_cos=0.9975 lr=1.304e-05 elapsed=45.8m
[train] epoch=3/3 step=1750/2037 loss=1.8982 ce=1.5091 ce_ema=1.6781 pairwise=0.4862 pairwise_acc=0.6667 anchor=0.0025 budget=0.0000 top_k=2 anchor_key_cos=0.9975 lr=1.168e-05 elapsed=47.1m
[train] epoch=3/3 step=1800/2037 loss=2.0851 ce=1.7283 ce_ema=1.6765 pairwise=0.4460 pairwise_acc=0.8333 anchor=0.0025 budget=0.0000 top_k=2 anchor_key_cos=0.9975 lr=1.053e-05 elapsed=48.6m
[eval] step=1800 loss=2.3748 ce=1.8772 pairwise=0.6220 pairwise_acc=0.7250 ppl=6.54
[train] epoch=3/3 step=1850/2037 loss=2.1404 ce=1.7731 ce_ema=1.6638 pairwise=0.4591 pairwise_acc=0.8333 anchor=0.0025 budget=0.0000 top_k=2 anchor_key_cos=0.9975 lr=9.579e-06 elapsed=49.9m
[train] epoch=3/3 step=1900/2037 loss=1.8951 ce=1.5379 ce_ema=1.6665 pairwise=0.4465 pairwise_acc=0.9167 anchor=0.0025 budget=0.0000 top_k=2 anchor_key_cos=0.9975 lr=8.851e-06 elapsed=51.3m
[train] epoch=3/3 step=1950/2037 loss=1.7123 ce=1.3696 ce_ema=1.6520 pairwise=0.4283 pairwise_acc=0.9167 anchor=0.0025 budget=0.0000 top_k=2 anchor_key_cos=0.9975 lr=8.344e-06 elapsed=52.6m
[train] epoch=3/3 step=2000/2037 loss=2.2729 ce=1.8682 ce_ema=1.6949 pairwise=0.5059 pairwise_acc=0.9167 anchor=0.0025 budget=0.0000 top_k=2 anchor_key_cos=0.9975 lr=8.062e-06 elapsed=54.0m
[eval] step=2000 loss=2.3725 ce=1.8750 pairwise=0.6219 pairwise_acc=0.7250 ppl=6.52
[save] moving merged model to cpu before export
[save] merged + fp32 full model -> /root/models/fv1
[save] final router top_k -> 2
[2026-04-22 18:57:42,810] [INFO] [real_accelerator.py:203:get_accelerator] Setting ds_accelerator to cuda (auto detect)
[93m [WARNING] [0m async_io requires the dev libaio .so object and headers but these were not found.
[93m [WARNING] [0m async_io: please install the libaio-dev package with apt
[93m [WARNING] [0m If libaio is already installed (perhaps from source), try setting the CFLAGS and LDFLAGS environment variables to where it can be found.
[93m [WARNING] [0m Please specify the CUTLASS repo directory as environment variable $CUTLASS_PATH
[93m [WARNING] [0m sparse_attn requires a torch version >= 1.5 and < 2.0 but detected 2.5
[93m [WARNING] [0m using untested triton version (3.1.0), only 1.0.0 is known to be compatible

[launcher] done.
