
[launcher] running:
  /home/vipuser/miniconda3/envs/op/bin/python -m torch.distributed.run --nproc_per_node 2 /root/Predict_v2/run_stage1_dynamic_moe.py --model_path /root/models/Dynamic_MoE --output_dir /mnt/data/models/fv1_openbookqa --dataset openbookqa --eval_dataset openbookqa --train_split train --eval_split validation --block_size 150 --batch_size 8 --grad_accum 1 --epochs 3 --lr 8e-05 --lora_r 16 --lora_alpha 16 --lora_dropout 0.05 --num_proc 16 --load_in_4bit 0 --load_in_8bit 0 --use_bnb_8bit 0 --load_in_fp16 0 --fp16 0 --bf16 0 --train_extra_params_in_fp32 1 --router_use_entmax 0 --router_top_k 2 --router_entmax_alpha 1.7 --router_value_anchor_loss_coef 0.1 --router_anchor_momentum 0.99 --min_lr_ratio 0.1 --router_lr_mult 1.0 --eval_max_samples 200 --router_use_softmax_temperature 1 --router_softmax_temperature 0.8 --router_aux_loss_coef 0.0 --stage1_epochs 1 --stage1_lr 0.0001 --stage1_grad_accum 1 --stage1_data_ratio 0.5 --stage1_distill_temperature 2.0 --stage1_kl_coef 2.0 --stage1_logit_coef 0.25 --stage1_use_logit_loss 1
[load] tokenizer from model_path: /root/models/Dynamic_MoE
[load] distributed=True world_size=2 4bit=False 8bit=False
[train] mixed precision: fp16=False bf16=False
[stage1] loading base model for router distillation
[load] checkpoint loaded with strict=False: missing=120 unexpected=24 dtype=torch.float32
[init] layer 0 expert_value/value_anchor initialized from legacy router.weight
[init] layer 1 expert_value/value_anchor initialized from legacy router.weight
[init] layer 2 expert_value/value_anchor initialized from legacy router.weight
[init] layer 3 expert_value/value_anchor initialized from legacy router.weight
[init] layer 4 expert_value/value_anchor initialized from legacy router.weight
[init] layer 5 expert_value/value_anchor initialized from legacy router.weight
[init] layer 6 expert_value/value_anchor initialized from legacy router.weight
[init] layer 7 expert_value/value_anchor initialized from legacy router.weight
[init] layer 8 expert_value/value_anchor initialized from legacy router.weight
[init] layer 9 expert_value/value_anchor initialized from legacy router.weight
[init] layer 10 expert_value/value_anchor initialized from legacy router.weight
[init] layer 11 expert_value/value_anchor initialized from legacy router.weight
[init] layer 12 expert_value/value_anchor initialized from legacy router.weight
[init] layer 13 expert_value/value_anchor initialized from legacy router.weight
[init] layer 14 expert_value/value_anchor initialized from legacy router.weight
[init] layer 15 expert_value/value_anchor initialized from legacy router.weight
[init] layer 16 expert_value/value_anchor initialized from legacy router.weight
[init] layer 17 expert_value/value_anchor initialized from legacy router.weight
[init] layer 18 expert_value/value_anchor initialized from legacy router.weight
[init] layer 19 expert_value/value_anchor initialized from legacy router.weight
[init] layer 20 expert_value/value_anchor initialized from legacy router.weight
[init] layer 21 expert_value/value_anchor initialized from legacy router.weight
[init] layer 22 expert_value/value_anchor initialized from legacy router.weight
[init] layer 23 expert_value/value_anchor initialized from legacy router.weight
[init] initialized new router modules from legacy dense router for 24 layers
[init] layer 0 expert_value/value_anchor initialized from legacy router.weight
[init] layer 1 expert_value/value_anchor initialized from legacy router.weight
[init] layer 2 expert_value/value_anchor initialized from legacy router.weight
[init] layer 3 expert_value/value_anchor initialized from legacy router.weight
[init] layer 4 expert_value/value_anchor initialized from legacy router.weight
[init] layer 5 expert_value/value_anchor initialized from legacy router.weight
[init] layer 6 expert_value/value_anchor initialized from legacy router.weight
[init] layer 7 expert_value/value_anchor initialized from legacy router.weight
[init] layer 8 expert_value/value_anchor initialized from legacy router.weight
[init] layer 9 expert_value/value_anchor initialized from legacy router.weight
[init] layer 10 expert_value/value_anchor initialized from legacy router.weight
[init] layer 11 expert_value/value_anchor initialized from legacy router.weight
[init] layer 12 expert_value/value_anchor initialized from legacy router.weight
[init] layer 13 expert_value/value_anchor initialized from legacy router.weight
[init] layer 14 expert_value/value_anchor initialized from legacy router.weight
[init] layer 15 expert_value/value_anchor initialized from legacy router.weight
[init] layer 16 expert_value/value_anchor initialized from legacy router.weight
[init] layer 17 expert_value/value_anchor initialized from legacy router.weight
[init] layer 18 expert_value/value_anchor initialized from legacy router.weight
[init] layer 19 expert_value/value_anchor initialized from legacy router.weight
[init] layer 20 expert_value/value_anchor initialized from legacy router.weight
[init] layer 21 expert_value/value_anchor initialized from legacy router.weight
[init] layer 22 expert_value/value_anchor initialized from legacy router.weight
[init] layer 23 expert_value/value_anchor initialized from legacy router.weight
[stage1] trainable cross-attention router params: 50724864
[stage1][data] train=2478 (ratio=0.500, seed=42)
[stage1] epoch=1/1 step=50 loss=0.200164 kl=0.094914 logit=0.041342 t_ent=1.6048 s_ent=1.6799 top1=0.8689 topk=0.8484 cos=0.9364 elapsed=0.3m
[stage1] epoch=1/1 step=100 loss=0.064950 kl=0.030760 logit=0.013721 t_ent=1.6068 s_ent=1.6346 top1=0.9307 topk=0.9165 cos=0.9664 elapsed=0.7m
[stage1] epoch=1/1 step=150 loss=0.022228 kl=0.010489 logit=0.004997 t_ent=1.6027 s_ent=1.6083 top1=0.9626 topk=0.9546 cos=0.9737 elapsed=1.0m
[stage1] saving full checkpoint to /mnt/data/models/fv1_openbookqa/ckpt_after_stage1
[2026-04-24 16:13:33,218] [INFO] [real_accelerator.py:203:get_accelerator] Setting ds_accelerator to cuda (auto detect)
[93m [WARNING] [0m async_io requires the dev libaio .so object and headers but these were not found.
[93m [WARNING] [0m async_io: please install the libaio-dev package with apt
[93m [WARNING] [0m If libaio is already installed (perhaps from source), try setting the CFLAGS and LDFLAGS environment variables to where it can be found.
[93m [WARNING] [0m Please specify the CUTLASS repo directory as environment variable $CUTLASS_PATH
[93m [WARNING] [0m sparse_attn requires a torch version >= 1.5 and < 2.0 but detected 2.5
[93m [WARNING] [0m using untested triton version (3.1.0), only 1.0.0 is known to be compatible

[launcher] running:
  /home/vipuser/miniconda3/envs/op/bin/python -m torch.distributed.run --nproc_per_node 2 /root/Predict_v2/run_stage2_dynamic_moe.py --model_path /root/models/Dynamic_MoE --output_dir /mnt/data/models/fv1_openbookqa --dataset openbookqa --eval_dataset openbookqa --train_split train --eval_split validation --block_size 150 --batch_size 8 --grad_accum 1 --epochs 3 --lr 8e-05 --lora_r 16 --lora_alpha 16 --lora_dropout 0.05 --num_proc 16 --load_in_4bit 0 --load_in_8bit 0 --use_bnb_8bit 0 --load_in_fp16 0 --fp16 0 --bf16 0 --train_extra_params_in_fp32 1 --router_use_entmax 0 --router_top_k 2 --router_entmax_alpha 1.7 --router_value_anchor_loss_coef 0.1 --router_anchor_momentum 0.99 --min_lr_ratio 0.1 --router_lr_mult 1.0 --eval_max_samples 200 --router_use_softmax_temperature 1 --router_softmax_temperature 0.8 --router_aux_loss_coef 0.0 --stage2_init_path /mnt/data/models/fv1_openbookqa/ckpt_after_stage1
[load] tokenizer from model_path: /root/models/Dynamic_MoE
[load] distributed=True world_size=2 4bit=False 8bit=False
[train] mixed precision: fp16=False bf16=False
[stage2] loading model from /mnt/data/models/fv1_openbookqa/ckpt_after_stage1
[load] checkpoint loaded with strict=False: missing=0 unexpected=0 dtype=torch.float32
[stage2] extra trainable new-router params: 50724864
[stage2] cast selected router params to fp32: 0
[stage2] trainable params: 124649472/3612787712 (3.45%)
trainable params: 124,649,472 || all params: 3,612,787,712 || trainable%: 3.4502
[stage2][eval] using OpenCompass-style PPL ranking for openbookqa
[stage2][data] train=4957 eval=200 block_size=150
[stage2][opt] param groups: other=2496 router=72
[stage2][opt] lrs: other=8.000e-05 router=8.000e-05
[train] epoch=1/3 step=50/927 loss=1.7827 ce=1.7827 ce_ema=2.7565 pairwise=0.0000 pairwise_acc=0.0000 v_anchor=0.0004 budget=0.0000 top_k=2 value_anchor_cos=0.9996 lr=7.988e-05 elapsed=1.2m
[train] epoch=1/3 step=100/927 loss=1.7334 ce=1.7334 ce_ema=2.1307 pairwise=0.0000 pairwise_acc=0.0000 v_anchor=0.0005 budget=0.0000 top_k=2 value_anchor_cos=0.9995 lr=7.884e-05 elapsed=2.6m
[eval] step=100 eval_pairwise_acc=0.300000
[train] epoch=1/3 step=150/927 loss=1.7885 ce=1.7885 ce_ema=1.8852 pairwise=0.0000 pairwise_acc=0.0000 v_anchor=0.0005 budget=0.0000 top_k=2 value_anchor_cos=0.9995 lr=7.673e-05 elapsed=3.8m
[train] epoch=1/3 step=200/927 loss=1.6376 ce=1.6375 ce_ema=1.7729 pairwise=0.0000 pairwise_acc=0.0000 v_anchor=0.0005 budget=0.0000 top_k=2 value_anchor_cos=0.9995 lr=7.363e-05 elapsed=5.2m
[eval] step=200 eval_pairwise_acc=0.295000
[train] epoch=1/3 step=250/927 loss=1.5174 ce=1.5173 ce_ema=1.7178 pairwise=0.0000 pairwise_acc=0.0000 v_anchor=0.0005 budget=0.0000 top_k=2 value_anchor_cos=0.9995 lr=6.963e-05 elapsed=6.5m
[train] epoch=1/3 step=300/927 loss=1.6504 ce=1.6504 ce_ema=1.6816 pairwise=0.0000 pairwise_acc=0.0000 v_anchor=0.0005 budget=0.0000 top_k=2 value_anchor_cos=0.9995 lr=6.485e-05 elapsed=7.9m
[eval] step=300 eval_pairwise_acc=0.325000
[train] epoch=2/3 step=350/927 loss=1.6094 ce=1.6094 ce_ema=1.6433 pairwise=0.0000 pairwise_acc=0.0000 v_anchor=0.0005 budget=0.0000 top_k=2 value_anchor_cos=0.9995 lr=5.944e-05 elapsed=9.2m
