
[launcher] running:
  /home/vipuser/miniconda3/envs/op/bin/python -m torch.distributed.run --nproc_per_node 2 /root/Predict_v2/run_stage1_dynamic_moe.py --model_path /root/models/Dynamic_MoE --output_dir /mnt/data/models/fv1_arc_e_o20 --dataset arc-e --eval_dataset arc-e --train_split train --eval_split validation --block_size 150 --batch_size 8 --grad_accum 1 --epochs 3 --lr 5e-05 --lora_r 16 --lora_alpha 16 --lora_dropout 0.05 --num_proc 16 --load_in_4bit 0 --load_in_8bit 0 --use_bnb_8bit 0 --load_in_fp16 0 --fp16 0 --bf16 0 --train_extra_params_in_fp32 1 --router_use_entmax 0 --router_top_k 2 --router_entmax_alpha 1.7 --router_value_anchor_loss_coef 0.01 --router_anchor_momentum 0.99 --min_lr_ratio 0.1 --router_lr_mult 1.0 --eval_max_samples 400 --router_use_softmax_temperature 1 --router_softmax_temperature 1.1 --train_new_router_params 1 --router_aux_loss_coef 0.01 --init_new_router_from_legacy 1 --stage1_epochs 1 --stage1_lr 0.0001 --stage1_grad_accum 1 --stage1_data_ratio 0.5 --stage1_distill_temperature 2.0 --stage1_kl_coef 2.0 --stage1_logit_coef 0.25 --stage1_use_logit_loss 1
[router] anchor-router trunk ignores legacy router settings: router_value_anchor_loss_coef
[load] tokenizer from model_path: /root/models/Dynamic_MoE
[load] distributed=True world_size=2 4bit=False 8bit=False
[train] mixed precision: fp16=False bf16=False
[stage1] loading base model for router distillation
[load] checkpoint loaded with strict=False: missing=96 unexpected=24 dtype=torch.float32
[init] layer 0 expert_weight_proj initialized from legacy router.weight
[init] layer 1 expert_weight_proj initialized from legacy router.weight
[init] layer 2 expert_weight_proj initialized from legacy router.weight
[init] layer 3 expert_weight_proj initialized from legacy router.weight
[init] layer 4 expert_weight_proj initialized from legacy router.weight
[init] layer 5 expert_weight_proj initialized from legacy router.weight
[init] layer 6 expert_weight_proj initialized from legacy router.weight
[init] layer 7 expert_weight_proj initialized from legacy router.weight
[init] layer 8 expert_weight_proj initialized from legacy router.weight
[init] layer 9 expert_weight_proj initialized from legacy router.weight
[init] layer 10 expert_weight_proj initialized from legacy router.weight
[init] layer 11 expert_weight_proj initialized from legacy router.weight
[init] layer 12 expert_weight_proj initialized from legacy router.weight
[init] layer 13 expert_weight_proj initialized from legacy router.weight
[init] layer 14 expert_weight_proj initialized from legacy router.weight
[init] layer 15 expert_weight_proj initialized from legacy router.weight
[init] layer 16 expert_weight_proj initialized from legacy router.weight
[init] layer 17 expert_weight_proj initialized from legacy router.weight
[init] layer 18 expert_weight_proj initialized from legacy router.weight
[init] layer 19 expert_weight_proj initialized from legacy router.weight
[init] layer 20 expert_weight_proj initialized from legacy router.weight
[init] layer 21 expert_weight_proj initialized from legacy router.weight
[init] layer 22 expert_weight_proj initialized from legacy router.weight
[init] layer 23 expert_weight_proj initialized from legacy router.weight
[init] initialized new router modules from legacy dense router for 24 layers
[init] layer 0 expert_weight_proj initialized from legacy router.weight
[init] layer 1 expert_weight_proj initialized from legacy router.weight
[init] layer 2 expert_weight_proj initialized from legacy router.weight
[init] layer 3 expert_weight_proj initialized from legacy router.weight
[init] layer 4 expert_weight_proj initialized from legacy router.weight
[init] layer 5 expert_weight_proj initialized from legacy router.weight
[init] layer 6 expert_weight_proj initialized from legacy router.weight
[init] layer 7 expert_weight_proj initialized from legacy router.weight
[init] layer 8 expert_weight_proj initialized from legacy router.weight
[init] layer 9 expert_weight_proj initialized from legacy router.weight
[init] layer 10 expert_weight_proj initialized from legacy router.weight
[init] layer 11 expert_weight_proj initialized from legacy router.weight
[init] layer 12 expert_weight_proj initialized from legacy router.weight
[init] layer 13 expert_weight_proj initialized from legacy router.weight
[init] layer 14 expert_weight_proj initialized from legacy router.weight
[init] layer 15 expert_weight_proj initialized from legacy router.weight
[init] layer 16 expert_weight_proj initialized from legacy router.weight
[init] layer 17 expert_weight_proj initialized from legacy router.weight
[init] layer 18 expert_weight_proj initialized from legacy router.weight
[init] layer 19 expert_weight_proj initialized from legacy router.weight
[init] layer 20 expert_weight_proj initialized from legacy router.weight
[init] layer 21 expert_weight_proj initialized from legacy router.weight
[init] layer 22 expert_weight_proj initialized from legacy router.weight
[init] layer 23 expert_weight_proj initialized from legacy router.weight
[stage1] trainable cross-attention router params: 125829120
[stage1][data] train=1125 (ratio=0.500, seed=42)
[stage1] epoch=1/1 step=50 loss=0.600517 kl=0.285262 logit=0.119972 t_ent=1.6236 s_ent=1.8565 top1=0.7376 topk=0.7327 cos=0.8384 elapsed=0.6m
[stage1] saving full checkpoint to /mnt/data/models/fv1_arc_e_o20/ckpt_after_stage1
[2026-04-25 14:42:11,897] [INFO] [real_accelerator.py:203:get_accelerator] Setting ds_accelerator to cuda (auto detect)
[93m [WARNING] [0m async_io requires the dev libaio .so object and headers but these were not found.
[93m [WARNING] [0m async_io: please install the libaio-dev package with apt
[93m [WARNING] [0m If libaio is already installed (perhaps from source), try setting the CFLAGS and LDFLAGS environment variables to where it can be found.
[93m [WARNING] [0m Please specify the CUTLASS repo directory as environment variable $CUTLASS_PATH
[93m [WARNING] [0m sparse_attn requires a torch version >= 1.5 and < 2.0 but detected 2.5
[93m [WARNING] [0m using untested triton version (3.1.0), only 1.0.0 is known to be compatible

[launcher] running:
  /home/vipuser/miniconda3/envs/op/bin/python -m torch.distributed.run --nproc_per_node 2 /root/Predict_v2/run_stage2_dynamic_moe.py --model_path /root/models/Dynamic_MoE --output_dir /mnt/data/models/fv1_arc_e_o20 --dataset arc-e --eval_dataset arc-e --train_split train --eval_split validation --block_size 150 --batch_size 8 --grad_accum 1 --epochs 3 --lr 5e-05 --lora_r 16 --lora_alpha 16 --lora_dropout 0.05 --num_proc 16 --load_in_4bit 0 --load_in_8bit 0 --use_bnb_8bit 0 --load_in_fp16 0 --fp16 0 --bf16 0 --train_extra_params_in_fp32 1 --router_use_entmax 0 --router_top_k 2 --router_entmax_alpha 1.7 --router_value_anchor_loss_coef 0.01 --router_anchor_momentum 0.99 --min_lr_ratio 0.1 --router_lr_mult 1.0 --eval_max_samples 400 --router_use_softmax_temperature 1 --router_softmax_temperature 1.1 --train_new_router_params 1 --router_aux_loss_coef 0.01 --init_new_router_from_legacy 1 --stage2_init_path /mnt/data/models/fv1_arc_e_o20/ckpt_after_stage1
[router] anchor-router trunk ignores legacy router settings: router_value_anchor_loss_coef
[load] tokenizer from model_path: /root/models/Dynamic_MoE
[load] distributed=True world_size=2 4bit=False 8bit=False
[train] mixed precision: fp16=False bf16=False
[stage2] loading model from /mnt/data/models/fv1_arc_e_o20/ckpt_after_stage1
[load] checkpoint loaded with strict=False: missing=0 unexpected=0 dtype=torch.float32
[stage2] extra trainable new-router params: 125829120
[stage2] cast selected router params to fp32: 0
[stage2] trainable params: 199753728/3687891968 (5.42%)
trainable params: 199,753,728 || all params: 3,687,891,968 || trainable%: 5.4165
[stage2][eval] using OpenCompass-style PPL ranking for arc-e
[stage2][data] train=6751 eval=400 block_size=150
[stage2][opt] param groups: other=2496 router=72
[stage2][opt] lrs: other=5.000e-05 router=5.000e-05
[train] epoch=1/3 step=50/1263 loss=1.3885 ce=1.3733 ce_ema=2.1785 pairwise=0.6525 pairwise_acc=0.6250 aux=1.5292 ewp_gn=8.318e-02 budget=0.0000 top_k=2 lr=4.999e-05 elapsed=1.6m
[train] epoch=1/3 step=100/1263 loss=1.4823 ce=1.4695 ce_ema=1.7446 pairwise=0.7513 pairwise_acc=0.3750 aux=1.2780 ewp_gn=8.053e-02 budget=0.0000 top_k=2 lr=4.971e-05 elapsed=3.1m
[train] epoch=1/3 step=150/1263 loss=1.2394 ce=1.2272 ce_ema=1.5299 pairwise=0.5561 pairwise_acc=0.6250 aux=1.2143 ewp_gn=7.049e-02 budget=0.0000 top_k=2 lr=4.906e-05 elapsed=4.6m
[train] epoch=1/3 step=200/1263 loss=1.3814 ce=1.3691 ce_ema=1.4220 pairwise=0.5941 pairwise_acc=0.6250 aux=1.2223 ewp_gn=7.584e-02 budget=0.0000 top_k=2 lr=4.807e-05 elapsed=6.4m
[eval] step=200 eval_pairwise_acc=0.442500
[train] epoch=1/3 step=250/1263 loss=1.3103 ce=1.2986 ce_ema=1.3620 pairwise=0.5910 pairwise_acc=0.8750 aux=1.1706 ewp_gn=7.179e-02 budget=0.0000 top_k=2 lr=4.673e-05 elapsed=7.9m
[train] epoch=1/3 step=300/1263 loss=1.2108 ce=1.1993 ce_ema=1.3264 pairwise=0.5631 pairwise_acc=0.8750 aux=1.1486 ewp_gn=7.739e-02 budget=0.0000 top_k=2 lr=4.508e-05 elapsed=9.3m
[train] epoch=1/3 step=350/1263 loss=1.3489 ce=1.3377 ce_ema=1.2692 pairwise=0.6323 pairwise_acc=0.6250 aux=1.1192 ewp_gn=6.942e-02 budget=0.0000 top_k=2 lr=4.314e-05 elapsed=10.8m
[train] epoch=1/3 step=400/1263 loss=1.2966 ce=1.2856 ce_ema=1.2395 pairwise=0.6404 pairwise_acc=0.6250 aux=1.0994 ewp_gn=7.454e-02 budget=0.0000 top_k=2 lr=4.095e-05 elapsed=12.6m
[eval] step=400 eval_pairwise_acc=0.430000
[train] epoch=2/3 step=450/1263 loss=1.3180 ce=1.3070 ce_ema=1.1974 pairwise=0.6574 pairwise_acc=0.6250 aux=1.1000 ewp_gn=7.860e-02 budget=0.0000 top_k=2 lr=3.853e-05 elapsed=14.1m
[train] epoch=2/3 step=500/1263 loss=1.0781 ce=1.0671 ce_ema=1.1453 pairwise=0.3537 pairwise_acc=1.0000 aux=1.0926 ewp_gn=6.472e-02 budget=0.0000 top_k=2 lr=3.594e-05 elapsed=15.6m
[train] epoch=2/3 step=550/1263 loss=1.0846 ce=1.0738 ce_ema=1.1188 pairwise=0.5281 pairwise_acc=0.6250 aux=1.0891 ewp_gn=8.334e-02 budget=0.0000 top_k=2 lr=3.320e-05 elapsed=17.1m
[train] epoch=2/3 step=600/1263 loss=1.0496 ce=1.0386 ce_ema=1.0685 pairwise=0.4302 pairwise_acc=1.0000 aux=1.1029 ewp_gn=6.929e-02 budget=0.0000 top_k=2 lr=3.037e-05 elapsed=18.8m
[eval] step=600 eval_pairwise_acc=0.425000
[train] epoch=2/3 step=650/1263 loss=1.0662 ce=1.0554 ce_ema=1.0303 pairwise=0.4444 pairwise_acc=1.0000 aux=1.0889 ewp_gn=9.267e-02 budget=0.0000 top_k=2 lr=2.750e-05 elapsed=20.3m
[train] epoch=2/3 step=700/1263 loss=0.8399 ce=0.8289 ce_ema=1.0045 pairwise=0.4693 pairwise_acc=0.8750 aux=1.0951 ewp_gn=7.712e-02 budget=0.0000 top_k=2 lr=2.463e-05 elapsed=21.8m
[train] epoch=2/3 step=750/1263 loss=0.9603 ce=0.9493 ce_ema=0.9865 pairwise=0.4534 pairwise_acc=0.8750 aux=1.1011 ewp_gn=9.041e-02 budget=0.0000 top_k=2 lr=2.180e-05 elapsed=23.2m
[train] epoch=2/3 step=800/1263 loss=0.9024 ce=0.8914 ce_ema=0.9708 pairwise=0.4121 pairwise_acc=1.0000 aux=1.0947 ewp_gn=8.252e-02 budget=0.0000 top_k=2 lr=1.906e-05 elapsed=25.0m
[eval] step=800 eval_pairwise_acc=0.430000
[train] epoch=3/3 step=850/1263 loss=0.8199 ce=0.8093 ce_ema=0.9305 pairwise=0.4503 pairwise_acc=1.0000 aux=1.0646 ewp_gn=8.574e-02 budget=0.0000 top_k=2 lr=1.647e-05 elapsed=26.5m
[train] epoch=3/3 step=900/1263 loss=0.7743 ce=0.7635 ce_ema=0.8684 pairwise=0.4709 pairwise_acc=0.8750 aux=1.0775 ewp_gn=1.000e-01 budget=0.0000 top_k=2 lr=1.405e-05 elapsed=28.0m
[train] epoch=3/3 step=950/1263 loss=0.6958 ce=0.6849 ce_ema=0.8278 pairwise=0.3829 pairwise_acc=1.0000 aux=1.0910 ewp_gn=8.281e-02 budget=0.0000 top_k=2 lr=1.186e-05 elapsed=29.5m
[train] epoch=3/3 step=1000/1263 loss=0.9007 ce=0.8898 ce_ema=0.8217 pairwise=0.5342 pairwise_acc=0.8750 aux=1.0899 ewp_gn=9.170e-02 budget=0.0000 top_k=2 lr=9.919e-06 elapsed=31.3m
[eval] step=1000 eval_pairwise_acc=0.405000
[train] epoch=3/3 step=1050/1263 loss=0.9131 ce=0.9024 ce_ema=0.7945 pairwise=0.4798 pairwise_acc=1.0000 aux=1.0744 ewp_gn=8.743e-02 budget=0.0000 top_k=2 lr=8.269e-06 elapsed=32.7m
[train] epoch=3/3 step=1100/1263 loss=0.7293 ce=0.7182 ce_ema=0.7710 pairwise=0.4155 pairwise_acc=1.0000 aux=1.1122 ewp_gn=8.810e-02 budget=0.0000 top_k=2 lr=6.934e-06 elapsed=34.2m
[train] epoch=3/3 step=1150/1263 loss=0.9107 ce=0.8996 ce_ema=0.7712 pairwise=0.4390 pairwise_acc=1.0000 aux=1.1086 ewp_gn=1.052e-01 budget=0.0000 top_k=2 lr=5.937e-06 elapsed=35.7m
[train] epoch=3/3 step=1200/1263 loss=0.7978 ce=0.7870 ce_ema=0.7862 pairwise=0.3703 pairwise_acc=1.0000 aux=1.0820 ewp_gn=9.379e-02 budget=0.0000 top_k=2 lr=5.293e-06 elapsed=37.4m
[eval] step=1200 eval_pairwise_acc=0.400000
[train] epoch=3/3 step=1250/1263 loss=0.6003 ce=0.5896 ce_ema=0.7527 pairwise=0.4418 pairwise_acc=1.0000 aux=1.0674 ewp_gn=9.815e-02 budget=0.0000 top_k=2 lr=5.012e-06 elapsed=38.9m
[save] moving merged model to cpu before export
[save] merged + fp32 full model -> /mnt/data/models/fv1_arc_e_o20
[save] final router top_k -> 2
[2026-04-25 15:24:19,821] [INFO] [real_accelerator.py:203:get_accelerator] Setting ds_accelerator to cuda (auto detect)
[93m [WARNING] [0m async_io requires the dev libaio .so object and headers but these were not found.
[93m [WARNING] [0m async_io: please install the libaio-dev package with apt
[93m [WARNING] [0m If libaio is already installed (perhaps from source), try setting the CFLAGS and LDFLAGS environment variables to where it can be found.
[93m [WARNING] [0m Please specify the CUTLASS repo directory as environment variable $CUTLASS_PATH
[93m [WARNING] [0m sparse_attn requires a torch version >= 1.5 and < 2.0 but detected 2.5
[93m [WARNING] [0m using untested triton version (3.1.0), only 1.0.0 is known to be compatible

[launcher] done.
