==== [piqa_qw_ori_8bit] START 2026年 04月 21日 星期二 13:49:58 CST ====
CMD: torchrun --nproc_per_node 2 finetune_qwen_moe_qw_ori_8bit.py --model_path /path/to/qwen_moe_qw_ori --output_dir /path/to/outputs/out_piqa_qw_ori_8bit --dataset piqa --eval_dataset piqa --train_split train --eval_split validation --block_size 128 --batch_size 8 --grad_accum 1 --epochs 2 --lr 2e-4 --lora_r 8 --lora_alpha 16 --lora_dropout 0.05 --num_proc 16 --eval_max_samples 64 --gradient_checkpointing 1 --use_bnb_8bit 1 --router_topk 2
/home/vipuser/miniconda3/envs/op/lib/python3.10/site-packages/torch/cuda/__init__.py:61: FutureWarning: The pynvml package is deprecated. Please install nvidia-ml-py instead. If you did not install pynvml directly, please report this to the maintainers of the package that installed pynvml for you.
  import pynvml  # type: ignore[import]
W0421 13:49:59.880428 6213 site-packages/torch/distributed/run.py:793] 
W0421 13:49:59.880428 6213 site-packages/torch/distributed/run.py:793] *****************************************
W0421 13:49:59.880428 6213 site-packages/torch/distributed/run.py:793] Setting OMP_NUM_THREADS environment variable for each process to be 1 in default, to avoid your system being overloaded, please further tune the variable for optimal performance in your application as needed. 
W0421 13:49:59.880428 6213 site-packages/torch/distributed/run.py:793] *****************************************
/home/vipuser/miniconda3/envs/op/lib/python3.10/site-packages/torch/cuda/__init__.py:61: FutureWarning: The pynvml package is deprecated. Please install nvidia-ml-py instead. If you did not install pynvml directly, please report this to the maintainers of the package that installed pynvml for you.
  import pynvml  # type: ignore[import]
/home/vipuser/miniconda3/envs/op/lib/python3.10/site-packages/torch/cuda/__init__.py:61: FutureWarning: The pynvml package is deprecated. Please install nvidia-ml-py instead. If you did not install pynvml directly, please report this to the maintainers of the package that installed pynvml for you.
  import pynvml  # type: ignore[import]
Traceback (most recent call last):
  File "/root/Predict_v2/finetune_qwen_moe_qw_ori_8bit.py", line 736, in <module>
    main()
  File "/root/Predict_v2/finetune_qwen_moe_qw_ori_8bit.py", line 643, in main
    local_rank, world_size, is_distributed = setup_distributed_safe()
  File "/root/Predict_v2/finetune_qwen_dynamic_moe.py", line 76, in setup_distributed_safe
    raise RuntimeError(
RuntimeError: Invalid LOCAL_RANK=1 for visible CUDA device count=1. Set --nproc_per_node <= 1.
W0421 13:50:05.609148 6213 site-packages/torch/distributed/elastic/multiprocessing/api.py:897] Sending process 6288 closing signal SIGTERM
E0421 13:50:05.673161 6213 site-packages/torch/distributed/elastic/multiprocessing/api.py:869] failed (exitcode: 1) local_rank: 1 (pid: 6289) of binary: /home/vipuser/miniconda3/envs/op/bin/python3.10
Traceback (most recent call last):
  File "/home/vipuser/miniconda3/envs/op/bin/torchrun", line 6, in <module>
    sys.exit(main())
  File "/home/vipuser/miniconda3/envs/op/lib/python3.10/site-packages/torch/distributed/elastic/multiprocessing/errors/__init__.py", line 355, in wrapper
    return f(*args, **kwargs)
  File "/home/vipuser/miniconda3/envs/op/lib/python3.10/site-packages/torch/distributed/run.py", line 919, in main
    run(args)
  File "/home/vipuser/miniconda3/envs/op/lib/python3.10/site-packages/torch/distributed/run.py", line 910, in run
    elastic_launch(
  File "/home/vipuser/miniconda3/envs/op/lib/python3.10/site-packages/torch/distributed/launcher/api.py", line 138, in __call__
    return launch_agent(self._config, self._entrypoint, list(args))
  File "/home/vipuser/miniconda3/envs/op/lib/python3.10/site-packages/torch/distributed/launcher/api.py", line 269, in launch_agent
    raise ChildFailedError(
torch.distributed.elastic.multiprocessing.errors.ChildFailedError: 
============================================================
finetune_qwen_moe_qw_ori_8bit.py FAILED
------------------------------------------------------------
Failures:
  <NO_OTHER_FAILURES>
------------------------------------------------------------
Root Cause (first observed failure):
[0]:
  time      : 2026-04-21_13:50:05
  host      : ubuntu22.04
  rank      : 1 (local_rank: 1)
  exitcode  : 1 (pid: 6289)
  error_file: <N/A>
  traceback : To enable traceback see: https://pytorch.org/docs/stable/elastic/errors.html
============================================================
Command exited with non-zero status 1
	Command being timed: "torchrun --nproc_per_node 2 finetune_qwen_moe_qw_ori_8bit.py --model_path /path/to/qwen_moe_qw_ori --output_dir /path/to/outputs/out_piqa_qw_ori_8bit --dataset piqa --eval_dataset piqa --train_split train --eval_split validation --block_size 128 --batch_size 8 --grad_accum 1 --epochs 2 --lr 2e-4 --lora_r 8 --lora_alpha 16 --lora_dropout 0.05 --num_proc 16 --eval_max_samples 64 --gradient_checkpointing 1 --use_bnb_8bit 1 --router_topk 2"
	User time (seconds): 12.14
	System time (seconds): 9.16
	Percent of CPU this job got: 280%
	Elapsed (wall clock) time (h:mm:ss or m:ss): 0:07.59
	Average shared text size (kbytes): 0
	Average unshared data size (kbytes): 0
	Average stack size (kbytes): 0
	Average total size (kbytes): 0
	Maximum resident set size (kbytes): 956252
	Average resident set size (kbytes): 0
	Major (requiring I/O) page faults: 886
	Minor (reclaiming a frame) page faults: 315876
	Voluntary context switches: 13132
	Involuntary context switches: 427
	Swaps: 0
	File system inputs: 136
	File system outputs: 248
	Socket messages sent: 0
	Socket messages received: 0
	Signals delivered: 0
	Page size (bytes): 4096
	Exit status: 1
