==== [piqa_qw_ori_8bit] START 2026年 04月 21日 星期二 14:05:22 CST ====
CMD: torchrun --nproc_per_node 1 finetune_qwen_moe_qw_ori_8bit.py --model_path /root/models/Qwen_MoE --output_dir /root/models/out_piqa_qw_ori_8bit --dataset piqa --eval_dataset piqa --train_split train --eval_split validation --block_size 128 --batch_size 8 --grad_accum 1 --epochs 2 --lr 2e-4 --piqa_local_dir /root/datasets/PIQAs --lora_r 8 --lora_alpha 16 --lora_dropout 0.05 --num_proc 16 --eval_max_samples 64 --gradient_checkpointing 1 --use_bnb_8bit 1 --router_topk 2
/home/vipuser/miniconda3/envs/op/lib/python3.10/site-packages/torch/cuda/__init__.py:61: FutureWarning: The pynvml package is deprecated. Please install nvidia-ml-py instead. If you did not install pynvml directly, please report this to the maintainers of the package that installed pynvml for you.
  import pynvml  # type: ignore[import]
/home/vipuser/miniconda3/envs/op/lib/python3.10/site-packages/torch/cuda/__init__.py:61: FutureWarning: The pynvml package is deprecated. Please install nvidia-ml-py instead. If you did not install pynvml directly, please report this to the maintainers of the package that installed pynvml for you.
  import pynvml  # type: ignore[import]
[load] tokenizer from model_path: /root/models/Qwen_MoE
[load] distributed=True world_size=1 8bit=True fp16=False bf16=False
/home/vipuser/miniconda3/envs/op/lib/python3.10/site-packages/torch/cuda/__init__.py:61: FutureWarning: The pynvml package is deprecated. Please install nvidia-ml-py instead. If you did not install pynvml directly, please report this to the maintainers of the package that installed pynvml for you.
  import pynvml  # type: ignore[import]
Loading checkpoint shards:   0%|          | 0/8 [00:00<?, ?it/s]Loading checkpoint shards:  12%|█▎        | 1/8 [00:06<00:48,  6.99s/it]Loading checkpoint shards:  25%|██▌       | 2/8 [00:15<00:47,  7.87s/it]Loading checkpoint shards:  38%|███▊      | 3/8 [00:24<00:42,  8.48s/it]Loading checkpoint shards:  50%|█████     | 4/8 [00:32<00:32,  8.19s/it]Loading checkpoint shards:  62%|██████▎   | 5/8 [00:41<00:25,  8.38s/it]Loading checkpoint shards:  75%|███████▌  | 6/8 [00:52<00:18,  9.27s/it]Loading checkpoint shards:  88%|████████▊ | 7/8 [01:01<00:09,  9.19s/it]Loading checkpoint shards: 100%|██████████| 8/8 [01:01<00:00,  6.43s/it]Loading checkpoint shards: 100%|██████████| 8/8 [01:01<00:00,  7.71s/it]
[lora] trainable params: 127413504/14443197696 (0.88%)
trainable params: 127,413,504 || all params: 14,443,197,696 || trainable%: 0.8822
[rank0]: Traceback (most recent call last):
[rank0]:   File "/root/Predict_v2/finetune_qwen_moe_qw_ori_8bit.py", line 837, in <module>
[rank0]:     main()
[rank0]:   File "/root/Predict_v2/finetune_qwen_moe_qw_ori_8bit.py", line 807, in main
[rank0]:     train_ds, eval_ds = build_train_eval_datasets(tokenizer, args)
[rank0]:   File "/root/Predict_v2/finetune_qwen_moe_qw_ori_8bit.py", line 380, in build_train_eval_datasets
[rank0]:     train_ds = make_dataset(args.dataset, tokenizer, args, args.train_split, args.train_max_samples)
[rank0]:   File "/root/Predict_v2/finetune_qwen_moe_qw_ori_8bit.py", line 258, in make_dataset
[rank0]:     return load_and_pack_piqa_local(
[rank0]:   File "/root/Predict_v2/finetune_qwen_moe_qw_ori_8bit.py", line 175, in load_and_pack_piqa_local
[rank0]:     data_fp, label_fp = _resolve_local_piqa_files(piqa_local_dir, split)
[rank0]:   File "/root/Predict_v2/finetune_qwen_moe_qw_ori_8bit.py", line 145, in _resolve_local_piqa_files
[rank0]:     raise FileNotFoundError(f"piqa_local_dir not found: {root}")
[rank0]: FileNotFoundError: piqa_local_dir not found: /root/datasets/PIQAs
[rank0]:[W421 14:06:41.493679984 ProcessGroupNCCL.cpp:1250] Warning: WARNING: process group has NOT been destroyed before we destruct ProcessGroupNCCL. On normal program exit, the application should call destroy_process_group to ensure that any pending NCCL operations have finished in this process. In rare cases this process can exit before this point and block the progress of another member of the process group. This constraint has always been present,  but this warning has only been added since PyTorch 2.4 (function operator())
E0421 14:06:43.651760 8081 site-packages/torch/distributed/elastic/multiprocessing/api.py:869] failed (exitcode: 1) local_rank: 0 (pid: 8156) of binary: /home/vipuser/miniconda3/envs/op/bin/python3.10
Traceback (most recent call last):
  File "/home/vipuser/miniconda3/envs/op/bin/torchrun", line 6, in <module>
    sys.exit(main())
  File "/home/vipuser/miniconda3/envs/op/lib/python3.10/site-packages/torch/distributed/elastic/multiprocessing/errors/__init__.py", line 355, in wrapper
    return f(*args, **kwargs)
  File "/home/vipuser/miniconda3/envs/op/lib/python3.10/site-packages/torch/distributed/run.py", line 919, in main
    run(args)
  File "/home/vipuser/miniconda3/envs/op/lib/python3.10/site-packages/torch/distributed/run.py", line 910, in run
    elastic_launch(
  File "/home/vipuser/miniconda3/envs/op/lib/python3.10/site-packages/torch/distributed/launcher/api.py", line 138, in __call__
    return launch_agent(self._config, self._entrypoint, list(args))
  File "/home/vipuser/miniconda3/envs/op/lib/python3.10/site-packages/torch/distributed/launcher/api.py", line 269, in launch_agent
    raise ChildFailedError(
torch.distributed.elastic.multiprocessing.errors.ChildFailedError: 
============================================================
finetune_qwen_moe_qw_ori_8bit.py FAILED
------------------------------------------------------------
Failures:
  <NO_OTHER_FAILURES>
------------------------------------------------------------
Root Cause (first observed failure):
[0]:
  time      : 2026-04-21_14:06:43
  host      : ubuntu22.04
  rank      : 0 (local_rank: 0)
  exitcode  : 1 (pid: 8156)
  error_file: <N/A>
  traceback : To enable traceback see: https://pytorch.org/docs/stable/elastic/errors.html
============================================================
Command exited with non-zero status 1
	Command being timed: "torchrun --nproc_per_node 1 finetune_qwen_moe_qw_ori_8bit.py --model_path /root/models/Qwen_MoE --output_dir /root/models/out_piqa_qw_ori_8bit --dataset piqa --eval_dataset piqa --train_split train --eval_split validation --block_size 128 --batch_size 8 --grad_accum 1 --epochs 2 --lr 2e-4 --piqa_local_dir /root/datasets/PIQAs --lora_r 8 --lora_alpha 16 --lora_dropout 0.05 --num_proc 16 --eval_max_samples 64 --gradient_checkpointing 1 --use_bnb_8bit 1 --router_topk 2"
	User time (seconds): 65.97
	System time (seconds): 44.57
	Percent of CPU this job got: 135%
	Elapsed (wall clock) time (h:mm:ss or m:ss): 1:21.74
	Average shared text size (kbytes): 0
	Average unshared data size (kbytes): 0
	Average stack size (kbytes): 0
	Average total size (kbytes): 0
	Maximum resident set size (kbytes): 30685516
	Average resident set size (kbytes): 0
	Major (requiring I/O) page faults: 0
	Minor (reclaiming a frame) page faults: 7174069
	Voluntary context switches: 9179
	Involuntary context switches: 781
	Swaps: 0
	File system inputs: 0
	File system outputs: 184
	Socket messages sent: 0
	Socket messages received: 0
	Signals delivered: 0
	Page size (bytes): 4096
	Exit status: 1
