==== [piqa_qw_ori_8bit] START 2026年 04月 21日 星期二 13:51:59 CST ====
CMD: torchrun --nproc_per_node 1 finetune_qwen_moe_qw_ori_8bit.py --model_path /path/to/qwen_moe_qw_ori --output_dir /path/to/outputs/out_piqa_qw_ori_8bit --dataset piqa --eval_dataset piqa --train_split train --eval_split validation --block_size 128 --batch_size 8 --grad_accum 1 --epochs 2 --lr 2e-4 --lora_r 8 --lora_alpha 16 --lora_dropout 0.05 --num_proc 16 --eval_max_samples 64 --gradient_checkpointing 1 --use_bnb_8bit 1 --router_topk 2
/home/vipuser/miniconda3/envs/op/lib/python3.10/site-packages/torch/cuda/__init__.py:61: FutureWarning: The pynvml package is deprecated. Please install nvidia-ml-py instead. If you did not install pynvml directly, please report this to the maintainers of the package that installed pynvml for you.
  import pynvml  # type: ignore[import]
/home/vipuser/miniconda3/envs/op/lib/python3.10/site-packages/torch/cuda/__init__.py:61: FutureWarning: The pynvml package is deprecated. Please install nvidia-ml-py instead. If you did not install pynvml directly, please report this to the maintainers of the package that installed pynvml for you.
  import pynvml  # type: ignore[import]
[load] tokenizer from model_path: /path/to/qwen_moe_qw_ori
[rank0]: Traceback (most recent call last):
[rank0]:   File "/home/vipuser/miniconda3/envs/op/lib/python3.10/site-packages/transformers/utils/hub.py", line 479, in cached_files
[rank0]:     hf_hub_download(
[rank0]:   File "/home/vipuser/miniconda3/envs/op/lib/python3.10/site-packages/huggingface_hub/utils/_validators.py", line 106, in _inner_fn
[rank0]:     validate_repo_id(arg_value)
[rank0]:   File "/home/vipuser/miniconda3/envs/op/lib/python3.10/site-packages/huggingface_hub/utils/_validators.py", line 154, in validate_repo_id
[rank0]:     raise HFValidationError(
[rank0]: huggingface_hub.errors.HFValidationError: Repo id must be in the form 'repo_name' or 'namespace/repo_name': '/path/to/qwen_moe_qw_ori'. Use `repo_type` argument if needed.

[rank0]: During handling of the above exception, another exception occurred:

[rank0]: Traceback (most recent call last):
[rank0]:   File "/root/Predict_v2/finetune_qwen_moe_qw_ori_8bit.py", line 736, in <module>
[rank0]:     main()
[rank0]:   File "/root/Predict_v2/finetune_qwen_moe_qw_ori_8bit.py", line 654, in main
[rank0]:     tokenizer = AutoTokenizer.from_pretrained(args.model_path, use_fast=True)
[rank0]:   File "/home/vipuser/miniconda3/envs/op/lib/python3.10/site-packages/transformers/models/auto/tokenization_auto.py", line 1073, in from_pretrained
[rank0]:     tokenizer_config = get_tokenizer_config(pretrained_model_name_or_path, **kwargs)
[rank0]:   File "/home/vipuser/miniconda3/envs/op/lib/python3.10/site-packages/transformers/models/auto/tokenization_auto.py", line 905, in get_tokenizer_config
[rank0]:     resolved_config_file = cached_file(
[rank0]:   File "/home/vipuser/miniconda3/envs/op/lib/python3.10/site-packages/transformers/utils/hub.py", line 322, in cached_file
[rank0]:     file = cached_files(path_or_repo_id=path_or_repo_id, filenames=[filename], **kwargs)
[rank0]:   File "/home/vipuser/miniconda3/envs/op/lib/python3.10/site-packages/transformers/utils/hub.py", line 531, in cached_files
[rank0]:     resolved_files = [
[rank0]:   File "/home/vipuser/miniconda3/envs/op/lib/python3.10/site-packages/transformers/utils/hub.py", line 532, in <listcomp>
[rank0]:     _get_cache_file_to_return(path_or_repo_id, filename, cache_dir, revision, repo_type)
[rank0]:   File "/home/vipuser/miniconda3/envs/op/lib/python3.10/site-packages/transformers/utils/hub.py", line 143, in _get_cache_file_to_return
[rank0]:     resolved_file = try_to_load_from_cache(
[rank0]:   File "/home/vipuser/miniconda3/envs/op/lib/python3.10/site-packages/huggingface_hub/utils/_validators.py", line 106, in _inner_fn
[rank0]:     validate_repo_id(arg_value)
[rank0]:   File "/home/vipuser/miniconda3/envs/op/lib/python3.10/site-packages/huggingface_hub/utils/_validators.py", line 154, in validate_repo_id
[rank0]:     raise HFValidationError(
[rank0]: huggingface_hub.errors.HFValidationError: Repo id must be in the form 'repo_name' or 'namespace/repo_name': '/path/to/qwen_moe_qw_ori'. Use `repo_type` argument if needed.
[rank0]:[W421 13:52:06.173883765 ProcessGroupNCCL.cpp:1250] Warning: WARNING: process group has NOT been destroyed before we destruct ProcessGroupNCCL. On normal program exit, the application should call destroy_process_group to ensure that any pending NCCL operations have finished in this process. In rare cases this process can exit before this point and block the progress of another member of the process group. This constraint has always been present,  but this warning has only been added since PyTorch 2.4 (function operator())
E0421 13:52:07.330505 6452 site-packages/torch/distributed/elastic/multiprocessing/api.py:869] failed (exitcode: 1) local_rank: 0 (pid: 6527) of binary: /home/vipuser/miniconda3/envs/op/bin/python3.10
Traceback (most recent call last):
  File "/home/vipuser/miniconda3/envs/op/bin/torchrun", line 6, in <module>
    sys.exit(main())
  File "/home/vipuser/miniconda3/envs/op/lib/python3.10/site-packages/torch/distributed/elastic/multiprocessing/errors/__init__.py", line 355, in wrapper
    return f(*args, **kwargs)
  File "/home/vipuser/miniconda3/envs/op/lib/python3.10/site-packages/torch/distributed/run.py", line 919, in main
    run(args)
  File "/home/vipuser/miniconda3/envs/op/lib/python3.10/site-packages/torch/distributed/run.py", line 910, in run
    elastic_launch(
  File "/home/vipuser/miniconda3/envs/op/lib/python3.10/site-packages/torch/distributed/launcher/api.py", line 138, in __call__
    return launch_agent(self._config, self._entrypoint, list(args))
  File "/home/vipuser/miniconda3/envs/op/lib/python3.10/site-packages/torch/distributed/launcher/api.py", line 269, in launch_agent
    raise ChildFailedError(
torch.distributed.elastic.multiprocessing.errors.ChildFailedError: 
============================================================
finetune_qwen_moe_qw_ori_8bit.py FAILED
------------------------------------------------------------
Failures:
  <NO_OTHER_FAILURES>
------------------------------------------------------------
Root Cause (first observed failure):
[0]:
  time      : 2026-04-21_13:52:07
  host      : ubuntu22.04
  rank      : 0 (local_rank: 0)
  exitcode  : 1 (pid: 6527)
  error_file: <N/A>
  traceback : To enable traceback see: https://pytorch.org/docs/stable/elastic/errors.html
============================================================
Command exited with non-zero status 1
	Command being timed: "torchrun --nproc_per_node 1 finetune_qwen_moe_qw_ori_8bit.py --model_path /path/to/qwen_moe_qw_ori --output_dir /path/to/outputs/out_piqa_qw_ori_8bit --dataset piqa --eval_dataset piqa --train_split train --eval_split validation --block_size 128 --batch_size 8 --grad_accum 1 --epochs 2 --lr 2e-4 --lora_r 8 --lora_alpha 16 --lora_dropout 0.05 --num_proc 16 --eval_max_samples 64 --gradient_checkpointing 1 --use_bnb_8bit 1 --router_topk 2"
	User time (seconds): 19.16
	System time (seconds): 12.78
	Percent of CPU this job got: 383%
	Elapsed (wall clock) time (h:mm:ss or m:ss): 0:08.33
	Average shared text size (kbytes): 0
	Average unshared data size (kbytes): 0
	Average stack size (kbytes): 0
	Average total size (kbytes): 0
	Maximum resident set size (kbytes): 1005724
	Average resident set size (kbytes): 0
	Major (requiring I/O) page faults: 0
	Minor (reclaiming a frame) page faults: 220987
	Voluntary context switches: 5905
	Involuntary context switches: 543
	Swaps: 0
	File system inputs: 128
	File system outputs: 32
	Socket messages sent: 0
	Socket messages received: 0
	Signals delivered: 0
	Page size (bytes): 4096
	Exit status: 1
