
[launcher] running:
  /home/vipuser/miniconda3/envs/op/bin/python -m torch.distributed.run --nproc_per_node 2 /root/Predict_v2/run_stage1_dynamic_moe.py --model_path /root/models/Dynamic_MoE --output_dir /mnt/data/models/fv1_openbookqa --dataset openbookqa --eval_dataset openbookqa --train_split train --eval_split validation --block_size 150 --batch_size 8 --grad_accum 1 --epochs 3 --lr 8e-05 --lora_r 16 --lora_alpha 16 --lora_dropout 0.05 --num_proc 16 --load_in_4bit 0 --load_in_8bit 0 --use_bnb_8bit 0 --load_in_fp16 0 --fp16 0 --bf16 0 --train_extra_params_in_fp32 1 --router_use_entmax 0 --router_top_k 2 --router_entmax_alpha 1.7 --min_lr_ratio 0.1 --router_lr_mult 1.0 --eval_max_samples 200 --router_use_softmax_temperature 1 --router_softmax_temperature 0.8 --train_new_router_params 1 --init_new_router_from_legacy 1 --stage1_epochs 1 --stage1_lr 0.0001 --stage1_grad_accum 1 --stage1_data_ratio 0.5 --stage1_distill_temperature 2.0 --stage1_kl_coef 2.0 --stage1_logit_coef 0.25 --stage1_use_logit_loss 1
[load] tokenizer from model_path: /root/models/Dynamic_MoE
[load] distributed=True world_size=2 4bit=False 8bit=False
[train] mixed precision: fp16=False bf16=False
[stage1] loading base model for router distillation
[load] checkpoint loaded with strict=False: missing=96 unexpected=24 dtype=torch.float32
[init] layer 0 expert_weight_proj initialized from legacy router.weight
[init] layer 1 expert_weight_proj initialized from legacy router.weight
[init] layer 2 expert_weight_proj initialized from legacy router.weight
[init] layer 3 expert_weight_proj initialized from legacy router.weight
[init] layer 4 expert_weight_proj initialized from legacy router.weight
[init] layer 5 expert_weight_proj initialized from legacy router.weight
[init] layer 6 expert_weight_proj initialized from legacy router.weight
[init] layer 7 expert_weight_proj initialized from legacy router.weight
[init] layer 8 expert_weight_proj initialized from legacy router.weight
[init] layer 9 expert_weight_proj initialized from legacy router.weight
[init] layer 10 expert_weight_proj initialized from legacy router.weight
[init] layer 11 expert_weight_proj initialized from legacy router.weight
[init] layer 12 expert_weight_proj initialized from legacy router.weight
[init] layer 13 expert_weight_proj initialized from legacy router.weight
[init] layer 14 expert_weight_proj initialized from legacy router.weight
[init] layer 15 expert_weight_proj initialized from legacy router.weight
[init] layer 16 expert_weight_proj initialized from legacy router.weight
[init] layer 17 expert_weight_proj initialized from legacy router.weight
[init] layer 18 expert_weight_proj initialized from legacy router.weight
[init] layer 19 expert_weight_proj initialized from legacy router.weight
[init] layer 20 expert_weight_proj initialized from legacy router.weight
[init] layer 21 expert_weight_proj initialized from legacy router.weight
[init] layer 22 expert_weight_proj initialized from legacy router.weight
[init] layer 23 expert_weight_proj initialized from legacy router.weight
[init] initialized new router modules from legacy dense router for 24 layers
[init] layer 0 expert_weight_proj initialized from legacy router.weight
[init] layer 1 expert_weight_proj initialized from legacy router.weight
[init] layer 2 expert_weight_proj initialized from legacy router.weight
[init] layer 3 expert_weight_proj initialized from legacy router.weight
[init] layer 4 expert_weight_proj initialized from legacy router.weight
[init] layer 5 expert_weight_proj initialized from legacy router.weight
[init] layer 6 expert_weight_proj initialized from legacy router.weight
[init] layer 7 expert_weight_proj initialized from legacy router.weight
[init] layer 8 expert_weight_proj initialized from legacy router.weight
[init] layer 9 expert_weight_proj initialized from legacy router.weight
[init] layer 10 expert_weight_proj initialized from legacy router.weight
[init] layer 11 expert_weight_proj initialized from legacy router.weight
[init] layer 12 expert_weight_proj initialized from legacy router.weight
[init] layer 13 expert_weight_proj initialized from legacy router.weight
[init] layer 14 expert_weight_proj initialized from legacy router.weight
[init] layer 15 expert_weight_proj initialized from legacy router.weight
[init] layer 16 expert_weight_proj initialized from legacy router.weight
[init] layer 17 expert_weight_proj initialized from legacy router.weight
[init] layer 18 expert_weight_proj initialized from legacy router.weight
[init] layer 19 expert_weight_proj initialized from legacy router.weight
[init] layer 20 expert_weight_proj initialized from legacy router.weight
[init] layer 21 expert_weight_proj initialized from legacy router.weight
[init] layer 22 expert_weight_proj initialized from legacy router.weight
[init] layer 23 expert_weight_proj initialized from legacy router.weight
[stage1] trainable cross-attention router params: 125829120
[stage1][data] train=2478 (ratio=0.500, seed=42)
[stage1] epoch=1/1 step=50 loss=0.002087 kl=0.000988 logit=0.000443 t_ent=1.5982 s_ent=1.5982 top1=0.9883 topk=0.9835 cos=0.9676 elapsed=0.6m
[stage1] epoch=1/1 step=100 loss=0.000133 kl=0.000064 logit=0.000026 t_ent=1.6051 s_ent=1.6053 top1=0.9972 topk=0.9960 cos=0.9680 elapsed=1.2m
[stage1] epoch=1/1 step=150 loss=0.000144 kl=0.000070 logit=0.000021 t_ent=1.6013 s_ent=1.6018 top1=0.9977 topk=0.9973 cos=0.9676 elapsed=1.8m
[stage1] saving full checkpoint to /mnt/data/models/fv1_openbookqa/ckpt_after_stage1
[2026-04-24 17:54:59,251] [INFO] [real_accelerator.py:203:get_accelerator] Setting ds_accelerator to cuda (auto detect)
[93m [WARNING] [0m async_io requires the dev libaio .so object and headers but these were not found.
[93m [WARNING] [0m async_io: please install the libaio-dev package with apt
[93m [WARNING] [0m If libaio is already installed (perhaps from source), try setting the CFLAGS and LDFLAGS environment variables to where it can be found.
[93m [WARNING] [0m Please specify the CUTLASS repo directory as environment variable $CUTLASS_PATH
[93m [WARNING] [0m sparse_attn requires a torch version >= 1.5 and < 2.0 but detected 2.5
[93m [WARNING] [0m using untested triton version (3.1.0), only 1.0.0 is known to be compatible

[launcher] running:
  /home/vipuser/miniconda3/envs/op/bin/python -m torch.distributed.run --nproc_per_node 2 /root/Predict_v2/run_stage2_dynamic_moe.py --model_path /root/models/Dynamic_MoE --output_dir /mnt/data/models/fv1_openbookqa --dataset openbookqa --eval_dataset openbookqa --train_split train --eval_split validation --block_size 150 --batch_size 8 --grad_accum 1 --epochs 3 --lr 8e-05 --lora_r 16 --lora_alpha 16 --lora_dropout 0.05 --num_proc 16 --load_in_4bit 0 --load_in_8bit 0 --use_bnb_8bit 0 --load_in_fp16 0 --fp16 0 --bf16 0 --train_extra_params_in_fp32 1 --router_use_entmax 0 --router_top_k 2 --router_entmax_alpha 1.7 --min_lr_ratio 0.1 --router_lr_mult 1.0 --eval_max_samples 200 --router_use_softmax_temperature 1 --router_softmax_temperature 0.8 --train_new_router_params 1 --init_new_router_from_legacy 1 --stage2_init_path /mnt/data/models/fv1_openbookqa/ckpt_after_stage1
[load] tokenizer from model_path: /root/models/Dynamic_MoE
[load] distributed=True world_size=2 4bit=False 8bit=False
[train] mixed precision: fp16=False bf16=False
[stage2] loading model from /mnt/data/models/fv1_openbookqa/ckpt_after_stage1
[load] checkpoint loaded with strict=False: missing=0 unexpected=0 dtype=torch.float32
[stage2] extra trainable new-router params: 125829120
[stage2] cast selected router params to fp32: 0
[stage2] trainable params: 199753728/3687891968 (5.42%)
trainable params: 199,753,728 || all params: 3,687,891,968 || trainable%: 5.4165
[stage2][eval] using OpenCompass-style PPL ranking for openbookqa
[stage2][data] train=4957 eval=200 block_size=150
[stage2][opt] param groups: other=2496 router=72
[stage2][opt] lrs: other=8.000e-05 router=8.000e-05
[train] epoch=1/3 step=50/927 loss=1.8732 ce=1.8732 ce_ema=2.8316 pairwise=0.0000 pairwise_acc=0.0000 ewp_gn=3.242e+00 budget=0.0000 top_k=2 lr=7.988e-05 elapsed=1.4m
[train] epoch=1/3 step=100/927 loss=1.8226 ce=1.8226 ce_ema=2.2089 pairwise=0.0000 pairwise_acc=0.0000 ewp_gn=2.039e+00 budget=0.0000 top_k=2 lr=7.884e-05 elapsed=2.8m
[train] epoch=1/3 step=150/927 loss=1.8782 ce=1.8782 ce_ema=1.9607 pairwise=0.0000 pairwise_acc=0.0000 ewp_gn=1.997e+00 budget=0.0000 top_k=2 lr=7.673e-05 elapsed=4.2m
[train] epoch=1/3 step=200/927 loss=1.7707 ce=1.7707 ce_ema=1.8439 pairwise=0.0000 pairwise_acc=0.0000 ewp_gn=1.326e+00 budget=0.0000 top_k=2 lr=7.363e-05 elapsed=5.8m
[eval] step=200 eval_pairwise_acc=0.285000
[train] epoch=1/3 step=250/927 loss=1.5824 ce=1.5824 ce_ema=1.7897 pairwise=0.0000 pairwise_acc=0.0000 ewp_gn=1.340e+00 budget=0.0000 top_k=2 lr=6.963e-05 elapsed=7.2m
[train] epoch=1/3 step=300/927 loss=1.7524 ce=1.7524 ce_ema=1.7574 pairwise=0.0000 pairwise_acc=0.0000 ewp_gn=1.293e+00 budget=0.0000 top_k=2 lr=6.485e-05 elapsed=8.6m
[train] epoch=2/3 step=350/927 loss=1.6898 ce=1.6898 ce_ema=1.7314 pairwise=0.0000 pairwise_acc=0.0000 ewp_gn=1.524e+00 budget=0.0000 top_k=2 lr=5.944e-05 elapsed=10.0m
[train] epoch=2/3 step=400/927 loss=1.7802 ce=1.7802 ce_ema=1.7056 pairwise=0.0000 pairwise_acc=0.0000 ewp_gn=1.107e+00 budget=0.0000 top_k=2 lr=5.356e-05 elapsed=11.6m
[eval] step=400 eval_pairwise_acc=0.320000
[train] epoch=2/3 step=450/927 loss=1.8168 ce=1.8168 ce_ema=1.6779 pairwise=0.0000 pairwise_acc=0.0000 ewp_gn=1.423e+00 budget=0.0000 top_k=2 lr=4.739e-05 elapsed=13.0m
[train] epoch=2/3 step=500/927 loss=1.5768 ce=1.5768 ce_ema=1.6729 pairwise=0.0000 pairwise_acc=0.0000 ewp_gn=1.049e+00 budget=0.0000 top_k=2 lr=4.111e-05 elapsed=14.4m
[train] epoch=2/3 step=550/927 loss=1.5920 ce=1.5920 ce_ema=1.6564 pairwise=0.0000 pairwise_acc=0.0000 ewp_gn=9.009e-01 budget=0.0000 top_k=2 lr=3.493e-05 elapsed=15.8m
[train] epoch=2/3 step=600/927 loss=1.7533 ce=1.7533 ce_ema=1.6430 pairwise=0.0000 pairwise_acc=0.0000 ewp_gn=1.277e+00 budget=0.0000 top_k=2 lr=2.901e-05 elapsed=17.3m
[eval] step=600 eval_pairwise_acc=0.320000
[train] epoch=3/3 step=650/927 loss=1.5110 ce=1.5110 ce_ema=1.6012 pairwise=0.0000 pairwise_acc=0.0000 ewp_gn=9.891e-01 budget=0.0000 top_k=2 lr=2.356e-05 elapsed=18.8m
[train] epoch=3/3 step=700/927 loss=1.5524 ce=1.5524 ce_ema=1.5711 pairwise=0.0000 pairwise_acc=0.0000 ewp_gn=1.157e+00 budget=0.0000 top_k=2 lr=1.872e-05 elapsed=20.2m
[train] epoch=3/3 step=750/927 loss=1.5262 ce=1.5262 ce_ema=1.5590 pairwise=0.0000 pairwise_acc=0.0000 ewp_gn=9.835e-01 budget=0.0000 top_k=2 lr=1.466e-05 elapsed=21.6m
[train] epoch=3/3 step=800/927 loss=1.6832 ce=1.6832 ce_ema=1.5688 pairwise=0.0000 pairwise_acc=0.0000 ewp_gn=7.947e-01 budget=0.0000 top_k=2 lr=1.148e-05 elapsed=23.2m
[eval] step=800 eval_pairwise_acc=0.350000
[train] epoch=3/3 step=850/927 loss=1.4976 ce=1.4976 ce_ema=1.5513 pairwise=0.0000 pairwise_acc=0.0000 ewp_gn=1.077e+00 budget=0.0000 top_k=2 lr=9.293e-06 elapsed=24.5m
[train] epoch=3/3 step=900/927 loss=1.4748 ce=1.4748 ce_ema=1.5488 pairwise=0.0000 pairwise_acc=0.0000 ewp_gn=9.808e-01 budget=0.0000 top_k=2 lr=8.160e-06 elapsed=25.9m
[save] moving merged model to cpu before export
[save] merged + fp32 full model -> /mnt/data/models/fv1_openbookqa
[save] final router top_k -> 2
[2026-04-24 18:25:00,479] [INFO] [real_accelerator.py:203:get_accelerator] Setting ds_accelerator to cuda (auto detect)
[93m [WARNING] [0m async_io requires the dev libaio .so object and headers but these were not found.
[93m [WARNING] [0m async_io: please install the libaio-dev package with apt
[93m [WARNING] [0m If libaio is already installed (perhaps from source), try setting the CFLAGS and LDFLAGS environment variables to where it can be found.
[93m [WARNING] [0m Please specify the CUTLASS repo directory as environment variable $CUTLASS_PATH
[93m [WARNING] [0m sparse_attn requires a torch version >= 1.5 and < 2.0 but detected 2.5
[93m [WARNING] [0m using untested triton version (3.1.0), only 1.0.0 is known to be compatible

[launcher] done.
