
[launcher] running:
  /home/vipuser/miniconda3/envs/op/bin/python -m torch.distributed.run --nproc_per_node 2 /root/Predict_v2/run_stage1_dynamic_moe.py --model_path /root/models/Dynamic_MoE --output_dir /mnt/data/models/fv1_siqa_pw10 --dataset siqa --eval_dataset siqa --train_split train --eval_split validation --block_size 108 --batch_size 20 --grad_accum 1 --epochs 3 --lr 8e-05 --lora_r 16 --lora_alpha 16 --lora_dropout 0.05 --num_proc 16 --load_in_4bit 0 --load_in_8bit 0 --use_bnb_8bit 0 --load_in_fp16 0 --fp16 0 --bf16 0 --train_extra_params_in_fp32 1 --router_use_entmax 0 --router_top_k 2 --router_entmax_alpha 1.7 --router_value_anchor_loss_coef 0.01 --router_anchor_momentum 0.99 --min_lr_ratio 0.1 --router_lr_mult 1.0 --eval_max_samples 400 --router_use_softmax_temperature 1 --router_softmax_temperature 1.1 --train_new_router_params 1 --router_aux_loss_coef 0.01 --init_new_router_from_legacy 1 --eval_every 1200 --stage1_epochs 1 --stage1_lr 0.0001 --stage1_grad_accum 1 --stage1_data_ratio 0.5 --stage1_distill_temperature 2.0 --stage1_kl_coef 2.0 --stage1_logit_coef 0.25 --stage1_use_logit_loss 1
[router] anchor-router trunk ignores legacy router settings: router_value_anchor_loss_coef
[load] tokenizer from model_path: /root/models/Dynamic_MoE
[load] distributed=True world_size=2 4bit=False 8bit=False
[train] mixed precision: fp16=False bf16=False
[stage1] loading base model for router distillation
[load] checkpoint loaded with strict=False: missing=96 unexpected=24 dtype=torch.float32
[init] layer 0 expert_weight_proj initialized from legacy router.weight
[init] layer 1 expert_weight_proj initialized from legacy router.weight
[init] layer 2 expert_weight_proj initialized from legacy router.weight
[init] layer 3 expert_weight_proj initialized from legacy router.weight
[init] layer 4 expert_weight_proj initialized from legacy router.weight
[init] layer 5 expert_weight_proj initialized from legacy router.weight
[init] layer 6 expert_weight_proj initialized from legacy router.weight
[init] layer 7 expert_weight_proj initialized from legacy router.weight
[init] layer 8 expert_weight_proj initialized from legacy router.weight
[init] layer 9 expert_weight_proj initialized from legacy router.weight
[init] layer 10 expert_weight_proj initialized from legacy router.weight
[init] layer 11 expert_weight_proj initialized from legacy router.weight
[init] layer 12 expert_weight_proj initialized from legacy router.weight
[init] layer 13 expert_weight_proj initialized from legacy router.weight
[init] layer 14 expert_weight_proj initialized from legacy router.weight
[init] layer 15 expert_weight_proj initialized from legacy router.weight
[init] layer 16 expert_weight_proj initialized from legacy router.weight
[init] layer 17 expert_weight_proj initialized from legacy router.weight
[init] layer 18 expert_weight_proj initialized from legacy router.weight
[init] layer 19 expert_weight_proj initialized from legacy router.weight
[init] layer 20 expert_weight_proj initialized from legacy router.weight
[init] layer 21 expert_weight_proj initialized from legacy router.weight
[init] layer 22 expert_weight_proj initialized from legacy router.weight
[init] layer 23 expert_weight_proj initialized from legacy router.weight
[init] initialized new router modules from legacy dense router for 24 layers
[init] layer 0 expert_weight_proj initialized from legacy router.weight
[init] layer 1 expert_weight_proj initialized from legacy router.weight
[init] layer 2 expert_weight_proj initialized from legacy router.weight
[init] layer 3 expert_weight_proj initialized from legacy router.weight
[init] layer 4 expert_weight_proj initialized from legacy router.weight
[init] layer 5 expert_weight_proj initialized from legacy router.weight
[init] layer 6 expert_weight_proj initialized from legacy router.weight
[init] layer 7 expert_weight_proj initialized from legacy router.weight
[init] layer 8 expert_weight_proj initialized from legacy router.weight
[init] layer 9 expert_weight_proj initialized from legacy router.weight
[init] layer 10 expert_weight_proj initialized from legacy router.weight
[init] layer 11 expert_weight_proj initialized from legacy router.weight
[init] layer 12 expert_weight_proj initialized from legacy router.weight
[init] layer 13 expert_weight_proj initialized from legacy router.weight
[init] layer 14 expert_weight_proj initialized from legacy router.weight
[init] layer 15 expert_weight_proj initialized from legacy router.weight
[init] layer 16 expert_weight_proj initialized from legacy router.weight
[init] layer 17 expert_weight_proj initialized from legacy router.weight
[init] layer 18 expert_weight_proj initialized from legacy router.weight
[init] layer 19 expert_weight_proj initialized from legacy router.weight
[init] layer 20 expert_weight_proj initialized from legacy router.weight
[init] layer 21 expert_weight_proj initialized from legacy router.weight
[init] layer 22 expert_weight_proj initialized from legacy router.weight
[init] layer 23 expert_weight_proj initialized from legacy router.weight
[stage1] trainable cross-attention router params: 125829120
[stage1][data] train=16705 (ratio=0.500, seed=42)
[stage1] epoch=1/1 step=50 loss=0.515847 kl=0.244334 logit=0.108719 t_ent=1.6012 s_ent=1.8107 top1=0.7755 topk=0.7554 cos=0.8492 elapsed=0.6m
[stage1] epoch=1/1 step=100 loss=0.152479 kl=0.071139 logit=0.040803 t_ent=1.5811 s_ent=1.6367 top1=0.9014 topk=0.8679 cos=0.9227 elapsed=1.1m
[stage1] epoch=1/1 step=150 loss=0.060792 kl=0.028117 logit=0.018234 t_ent=1.5749 s_ent=1.5976 top1=0.9417 topk=0.9175 cos=0.9463 elapsed=1.7m
[stage1] epoch=1/1 step=200 loss=0.029690 kl=0.013644 logit=0.009604 t_ent=1.5788 s_ent=1.5887 top1=0.9620 topk=0.9416 cos=0.9552 elapsed=2.2m
[stage1] epoch=1/1 step=250 loss=0.016837 kl=0.007723 logit=0.005568 t_ent=1.5748 s_ent=1.5807 top1=0.9717 topk=0.9578 cos=0.9597 elapsed=2.8m
[stage1] epoch=1/1 step=300 loss=0.010602 kl=0.004860 logit=0.003527 t_ent=1.5746 s_ent=1.5778 top1=0.9785 topk=0.9665 cos=0.9620 elapsed=3.3m
[stage1] epoch=1/1 step=350 loss=0.006835 kl=0.003132 logit=0.002282 t_ent=1.5778 s_ent=1.5805 top1=0.9832 topk=0.9740 cos=0.9627 elapsed=3.8m
[stage1] epoch=1/1 step=400 loss=0.004170 kl=0.001899 logit=0.001488 t_ent=1.5759 s_ent=1.5769 top1=0.9887 topk=0.9796 cos=0.9640 elapsed=4.4m
[stage1] saving full checkpoint to /mnt/data/models/fv1_siqa_pw10/ckpt_after_stage1
[2026-04-25 20:51:07,687] [INFO] [real_accelerator.py:203:get_accelerator] Setting ds_accelerator to cuda (auto detect)
[93m [WARNING] [0m async_io requires the dev libaio .so object and headers but these were not found.
[93m [WARNING] [0m async_io: please install the libaio-dev package with apt
[93m [WARNING] [0m If libaio is already installed (perhaps from source), try setting the CFLAGS and LDFLAGS environment variables to where it can be found.
[93m [WARNING] [0m Please specify the CUTLASS repo directory as environment variable $CUTLASS_PATH
[93m [WARNING] [0m sparse_attn requires a torch version >= 1.5 and < 2.0 but detected 2.5
[93m [WARNING] [0m using untested triton version (3.1.0), only 1.0.0 is known to be compatible

[launcher] running:
  /home/vipuser/miniconda3/envs/op/bin/python -m torch.distributed.run --nproc_per_node 2 /root/Predict_v2/run_stage2_dynamic_moe.py --model_path /root/models/Dynamic_MoE --output_dir /mnt/data/models/fv1_siqa_pw10 --dataset siqa --eval_dataset siqa --train_split train --eval_split validation --block_size 108 --batch_size 20 --grad_accum 1 --epochs 3 --lr 8e-05 --lora_r 16 --lora_alpha 16 --lora_dropout 0.05 --num_proc 16 --load_in_4bit 0 --load_in_8bit 0 --use_bnb_8bit 0 --load_in_fp16 0 --fp16 0 --bf16 0 --train_extra_params_in_fp32 1 --router_use_entmax 0 --router_top_k 2 --router_entmax_alpha 1.7 --router_value_anchor_loss_coef 0.01 --router_anchor_momentum 0.99 --min_lr_ratio 0.1 --router_lr_mult 1.0 --eval_max_samples 400 --router_use_softmax_temperature 1 --router_softmax_temperature 1.1 --train_new_router_params 1 --router_aux_loss_coef 0.01 --init_new_router_from_legacy 1 --eval_every 1200 --stage2_init_path /mnt/data/models/fv1_siqa_pw10/ckpt_after_stage1
[router] anchor-router trunk ignores legacy router settings: router_value_anchor_loss_coef
[load] tokenizer from model_path: /root/models/Dynamic_MoE
[load] distributed=True world_size=2 4bit=False 8bit=False
[train] mixed precision: fp16=False bf16=False
[stage2] loading model from /mnt/data/models/fv1_siqa_pw10/ckpt_after_stage1
[load] checkpoint loaded with strict=False: missing=0 unexpected=0 dtype=torch.float32
[stage2] extra trainable new-router params: 125829120
[stage2] cast selected router params to fp32: 0
[stage2] trainable params: 199753728/3687891968 (5.42%)
trainable params: 199,753,728 || all params: 3,687,891,968 || trainable%: 5.4165
[stage2][eval] using OpenCompass-style PPL ranking for siqa
[stage2][data] train=33410 eval=400 block_size=108
[stage2][opt] param groups: other=2496 router=72
[stage2][opt] lrs: other=8.000e-05 router=8.000e-05
[train] epoch=1/3 step=50/2505 loss=1.8695 ce=1.7985 ce_ema=3.1071 pairwise=0.5478 pairwise_acc=0.7000 aux=1.6214 ewp_gn=2.466e-01 budget=0.0000 top_k=2 lr=5.440e-05 elapsed=1.8m
[train] epoch=1/3 step=100/2505 loss=1.7102 ce=1.6359 ce_ema=2.1466 pairwise=0.6053 pairwise_acc=0.6500 aux=1.3758 ewp_gn=4.807e-02 budget=0.0000 top_k=2 lr=7.998e-05 elapsed=3.5m
[train] epoch=1/3 step=150/2505 loss=1.4716 ce=1.4203 ce_ema=1.7074 pairwise=0.3910 pairwise_acc=0.8500 aux=1.2192 ewp_gn=3.961e-02 budget=0.0000 top_k=2 lr=7.983e-05 elapsed=5.2m
[train] epoch=1/3 step=200/2505 loss=1.4396 ce=1.3655 ce_ema=1.5281 pairwise=0.6247 pairwise_acc=0.6500 aux=1.1579 ewp_gn=4.393e-02 budget=0.0000 top_k=2 lr=7.953e-05 elapsed=6.9m
[train] epoch=1/3 step=250/2505 loss=1.4888 ce=1.4170 ce_ema=1.4592 pairwise=0.6060 pairwise_acc=0.5500 aux=1.1246 ewp_gn=3.570e-02 budget=0.0000 top_k=2 lr=7.908e-05 elapsed=8.6m
[train] epoch=1/3 step=300/2505 loss=1.4301 ce=1.3788 ce_ema=1.4040 pairwise=0.4037 pairwise_acc=0.7500 aux=1.0935 ewp_gn=3.515e-02 budget=0.0000 top_k=2 lr=7.849e-05 elapsed=10.2m
[train] epoch=1/3 step=350/2505 loss=1.3591 ce=1.3074 ce_ema=1.3913 pairwise=0.4102 pairwise_acc=0.9000 aux=1.0727 ewp_gn=3.258e-02 budget=0.0000 top_k=2 lr=7.775e-05 elapsed=11.9m
[train] epoch=1/3 step=400/2505 loss=1.3985 ce=1.3349 ce_ema=1.3856 pairwise=0.5287 pairwise_acc=0.7000 aux=1.0661 ewp_gn=3.372e-02 budget=0.0000 top_k=2 lr=7.687e-05 elapsed=13.5m
[train] epoch=1/3 step=450/2505 loss=1.4394 ce=1.3873 ce_ema=1.3786 pairwise=0.4149 pairwise_acc=0.8000 aux=1.0578 ewp_gn=3.477e-02 budget=0.0000 top_k=2 lr=7.585e-05 elapsed=15.1m
[train] epoch=1/3 step=500/2505 loss=1.4225 ce=1.3654 ce_ema=1.3785 pairwise=0.4645 pairwise_acc=0.8000 aux=1.0595 ewp_gn=3.114e-02 budget=0.0000 top_k=2 lr=7.470e-05 elapsed=16.7m
[train] epoch=1/3 step=550/2505 loss=1.4151 ce=1.3547 ce_ema=1.3707 pairwise=0.4986 pairwise_acc=0.6500 aux=1.0496 ewp_gn=3.308e-02 budget=0.0000 top_k=2 lr=7.342e-05 elapsed=18.4m
[train] epoch=1/3 step=600/2505 loss=1.4349 ce=1.3772 ce_ema=1.3564 pairwise=0.4714 pairwise_acc=0.6500 aux=1.0557 ewp_gn=3.529e-02 budget=0.0000 top_k=2 lr=7.202e-05 elapsed=20.0m
[train] epoch=1/3 step=650/2505 loss=1.5504 ce=1.4936 ce_ema=1.3594 pairwise=0.4633 pairwise_acc=0.8000 aux=1.0456 ewp_gn=3.751e-02 budget=0.0000 top_k=2 lr=7.050e-05 elapsed=21.6m
[train] epoch=1/3 step=700/2505 loss=1.4280 ce=1.3854 ce_ema=1.3583 pairwise=0.3226 pairwise_acc=0.8500 aux=1.0392 ewp_gn=3.043e-02 budget=0.0000 top_k=2 lr=6.887e-05 elapsed=23.3m
[train] epoch=1/3 step=750/2505 loss=1.4732 ce=1.4092 ce_ema=1.3595 pairwise=0.5346 pairwise_acc=0.8000 aux=1.0535 ewp_gn=3.483e-02 budget=0.0000 top_k=2 lr=6.714e-05 elapsed=24.9m
[train] epoch=1/3 step=800/2505 loss=1.4743 ce=1.4169 ce_ema=1.3670 pairwise=0.4701 pairwise_acc=0.7500 aux=1.0433 ewp_gn=3.237e-02 budget=0.0000 top_k=2 lr=6.531e-05 elapsed=26.5m
[train] epoch=2/3 step=850/2505 loss=1.4446 ce=1.3857 ce_ema=1.3454 pairwise=0.4852 pairwise_acc=0.8000 aux=1.0367 ewp_gn=2.869e-02 budget=0.0000 top_k=2 lr=6.339e-05 elapsed=28.1m
[train] epoch=2/3 step=900/2505 loss=1.4234 ce=1.3635 ce_ema=1.3234 pairwise=0.4951 pairwise_acc=0.7000 aux=1.0324 ewp_gn=3.435e-02 budget=0.0000 top_k=2 lr=6.139e-05 elapsed=29.7m
[train] epoch=2/3 step=950/2505 loss=1.3613 ce=1.2954 ce_ema=1.3132 pairwise=0.5555 pairwise_acc=0.8000 aux=1.0375 ewp_gn=3.428e-02 budget=0.0000 top_k=2 lr=5.932e-05 elapsed=31.4m
[train] epoch=2/3 step=1000/2505 loss=1.3757 ce=1.3218 ce_ema=1.3130 pairwise=0.4359 pairwise_acc=0.8000 aux=1.0253 ewp_gn=3.668e-02 budget=0.0000 top_k=2 lr=5.718e-05 elapsed=33.0m
[train] epoch=2/3 step=1050/2505 loss=1.3462 ce=1.2862 ce_ema=1.3038 pairwise=0.4974 pairwise_acc=0.7000 aux=1.0278 ewp_gn=3.529e-02 budget=0.0000 top_k=2 lr=5.499e-05 elapsed=34.6m
[train] epoch=2/3 step=1100/2505 loss=1.3558 ce=1.3102 ce_ema=1.3070 pairwise=0.3524 pairwise_acc=0.8500 aux=1.0306 ewp_gn=3.172e-02 budget=0.0000 top_k=2 lr=5.275e-05 elapsed=36.2m
[train] epoch=2/3 step=1150/2505 loss=1.3150 ce=1.2647 ce_ema=1.3021 pairwise=0.4001 pairwise_acc=0.8000 aux=1.0301 ewp_gn=3.578e-02 budget=0.0000 top_k=2 lr=5.048e-05 elapsed=37.8m
[train] epoch=2/3 step=1200/2505 loss=1.3302 ce=1.2736 ce_ema=1.3025 pairwise=0.4633 pairwise_acc=0.7000 aux=1.0265 ewp_gn=3.054e-02 budget=0.0000 top_k=2 lr=4.818e-05 elapsed=39.5m
[eval] step=1200 eval_pairwise_acc=0.497500
[train] epoch=2/3 step=1250/2505 loss=1.3207 ce=1.2614 ce_ema=1.2841 pairwise=0.4897 pairwise_acc=0.7000 aux=1.0291 ewp_gn=3.235e-02 budget=0.0000 top_k=2 lr=4.586e-05 elapsed=41.1m
[train] epoch=2/3 step=1300/2505 loss=1.1840 ce=1.1322 ce_ema=1.2927 pairwise=0.4149 pairwise_acc=0.7500 aux=1.0255 ewp_gn=3.098e-02 budget=0.0000 top_k=2 lr=4.353e-05 elapsed=42.7m
[train] epoch=2/3 step=1350/2505 loss=1.2079 ce=1.1626 ce_ema=1.2933 pairwise=0.3498 pairwise_acc=0.9000 aux=1.0262 ewp_gn=2.948e-02 budget=0.0000 top_k=2 lr=4.121e-05 elapsed=44.3m
[train] epoch=2/3 step=1400/2505 loss=1.4633 ce=1.3942 ce_ema=1.2997 pairwise=0.5897 pairwise_acc=0.6500 aux=1.0216 ewp_gn=3.450e-02 budget=0.0000 top_k=2 lr=3.890e-05 elapsed=45.9m
[train] epoch=2/3 step=1450/2505 loss=1.3115 ce=1.2537 ce_ema=1.2873 pairwise=0.4752 pairwise_acc=0.7500 aux=1.0267 ewp_gn=3.639e-02 budget=0.0000 top_k=2 lr=3.661e-05 elapsed=47.5m
[train] epoch=2/3 step=1500/2505 loss=1.3590 ce=1.3142 ce_ema=1.2899 pairwise=0.3450 pairwise_acc=0.9000 aux=1.0296 ewp_gn=3.310e-02 budget=0.0000 top_k=2 lr=3.435e-05 elapsed=49.1m
[train] epoch=2/3 step=1550/2505 loss=1.4626 ce=1.4124 ce_ema=1.2897 pairwise=0.3996 pairwise_acc=0.7500 aux=1.0213 ewp_gn=3.620e-02 budget=0.0000 top_k=2 lr=3.213e-05 elapsed=50.7m
[train] epoch=2/3 step=1600/2505 loss=1.4064 ce=1.3629 ce_ema=1.2947 pairwise=0.3333 pairwise_acc=0.9500 aux=1.0181 ewp_gn=3.595e-02 budget=0.0000 top_k=2 lr=2.996e-05 elapsed=52.3m
[train] epoch=2/3 step=1650/2505 loss=1.3217 ce=1.2686 ce_ema=1.2762 pairwise=0.4295 pairwise_acc=0.8500 aux=1.0172 ewp_gn=3.187e-02 budget=0.0000 top_k=2 lr=2.784e-05 elapsed=53.9m
[train] epoch=3/3 step=1700/2505 loss=1.2646 ce=1.2232 ce_ema=1.2739 pairwise=0.3125 pairwise_acc=0.9500 aux=1.0159 ewp_gn=2.970e-02 budget=0.0000 top_k=2 lr=2.580e-05 elapsed=55.5m
[train] epoch=3/3 step=1750/2505 loss=1.2244 ce=1.1777 ce_ema=1.2500 pairwise=0.3656 pairwise_acc=0.8000 aux=1.0157 ewp_gn=3.518e-02 budget=0.0000 top_k=2 lr=2.383e-05 elapsed=57.1m
[train] epoch=3/3 step=1800/2505 loss=1.2526 ce=1.1964 ce_ema=1.2290 pairwise=0.4605 pairwise_acc=0.7000 aux=1.0178 ewp_gn=3.430e-02 budget=0.0000 top_k=2 lr=2.195e-05 elapsed=58.8m
[train] epoch=3/3 step=1850/2505 loss=1.1913 ce=1.1547 ce_ema=1.2279 pairwise=0.2649 pairwise_acc=0.9500 aux=1.0127 ewp_gn=3.348e-02 budget=0.0000 top_k=2 lr=2.015e-05 elapsed=60.4m
[train] epoch=3/3 step=1900/2505 loss=1.2523 ce=1.2152 ce_ema=1.2356 pairwise=0.2693 pairwise_acc=0.8500 aux=1.0184 ewp_gn=3.911e-02 budget=0.0000 top_k=2 lr=1.846e-05 elapsed=62.0m
[train] epoch=3/3 step=1950/2505 loss=1.2123 ce=1.1704 ce_ema=1.2282 pairwise=0.3177 pairwise_acc=0.8500 aux=1.0147 ewp_gn=3.910e-02 budget=0.0000 top_k=2 lr=1.688e-05 elapsed=63.6m
[train] epoch=3/3 step=2000/2505 loss=1.3547 ce=1.3147 ce_ema=1.2406 pairwise=0.2983 pairwise_acc=0.9000 aux=1.0153 ewp_gn=3.578e-02 budget=0.0000 top_k=2 lr=1.540e-05 elapsed=65.2m
[train] epoch=3/3 step=2050/2505 loss=1.2463 ce=1.2080 ce_ema=1.2384 pairwise=0.2820 pairwise_acc=0.9500 aux=1.0129 ewp_gn=3.614e-02 budget=0.0000 top_k=2 lr=1.405e-05 elapsed=66.8m
[train] epoch=3/3 step=2100/2505 loss=1.3360 ce=1.2808 ce_ema=1.2309 pairwise=0.4509 pairwise_acc=0.7000 aux=1.0139 ewp_gn=3.267e-02 budget=0.0000 top_k=2 lr=1.282e-05 elapsed=68.5m
[train] epoch=3/3 step=2150/2505 loss=1.3682 ce=1.2949 ce_ema=1.2285 pairwise=0.6318 pairwise_acc=0.7500 aux=1.0116 ewp_gn=3.864e-02 budget=0.0000 top_k=2 lr=1.173e-05 elapsed=70.1m
[train] epoch=3/3 step=2200/2505 loss=1.2614 ce=1.2225 ce_ema=1.2388 pairwise=0.2875 pairwise_acc=0.9000 aux=1.0148 ewp_gn=3.825e-02 budget=0.0000 top_k=2 lr=1.076e-05 elapsed=71.7m
[train] epoch=3/3 step=2250/2505 loss=1.2495 ce=1.2028 ce_ema=1.2386 pairwise=0.3653 pairwise_acc=0.9000 aux=1.0138 ewp_gn=3.601e-02 budget=0.0000 top_k=2 lr=9.939e-06 elapsed=73.3m
[train] epoch=3/3 step=2300/2505 loss=1.4077 ce=1.3662 ce_ema=1.2480 pairwise=0.3135 pairwise_acc=0.9500 aux=1.0128 ewp_gn=3.929e-02 budget=0.0000 top_k=2 lr=9.257e-06 elapsed=75.0m
[train] epoch=3/3 step=2350/2505 loss=1.1667 ce=1.1241 ce_ema=1.2373 pairwise=0.3248 pairwise_acc=0.8500 aux=1.0117 ewp_gn=3.124e-02 budget=0.0000 top_k=2 lr=8.720e-06 elapsed=76.6m
[train] epoch=3/3 step=2400/2505 loss=1.2670 ce=1.2188 ce_ema=1.2357 pairwise=0.3801 pairwise_acc=0.7500 aux=1.0116 ewp_gn=3.724e-02 budget=0.0000 top_k=2 lr=8.331e-06 elapsed=78.3m
[eval] step=2400 eval_pairwise_acc=0.502500
[train] epoch=3/3 step=2450/2505 loss=1.1838 ce=1.1458 ce_ema=1.2262 pairwise=0.2798 pairwise_acc=0.9000 aux=1.0084 ewp_gn=3.650e-02 budget=0.0000 top_k=2 lr=8.091e-06 elapsed=80.0m
[train] epoch=3/3 step=2500/2505 loss=1.2389 ce=1.1939 ce_ema=1.2280 pairwise=0.3484 pairwise_acc=0.8000 aux=1.0087 ewp_gn=3.484e-02 budget=0.0000 top_k=2 lr=8.001e-06 elapsed=81.6m
[save] moving merged model to cpu before export
[save] merged + fp32 full model -> /mnt/data/models/fv1_siqa_pw10
[save] final router top_k -> 2
[2026-04-25 22:15:19,331] [INFO] [real_accelerator.py:203:get_accelerator] Setting ds_accelerator to cuda (auto detect)
[93m [WARNING] [0m async_io requires the dev libaio .so object and headers but these were not found.
[93m [WARNING] [0m async_io: please install the libaio-dev package with apt
[93m [WARNING] [0m If libaio is already installed (perhaps from source), try setting the CFLAGS and LDFLAGS environment variables to where it can be found.
[93m [WARNING] [0m Please specify the CUTLASS repo directory as environment variable $CUTLASS_PATH
[93m [WARNING] [0m sparse_attn requires a torch version >= 1.5 and < 2.0 but detected 2.5
[93m [WARNING] [0m using untested triton version (3.1.0), only 1.0.0 is known to be compatible

[launcher] done.
