
[launcher] running:
  /home/vipuser/miniconda3/envs/op/bin/python -m torch.distributed.run --nproc_per_node 1 /root/Predict_v2/run_stage1_moe_att.py --model_path /root/models/Dynamic_MoE --output_dir /mnt/data/models/out_moe_att_obqa_new --dataset openbookqa --eval_dataset openbookqa --train_split train --eval_split validation --block_size 108 --batch_size 12 --grad_accum 1 --epochs 3 --lr 0.0001 --lora_r 8 --lora_alpha 16 --lora_dropout 0.05 --num_proc 16 --load_in_8bit 0 --load_in_fp16 1 --bf16 0 --train_extra_params_in_fp32 1 --router_use_entmax 0 --router_top_k 2 --moe_att_expert_loss_coef 1.0 --moe_att_kl_loss_coef 0.1 --moe_att_use_detach 1 --stage1_epochs 1 --stage1_lr 0.0002 --stage1_grad_accum 1 --stage1_data_ratio 0.2 --stage1_distill_temperature 1.0 --stage1_kl_coef 1.0 --stage1_logit_coef 1.0 --stage1_use_logit_loss 1
[load] tokenizer from model_path: /root/models/Dynamic_MoE
[load] distributed=True world_size=1 4bit=False 8bit=False
[train] mixed precision: fp16=False bf16=False
[warn] load_in_fp16=1 only loads model weights in fp16; it does not enable AMP autocast. Set --fp16 1 or --bf16 1 to reduce activation memory.
[stage1] loading base model for router distillation
[load] checkpoint loaded with strict=False: missing=96 unexpected=24 dtype=torch.float16
[stage1] trainable cross-attention router params: 75497472
[stage1][data] train=991 (ratio=0.200, seed=42)
[stage1] epoch=1/1 step=50 loss=1.814100 kl=1.572535 logit=0.241565 t_ent=1.6747 s_ent=1.3137 top1=0.5971 topk=0.6007 cos=0.6458 elapsed=1.2m
[stage1] saving full checkpoint to /mnt/data/models/out_moe_att_obqa_new/ckpt_after_stage1
[2026-04-27 12:00:51,128] [INFO] [real_accelerator.py:203:get_accelerator] Setting ds_accelerator to cuda (auto detect)
[93m [WARNING] [0m async_io requires the dev libaio .so object and headers but these were not found.
[93m [WARNING] [0m async_io: please install the libaio-dev package with apt
[93m [WARNING] [0m If libaio is already installed (perhaps from source), try setting the CFLAGS and LDFLAGS environment variables to where it can be found.
[93m [WARNING] [0m Please specify the CUTLASS repo directory as environment variable $CUTLASS_PATH
[93m [WARNING] [0m sparse_attn requires a torch version >= 1.5 and < 2.0 but detected 2.5
[93m [WARNING] [0m using untested triton version (3.1.0), only 1.0.0 is known to be compatible

[launcher] running:
  /home/vipuser/miniconda3/envs/op/bin/python -m torch.distributed.run --nproc_per_node 1 /root/Predict_v2/run_stage2_moe_att.py --model_path /root/models/Dynamic_MoE --output_dir /mnt/data/models/out_moe_att_obqa_new --dataset openbookqa --eval_dataset openbookqa --train_split train --eval_split validation --block_size 108 --batch_size 12 --grad_accum 1 --epochs 3 --lr 0.0001 --lora_r 8 --lora_alpha 16 --lora_dropout 0.05 --num_proc 16 --load_in_8bit 0 --load_in_fp16 1 --bf16 0 --train_extra_params_in_fp32 1 --router_use_entmax 0 --router_top_k 2 --moe_att_expert_loss_coef 1.0 --moe_att_kl_loss_coef 0.1 --moe_att_use_detach 1 --stage2_init_path /mnt/data/models/out_moe_att_obqa_new/ckpt_after_stage1
[load] tokenizer from model_path: /root/models/Dynamic_MoE
[load] distributed=True world_size=1 4bit=False 8bit=False
[train] mixed precision: fp16=False bf16=False
[warn] load_in_fp16=1 only loads model weights in fp16; it does not enable AMP autocast. Set --fp16 1 or --bf16 1 to reduce activation memory.
[stage2] loading model from /mnt/data/models/out_moe_att_obqa_new/ckpt_after_stage1
[load] checkpoint loaded with strict=False: missing=0 unexpected=0 dtype=torch.float16
[stage2] extra trainable new-router params: 75497472
[stage2] cast selected router params to fp32: 75497472
[stage2] trainable params: 112459776/3600598016 (3.12%)
trainable params: 112,459,776 || all params: 3,600,598,016 || trainable%: 3.1234
[stage2][eval] using OpenCompass-style PPL ranking for openbookqa
[stage2][data] train=4957 eval=20 block_size=108
[stage2][opt] param groups: other=2496 router=72
[stage2][opt] lrs: other=1.000e-04 router=1.000e-04
