
[launcher] running:
  /home/vipuser/miniconda3/envs/op/bin/python -m torch.distributed.run --nproc_per_node 2 /root/Predict_v2/run_stage1_dynamic_moe.py --model_path /root/models/Dynamic_MoE --output_dir /mnt/data/models/fv1_openbookqa_s42 --dataset openbookqa --eval_dataset openbookqa --train_split train --eval_split validation --block_size 128 --batch_size 2 --grad_accum 1 --epochs 3 --lr 8e-05 --lora_r 16 --lora_alpha 16 --lora_dropout 0.05 --num_proc 16 --load_in_4bit 0 --load_in_8bit 0 --use_bnb_8bit 0 --load_in_fp16 0 --fp16 0 --bf16 0 --train_extra_params_in_fp32 1 --router_use_entmax 0 --router_top_k 2 --router_entmax_alpha 1.7 --min_lr_ratio 0.1 --router_lr_mult 1.0 --eval_max_samples 600 --router_use_softmax_temperature 1 --router_softmax_temperature 1.0 --train_new_router_params 1 --router_aux_loss_coef 0.002 --init_new_router_from_legacy 1 --eval_every 3000 --seed 42 --stage_split_seed 42 --stage1_epochs 1 --stage1_lr 0.0001 --stage1_grad_accum 1 --stage1_data_ratio 0.5 --stage1_distill_temperature 2.0 --stage1_kl_coef 2.0 --stage1_logit_coef 0.25 --stage1_use_logit_loss 1
[load] tokenizer from model_path: /root/models/Dynamic_MoE
[load] distributed=True world_size=2 4bit=False 8bit=False
[train] mixed precision: fp16=False bf16=False
[stage1] loading base model for router distillation
[load] checkpoint loaded with strict=False: missing=96 unexpected=24 dtype=torch.float32
[init] layer 0 expert_weight_proj initialized from legacy router.weight
[init] layer 1 expert_weight_proj initialized from legacy router.weight
[init] layer 2 expert_weight_proj initialized from legacy router.weight
[init] layer 3 expert_weight_proj initialized from legacy router.weight
[init] layer 4 expert_weight_proj initialized from legacy router.weight
[init] layer 5 expert_weight_proj initialized from legacy router.weight
[init] layer 6 expert_weight_proj initialized from legacy router.weight
[init] layer 7 expert_weight_proj initialized from legacy router.weight
[init] layer 8 expert_weight_proj initialized from legacy router.weight
[init] layer 9 expert_weight_proj initialized from legacy router.weight
[init] layer 10 expert_weight_proj initialized from legacy router.weight
[init] layer 11 expert_weight_proj initialized from legacy router.weight
[init] layer 12 expert_weight_proj initialized from legacy router.weight
[init] layer 13 expert_weight_proj initialized from legacy router.weight
[init] layer 14 expert_weight_proj initialized from legacy router.weight
[init] layer 15 expert_weight_proj initialized from legacy router.weight
[init] layer 16 expert_weight_proj initialized from legacy router.weight
[init] layer 17 expert_weight_proj initialized from legacy router.weight
[init] layer 18 expert_weight_proj initialized from legacy router.weight
[init] layer 19 expert_weight_proj initialized from legacy router.weight
[init] layer 20 expert_weight_proj initialized from legacy router.weight
[init] layer 21 expert_weight_proj initialized from legacy router.weight
[init] layer 22 expert_weight_proj initialized from legacy router.weight
[init] layer 23 expert_weight_proj initialized from legacy router.weight
[init] initialized new router modules from legacy dense router for 24 layers
[stage1] trainable cross-attention router params: 125829120
[stage1][data] train=2478 (ratio=0.500, seed=42)
[init] layer 0 expert_weight_proj initialized from legacy router.weight
[init] layer 1 expert_weight_proj initialized from legacy router.weight
[init] layer 2 expert_weight_proj initialized from legacy router.weight
[init] layer 3 expert_weight_proj initialized from legacy router.weight
[init] layer 4 expert_weight_proj initialized from legacy router.weight
[init] layer 5 expert_weight_proj initialized from legacy router.weight
[init] layer 6 expert_weight_proj initialized from legacy router.weight
[init] layer 7 expert_weight_proj initialized from legacy router.weight
[init] layer 8 expert_weight_proj initialized from legacy router.weight
[init] layer 9 expert_weight_proj initialized from legacy router.weight
[init] layer 10 expert_weight_proj initialized from legacy router.weight
[init] layer 11 expert_weight_proj initialized from legacy router.weight
[init] layer 12 expert_weight_proj initialized from legacy router.weight
[init] layer 13 expert_weight_proj initialized from legacy router.weight
[init] layer 14 expert_weight_proj initialized from legacy router.weight
[init] layer 15 expert_weight_proj initialized from legacy router.weight
[init] layer 16 expert_weight_proj initialized from legacy router.weight
[init] layer 17 expert_weight_proj initialized from legacy router.weight
[init] layer 18 expert_weight_proj initialized from legacy router.weight
[init] layer 19 expert_weight_proj initialized from legacy router.weight
[init] layer 20 expert_weight_proj initialized from legacy router.weight
[init] layer 21 expert_weight_proj initialized from legacy router.weight
[init] layer 22 expert_weight_proj initialized from legacy router.weight
[init] layer 23 expert_weight_proj initialized from legacy router.weight
[stage1] epoch=1/1 step=50 loss=0.631368 kl=0.299319 logit=0.130921 t_ent=1.6631 s_ent=1.9134 top1=0.7061 topk=0.7091 cos=0.8251 elapsed=1.2m
[stage1] epoch=1/1 step=100 loss=0.347687 kl=0.164902 logit=0.071530 t_ent=1.6549 s_ent=1.7949 top1=0.7955 topk=0.8028 cos=0.8930 elapsed=2.4m
[stage1] epoch=1/1 step=150 loss=0.159305 kl=0.075107 logit=0.036365 t_ent=1.6240 s_ent=1.6966 top1=0.8737 topk=0.8652 cos=0.9289 elapsed=3.7m
[stage1] epoch=1/1 step=200 loss=0.079499 kl=0.037484 logit=0.018126 t_ent=1.6113 s_ent=1.6405 top1=0.9257 topk=0.9105 cos=0.9479 elapsed=4.9m
[stage1] epoch=1/1 step=250 loss=0.036796 kl=0.017261 logit=0.009094 t_ent=1.5946 s_ent=1.6047 top1=0.9563 topk=0.9409 cos=0.9570 elapsed=6.1m
[stage1] epoch=1/1 step=300 loss=0.026188 kl=0.012291 logit=0.006424 t_ent=1.6030 s_ent=1.6077 top1=0.9619 topk=0.9491 cos=0.9604 elapsed=7.1m
[stage1] epoch=1/1 step=350 loss=0.017844 kl=0.008361 logit=0.004490 t_ent=1.6010 s_ent=1.6072 top1=0.9637 topk=0.9557 cos=0.9619 elapsed=7.8m
[stage1] epoch=1/1 step=400 loss=0.012986 kl=0.006067 logit=0.003404 t_ent=1.6048 s_ent=1.6101 top1=0.9735 topk=0.9618 cos=0.9625 elapsed=8.7m
[stage1] epoch=1/1 step=450 loss=0.009600 kl=0.004514 logit=0.002289 t_ent=1.6111 s_ent=1.6143 top1=0.9762 topk=0.9694 cos=0.9644 elapsed=9.7m
[stage1] epoch=1/1 step=500 loss=0.006973 kl=0.003267 logit=0.001757 t_ent=1.6191 s_ent=1.6216 top1=0.9803 topk=0.9738 cos=0.9648 elapsed=10.6m
[stage1] epoch=1/1 step=550 loss=0.004374 kl=0.002056 logit=0.001046 t_ent=1.6005 s_ent=1.6001 top1=0.9889 topk=0.9807 cos=0.9670 elapsed=11.2m
[stage1] epoch=1/1 step=600 loss=0.003619 kl=0.001700 logit=0.000874 t_ent=1.5928 s_ent=1.5940 top1=0.9873 topk=0.9853 cos=0.9668 elapsed=11.9m
[stage1] saving full checkpoint to /mnt/data/models/fv1_openbookqa_s42/ckpt_after_stage1
[2026-05-18 23:12:08,088] [INFO] [real_accelerator.py:203:get_accelerator] Setting ds_accelerator to cuda (auto detect)
[93m [WARNING] [0m async_io requires the dev libaio .so object and headers but these were not found.
[93m [WARNING] [0m async_io: please install the libaio-dev package with apt
[93m [WARNING] [0m If libaio is already installed (perhaps from source), try setting the CFLAGS and LDFLAGS environment variables to where it can be found.
[93m [WARNING] [0m Please specify the CUTLASS repo directory as environment variable $CUTLASS_PATH
[93m [WARNING] [0m sparse_attn requires a torch version >= 1.5 and < 2.0 but detected 2.5
[93m [WARNING] [0m using untested triton version (3.1.0), only 1.0.0 is known to be compatible

[launcher] running:
  /home/vipuser/miniconda3/envs/op/bin/python -m torch.distributed.run --nproc_per_node 2 /root/Predict_v2/run_stage2_dynamic_moe.py --model_path /root/models/Dynamic_MoE --output_dir /mnt/data/models/fv1_openbookqa_s42 --dataset openbookqa --eval_dataset openbookqa --train_split train --eval_split validation --block_size 128 --batch_size 2 --grad_accum 1 --epochs 3 --lr 8e-05 --lora_r 16 --lora_alpha 16 --lora_dropout 0.05 --num_proc 16 --load_in_4bit 0 --load_in_8bit 0 --use_bnb_8bit 0 --load_in_fp16 0 --fp16 0 --bf16 0 --train_extra_params_in_fp32 1 --router_use_entmax 0 --router_top_k 2 --router_entmax_alpha 1.7 --min_lr_ratio 0.1 --router_lr_mult 1.0 --eval_max_samples 600 --router_use_softmax_temperature 1 --router_softmax_temperature 1.0 --train_new_router_params 1 --router_aux_loss_coef 0.002 --init_new_router_from_legacy 1 --eval_every 3000 --seed 42 --stage_split_seed 42 --stage2_include_validation_in_train 1 --stage2_validation_train_ratio 0.05 --stage2_init_path /mnt/data/models/fv1_openbookqa_s42/ckpt_after_stage1
[load] tokenizer from model_path: /root/models/Dynamic_MoE
[load] distributed=True world_size=2 4bit=False 8bit=False
[train] mixed precision: fp16=False bf16=False
[stage2] loading model from /mnt/data/models/fv1_openbookqa_s42/ckpt_after_stage1
[stage2][data] openbookqa: borrowed 75/1500 from validation into train
[load] checkpoint loaded with strict=False: missing=0 unexpected=0 dtype=torch.float32
[stage2] extra trainable new-router params: 125829120
[stage2] cast selected router params to fp32: 0
[stage2] trainable params: 199753728/3687891968 (5.42%)
trainable params: 199,753,728 || all params: 3,687,891,968 || trainable%: 5.4165
[stage2][data] openbookqa: borrowed 75/1500 from validation into train
[stage2][eval] using OpenCompass-style PPL ranking for openbookqa
[stage2][data] train=14946 eval=475 block_size=128
[stage2][opt] param groups: other=2496 router=72
[stage2][opt] lrs: other=8.000e-05 router=8.000e-05
[train] epoch=1/3 step=50/11208 loss=2.7859 ce=2.7693 ce_ema=3.2594 pairwise=0.2588 pairwise_acc=1.0000 aux=1.8358 ewp_gn=2.243e-01 budget=0.0000 top_k=2 lr=1.214e-05 elapsed=2.3m
[train] epoch=1/3 step=100/11208 loss=1.9574 ce=1.9075 ce_ema=2.6142 pairwise=0.9335 pairwise_acc=0.5000 aux=1.6407 ewp_gn=1.602e-01 budget=0.0000 top_k=2 lr=2.405e-05 elapsed=4.4m
