
[launcher] running:
  /home/vipuser/miniconda3/envs/op/bin/python -m torch.distributed.run --nproc_per_node 2 --master_port 29501 /root/Predict_v2/run_stage1_dynamic_moe.py --model_path /root/models/Dynamic_MoE --output_dir /mnt/data/models/fv1_arc_c_pw20 --dataset arc-c --eval_dataset arc-c --train_split train --eval_split validation --block_size 192 --batch_size 8 --grad_accum 1 --epochs 3 --lr 6e-05 --lora_r 16 --lora_alpha 16 --lora_dropout 0.05 --num_proc 16 --load_in_4bit 0 --load_in_8bit 0 --use_bnb_8bit 0 --load_in_fp16 0 --fp16 0 --bf16 0 --train_extra_params_in_fp32 1 --router_use_entmax 0 --router_top_k 2 --router_entmax_alpha 1.7 --router_value_anchor_loss_coef 0.01 --router_anchor_momentum 0.99 --min_lr_ratio 0.1 --router_lr_mult 1.0 --eval_max_samples 400 --router_use_softmax_temperature 1 --router_softmax_temperature 1.1 --train_new_router_params 1 --router_aux_loss_coef 0.01 --init_new_router_from_legacy 1 --stage1_epochs 1 --stage1_lr 0.0001 --stage1_grad_accum 1 --stage1_data_ratio 0.5 --stage1_distill_temperature 2.0 --stage1_kl_coef 2.0 --stage1_logit_coef 0.25 --stage1_use_logit_loss 1
[router] anchor-router trunk ignores legacy router settings: router_value_anchor_loss_coef
[load] tokenizer from model_path: /root/models/Dynamic_MoE
[load] distributed=True world_size=2 4bit=False 8bit=False
[train] mixed precision: fp16=False bf16=False
[stage1] loading base model for router distillation
[load] checkpoint loaded with strict=False: missing=96 unexpected=24 dtype=torch.float32
[init] layer 0 expert_weight_proj initialized from legacy router.weight
[init] layer 1 expert_weight_proj initialized from legacy router.weight
[init] layer 2 expert_weight_proj initialized from legacy router.weight
[init] layer 3 expert_weight_proj initialized from legacy router.weight
[init] layer 4 expert_weight_proj initialized from legacy router.weight
[init] layer 5 expert_weight_proj initialized from legacy router.weight
[init] layer 6 expert_weight_proj initialized from legacy router.weight
[init] layer 7 expert_weight_proj initialized from legacy router.weight
[init] layer 8 expert_weight_proj initialized from legacy router.weight
[init] layer 9 expert_weight_proj initialized from legacy router.weight
[init] layer 10 expert_weight_proj initialized from legacy router.weight
[init] layer 11 expert_weight_proj initialized from legacy router.weight
[init] layer 12 expert_weight_proj initialized from legacy router.weight
[init] layer 13 expert_weight_proj initialized from legacy router.weight
[init] layer 14 expert_weight_proj initialized from legacy router.weight
[init] layer 15 expert_weight_proj initialized from legacy router.weight
[init] layer 16 expert_weight_proj initialized from legacy router.weight
[init] layer 17 expert_weight_proj initialized from legacy router.weight
[init] layer 18 expert_weight_proj initialized from legacy router.weight
[init] layer 19 expert_weight_proj initialized from legacy router.weight
[init] layer 20 expert_weight_proj initialized from legacy router.weight
[init] layer 21 expert_weight_proj initialized from legacy router.weight
[init] layer 22 expert_weight_proj initialized from legacy router.weight
[init] layer 23 expert_weight_proj initialized from legacy router.weight
[init] initialized new router modules from legacy dense router for 24 layers
[init] layer 0 expert_weight_proj initialized from legacy router.weight
[init] layer 1 expert_weight_proj initialized from legacy router.weight
[init] layer 2 expert_weight_proj initialized from legacy router.weight
[init] layer 3 expert_weight_proj initialized from legacy router.weight
[init] layer 4 expert_weight_proj initialized from legacy router.weight
[init] layer 5 expert_weight_proj initialized from legacy router.weight
[init] layer 6 expert_weight_proj initialized from legacy router.weight
[init] layer 7 expert_weight_proj initialized from legacy router.weight
[init] layer 8 expert_weight_proj initialized from legacy router.weight
[init] layer 9 expert_weight_proj initialized from legacy router.weight
[init] layer 10 expert_weight_proj initialized from legacy router.weight
[init] layer 11 expert_weight_proj initialized from legacy router.weight
[init] layer 12 expert_weight_proj initialized from legacy router.weight
[init] layer 13 expert_weight_proj initialized from legacy router.weight
[init] layer 14 expert_weight_proj initialized from legacy router.weight
[init] layer 15 expert_weight_proj initialized from legacy router.weight
[init] layer 16 expert_weight_proj initialized from legacy router.weight
[init] layer 17 expert_weight_proj initialized from legacy router.weight
[init] layer 18 expert_weight_proj initialized from legacy router.weight
[init] layer 19 expert_weight_proj initialized from legacy router.weight
[init] layer 20 expert_weight_proj initialized from legacy router.weight
[init] layer 21 expert_weight_proj initialized from legacy router.weight
[init] layer 22 expert_weight_proj initialized from legacy router.weight
[init] layer 23 expert_weight_proj initialized from legacy router.weight
[stage1] trainable cross-attention router params: 125829120
[stage1][data] train=559 (ratio=0.500, seed=42)
[stage1] saving full checkpoint to /mnt/data/models/fv1_arc_c_pw20/ckpt_after_stage1
[2026-04-26 15:07:26,791] [INFO] [real_accelerator.py:203:get_accelerator] Setting ds_accelerator to cuda (auto detect)
[93m [WARNING] [0m async_io requires the dev libaio .so object and headers but these were not found.
[93m [WARNING] [0m async_io: please install the libaio-dev package with apt
[93m [WARNING] [0m If libaio is already installed (perhaps from source), try setting the CFLAGS and LDFLAGS environment variables to where it can be found.
[93m [WARNING] [0m Please specify the CUTLASS repo directory as environment variable $CUTLASS_PATH
[93m [WARNING] [0m sparse_attn requires a torch version >= 1.5 and < 2.0 but detected 2.5
[93m [WARNING] [0m using untested triton version (3.1.0), only 1.0.0 is known to be compatible

[launcher] running:
  /home/vipuser/miniconda3/envs/op/bin/python -m torch.distributed.run --nproc_per_node 2 --master_port 29501 /root/Predict_v2/run_stage2_dynamic_moe.py --model_path /root/models/Dynamic_MoE --output_dir /mnt/data/models/fv1_arc_c_pw20 --dataset arc-c --eval_dataset arc-c --train_split train --eval_split validation --block_size 192 --batch_size 8 --grad_accum 1 --epochs 3 --lr 6e-05 --lora_r 16 --lora_alpha 16 --lora_dropout 0.05 --num_proc 16 --load_in_4bit 0 --load_in_8bit 0 --use_bnb_8bit 0 --load_in_fp16 0 --fp16 0 --bf16 0 --train_extra_params_in_fp32 1 --router_use_entmax 0 --router_top_k 2 --router_entmax_alpha 1.7 --router_value_anchor_loss_coef 0.01 --router_anchor_momentum 0.99 --min_lr_ratio 0.1 --router_lr_mult 1.0 --eval_max_samples 400 --router_use_softmax_temperature 1 --router_softmax_temperature 1.1 --train_new_router_params 1 --router_aux_loss_coef 0.01 --init_new_router_from_legacy 1 --stage2_init_path /mnt/data/models/fv1_arc_c_pw20/ckpt_after_stage1
[router] anchor-router trunk ignores legacy router settings: router_value_anchor_loss_coef
[load] tokenizer from model_path: /root/models/Dynamic_MoE
[load] distributed=True world_size=2 4bit=False 8bit=False
[train] mixed precision: fp16=False bf16=False
[stage2] loading model from /mnt/data/models/fv1_arc_c_pw20/ckpt_after_stage1
[load] checkpoint loaded with strict=False: missing=0 unexpected=0 dtype=torch.float32
[stage2] extra trainable new-router params: 125829120
[stage2] cast selected router params to fp32: 0
[stage2] trainable params: 199753728/3687891968 (5.42%)
trainable params: 199,753,728 || all params: 3,687,891,968 || trainable%: 5.4165
[stage2][eval] using OpenCompass-style PPL ranking for arc-c
[stage2][data] train=3357 eval=295 block_size=192
[stage2][opt] param groups: other=2496 router=72
[stage2][opt] lrs: other=6.000e-05 router=6.000e-05
[train] epoch=1/3 step=50/627 loss=1.9402 ce=1.8606 ce_ema=2.1546 pairwise=0.8231 pairwise_acc=0.0000 aux=1.3758 ewp_gn=1.256e-01 budget=0.0000 top_k=2 lr=5.963e-05 elapsed=1.3m
[train] epoch=1/3 step=100/627 loss=1.6460 ce=1.5755 ce_ema=1.7771 pairwise=0.7243 pairwise_acc=0.3750 aux=1.2596 ewp_gn=1.041e-01 budget=0.0000 top_k=2 lr=5.762e-05 elapsed=2.7m
[train] epoch=1/3 step=150/627 loss=1.4200 ce=1.3668 ce_ema=1.5582 pairwise=0.5156 pairwise_acc=0.8750 aux=1.1941 ewp_gn=8.289e-02 budget=0.0000 top_k=2 lr=5.398e-05 elapsed=4.0m
[train] epoch=1/3 step=200/627 loss=1.3871 ce=1.3321 ce_ema=1.4119 pairwise=0.5398 pairwise_acc=0.8750 aux=1.1827 ewp_gn=8.093e-02 budget=0.0000 top_k=2 lr=4.895e-05 elapsed=5.6m
[eval] step=200 eval_pairwise_acc=0.250000
[train] epoch=2/3 step=250/627 loss=1.3018 ce=1.2409 ce_ema=1.3129 pairwise=0.6166 pairwise_acc=0.6250 aux=1.1576 ewp_gn=1.081e-01 budget=0.0000 top_k=2 lr=4.286e-05 elapsed=7.0m
[train] epoch=2/3 step=300/627 loss=1.3588 ce=1.3091 ce_ema=1.2574 pairwise=0.4716 pairwise_acc=0.7500 aux=1.1891 ewp_gn=9.907e-02 budget=0.0000 top_k=2 lr=3.613e-05 elapsed=8.4m
[train] epoch=2/3 step=350/627 loss=1.1265 ce=1.0810 ce_ema=1.1981 pairwise=0.4242 pairwise_acc=0.8750 aux=1.1473 ewp_gn=9.606e-02 budget=0.0000 top_k=2 lr=2.918e-05 elapsed=9.8m
[train] epoch=2/3 step=400/627 loss=1.2119 ce=1.1581 ce_ema=1.1442 pairwise=0.5294 pairwise_acc=0.6250 aux=1.1432 ewp_gn=1.234e-01 budget=0.0000 top_k=2 lr=2.249e-05 elapsed=11.5m
[eval] step=400 eval_pairwise_acc=0.256757
[train] epoch=3/3 step=450/627 loss=0.9771 ce=0.9416 ce_ema=1.0488 pairwise=0.3021 pairwise_acc=1.0000 aux=1.1333 ewp_gn=9.685e-02 budget=0.0000 top_k=2 lr=1.649e-05 elapsed=13.0m
[train] epoch=3/3 step=500/627 loss=1.1576 ce=1.1219 ce_ema=0.9817 pairwise=0.3046 pairwise_acc=1.0000 aux=1.1350 ewp_gn=9.469e-02 budget=0.0000 top_k=2 lr=1.159e-05 elapsed=14.4m
[train] epoch=3/3 step=550/627 loss=0.9751 ce=0.9439 ce_ema=0.9665 pairwise=0.2471 pairwise_acc=1.0000 aux=1.1422 ewp_gn=9.765e-02 budget=0.0000 top_k=2 lr=8.102e-06 elapsed=15.8m
[train] epoch=3/3 step=600/627 loss=0.8631 ce=0.8315 ce_ema=0.9432 pairwise=0.2523 pairwise_acc=1.0000 aux=1.1421 ewp_gn=9.920e-02 budget=0.0000 top_k=2 lr=6.261e-06 elapsed=17.4m
[eval] step=600 eval_pairwise_acc=0.233108
[save] moving merged model to cpu before export
[save] merged + fp32 full model -> /mnt/data/models/fv1_arc_c_pw20
[save] final router top_k -> 2
[2026-04-26 15:28:37,590] [INFO] [real_accelerator.py:203:get_accelerator] Setting ds_accelerator to cuda (auto detect)
[93m [WARNING] [0m async_io requires the dev libaio .so object and headers but these were not found.
[93m [WARNING] [0m async_io: please install the libaio-dev package with apt
[93m [WARNING] [0m If libaio is already installed (perhaps from source), try setting the CFLAGS and LDFLAGS environment variables to where it can be found.
[93m [WARNING] [0m Please specify the CUTLASS repo directory as environment variable $CUTLASS_PATH
[93m [WARNING] [0m sparse_attn requires a torch version >= 1.5 and < 2.0 but detected 2.5
[93m [WARNING] [0m using untested triton version (3.1.0), only 1.0.0 is known to be compatible

[launcher] done.
