
[launcher] running:
  /home/vipuser/miniconda3/envs/op/bin/python -m torch.distributed.run --nproc_per_node 2 /root/Predict_v2/run_stage1_moe_att.py --model_path /root/models/Dynamic_MoE --output_dir /mnt/data/models/out_moe_att_obqa --dataset openbookqa --eval_dataset openbookqa --train_split train --eval_split validation --block_size 108 --batch_size 12 --grad_accum 1 --epochs 3 --lr 0.0001 --lora_r 8 --lora_alpha 16 --lora_dropout 0.05 --num_proc 16 --load_in_8bit 0 --load_in_fp16 1 --bf16 0 --train_extra_params_in_fp32 1 --router_use_entmax 0 --router_top_k 2 --moe_att_expert_loss_coef 1.0 --moe_att_kl_loss_coef 0.1 --moe_att_use_detach 1 --stage1_epochs 1 --stage1_lr 0.0002 --stage1_grad_accum 1 --stage1_data_ratio 0.2 --stage1_distill_temperature 1.0 --stage1_kl_coef 1.0 --stage1_logit_coef 1.0 --stage1_use_logit_loss 1 --moe_att_expert_loss_coef 0
[load] tokenizer from model_path: /root/models/Dynamic_MoE
[load] distributed=True world_size=2 4bit=False 8bit=False
[train] mixed precision: fp16=False bf16=False
[warn] load_in_fp16=1 only loads model weights in fp16; it does not enable AMP autocast. Set --fp16 1 or --bf16 1 to reduce activation memory.
[stage1] loading base model for router distillation
[load] checkpoint loaded with strict=False: missing=96 unexpected=24 dtype=torch.float16
[stage1] trainable cross-attention router params: 75497472
[stage1][data] train=991 (ratio=0.200, seed=42)
[stage1] saving full checkpoint to /mnt/data/models/out_moe_att_obqa/ckpt_after_stage1
[2026-04-27 07:40:34,980] [INFO] [real_accelerator.py:203:get_accelerator] Setting ds_accelerator to cuda (auto detect)
[93m [WARNING] [0m async_io requires the dev libaio .so object and headers but these were not found.
[93m [WARNING] [0m async_io: please install the libaio-dev package with apt
[93m [WARNING] [0m If libaio is already installed (perhaps from source), try setting the CFLAGS and LDFLAGS environment variables to where it can be found.
[93m [WARNING] [0m Please specify the CUTLASS repo directory as environment variable $CUTLASS_PATH
[93m [WARNING] [0m sparse_attn requires a torch version >= 1.5 and < 2.0 but detected 2.5
[93m [WARNING] [0m using untested triton version (3.1.0), only 1.0.0 is known to be compatible

[launcher] running:
  /home/vipuser/miniconda3/envs/op/bin/python -m torch.distributed.run --nproc_per_node 2 /root/Predict_v2/run_stage2_moe_att.py --model_path /root/models/Dynamic_MoE --output_dir /mnt/data/models/out_moe_att_obqa --dataset openbookqa --eval_dataset openbookqa --train_split train --eval_split validation --block_size 108 --batch_size 12 --grad_accum 1 --epochs 3 --lr 0.0001 --lora_r 8 --lora_alpha 16 --lora_dropout 0.05 --num_proc 16 --load_in_8bit 0 --load_in_fp16 1 --bf16 0 --train_extra_params_in_fp32 1 --router_use_entmax 0 --router_top_k 2 --moe_att_expert_loss_coef 1.0 --moe_att_kl_loss_coef 0.1 --moe_att_use_detach 1 --stage2_init_path /mnt/data/models/out_moe_att_obqa/ckpt_after_stage1 --moe_att_expert_loss_coef 0
[load] tokenizer from model_path: /root/models/Dynamic_MoE
[load] distributed=True world_size=2 4bit=False 8bit=False
[train] mixed precision: fp16=False bf16=False
[warn] load_in_fp16=1 only loads model weights in fp16; it does not enable AMP autocast. Set --fp16 1 or --bf16 1 to reduce activation memory.
[stage2] loading model from /mnt/data/models/out_moe_att_obqa/ckpt_after_stage1
[load] checkpoint loaded with strict=False: missing=0 unexpected=0 dtype=torch.float16
[stage2] extra trainable new-router params: 75497472
[stage2] cast selected router params to fp32: 75497472
[stage2] trainable params: 112459776/3600598016 (3.12%)
trainable params: 112,459,776 || all params: 3,600,598,016 || trainable%: 3.1234
[stage2][eval] using OpenCompass-style PPL ranking for openbookqa
[stage2][data] train=4957 eval=20 block_size=108
[stage2][opt] param groups: other=2496 router=72
[stage2][opt] lrs: other=1.000e-04 router=1.000e-04
[train] epoch=1/3 step=50/618 loss=2.2665 ce=2.0273 ce_ema=3.0239 expert=0.0000 kl=2.3912 ewp_gn=2.543e+00 budget=0.0000 top_k=2 lr=9.979e-05 elapsed=1.4m
[train] epoch=1/3 step=100/618 loss=2.2038 ce=1.9648 ce_ema=2.4009 expert=0.0000 kl=2.3898 ewp_gn=1.389e+00 budget=0.0000 top_k=2 lr=9.864e-05 elapsed=2.7m
[train] epoch=1/3 step=150/618 loss=2.1808 ce=1.9424 ce_ema=2.0998 expert=0.0000 kl=2.3843 ewp_gn=1.532e+00 budget=0.0000 top_k=2 lr=9.656e-05 elapsed=4.1m
[train] epoch=1/3 step=200/618 loss=2.1293 ce=1.8906 ce_ema=1.9323 expert=0.0000 kl=2.3869 ewp_gn=1.209e+00 budget=0.0000 top_k=2 lr=9.369e-05 elapsed=5.5m
[train] epoch=2/3 step=250/618 loss=2.1580 ce=1.9199 ce_ema=1.8460 expert=0.0000 kl=2.3810 ewp_gn=8.986e-01 budget=0.0000 top_k=2 lr=9.023e-05 elapsed=6.9m
[train] epoch=2/3 step=300/618 loss=2.0383 ce=1.7998 ce_ema=1.7938 expert=0.0000 kl=2.3848 ewp_gn=7.134e-01 budget=0.0000 top_k=2 lr=8.641e-05 elapsed=8.3m
[train] epoch=2/3 step=350/618 loss=2.0295 ce=1.7910 ce_ema=1.7975 expert=0.0000 kl=2.3853 ewp_gn=1.061e+00 budget=0.0000 top_k=2 lr=8.250e-05 elapsed=9.7m
[train] epoch=2/3 step=400/618 loss=2.2030 ce=1.9648 ce_ema=1.7686 expert=0.0000 kl=2.3814 ewp_gn=8.311e-01 budget=0.0000 top_k=2 lr=7.876e-05 elapsed=11.1m
[train] epoch=3/3 step=450/618 loss=2.0458 ce=1.8076 ce_ema=1.7036 expert=0.0000 kl=2.3817 ewp_gn=9.750e-01 budget=0.0000 top_k=2 lr=7.544e-05 elapsed=12.5m
[train] epoch=3/3 step=500/618 loss=1.9881 ce=1.7500 ce_ema=1.6919 expert=0.0000 kl=2.3805 ewp_gn=6.138e-01 budget=0.0000 top_k=2 lr=7.277e-05 elapsed=13.9m
[train] epoch=3/3 step=550/618 loss=1.7857 ce=1.5479 ce_ema=1.6919 expert=0.0000 kl=2.3783 ewp_gn=6.656e-01 budget=0.0000 top_k=2 lr=7.094e-05 elapsed=15.4m
[train] epoch=3/3 step=600/618 loss=1.8735 ce=1.6357 ce_ema=1.6838 expert=0.0000 kl=2.3776 ewp_gn=1.758e+00 budget=0.0000 top_k=2 lr=7.007e-05 elapsed=16.8m
[save] moving merged model to cpu before export
[save] merged + fp32 full model -> /mnt/data/models/out_moe_att_obqa
[save] final router top_k -> 2
[2026-04-27 07:59:39,570] [INFO] [real_accelerator.py:203:get_accelerator] Setting ds_accelerator to cuda (auto detect)
[93m [WARNING] [0m async_io requires the dev libaio .so object and headers but these were not found.
[93m [WARNING] [0m async_io: please install the libaio-dev package with apt
[93m [WARNING] [0m If libaio is already installed (perhaps from source), try setting the CFLAGS and LDFLAGS environment variables to where it can be found.
[93m [WARNING] [0m Please specify the CUTLASS repo directory as environment variable $CUTLASS_PATH
[93m [WARNING] [0m sparse_attn requires a torch version >= 1.5 and < 2.0 but detected 2.5
[93m [WARNING] [0m using untested triton version (3.1.0), only 1.0.0 is known to be compatible

[launcher] done.
