
[launcher] running:
  /home/vipuser/miniconda3/envs/op/bin/python -m torch.distributed.run --nproc_per_node 2 --master_port 29501 /root/Predict_v2/run_stage1_dynamic_moe.py --model_path /root/models/Dynamic_MoE --output_dir /mnt/data/models/fv1_openbookqa_pw20 --dataset openbookqa --eval_dataset openbookqa --train_split train --eval_split validation --block_size 128 --batch_size 14 --grad_accum 1 --epochs 3 --lr 8e-05 --lora_r 16 --lora_alpha 16 --lora_dropout 0.05 --num_proc 16 --load_in_4bit 0 --load_in_8bit 0 --use_bnb_8bit 0 --load_in_fp16 0 --fp16 0 --bf16 0 --train_extra_params_in_fp32 1 --router_use_entmax 0 --router_top_k 2 --router_entmax_alpha 1.7 --min_lr_ratio 0.1 --router_lr_mult 1.0 --eval_max_samples 600 --router_use_softmax_temperature 1 --router_softmax_temperature 1.0 --train_new_router_params 1 --router_aux_loss_coef 0.002 --init_new_router_from_legacy 1 --eval_every 1200 --stage1_epochs 1 --stage1_lr 0.0001 --stage1_grad_accum 1 --stage1_data_ratio 0.5 --stage1_distill_temperature 2.0 --stage1_kl_coef 2.0 --stage1_logit_coef 0.25 --stage1_use_logit_loss 1
[load] tokenizer from model_path: /root/models/Dynamic_MoE
[load] distributed=True world_size=2 4bit=False 8bit=False
[train] mixed precision: fp16=False bf16=False
[stage1] loading base model for router distillation
[load] checkpoint loaded with strict=False: missing=96 unexpected=24 dtype=torch.float32
[init] layer 0 expert_weight_proj initialized from legacy router.weight
[init] layer 1 expert_weight_proj initialized from legacy router.weight
[init] layer 2 expert_weight_proj initialized from legacy router.weight
[init] layer 3 expert_weight_proj initialized from legacy router.weight
[init] layer 4 expert_weight_proj initialized from legacy router.weight
[init] layer 5 expert_weight_proj initialized from legacy router.weight
[init] layer 6 expert_weight_proj initialized from legacy router.weight
[init] layer 7 expert_weight_proj initialized from legacy router.weight
[init] layer 8 expert_weight_proj initialized from legacy router.weight
[init] layer 9 expert_weight_proj initialized from legacy router.weight
[init] layer 10 expert_weight_proj initialized from legacy router.weight
[init] layer 11 expert_weight_proj initialized from legacy router.weight
[init] layer 12 expert_weight_proj initialized from legacy router.weight
[init] layer 13 expert_weight_proj initialized from legacy router.weight
[init] layer 14 expert_weight_proj initialized from legacy router.weight
[init] layer 15 expert_weight_proj initialized from legacy router.weight
[init] layer 16 expert_weight_proj initialized from legacy router.weight
[init] layer 17 expert_weight_proj initialized from legacy router.weight
[init] layer 18 expert_weight_proj initialized from legacy router.weight
[init] layer 19 expert_weight_proj initialized from legacy router.weight
[init] layer 20 expert_weight_proj initialized from legacy router.weight
[init] layer 21 expert_weight_proj initialized from legacy router.weight
[init] layer 22 expert_weight_proj initialized from legacy router.weight
[init] layer 23 expert_weight_proj initialized from legacy router.weight
[init] layer 0 expert_weight_proj initialized from legacy router.weight
[init] layer 1 expert_weight_proj initialized from legacy router.weight
[init] layer 2 expert_weight_proj initialized from legacy router.weight
[init] layer 3 expert_weight_proj initialized from legacy router.weight
[init] layer 4 expert_weight_proj initialized from legacy router.weight
[init] layer 5 expert_weight_proj initialized from legacy router.weight
[init] layer 6 expert_weight_proj initialized from legacy router.weight
[init] layer 7 expert_weight_proj initialized from legacy router.weight
[init] layer 8 expert_weight_proj initialized from legacy router.weight
[init] layer 9 expert_weight_proj initialized from legacy router.weight
[init] layer 10 expert_weight_proj initialized from legacy router.weight
[init] layer 11 expert_weight_proj initialized from legacy router.weight
[init] layer 12 expert_weight_proj initialized from legacy router.weight
[init] layer 13 expert_weight_proj initialized from legacy router.weight
[init] layer 14 expert_weight_proj initialized from legacy router.weight
[init] layer 15 expert_weight_proj initialized from legacy router.weight
[init] layer 16 expert_weight_proj initialized from legacy router.weight
[init] layer 17 expert_weight_proj initialized from legacy router.weight
[init] layer 18 expert_weight_proj initialized from legacy router.weight
[init] layer 19 expert_weight_proj initialized from legacy router.weight
[init] layer 20 expert_weight_proj initialized from legacy router.weight
[init] layer 21 expert_weight_proj initialized from legacy router.weight
[init] layer 22 expert_weight_proj initialized from legacy router.weight
[init] layer 23 expert_weight_proj initialized from legacy router.weight
[init] initialized new router modules from legacy dense router for 24 layers
[stage1] trainable cross-attention router params: 125829120
[stage1][data] train=2478 (ratio=0.500, seed=42)
[stage1] epoch=1/1 step=50 loss=0.557643 kl=0.264401 logit=0.115369 t_ent=1.6483 s_ent=1.8714 top1=0.7396 topk=0.7373 cos=0.8440 elapsed=0.6m
[stage1] saving full checkpoint to /mnt/data/models/fv1_openbookqa_pw20/ckpt_after_stage1
[2026-04-26 10:41:14,172] [INFO] [real_accelerator.py:203:get_accelerator] Setting ds_accelerator to cuda (auto detect)
[93m [WARNING] [0m async_io requires the dev libaio .so object and headers but these were not found.
[93m [WARNING] [0m async_io: please install the libaio-dev package with apt
[93m [WARNING] [0m If libaio is already installed (perhaps from source), try setting the CFLAGS and LDFLAGS environment variables to where it can be found.
[93m [WARNING] [0m Please specify the CUTLASS repo directory as environment variable $CUTLASS_PATH
[93m [WARNING] [0m sparse_attn requires a torch version >= 1.5 and < 2.0 but detected 2.5
[93m [WARNING] [0m using untested triton version (3.1.0), only 1.0.0 is known to be compatible

[launcher] running:
  /home/vipuser/miniconda3/envs/op/bin/python -m torch.distributed.run --nproc_per_node 2 --master_port 29501 /root/Predict_v2/run_stage2_dynamic_moe.py --model_path /root/models/Dynamic_MoE --output_dir /mnt/data/models/fv1_openbookqa_pw20 --dataset openbookqa --eval_dataset openbookqa --train_split train --eval_split validation --block_size 128 --batch_size 14 --grad_accum 1 --epochs 3 --lr 8e-05 --lora_r 16 --lora_alpha 16 --lora_dropout 0.05 --num_proc 16 --load_in_4bit 0 --load_in_8bit 0 --use_bnb_8bit 0 --load_in_fp16 0 --fp16 0 --bf16 0 --train_extra_params_in_fp32 1 --router_use_entmax 0 --router_top_k 2 --router_entmax_alpha 1.7 --min_lr_ratio 0.1 --router_lr_mult 1.0 --eval_max_samples 600 --router_use_softmax_temperature 1 --router_softmax_temperature 1.0 --train_new_router_params 1 --router_aux_loss_coef 0.002 --init_new_router_from_legacy 1 --eval_every 1200 --stage2_init_path /mnt/data/models/fv1_openbookqa_pw20/ckpt_after_stage1
[load] tokenizer from model_path: /root/models/Dynamic_MoE
[load] distributed=True world_size=2 4bit=False 8bit=False
[train] mixed precision: fp16=False bf16=False
[stage2] loading model from /mnt/data/models/fv1_openbookqa_pw20/ckpt_after_stage1
[load] checkpoint loaded with strict=False: missing=0 unexpected=0 dtype=torch.float32
[stage2] extra trainable new-router params: 125829120
[stage2] cast selected router params to fp32: 0
[stage2] trainable params: 199753728/3687891968 (5.42%)
trainable params: 199,753,728 || all params: 3,687,891,968 || trainable%: 5.4165
[stage2][eval] using OpenCompass-style PPL ranking for openbookqa
[stage2][data] train=14871 eval=500 block_size=128
[stage2][opt] param groups: other=2496 router=72
[stage2][opt] lrs: other=8.000e-05 router=8.000e-05
[train] epoch=1/3 step=50/1593 loss=1.8596 ce=1.8250 ce_ema=2.7602 pairwise=0.6219 pairwise_acc=0.5714 aux=1.7599 ewp_gn=1.006e-01 budget=0.0000 top_k=2 lr=8.000e-05 elapsed=1.8m
[train] epoch=1/3 step=100/1593 loss=1.6699 ce=1.6385 ce_ema=2.1268 pairwise=0.5661 pairwise_acc=0.7143 aux=1.5430 ewp_gn=6.417e-02 budget=0.0000 top_k=2 lr=7.979e-05 elapsed=3.6m
[train] epoch=1/3 step=150/1593 loss=1.7826 ce=1.7528 ce_ema=1.8516 pairwise=0.5392 pairwise_acc=0.8571 aux=1.3863 ewp_gn=5.696e-02 budget=0.0000 top_k=2 lr=7.921e-05 elapsed=5.2m
[train] epoch=1/3 step=200/1593 loss=1.5329 ce=1.5040 ce_ema=1.7376 pairwise=0.5274 pairwise_acc=0.7857 aux=1.2744 ewp_gn=5.899e-02 budget=0.0000 top_k=2 lr=7.827e-05 elapsed=7.1m
[train] epoch=1/3 step=250/1593 loss=1.5811 ce=1.5530 ce_ema=1.6736 pairwise=0.5103 pairwise_acc=0.7857 aux=1.2715 ewp_gn=5.586e-02 budget=0.0000 top_k=2 lr=7.698e-05 elapsed=9.2m
[train] epoch=1/3 step=300/1593 loss=1.5196 ce=1.4953 ce_ema=1.6242 pairwise=0.4350 pairwise_acc=0.8571 aux=1.2791 ewp_gn=5.773e-02 budget=0.0000 top_k=2 lr=7.535e-05 elapsed=10.7m
[train] epoch=1/3 step=350/1593 loss=1.5693 ce=1.5454 ce_ema=1.5862 pairwise=0.4267 pairwise_acc=0.8571 aux=1.2821 ewp_gn=6.063e-02 budget=0.0000 top_k=2 lr=7.339e-05 elapsed=12.4m
[train] epoch=1/3 step=400/1593 loss=1.4901 ce=1.4528 ce_ema=1.5462 pairwise=0.6961 pairwise_acc=0.5000 aux=1.2366 ewp_gn=5.684e-02 budget=0.0000 top_k=2 lr=7.113e-05 elapsed=13.8m
[train] epoch=1/3 step=450/1593 loss=1.4645 ce=1.4445 ce_ema=1.5155 pairwise=0.3522 pairwise_acc=0.9286 aux=1.2063 ewp_gn=6.211e-02 budget=0.0000 top_k=2 lr=6.859e-05 elapsed=15.3m
[train] epoch=1/3 step=500/1593 loss=1.5307 ce=1.5071 ce_ema=1.4899 pairwise=0.4229 pairwise_acc=0.7857 aux=1.2009 ewp_gn=6.087e-02 budget=0.0000 top_k=2 lr=6.579e-05 elapsed=16.7m
[train] epoch=2/3 step=550/1593 loss=1.3161 ce=1.3002 ce_ema=1.4560 pairwise=0.2697 pairwise_acc=0.8571 aux=1.2307 ewp_gn=6.986e-02 budget=0.0000 top_k=2 lr=6.278e-05 elapsed=18.2m
[train] epoch=2/3 step=600/1593 loss=1.2828 ce=1.2645 ce_ema=1.3828 pairwise=0.3168 pairwise_acc=0.9286 aux=1.2276 ewp_gn=7.946e-02 budget=0.0000 top_k=2 lr=5.956e-05 elapsed=19.7m
[train] epoch=2/3 step=650/1593 loss=1.2958 ce=1.2812 ce_ema=1.3415 pairwise=0.2446 pairwise_acc=0.9286 aux=1.2079 ewp_gn=7.909e-02 budget=0.0000 top_k=2 lr=5.619e-05 elapsed=21.2m
[train] epoch=2/3 step=700/1593 loss=1.2639 ce=1.2468 ce_ema=1.3039 pairwise=0.2928 pairwise_acc=0.8571 aux=1.2289 ewp_gn=8.239e-02 budget=0.0000 top_k=2 lr=5.269e-05 elapsed=22.6m
[train] epoch=2/3 step=750/1593 loss=1.2437 ce=1.2315 ce_ema=1.2800 pairwise=0.1962 pairwise_acc=1.0000 aux=1.2049 ewp_gn=7.933e-02 budget=0.0000 top_k=2 lr=4.910e-05 elapsed=24.1m
[train] epoch=2/3 step=800/1593 loss=1.3011 ce=1.2853 ce_ema=1.2582 pairwise=0.2699 pairwise_acc=0.9286 aux=1.1977 ewp_gn=9.077e-02 budget=0.0000 top_k=2 lr=4.546e-05 elapsed=25.6m
[train] epoch=2/3 step=850/1593 loss=1.1884 ce=1.1742 ce_ema=1.2268 pairwise=0.2360 pairwise_acc=1.0000 aux=1.1918 ewp_gn=8.036e-02 budget=0.0000 top_k=2 lr=4.181e-05 elapsed=27.0m
[train] epoch=2/3 step=900/1593 loss=1.1775 ce=1.1651 ce_ema=1.2093 pairwise=0.2016 pairwise_acc=1.0000 aux=1.1762 ewp_gn=9.050e-02 budget=0.0000 top_k=2 lr=3.817e-05 elapsed=28.5m
[train] epoch=2/3 step=950/1593 loss=1.1988 ce=1.1876 ce_ema=1.1884 pairwise=0.1776 pairwise_acc=1.0000 aux=1.1896 ewp_gn=9.074e-02 budget=0.0000 top_k=2 lr=3.460e-05 elapsed=30.0m
[train] epoch=2/3 step=1000/1593 loss=1.1961 ce=1.1791 ce_ema=1.1523 pairwise=0.2926 pairwise_acc=0.8571 aux=1.1963 ewp_gn=8.960e-02 budget=0.0000 top_k=2 lr=3.112e-05 elapsed=31.4m
[train] epoch=2/3 step=1050/1593 loss=1.0556 ce=1.0441 ce_ema=1.1307 pairwise=0.1824 pairwise_acc=1.0000 aux=1.1630 ewp_gn=7.516e-02 budget=0.0000 top_k=2 lr=2.778e-05 elapsed=32.9m
[train] epoch=3/3 step=1100/1593 loss=1.1422 ce=1.1290 ce_ema=1.0494 pairwise=0.2163 pairwise_acc=0.9286 aux=1.1865 ewp_gn=9.496e-02 budget=0.0000 top_k=2 lr=2.460e-05 elapsed=34.4m
[train] epoch=3/3 step=1150/1593 loss=0.9715 ce=0.9664 ce_ema=0.9978 pairwise=0.0541 pairwise_acc=1.0000 aux=1.1814 ewp_gn=9.575e-02 budget=0.0000 top_k=2 lr=2.163e-05 elapsed=35.9m
[train] epoch=3/3 step=1200/1593 loss=1.0112 ce=1.0002 ce_ema=0.9681 pairwise=0.1746 pairwise_acc=1.0000 aux=1.1658 ewp_gn=1.031e-01 budget=0.0000 top_k=2 lr=1.888e-05 elapsed=37.6m
[eval] step=1200 eval_pairwise_acc=0.330000
[train] epoch=3/3 step=1250/1593 loss=0.9994 ce=0.9908 ce_ema=0.9551 pairwise=0.1266 pairwise_acc=1.0000 aux=1.1586 ewp_gn=1.009e-01 budget=0.0000 top_k=2 lr=1.640e-05 elapsed=39.1m
[train] epoch=3/3 step=1300/1593 loss=0.9999 ce=0.9859 ce_ema=0.9278 pairwise=0.2330 pairwise_acc=1.0000 aux=1.1695 ewp_gn=9.840e-02 budget=0.0000 top_k=2 lr=1.419e-05 elapsed=40.5m
[train] epoch=3/3 step=1350/1593 loss=0.9408 ce=0.9345 ce_ema=0.9206 pairwise=0.0795 pairwise_acc=1.0000 aux=1.1685 ewp_gn=8.279e-02 budget=0.0000 top_k=2 lr=1.230e-05 elapsed=42.0m
[train] epoch=3/3 step=1400/1593 loss=0.8730 ce=0.8658 ce_ema=0.9166 pairwise=0.0979 pairwise_acc=1.0000 aux=1.1646 ewp_gn=9.063e-02 budget=0.0000 top_k=2 lr=1.073e-05 elapsed=43.4m
[train] epoch=3/3 step=1450/1593 loss=0.9341 ce=0.9270 ce_ema=0.9197 pairwise=0.0950 pairwise_acc=1.0000 aux=1.1705 ewp_gn=9.564e-02 budget=0.0000 top_k=2 lr=9.509e-06 elapsed=44.8m
[train] epoch=3/3 step=1500/1593 loss=0.9577 ce=0.9539 ce_ema=0.9087 pairwise=0.0301 pairwise_acc=1.0000 aux=1.1722 ewp_gn=9.939e-02 budget=0.0000 top_k=2 lr=8.641e-06 elapsed=46.3m
[train] epoch=3/3 step=1550/1593 loss=0.9200 ce=0.9100 ce_ema=0.8992 pairwise=0.1524 pairwise_acc=1.0000 aux=1.1667 ewp_gn=8.368e-02 budget=0.0000 top_k=2 lr=8.137e-06 elapsed=47.7m
[save] moving merged model to cpu before export
[save] merged + fp32 full model -> /mnt/data/models/fv1_openbookqa_pw20
[save] final router top_k -> 2
[2026-04-26 11:34:45,059] [INFO] [real_accelerator.py:203:get_accelerator] Setting ds_accelerator to cuda (auto detect)
[93m [WARNING] [0m async_io requires the dev libaio .so object and headers but these were not found.
[93m [WARNING] [0m async_io: please install the libaio-dev package with apt
[93m [WARNING] [0m If libaio is already installed (perhaps from source), try setting the CFLAGS and LDFLAGS environment variables to where it can be found.
[93m [WARNING] [0m Please specify the CUTLASS repo directory as environment variable $CUTLASS_PATH
[93m [WARNING] [0m sparse_attn requires a torch version >= 1.5 and < 2.0 but detected 2.5
[93m [WARNING] [0m using untested triton version (3.1.0), only 1.0.0 is known to be compatible

[launcher] done.
