
[launcher] running:
  /home/vipuser/miniconda3/envs/op/bin/python -m torch.distributed.run --nproc_per_node 2 /root/Predict_v2/run_stage1_dynamic_moe.py --model_path /root/models/Dynamic_MoE --output_dir /mnt/data/models/fv1_siqa --dataset siqa --eval_dataset siqa --train_split train --eval_split validation --block_size 150 --batch_size 16 --grad_accum 1 --epochs 3 --lr 8e-05 --lora_r 16 --lora_alpha 16 --lora_dropout 0.05 --num_proc 16 --load_in_4bit 0 --load_in_8bit 0 --use_bnb_8bit 0 --load_in_fp16 0 --fp16 0 --bf16 0 --train_extra_params_in_fp32 1 --router_use_entmax 0 --router_top_k 2 --router_entmax_alpha 1.7 --router_value_anchor_loss_coef 0.01 --router_anchor_momentum 0.99 --min_lr_ratio 0.1 --router_lr_mult 1.0 --eval_max_samples 100 --router_use_softmax_temperature 1 --router_softmax_temperature 0.8 --stage1_epochs 1 --stage1_lr 0.0001 --stage1_grad_accum 1 --stage1_data_ratio 0.5 --stage1_distill_temperature 2.0 --stage1_kl_coef 2.0 --stage1_logit_coef 0.25 --stage1_use_logit_loss 1
[load] tokenizer from model_path: /root/models/Dynamic_MoE
[load] distributed=True world_size=2 4bit=False 8bit=False
[train] mixed precision: fp16=False bf16=False
[stage1] loading base model for router distillation
[load] checkpoint loaded with strict=False: missing=120 unexpected=24 dtype=torch.float32
[init] layer 0 expert_value/value_anchor initialized from legacy router.weight
[init] layer 1 expert_value/value_anchor initialized from legacy router.weight
[init] layer 2 expert_value/value_anchor initialized from legacy router.weight
[init] layer 3 expert_value/value_anchor initialized from legacy router.weight
[init] layer 4 expert_value/value_anchor initialized from legacy router.weight
[init] layer 5 expert_value/value_anchor initialized from legacy router.weight
[init] layer 6 expert_value/value_anchor initialized from legacy router.weight
[init] layer 7 expert_value/value_anchor initialized from legacy router.weight
[init] layer 8 expert_value/value_anchor initialized from legacy router.weight
[init] layer 9 expert_value/value_anchor initialized from legacy router.weight
[init] layer 10 expert_value/value_anchor initialized from legacy router.weight
[init] layer 11 expert_value/value_anchor initialized from legacy router.weight
[init] layer 12 expert_value/value_anchor initialized from legacy router.weight
[init] layer 13 expert_value/value_anchor initialized from legacy router.weight
[init] layer 14 expert_value/value_anchor initialized from legacy router.weight
[init] layer 15 expert_value/value_anchor initialized from legacy router.weight
[init] layer 16 expert_value/value_anchor initialized from legacy router.weight
[init] layer 17 expert_value/value_anchor initialized from legacy router.weight
[init] layer 18 expert_value/value_anchor initialized from legacy router.weight
[init] layer 19 expert_value/value_anchor initialized from legacy router.weight
[init] layer 20 expert_value/value_anchor initialized from legacy router.weight
[init] layer 21 expert_value/value_anchor initialized from legacy router.weight
[init] layer 22 expert_value/value_anchor initialized from legacy router.weight
[init] layer 23 expert_value/value_anchor initialized from legacy router.weight
[init] layer 0 expert_value/value_anchor initialized from legacy router.weight
[init] layer 1 expert_value/value_anchor initialized from legacy router.weight
[init] layer 2 expert_value/value_anchor initialized from legacy router.weight
[init] layer 3 expert_value/value_anchor initialized from legacy router.weight
[init] layer 4 expert_value/value_anchor initialized from legacy router.weight
[init] layer 5 expert_value/value_anchor initialized from legacy router.weight
[init] layer 6 expert_value/value_anchor initialized from legacy router.weight
[init] layer 7 expert_value/value_anchor initialized from legacy router.weight
[init] layer 8 expert_value/value_anchor initialized from legacy router.weight
[init] layer 9 expert_value/value_anchor initialized from legacy router.weight
[init] layer 10 expert_value/value_anchor initialized from legacy router.weight
[init] layer 11 expert_value/value_anchor initialized from legacy router.weight
[init] layer 12 expert_value/value_anchor initialized from legacy router.weight
[init] layer 13 expert_value/value_anchor initialized from legacy router.weight
[init] layer 14 expert_value/value_anchor initialized from legacy router.weight
[init] layer 15 expert_value/value_anchor initialized from legacy router.weight
[init] layer 16 expert_value/value_anchor initialized from legacy router.weight
[init] layer 17 expert_value/value_anchor initialized from legacy router.weight
[init] layer 18 expert_value/value_anchor initialized from legacy router.weight
[init] layer 19 expert_value/value_anchor initialized from legacy router.weight
[init] layer 20 expert_value/value_anchor initialized from legacy router.weight
[init] layer 21 expert_value/value_anchor initialized from legacy router.weight
[init] layer 22 expert_value/value_anchor initialized from legacy router.weight
[init] layer 23 expert_value/value_anchor initialized from legacy router.weight
[init] initialized new router modules from legacy dense router for 24 layers
[stage1] trainable cross-attention router params: 50724864
[stage1][data] train=16705 (ratio=0.500, seed=42)
[stage1] epoch=1/1 step=50 loss=0.157014 kl=0.074043 logit=0.035715 t_ent=1.5782 s_ent=1.6327 top1=0.8926 topk=0.8597 cos=0.9442 elapsed=0.4m
[stage1] epoch=1/1 step=100 loss=0.041495 kl=0.019427 logit=0.010568 t_ent=1.5751 s_ent=1.5878 top1=0.9507 topk=0.9335 cos=0.9704 elapsed=0.8m
[stage1] epoch=1/1 step=150 loss=0.020037 kl=0.009356 logit=0.005302 t_ent=1.5735 s_ent=1.5804 top1=0.9669 topk=0.9535 cos=0.9756 elapsed=1.2m
[stage1] epoch=1/1 step=200 loss=0.011768 kl=0.005493 logit=0.003129 t_ent=1.5745 s_ent=1.5788 top1=0.9759 topk=0.9633 cos=0.9780 elapsed=1.6m
[stage1] epoch=1/1 step=250 loss=0.006986 kl=0.003258 logit=0.001882 t_ent=1.5776 s_ent=1.5805 top1=0.9840 topk=0.9737 cos=0.9795 elapsed=2.0m
[stage1] epoch=1/1 step=300 loss=0.004430 kl=0.002070 logit=0.001157 t_ent=1.5705 s_ent=1.5718 top1=0.9881 topk=0.9800 cos=0.9803 elapsed=2.4m
[stage1] epoch=1/1 step=350 loss=0.002868 kl=0.001332 logit=0.000815 t_ent=1.5716 s_ent=1.5723 top1=0.9909 topk=0.9842 cos=0.9808 elapsed=2.8m
[stage1] epoch=1/1 step=400 loss=0.002133 kl=0.000991 logit=0.000605 t_ent=1.5723 s_ent=1.5729 top1=0.9922 topk=0.9865 cos=0.9812 elapsed=3.2m
[stage1] epoch=1/1 step=450 loss=0.001378 kl=0.000637 logit=0.000415 t_ent=1.5755 s_ent=1.5761 top1=0.9947 topk=0.9895 cos=0.9812 elapsed=3.6m
[stage1] epoch=1/1 step=500 loss=0.001093 kl=0.000507 logit=0.000315 t_ent=1.5732 s_ent=1.5734 top1=0.9954 topk=0.9913 cos=0.9812 elapsed=4.0m
[stage1] saving full checkpoint to /mnt/data/models/fv1_siqa/ckpt_after_stage1
[2026-04-24 10:07:59,106] [INFO] [real_accelerator.py:203:get_accelerator] Setting ds_accelerator to cuda (auto detect)
[93m [WARNING] [0m async_io requires the dev libaio .so object and headers but these were not found.
[93m [WARNING] [0m async_io: please install the libaio-dev package with apt
[93m [WARNING] [0m If libaio is already installed (perhaps from source), try setting the CFLAGS and LDFLAGS environment variables to where it can be found.
[93m [WARNING] [0m Please specify the CUTLASS repo directory as environment variable $CUTLASS_PATH
[93m [WARNING] [0m sparse_attn requires a torch version >= 1.5 and < 2.0 but detected 2.5
[93m [WARNING] [0m using untested triton version (3.1.0), only 1.0.0 is known to be compatible

[launcher] running:
  /home/vipuser/miniconda3/envs/op/bin/python -m torch.distributed.run --nproc_per_node 2 /root/Predict_v2/run_stage2_dynamic_moe.py --model_path /root/models/Dynamic_MoE --output_dir /mnt/data/models/fv1_siqa --dataset siqa --eval_dataset siqa --train_split train --eval_split validation --block_size 150 --batch_size 16 --grad_accum 1 --epochs 3 --lr 8e-05 --lora_r 16 --lora_alpha 16 --lora_dropout 0.05 --num_proc 16 --load_in_4bit 0 --load_in_8bit 0 --use_bnb_8bit 0 --load_in_fp16 0 --fp16 0 --bf16 0 --train_extra_params_in_fp32 1 --router_use_entmax 0 --router_top_k 2 --router_entmax_alpha 1.7 --router_value_anchor_loss_coef 0.01 --router_anchor_momentum 0.99 --min_lr_ratio 0.1 --router_lr_mult 1.0 --eval_max_samples 100 --router_use_softmax_temperature 1 --router_softmax_temperature 0.8 --stage2_include_validation_in_train 1 --stage2_validation_train_ratio 0.2 --stage2_init_path /mnt/data/models/fv1_siqa/ckpt_after_stage1
[load] tokenizer from model_path: /root/models/Dynamic_MoE
[load] distributed=True world_size=2 4bit=False 8bit=False
[train] mixed precision: fp16=False bf16=False
[stage2] loading model from /mnt/data/models/fv1_siqa/ckpt_after_stage1
[load] checkpoint loaded with strict=False: missing=0 unexpected=0 dtype=torch.float32
[stage2] extra trainable new-router params: 50724864
[stage2] cast selected router params to fp32: 0
[stage2] trainable params: 124649472/3612787712 (3.45%)
trainable params: 124,649,472 || all params: 3,612,787,712 || trainable%: 3.4502
[stage2][data] siqa: borrowed 391/1954 from validation into train
[stage2][data] siqa: borrowed 391/1954 from validation into train
[stage2][eval] using OpenCompass-style PPL ranking for siqa
[stage2][data] train=33801 eval=100 block_size=150
[stage2][opt] param groups: other=2496 router=72
[stage2][opt] lrs: other=8.000e-05 router=8.000e-05
[train] epoch=1/3 step=50/3168 loss=1.7473 ce=1.7473 ce_ema=3.1671 pairwise=0.0000 pairwise_acc=0.0000 v_anchor=0.0007 budget=0.0000 top_k=2 value_anchor_cos=0.9993 lr=4.295e-05 elapsed=1.3m
[train] epoch=1/3 step=100/3168 loss=1.4501 ce=1.4501 ce_ema=2.1751 pairwise=0.0000 pairwise_acc=0.0000 v_anchor=0.0007 budget=0.0000 top_k=2 value_anchor_cos=0.9993 lr=8.000e-05 elapsed=2.6m
[train] epoch=1/3 step=150/3168 loss=1.4618 ce=1.4618 ce_ema=1.7344 pairwise=0.0000 pairwise_acc=0.0000 v_anchor=0.0008 budget=0.0000 top_k=2 value_anchor_cos=0.9992 lr=7.994e-05 elapsed=3.9m
[train] epoch=1/3 step=200/3168 loss=1.3965 ce=1.3964 ce_ema=1.5552 pairwise=0.0000 pairwise_acc=0.0000 v_anchor=0.0008 budget=0.0000 top_k=2 value_anchor_cos=0.9992 lr=7.979e-05 elapsed=5.2m
[train] epoch=1/3 step=250/3168 loss=1.4150 ce=1.4150 ce_ema=1.4570 pairwise=0.0000 pairwise_acc=0.0000 v_anchor=0.0008 budget=0.0000 top_k=2 value_anchor_cos=0.9992 lr=7.955e-05 elapsed=6.5m
[train] epoch=1/3 step=300/3168 loss=1.2143 ce=1.2143 ce_ema=1.4246 pairwise=0.0000 pairwise_acc=0.0000 v_anchor=0.0008 budget=0.0000 top_k=2 value_anchor_cos=0.9992 lr=7.921e-05 elapsed=7.7m
[train] epoch=1/3 step=350/3168 loss=1.3662 ce=1.3662 ce_ema=1.3945 pairwise=0.0000 pairwise_acc=0.0000 v_anchor=0.0008 budget=0.0000 top_k=2 value_anchor_cos=0.9992 lr=7.878e-05 elapsed=9.0m
[train] epoch=1/3 step=400/3168 loss=1.2755 ce=1.2754 ce_ema=1.3907 pairwise=0.0000 pairwise_acc=0.0000 v_anchor=0.0008 budget=0.0000 top_k=2 value_anchor_cos=0.9992 lr=7.826e-05 elapsed=10.3m
[train] epoch=1/3 step=450/3168 loss=1.4830 ce=1.4830 ce_ema=1.3888 pairwise=0.0000 pairwise_acc=0.0000 v_anchor=0.0008 budget=0.0000 top_k=2 value_anchor_cos=0.9992 lr=7.766e-05 elapsed=11.6m
[train] epoch=1/3 step=500/3168 loss=1.4563 ce=1.4563 ce_ema=1.3849 pairwise=0.0000 pairwise_acc=0.0000 v_anchor=0.0008 budget=0.0000 top_k=2 value_anchor_cos=0.9992 lr=7.696e-05 elapsed=12.9m
[eval] step=500 eval_pairwise_acc=0.500000
[train] epoch=1/3 step=550/3168 loss=1.5273 ce=1.5272 ce_ema=1.3715 pairwise=0.0000 pairwise_acc=0.0000 v_anchor=0.0008 budget=0.0000 top_k=2 value_anchor_cos=0.9992 lr=7.618e-05 elapsed=14.2m
[train] epoch=1/3 step=600/3168 loss=1.4091 ce=1.4091 ce_ema=1.3721 pairwise=0.0000 pairwise_acc=0.0000 v_anchor=0.0008 budget=0.0000 top_k=2 value_anchor_cos=0.9992 lr=7.531e-05 elapsed=15.5m
[train] epoch=1/3 step=650/3168 loss=1.2883 ce=1.2883 ce_ema=1.3603 pairwise=0.0000 pairwise_acc=0.0000 v_anchor=0.0008 budget=0.0000 top_k=2 value_anchor_cos=0.9992 lr=7.436e-05 elapsed=16.8m
[train] epoch=1/3 step=700/3168 loss=1.3039 ce=1.3039 ce_ema=1.3600 pairwise=0.0000 pairwise_acc=0.0000 v_anchor=0.0008 budget=0.0000 top_k=2 value_anchor_cos=0.9992 lr=7.333e-05 elapsed=18.1m
[train] epoch=1/3 step=750/3168 loss=1.2677 ce=1.2677 ce_ema=1.3523 pairwise=0.0000 pairwise_acc=0.0000 v_anchor=0.0008 budget=0.0000 top_k=2 value_anchor_cos=0.9992 lr=7.223e-05 elapsed=19.4m
[train] epoch=1/3 step=800/3168 loss=1.3374 ce=1.3374 ce_ema=1.3480 pairwise=0.0000 pairwise_acc=0.0000 v_anchor=0.0008 budget=0.0000 top_k=2 value_anchor_cos=0.9992 lr=7.105e-05 elapsed=20.6m
[train] epoch=1/3 step=850/3168 loss=1.3715 ce=1.3715 ce_ema=1.3507 pairwise=0.0000 pairwise_acc=0.0000 v_anchor=0.0008 budget=0.0000 top_k=2 value_anchor_cos=0.9992 lr=6.980e-05 elapsed=21.9m
[train] epoch=1/3 step=900/3168 loss=1.3308 ce=1.3308 ce_ema=1.3497 pairwise=0.0000 pairwise_acc=0.0000 v_anchor=0.0008 budget=0.0000 top_k=2 value_anchor_cos=0.9992 lr=6.848e-05 elapsed=23.2m
[train] epoch=1/3 step=950/3168 loss=1.5017 ce=1.5017 ce_ema=1.3529 pairwise=0.0000 pairwise_acc=0.0000 v_anchor=0.0009 budget=0.0000 top_k=2 value_anchor_cos=0.9991 lr=6.710e-05 elapsed=24.5m
[train] epoch=1/3 step=1000/3168 loss=1.3353 ce=1.3353 ce_ema=1.3594 pairwise=0.0000 pairwise_acc=0.0000 v_anchor=0.0009 budget=0.0000 top_k=2 value_anchor_cos=0.9991 lr=6.566e-05 elapsed=25.9m
[eval] step=1000 eval_pairwise_acc=0.450000
[train] epoch=1/3 step=1050/3168 loss=1.3104 ce=1.3104 ce_ema=1.3391 pairwise=0.0000 pairwise_acc=0.0000 v_anchor=0.0009 budget=0.0000 top_k=2 value_anchor_cos=0.9991 lr=6.416e-05 elapsed=27.1m
[train] epoch=2/3 step=1100/3168 loss=1.1342 ce=1.1342 ce_ema=1.3089 pairwise=0.0000 pairwise_acc=0.0000 v_anchor=0.0009 budget=0.0000 top_k=2 value_anchor_cos=0.9991 lr=6.261e-05 elapsed=28.5m
[train] epoch=2/3 step=1150/3168 loss=1.2186 ce=1.2186 ce_ema=1.2936 pairwise=0.0000 pairwise_acc=0.0000 v_anchor=0.0009 budget=0.0000 top_k=2 value_anchor_cos=0.9991 lr=6.101e-05 elapsed=29.8m
[train] epoch=2/3 step=1200/3168 loss=1.2294 ce=1.2293 ce_ema=1.2939 pairwise=0.0000 pairwise_acc=0.0000 v_anchor=0.0009 budget=0.0000 top_k=2 value_anchor_cos=0.9991 lr=5.937e-05 elapsed=31.1m
[train] epoch=2/3 step=1250/3168 loss=1.4804 ce=1.4804 ce_ema=1.2920 pairwise=0.0000 pairwise_acc=0.0000 v_anchor=0.0009 budget=0.0000 top_k=2 value_anchor_cos=0.9991 lr=5.769e-05 elapsed=32.4m
[train] epoch=2/3 step=1300/3168 loss=1.2551 ce=1.2551 ce_ema=1.2978 pairwise=0.0000 pairwise_acc=0.0000 v_anchor=0.0009 budget=0.0000 top_k=2 value_anchor_cos=0.9991 lr=5.597e-05 elapsed=33.7m
[train] epoch=2/3 step=1350/3168 loss=1.3517 ce=1.3517 ce_ema=1.2969 pairwise=0.0000 pairwise_acc=0.0000 v_anchor=0.0009 budget=0.0000 top_k=2 value_anchor_cos=0.9991 lr=5.422e-05 elapsed=35.0m
[train] epoch=2/3 step=1400/3168 loss=1.2799 ce=1.2799 ce_ema=1.2881 pairwise=0.0000 pairwise_acc=0.0000 v_anchor=0.0009 budget=0.0000 top_k=2 value_anchor_cos=0.9991 lr=5.244e-05 elapsed=36.3m
[train] epoch=2/3 step=1450/3168 loss=1.3502 ce=1.3502 ce_ema=1.2829 pairwise=0.0000 pairwise_acc=0.0000 v_anchor=0.0009 budget=0.0000 top_k=2 value_anchor_cos=0.9991 lr=5.064e-05 elapsed=37.6m
[train] epoch=2/3 step=1500/3168 loss=1.2925 ce=1.2925 ce_ema=1.2732 pairwise=0.0000 pairwise_acc=0.0000 v_anchor=0.0009 budget=0.0000 top_k=2 value_anchor_cos=0.9991 lr=4.883e-05 elapsed=38.9m
[eval] step=1500 eval_pairwise_acc=0.490000
[train] epoch=2/3 step=1550/3168 loss=1.2465 ce=1.2465 ce_ema=1.2856 pairwise=0.0000 pairwise_acc=0.0000 v_anchor=0.0009 budget=0.0000 top_k=2 value_anchor_cos=0.9991 lr=4.700e-05 elapsed=40.2m
[train] epoch=2/3 step=1600/3168 loss=1.2264 ce=1.2264 ce_ema=1.2803 pairwise=0.0000 pairwise_acc=0.0000 v_anchor=0.0009 budget=0.0000 top_k=2 value_anchor_cos=0.9991 lr=4.516e-05 elapsed=41.5m
[train] epoch=2/3 step=1650/3168 loss=1.3364 ce=1.3364 ce_ema=1.2849 pairwise=0.0000 pairwise_acc=0.0000 v_anchor=0.0009 budget=0.0000 top_k=2 value_anchor_cos=0.9991 lr=4.332e-05 elapsed=42.8m
[train] epoch=2/3 step=1700/3168 loss=1.2680 ce=1.2680 ce_ema=1.2852 pairwise=0.0000 pairwise_acc=0.0000 v_anchor=0.0009 budget=0.0000 top_k=2 value_anchor_cos=0.9991 lr=4.148e-05 elapsed=44.1m
[train] epoch=2/3 step=1750/3168 loss=1.2577 ce=1.2577 ce_ema=1.2863 pairwise=0.0000 pairwise_acc=0.0000 v_anchor=0.0009 budget=0.0000 top_k=2 value_anchor_cos=0.9991 lr=3.965e-05 elapsed=45.5m
[train] epoch=2/3 step=1800/3168 loss=1.2998 ce=1.2998 ce_ema=1.2856 pairwise=0.0000 pairwise_acc=0.0000 v_anchor=0.0009 budget=0.0000 top_k=2 value_anchor_cos=0.9991 lr=3.783e-05 elapsed=46.8m
[train] epoch=2/3 step=1850/3168 loss=1.2549 ce=1.2549 ce_ema=1.2807 pairwise=0.0000 pairwise_acc=0.0000 v_anchor=0.0009 budget=0.0000 top_k=2 value_anchor_cos=0.9991 lr=3.603e-05 elapsed=48.1m
[train] epoch=2/3 step=1900/3168 loss=1.3102 ce=1.3101 ce_ema=1.2766 pairwise=0.0000 pairwise_acc=0.0000 v_anchor=0.0009 budget=0.0000 top_k=2 value_anchor_cos=0.9991 lr=3.424e-05 elapsed=49.4m
[train] epoch=2/3 step=1950/3168 loss=1.4151 ce=1.4151 ce_ema=1.2939 pairwise=0.0000 pairwise_acc=0.0000 v_anchor=0.0009 budget=0.0000 top_k=2 value_anchor_cos=0.9991 lr=3.248e-05 elapsed=50.7m
[train] epoch=2/3 step=2000/3168 loss=1.2859 ce=1.2858 ce_ema=1.2935 pairwise=0.0000 pairwise_acc=0.0000 v_anchor=0.0009 budget=0.0000 top_k=2 value_anchor_cos=0.9991 lr=3.076e-05 elapsed=52.1m
[eval] step=2000 eval_pairwise_acc=0.490000
[train] epoch=2/3 step=2050/3168 loss=1.2842 ce=1.2842 ce_ema=1.2750 pairwise=0.0000 pairwise_acc=0.0000 v_anchor=0.0009 budget=0.0000 top_k=2 value_anchor_cos=0.9991 lr=2.906e-05 elapsed=53.4m
[train] epoch=2/3 step=2100/3168 loss=1.4213 ce=1.4213 ce_ema=1.2756 pairwise=0.0000 pairwise_acc=0.0000 v_anchor=0.0009 budget=0.0000 top_k=2 value_anchor_cos=0.9991 lr=2.741e-05 elapsed=54.7m
[train] epoch=3/3 step=2150/3168 loss=1.2587 ce=1.2587 ce_ema=1.2388 pairwise=0.0000 pairwise_acc=0.0000 v_anchor=0.0009 budget=0.0000 top_k=2 value_anchor_cos=0.9991 lr=2.580e-05 elapsed=56.0m
[train] epoch=3/3 step=2200/3168 loss=1.1708 ce=1.1708 ce_ema=1.2161 pairwise=0.0000 pairwise_acc=0.0000 v_anchor=0.0009 budget=0.0000 top_k=2 value_anchor_cos=0.9991 lr=2.424e-05 elapsed=57.4m
[train] epoch=3/3 step=2250/3168 loss=1.1620 ce=1.1620 ce_ema=1.2210 pairwise=0.0000 pairwise_acc=0.0000 v_anchor=0.0009 budget=0.0000 top_k=2 value_anchor_cos=0.9991 lr=2.272e-05 elapsed=58.7m
[train] epoch=3/3 step=2300/3168 loss=1.3260 ce=1.3260 ce_ema=1.2339 pairwise=0.0000 pairwise_acc=0.0000 v_anchor=0.0009 budget=0.0000 top_k=2 value_anchor_cos=0.9991 lr=2.127e-05 elapsed=60.0m
[train] epoch=3/3 step=2350/3168 loss=1.2753 ce=1.2753 ce_ema=1.2240 pairwise=0.0000 pairwise_acc=0.0000 v_anchor=0.0009 budget=0.0000 top_k=2 value_anchor_cos=0.9991 lr=1.987e-05 elapsed=61.3m
[train] epoch=3/3 step=2400/3168 loss=1.2296 ce=1.2296 ce_ema=1.2056 pairwise=0.0000 pairwise_acc=0.0000 v_anchor=0.0009 budget=0.0000 top_k=2 value_anchor_cos=0.9991 lr=1.854e-05 elapsed=62.7m
[train] epoch=3/3 step=2450/3168 loss=1.2068 ce=1.2067 ce_ema=1.2088 pairwise=0.0000 pairwise_acc=0.0000 v_anchor=0.0009 budget=0.0000 top_k=2 value_anchor_cos=0.9991 lr=1.727e-05 elapsed=64.0m
[train] epoch=3/3 step=2500/3168 loss=1.2503 ce=1.2503 ce_ema=1.2070 pairwise=0.0000 pairwise_acc=0.0000 v_anchor=0.0009 budget=0.0000 top_k=2 value_anchor_cos=0.9991 lr=1.607e-05 elapsed=65.3m
[eval] step=2500 eval_pairwise_acc=0.500000
[train] epoch=3/3 step=2550/3168 loss=1.1411 ce=1.1411 ce_ema=1.2232 pairwise=0.0000 pairwise_acc=0.0000 v_anchor=0.0009 budget=0.0000 top_k=2 value_anchor_cos=0.9991 lr=1.495e-05 elapsed=66.7m
[train] epoch=3/3 step=2600/3168 loss=1.1583 ce=1.1583 ce_ema=1.2181 pairwise=0.0000 pairwise_acc=0.0000 v_anchor=0.0009 budget=0.0000 top_k=2 value_anchor_cos=0.9991 lr=1.390e-05 elapsed=68.0m
[train] epoch=3/3 step=2650/3168 loss=1.1261 ce=1.1261 ce_ema=1.2077 pairwise=0.0000 pairwise_acc=0.0000 v_anchor=0.0009 budget=0.0000 top_k=2 value_anchor_cos=0.9991 lr=1.293e-05 elapsed=69.3m
[train] epoch=3/3 step=2700/3168 loss=1.2539 ce=1.2539 ce_ema=1.2228 pairwise=0.0000 pairwise_acc=0.0000 v_anchor=0.0009 budget=0.0000 top_k=2 value_anchor_cos=0.9991 lr=1.204e-05 elapsed=70.6m
[train] epoch=3/3 step=2750/3168 loss=1.2023 ce=1.2023 ce_ema=1.2156 pairwise=0.0000 pairwise_acc=0.0000 v_anchor=0.0009 budget=0.0000 top_k=2 value_anchor_cos=0.9991 lr=1.124e-05 elapsed=71.9m
[train] epoch=3/3 step=2800/3168 loss=1.2704 ce=1.2704 ce_ema=1.2250 pairwise=0.0000 pairwise_acc=0.0000 v_anchor=0.0009 budget=0.0000 top_k=2 value_anchor_cos=0.9991 lr=1.052e-05 elapsed=73.2m
[train] epoch=3/3 step=2850/3168 loss=1.1259 ce=1.1258 ce_ema=1.2276 pairwise=0.0000 pairwise_acc=0.0000 v_anchor=0.0009 budget=0.0000 top_k=2 value_anchor_cos=0.9991 lr=9.886e-06 elapsed=74.5m
[train] epoch=3/3 step=2900/3168 loss=1.2384 ce=1.2383 ce_ema=1.2139 pairwise=0.0000 pairwise_acc=0.0000 v_anchor=0.0009 budget=0.0000 top_k=2 value_anchor_cos=0.9991 lr=9.343e-06 elapsed=75.8m
[train] epoch=3/3 step=2950/3168 loss=1.2768 ce=1.2768 ce_ema=1.2257 pairwise=0.0000 pairwise_acc=0.0000 v_anchor=0.0009 budget=0.0000 top_k=2 value_anchor_cos=0.9991 lr=8.890e-06 elapsed=77.1m
[train] epoch=3/3 step=3000/3168 loss=1.2271 ce=1.2270 ce_ema=1.2139 pairwise=0.0000 pairwise_acc=0.0000 v_anchor=0.0009 budget=0.0000 top_k=2 value_anchor_cos=0.9991 lr=8.530e-06 elapsed=78.5m
[eval] step=3000 eval_pairwise_acc=0.490000
[train] epoch=3/3 step=3050/3168 loss=1.0614 ce=1.0614 ce_ema=1.2079 pairwise=0.0000 pairwise_acc=0.0000 v_anchor=0.0009 budget=0.0000 top_k=2 value_anchor_cos=0.9991 lr=8.262e-06 elapsed=79.8m
[train] epoch=3/3 step=3100/3168 loss=1.1766 ce=1.1766 ce_ema=1.2102 pairwise=0.0000 pairwise_acc=0.0000 v_anchor=0.0009 budget=0.0000 top_k=2 value_anchor_cos=0.9991 lr=8.087e-06 elapsed=81.1m
[train] epoch=3/3 step=3150/3168 loss=1.2852 ce=1.2851 ce_ema=1.2047 pairwise=0.0000 pairwise_acc=0.0000 v_anchor=0.0009 budget=0.0000 top_k=2 value_anchor_cos=0.9991 lr=8.006e-06 elapsed=82.4m
[save] moving merged model to cpu before export
[save] merged + fp32 full model -> /mnt/data/models/fv1_siqa
[save] final router top_k -> 2
[2026-04-24 11:34:19,830] [INFO] [real_accelerator.py:203:get_accelerator] Setting ds_accelerator to cuda (auto detect)
[93m [WARNING] [0m async_io requires the dev libaio .so object and headers but these were not found.
[93m [WARNING] [0m async_io: please install the libaio-dev package with apt
[93m [WARNING] [0m If libaio is already installed (perhaps from source), try setting the CFLAGS and LDFLAGS environment variables to where it can be found.
[93m [WARNING] [0m Please specify the CUTLASS repo directory as environment variable $CUTLASS_PATH
[93m [WARNING] [0m sparse_attn requires a torch version >= 1.5 and < 2.0 but detected 2.5
[93m [WARNING] [0m using untested triton version (3.1.0), only 1.0.0 is known to be compatible

[launcher] done.
