WARNING:__main__:
*****************************************
Setting OMP_NUM_THREADS environment variable for each process to be 1 in default, to avoid your system being overloaded, please further tune the variable for optimal performance in your application as needed. 
*****************************************
Traceback (most recent call last):
  File "/root/Predict_v2/run_stage1_dynamic_moe.py", line 29, in <module>
    main()
  File "/root/Predict_v2/run_stage1_dynamic_moe.py", line 23, in main
    import finetune_dynamic_moe
  File "/root/Predict_v2/finetune_dynamic_moe.py", line 33, in <module>
    from peft import LoraConfig, TaskType, get_peft_model, prepare_model_for_kbit_training
ModuleNotFoundError: No module named 'peft'
Traceback (most recent call last):
  File "/root/Predict_v2/run_stage1_dynamic_moe.py", line 29, in <module>
    main()
  File "/root/Predict_v2/run_stage1_dynamic_moe.py", line 23, in main
    import finetune_dynamic_moe
  File "/root/Predict_v2/finetune_dynamic_moe.py", line 33, in <module>
    from peft import LoraConfig, TaskType, get_peft_model, prepare_model_for_kbit_training
ModuleNotFoundError: No module named 'peft'
E0415 05:01:19.123985 5379 site-packages/torch/distributed/elastic/multiprocessing/api.py:869] failed (exitcode: 1) local_rank: 0 (pid: 5415) of binary: /home/vipuser/miniconda3/envs/op/bin/python
Traceback (most recent call last):
  File "/home/vipuser/miniconda3/envs/op/lib/python3.10/runpy.py", line 196, in _run_module_as_main
    return _run_code(code, main_globals, None,
  File "/home/vipuser/miniconda3/envs/op/lib/python3.10/runpy.py", line 86, in _run_code
    exec(code, run_globals)
  File "/home/vipuser/miniconda3/envs/op/lib/python3.10/site-packages/torch/distributed/run.py", line 923, in <module>
    main()
  File "/home/vipuser/miniconda3/envs/op/lib/python3.10/site-packages/torch/distributed/elastic/multiprocessing/errors/__init__.py", line 355, in wrapper
    return f(*args, **kwargs)
  File "/home/vipuser/miniconda3/envs/op/lib/python3.10/site-packages/torch/distributed/run.py", line 919, in main
    run(args)
  File "/home/vipuser/miniconda3/envs/op/lib/python3.10/site-packages/torch/distributed/run.py", line 910, in run
    elastic_launch(
  File "/home/vipuser/miniconda3/envs/op/lib/python3.10/site-packages/torch/distributed/launcher/api.py", line 138, in __call__
    return launch_agent(self._config, self._entrypoint, list(args))
  File "/home/vipuser/miniconda3/envs/op/lib/python3.10/site-packages/torch/distributed/launcher/api.py", line 269, in launch_agent
    raise ChildFailedError(
torch.distributed.elastic.multiprocessing.errors.ChildFailedError: 
============================================================
/root/Predict_v2/run_stage1_dynamic_moe.py FAILED
------------------------------------------------------------
Failures:
[1]:
  time      : 2026-04-15_05:01:19
  host      : ubuntu22.04
  rank      : 1 (local_rank: 1)
  exitcode  : 1 (pid: 5416)
  error_file: <N/A>
  traceback : To enable traceback see: https://pytorch.org/docs/stable/elastic/errors.html
------------------------------------------------------------
Root Cause (first observed failure):
[0]:
  time      : 2026-04-15_05:01:19
  host      : ubuntu22.04
  rank      : 0 (local_rank: 0)
  exitcode  : 1 (pid: 5415)
  error_file: <N/A>
  traceback : To enable traceback see: https://pytorch.org/docs/stable/elastic/errors.html
============================================================
Traceback (most recent call last):
  File "/root/Predict_v2/launch_two_stage_torchrun.py", line 154, in <module>
    main()
  File "/root/Predict_v2/launch_two_stage_torchrun.py", line 142, in main
    _run(cmd1, env)
  File "/root/Predict_v2/launch_two_stage_torchrun.py", line 86, in _run
    subprocess.run(cmd, check=True, env=env)
  File "/home/vipuser/miniconda3/envs/op/lib/python3.10/subprocess.py", line 524, in run
    raise CalledProcessError(retcode, process.args,
subprocess.CalledProcessError: Command '['/home/vipuser/miniconda3/envs/op/bin/python', '-m', 'torch.distributed.run', '--nproc_per_node', '2', '/root/Predict_v2/run_stage1_dynamic_moe.py', '--model_path', '/root/models/Dynamic_MoE', '--output_dir', '/root/models/out_dm_cb_za02_r175_tp032_b22_late_a2_tpf0290_t200_c0012_lrm115', '--dataset', 'piqa', '--eval_dataset', 'piqa', '--train_split', 'train', '--eval_split', 'validation', '--block_size', '128', '--batch_size', '16', '--grad_accum', '1', '--epochs', '3', '--lr', '0.0002', '--lora_r', '16', '--lora_alpha', '16', '--lora_dropout', '0.05', '--num_proc', '16', '--load_in_8bit', '0', '--load_in_fp16', '1', '--fp16', '1', '--bf16', '0', '--train_extra_params_in_fp32', '1', '--router_use_entmax', '0', '--share_router_expert_embedding', '0', '--router_entmax_alpha', '1.7', '--router_aux_loss_coef', '0.01', '--router_z_loss_coef', '0.01', '--router_pull_loss_coef', '0.0', '--router_use_ema_update', '1', '--router_ema_momentum', '0.99', '--router_pull_loss_type', 'hard_ce', '--min_lr_ratio', '0.25', '--router_lr_mult', '1.15', '--eval_max_samples', '200', '--stage1_epochs', '2', '--stage1_lr', '0.0002', '--stage1_grad_accum', '1', '--stage1_data_ratio', '0.5', '--stage1_distill_temperature', '2.0', '--stage1_kl_coef', '2.0', '--stage1_logit_coef', '0.25', '--stage1_use_logit_loss', '1']' returned non-zero exit status 1.
