
[launcher] running:
  /home/vipuser/miniconda3/envs/op/bin/python -m torch.distributed.run --nproc_per_node 1 /root/Predict_v2/run_stage1_dynamic_moe.py --model_path /root/models/Dynamic_MoE --output_dir /root/models/out_dm_cb_za02_r175_tp032_b22_late_a2_tpf0290_t200_c0012_lrm115 --dataset piqa --eval_dataset piqa --train_split train --eval_split validation --block_size 128 --batch_size 16 --grad_accum 1 --epochs 3 --lr 0.0002 --lora_r 16 --lora_alpha 16 --lora_dropout 0.05 --num_proc 16 --load_in_8bit 0 --load_in_fp16 1 --fp16 1 --bf16 0 --train_extra_params_in_fp32 1 --router_use_entmax 0 --share_router_expert_embedding 0 --router_entmax_alpha 1.7 --router_aux_loss_coef 0.01 --router_z_loss_coef 0.01 --router_pull_loss_coef 0.0 --router_use_ema_update 1 --router_ema_momentum 0.99 --router_pull_loss_type hard_ce --min_lr_ratio 0.25 --router_lr_mult 1.15 --eval_max_samples 200 --stage1_epochs 2 --stage1_lr 0.0002 --stage1_grad_accum 1 --stage1_data_ratio 0.5 --stage1_distill_temperature 2.0 --stage1_kl_coef 2.0 --stage1_logit_coef 0.25 --stage1_use_logit_loss 1
[load] tokenizer from model_path: /root/models/Dynamic_MoE
[load] distributed=True world_size=1 4bit=False 8bit=False
[train] mixed precision: fp16=True bf16=False
[stage1] loading base model for router distillation
[load] checkpoint loaded with strict=False: missing=168 unexpected=24 dtype=torch.float16
[init] layer 0 expert_embed initialized from legacy router.weight
[init] layer 0 expert_key initialized from legacy router.weight
[init] layer 1 expert_embed initialized from legacy router.weight
[init] layer 1 expert_key initialized from legacy router.weight
[init] layer 2 expert_embed initialized from legacy router.weight
[init] layer 2 expert_key initialized from legacy router.weight
[init] layer 3 expert_embed initialized from legacy router.weight
[init] layer 3 expert_key initialized from legacy router.weight
[init] layer 4 expert_embed initialized from legacy router.weight
[init] layer 4 expert_key initialized from legacy router.weight
[init] layer 5 expert_embed initialized from legacy router.weight
[init] layer 5 expert_key initialized from legacy router.weight
[init] layer 6 expert_embed initialized from legacy router.weight
[init] layer 6 expert_key initialized from legacy router.weight
[init] layer 7 expert_embed initialized from legacy router.weight
[init] layer 7 expert_key initialized from legacy router.weight
[init] layer 8 expert_embed initialized from legacy router.weight
[init] layer 8 expert_key initialized from legacy router.weight
[init] layer 9 expert_embed initialized from legacy router.weight
[init] layer 9 expert_key initialized from legacy router.weight
[init] layer 10 expert_embed initialized from legacy router.weight
[init] layer 10 expert_key initialized from legacy router.weight
[init] layer 11 expert_embed initialized from legacy router.weight
[init] layer 11 expert_key initialized from legacy router.weight
[init] layer 12 expert_embed initialized from legacy router.weight
[init] layer 12 expert_key initialized from legacy router.weight
[init] layer 13 expert_embed initialized from legacy router.weight
[init] layer 13 expert_key initialized from legacy router.weight
[init] layer 14 expert_embed initialized from legacy router.weight
[init] layer 14 expert_key initialized from legacy router.weight
[init] layer 15 expert_embed initialized from legacy router.weight
[init] layer 15 expert_key initialized from legacy router.weight
[init] layer 16 expert_embed initialized from legacy router.weight
[init] layer 16 expert_key initialized from legacy router.weight
[init] layer 17 expert_embed initialized from legacy router.weight
[init] layer 17 expert_key initialized from legacy router.weight
[init] layer 18 expert_embed initialized from legacy router.weight
[init] layer 18 expert_key initialized from legacy router.weight
[init] layer 19 expert_embed initialized from legacy router.weight
[init] layer 19 expert_key initialized from legacy router.weight
[init] layer 20 expert_embed initialized from legacy router.weight
[init] layer 20 expert_key initialized from legacy router.weight
[init] layer 21 expert_embed initialized from legacy router.weight
[init] layer 21 expert_key initialized from legacy router.weight
[init] layer 22 expert_embed initialized from legacy router.weight
[init] layer 22 expert_key initialized from legacy router.weight
[init] layer 23 expert_embed initialized from legacy router.weight
[init] layer 23 expert_key initialized from legacy router.weight
[init] initialized new router modules from legacy dense router for 24 layers
[stage1] trainable cross-attention router params: 76283904
The repository for ybisk/piqa contains custom code which must be executed to correctly load the dataset. You can inspect the repository content at https://hf.co/datasets/ybisk/piqa.
You can avoid this prompt in future by passing the argument `trust_remote_code=True`.

Do you wish to run the custom code? [y/N] 